 Downloading crates ...
  Downloaded futures-io v0.3.32
  Downloaded ahash v0.8.12
  Downloaded bytecount v0.6.9
  Downloaded float-cmp v0.10.0
  Downloaded zerofrom-derive v0.1.6
  Downloaded zerofrom v0.1.6
  Downloaded difflib v0.4.0
  Downloaded sync_wrapper v1.0.2
  Downloaded bit-vec v0.8.0
  Downloaded idna_adapter v1.2.1
  Downloaded ref-cast-impl v1.0.25
  Downloaded try-lock v0.2.5
  Downloaded tower-service v0.3.3
  Downloaded yoke v0.8.1
  Downloaded zerovec-derive v0.11.2
  Downloaded uuid-simd v0.8.0
  Downloaded want v0.3.1
  Downloaded utf8_iter v1.0.4
  Downloaded writeable v0.6.2
  Downloaded zerotrie v0.2.3
  Downloaded url v2.5.8
  Downloaded zerovec v0.11.5
  Downloaded tower-http v0.6.8
  Downloaded tokio-util v0.7.18
  Downloaded hyper v1.8.1
  Downloaded icu_properties_data v2.1.2
  Downloaded reqwest v0.13.2
  Downloaded h2 v0.4.13
  Downloaded futures-util v0.3.32
  Downloaded iri-string v0.7.10
  Downloaded idna v1.1.0
  Downloaded tower v0.5.3
  Downloaded rand v0.9.2
  Downloaded num-bigint v0.4.6
  Downloaded hyper-util v0.1.20
  Downloaded rustls v0.23.37
  Downloaded http v1.4.0
  Downloaded mio v1.1.1
  Downloaded tracing v0.1.44
  Downloaded icu_collections v2.1.1
  Downloaded rustls-webpki v0.103.10
  Downloaded icu_properties v2.1.2
  Downloaded icu_normalizer_data v2.1.1
  Downloaded icu_normalizer v2.1.1
  Downloaded icu_locale_core v2.1.1
  Downloaded fraction v0.15.3
  Downloaded fancy-regex v0.17.0
  Downloaded bytes v1.11.1
  Downloaded socket2 v0.6.3
  Downloaded rustls-platform-verifier v0.6.2
  Downloaded referencing v0.45.0
  Downloaded icu_provider v2.1.1
  Downloaded getrandom v0.3.4
  Downloaded fluent-uri v0.4.1
  Downloaded tracing-core v0.1.36
  Downloaded similar v2.7.0
  Downloaded rusty-fork v0.3.1
  Downloaded rustls-pki-types v1.14.0
  Downloaded num-integer v0.1.46
  Downloaded litemap v0.8.1
  Downloaded tokio v1.50.0
  Downloaded hyper-rustls v0.27.7
  Downloaded httparse v1.10.1
  Downloaded futures-channel v0.3.32
  Downloaded console v0.15.11
  Downloaded unicode-general-category v1.1.0
  Downloaded tokio-rustls v0.26.4
  Downloaded rustls-native-certs v0.8.3
  Downloaded rand_core v0.9.5
  Downloaded num-rational v0.4.2
  Downloaded num-complex v0.4.6
  Downloaded num-cmp v0.1.0
  Downloaded ipnet v2.12.0
  Downloaded http-body-util v0.1.3
  Downloaded http-body v1.0.1
  Downloaded wait-timeout v0.2.1
  Downloaded untrusted v0.9.0
  Downloaded tower-layer v0.3.3
  Downloaded tinystr v0.8.2
  Downloaded synstructure v0.13.2
  Downloaded stable_deref_trait v1.2.1
  Downloaded slab v0.4.12
  Downloaded ref-cast v1.0.25
  Downloaded rand_chacha v0.9.0
  Downloaded predicates-tree v1.0.13
  Downloaded pin-project-lite v0.2.17
  Downloaded outref v0.5.2
  Downloaded openssl-probe v0.2.1
  Downloaded num-iter v0.1.45
  Downloaded normalize-line-endings v0.3.0
  Downloaded displaydoc v0.2.5
  Downloaded termtree v0.5.1
  Downloaded subtle v2.6.1
  Downloaded rand_xorshift v0.4.0
  Downloaded quick-error v1.2.3
  Downloaded predicates-core v1.0.10
  Downloaded pin-utils v0.1.0
  Downloaded futures-sink v0.3.32
  Downloaded yoke-derive v0.8.1
  Downloaded vsimd v0.8.0
  Downloaded unarray v0.1.4
  Downloaded num v0.4.3
  Downloaded ring v0.17.14
  Downloaded potential_utf v0.1.4
  Downloaded email_address v0.2.9
  Downloaded data-encoding v2.10.0
  Downloaded futures-task v0.3.32
  Downloaded atomic-waker v1.1.2
  Downloaded futures-core v0.3.32
  Downloaded borrow-or-share v0.2.4
  Downloaded form_urlencoded v1.2.2
  Downloaded fnv v1.0.7
  Downloaded bit-set v0.8.0
       Fresh unicode-ident v1.0.24
       Fresh memchr v2.8.0
       Fresh proc-macro2 v1.0.106
       Fresh cfg-if v1.0.4
       Fresh quote v1.0.45
   Compiling serde v1.0.228
   Compiling syn v2.0.117
     Running `/home/jules/.rustup/toolchains/stable-x86_64-unknown-linux-gnu/bin/rustc --crate-name build_script_build --edition=2021 /home/jules/.cargo/registry/src/index.crates.io-1949cf8c6b5b557f/serde-1.0.228/build.rs --error-format=json --json=diagnostic-rendered-ansi,artifacts,future-incompat --crate-type bin --emit=dep-info,link -C embed-bitcode=no --cfg 'feature="alloc"' --cfg 'feature="default"' --cfg 'feature="derive"' --cfg 'feature="rc"' --cfg 'feature="serde_derive"' --cfg 'feature="std"' --check-cfg 'cfg(docsrs,test)' --check-cfg 'cfg(feature, values("alloc", "default", "derive", "rc", "serde_derive", "std", "unstable"))' -C metadata=5e3881e7a2b764d1 -C extra-filename=-984f4d14ea86fc02 --out-dir /app/target/debug/build/serde-984f4d14ea86fc02 -L dependency=/app/target/debug/deps --cap-lints allow`
     Running `/home/jules/.rustup/toolchains/stable-x86_64-unknown-linux-gnu/bin/rustc --crate-name syn --edition=2021 /home/jules/.cargo/registry/src/index.crates.io-1949cf8c6b5b557f/syn-2.0.117/src/lib.rs --error-format=json --json=diagnostic-rendered-ansi,artifacts,future-incompat --crate-type lib --emit=dep-info,metadata,link -C embed-bitcode=no --cfg 'feature="clone-impls"' --cfg 'feature="default"' --cfg 'feature="derive"' --cfg 'feature="extra-traits"' --cfg 'feature="fold"' --cfg 'feature="full"' --cfg 'feature="parsing"' --cfg 'feature="printing"' --cfg 'feature="proc-macro"' --cfg 'feature="visit"' --check-cfg 'cfg(docsrs,test)' --check-cfg 'cfg(feature, values("clone-impls", "default", "derive", "extra-traits", "fold", "full", "parsing", "printing", "proc-macro", "test", "visit", "visit-mut"))' -C metadata=85c943220938a436 -C extra-filename=-c61ee984a3570307 --out-dir /app/target/debug/deps -L dependency=/app/target/debug/deps --extern proc_macro2=/app/target/debug/deps/libproc_macro2-0454c554b14b2896.rmeta --extern quote=/app/target/debug/deps/libquote-ca0183ca5fc2f7d2.rmeta --extern unicode_ident=/app/target/debug/deps/libunicode_ident-2046154b3dc3f7c4.rmeta --cap-lints allow`
       Fresh itoa v1.0.18
       Fresh anstyle v1.0.14
       Fresh find-msvc-tools v0.1.9
       Fresh utf8parse v0.2.2
       Fresh shlex v1.3.0
       Fresh cc v1.2.57
       Fresh anstyle-parse v1.0.0
       Fresh zmij v1.0.21
       Fresh is_terminal_polyfill v1.70.2
       Fresh anstyle-query v1.1.5
       Fresh colorchoice v1.0.5
       Fresh anstream v1.0.0
       Fresh heck v0.5.0
       Fresh strsim v0.11.1
       Fresh clap_lex v1.1.0
       Fresh clap_builder v4.6.0
       Fresh regex-syntax v0.8.10
       Fresh aho-corasick v1.1.4
       Fresh arrayref v0.3.9
       Fresh arrayvec v0.7.6
       Fresh cpufeatures v0.2.17
       Fresh constant_time_eq v0.4.2
       Fresh blake3 v1.8.3
       Fresh autocfg v1.5.0
   Compiling regex-automata v0.4.14
       Fresh anyhow v1.0.102
     Running `/home/jules/.rustup/toolchains/stable-x86_64-unknown-linux-gnu/bin/rustc --crate-name regex_automata --edition=2021 /home/jules/.cargo/registry/src/index.crates.io-1949cf8c6b5b557f/regex-automata-0.4.14/src/lib.rs --error-format=json --json=diagnostic-rendered-ansi,artifacts,future-incompat --crate-type lib --emit=dep-info,metadata,link -C embed-bitcode=no -C debuginfo=2 --allow=unexpected_cfgs --check-cfg 'cfg(docsrs_regex)' --cfg 'feature="alloc"' --cfg 'feature="dfa"' --cfg 'feature="dfa-build"' --cfg 'feature="dfa-onepass"' --cfg 'feature="dfa-search"' --cfg 'feature="hybrid"' --cfg 'feature="meta"' --cfg 'feature="nfa"' --cfg 'feature="nfa-backtrack"' --cfg 'feature="nfa-pikevm"' --cfg 'feature="nfa-thompson"' --cfg 'feature="perf"' --cfg 'feature="perf-inline"' --cfg 'feature="perf-literal"' --cfg 'feature="perf-literal-multisubstring"' --cfg 'feature="perf-literal-substring"' --cfg 'feature="std"' --cfg 'feature="syntax"' --cfg 'feature="unicode"' --cfg 'feature="unicode-age"' --cfg 'feature="unicode-bool"' --cfg 'feature="unicode-case"' --cfg 'feature="unicode-gencat"' --cfg 'feature="unicode-perl"' --cfg 'feature="unicode-script"' --cfg 'feature="unicode-segment"' --cfg 'feature="unicode-word-boundary"' --check-cfg 'cfg(docsrs,test)' --check-cfg 'cfg(feature, values("alloc", "default", "dfa", "dfa-build", "dfa-onepass", "dfa-search", "hybrid", "internal-instrument", "internal-instrument-pikevm", "logging", "meta", "nfa", "nfa-backtrack", "nfa-pikevm", "nfa-thompson", "perf", "perf-inline", "perf-literal", "perf-literal-multisubstring", "perf-literal-substring", "std", "syntax", "unicode", "unicode-age", "unicode-bool", "unicode-case", "unicode-gencat", "unicode-perl", "unicode-script", "unicode-segment", "unicode-word-boundary"))' -C metadata=cf7a2146af14ebd0 -C extra-filename=-5030333a6cbc36ca --out-dir /app/target/debug/deps -L dependency=/app/target/debug/deps --extern aho_corasick=/app/target/debug/deps/libaho_corasick-c5309bb888348c7a.rmeta --extern memchr=/app/target/debug/deps/libmemchr-b7fd24b56ca2184d.rmeta --extern regex_syntax=/app/target/debug/deps/libregex_syntax-abe2ba1672407809.rmeta --cap-lints allow`
       Fresh once_cell v1.21.4
   Compiling zerocopy v0.8.47
     Running `/app/target/debug/build/zerocopy-e8fb1da1121a06c2/build-script-build`
     Running `/home/jules/.rustup/toolchains/stable-x86_64-unknown-linux-gnu/bin/rustc --crate-name zerocopy --edition=2021 /home/jules/.cargo/registry/src/index.crates.io-1949cf8c6b5b557f/zerocopy-0.8.47/src/lib.rs --error-format=json --json=diagnostic-rendered-ansi,artifacts,future-incompat --crate-type lib --emit=dep-info,metadata,link -C embed-bitcode=no -C debuginfo=2 --cfg 'feature="simd"' --check-cfg 'cfg(docsrs,test)' --check-cfg 'cfg(feature, values("__internal_use_only_features_that_work_on_stable", "alloc", "derive", "float-nightly", "simd", "simd-nightly", "std", "zerocopy-derive"))' -C metadata=5f086e70f6c9d04c -C extra-filename=-1009bfaede4c9247 --out-dir /app/target/debug/deps -L dependency=/app/target/debug/deps --cap-lints allow --check-cfg 'cfg(no_zerocopy_simd_x86_avx12_1_89_0)' --check-cfg 'cfg(rust, values("1.89.0"))' --check-cfg 'cfg(no_zerocopy_core_error_1_81_0)' --check-cfg 'cfg(rust, values("1.81.0"))' --check-cfg 'cfg(no_zerocopy_diagnostic_on_unimplemented_1_78_0)' --check-cfg 'cfg(rust, values("1.78.0"))' --check-cfg 'cfg(no_zerocopy_generic_bounds_in_const_fn_1_61_0)' --check-cfg 'cfg(rust, values("1.61.0"))' --check-cfg 'cfg(no_zerocopy_target_has_atomics_1_60_0)' --check-cfg 'cfg(rust, values("1.60.0"))' --check-cfg 'cfg(no_zerocopy_aarch64_simd_1_59_0)' --check-cfg 'cfg(rust, values("1.59.0"))' --check-cfg 'cfg(no_zerocopy_panic_in_const_and_vec_try_reserve_1_57_0)' --check-cfg 'cfg(rust, values("1.57.0"))' --check-cfg 'cfg(doc_cfg)' --check-cfg 'cfg(kani)' --check-cfg 'cfg(__ZEROCOPY_INTERNAL_USE_ONLY_NIGHTLY_FEATURES_IN_TESTS)' --check-cfg 'cfg(__ZEROCOPY_INTERNAL_USE_ONLY_DEV_MODE)' --check-cfg 'cfg(coverage_nightly)'`
     Running `/app/target/debug/build/serde-984f4d14ea86fc02/build-script-build`
       Fresh log v0.4.29
       Fresh libc v0.2.183
   Compiling smallvec v1.15.1
     Running `/home/jules/.rustup/toolchains/stable-x86_64-unknown-linux-gnu/bin/rustc --crate-name smallvec --edition=2018 /home/jules/.cargo/registry/src/index.crates.io-1949cf8c6b5b557f/smallvec-1.15.1/src/lib.rs --error-format=json --json=diagnostic-rendered-ansi,artifacts,future-incompat --crate-type lib --emit=dep-info,metadata,link -C embed-bitcode=no -C debuginfo=2 --cfg 'feature="const_generics"' --cfg 'feature="const_new"' --check-cfg 'cfg(docsrs,test)' --check-cfg 'cfg(feature, values("arbitrary", "bincode", "const_generics", "const_new", "debugger_visualizer", "drain_filter", "drain_keep_rest", "impl_bincode", "malloc_size_of", "may_dangle", "serde", "specialization", "union", "unty", "write"))' -C metadata=5ca9cd4467b0d2cd -C extra-filename=-30bf535ec43d4a3a --out-dir /app/target/debug/deps -L dependency=/app/target/debug/deps --cap-lints allow`
     Running `/home/jules/.rustup/toolchains/stable-x86_64-unknown-linux-gnu/bin/rustc --crate-name regex_automata --edition=2021 /home/jules/.cargo/registry/src/index.crates.io-1949cf8c6b5b557f/regex-automata-0.4.14/src/lib.rs --error-format=json --json=diagnostic-rendered-ansi,artifacts,future-incompat --crate-type lib --emit=dep-info,metadata,link -C embed-bitcode=no --allow=unexpected_cfgs --check-cfg 'cfg(docsrs_regex)' --cfg 'feature="alloc"' --cfg 'feature="dfa-onepass"' --cfg 'feature="hybrid"' --cfg 'feature="meta"' --cfg 'feature="nfa"' --cfg 'feature="nfa-backtrack"' --cfg 'feature="nfa-pikevm"' --cfg 'feature="nfa-thompson"' --cfg 'feature="perf"' --cfg 'feature="perf-inline"' --cfg 'feature="perf-literal"' --cfg 'feature="perf-literal-multisubstring"' --cfg 'feature="perf-literal-substring"' --cfg 'feature="std"' --cfg 'feature="syntax"' --cfg 'feature="unicode"' --cfg 'feature="unicode-age"' --cfg 'feature="unicode-bool"' --cfg 'feature="unicode-case"' --cfg 'feature="unicode-gencat"' --cfg 'feature="unicode-perl"' --cfg 'feature="unicode-script"' --cfg 'feature="unicode-segment"' --cfg 'feature="unicode-word-boundary"' --check-cfg 'cfg(docsrs,test)' --check-cfg 'cfg(feature, values("alloc", "default", "dfa", "dfa-build", "dfa-onepass", "dfa-search", "hybrid", "internal-instrument", "internal-instrument-pikevm", "logging", "meta", "nfa", "nfa-backtrack", "nfa-pikevm", "nfa-thompson", "perf", "perf-inline", "perf-literal", "perf-literal-multisubstring", "perf-literal-substring", "std", "syntax", "unicode", "unicode-age", "unicode-bool", "unicode-case", "unicode-gencat", "unicode-perl", "unicode-script", "unicode-segment", "unicode-word-boundary"))' -C metadata=33bd7103ca31345d -C extra-filename=-7b3974df367efda5 --out-dir /app/target/debug/deps -L dependency=/app/target/debug/deps --extern aho_corasick=/app/target/debug/deps/libaho_corasick-c5309bb888348c7a.rmeta --extern memchr=/app/target/debug/deps/libmemchr-b7fd24b56ca2184d.rmeta --extern regex_syntax=/app/target/debug/deps/libregex_syntax-abe2ba1672407809.rmeta --cap-lints allow`
   Compiling synstructure v0.13.2
     Running `/home/jules/.rustup/toolchains/stable-x86_64-unknown-linux-gnu/bin/rustc --crate-name synstructure --edition=2018 /home/jules/.cargo/registry/src/index.crates.io-1949cf8c6b5b557f/synstructure-0.13.2/src/lib.rs --error-format=json --json=diagnostic-rendered-ansi,artifacts,future-incompat --crate-type lib --emit=dep-info,metadata,link -C embed-bitcode=no --cfg 'feature="default"' --cfg 'feature="proc-macro"' --check-cfg 'cfg(docsrs,test)' --check-cfg 'cfg(feature, values("default", "proc-macro"))' -C metadata=5824dc570a3e2eb7 -C extra-filename=-f9d505e63530c62e --out-dir /app/target/debug/deps -L dependency=/app/target/debug/deps --extern proc_macro2=/app/target/debug/deps/libproc_macro2-0454c554b14b2896.rmeta --extern quote=/app/target/debug/deps/libquote-ca0183ca5fc2f7d2.rmeta --extern syn=/app/target/debug/deps/libsyn-c61ee984a3570307.rmeta --cap-lints allow`
       Fresh same-file v1.0.6
       Fresh walkdir v2.5.0
       Fresh rand_core v0.6.4
       Fresh siphasher v1.0.2
   Compiling allocator-api2 v0.2.21
     Running `/home/jules/.rustup/toolchains/stable-x86_64-unknown-linux-gnu/bin/rustc --crate-name allocator_api2 --edition=2018 /home/jules/.cargo/registry/src/index.crates.io-1949cf8c6b5b557f/allocator-api2-0.2.21/src/lib.rs --error-format=json --json=diagnostic-rendered-ansi,artifacts,future-incompat --crate-type lib --emit=dep-info,metadata,link -C embed-bitcode=no -C debuginfo=2 --warn=unexpected_cfgs --check-cfg 'cfg(no_global_oom_handling)' --cfg 'feature="alloc"' --check-cfg 'cfg(docsrs,test)' --check-cfg 'cfg(feature, values("alloc", "default", "fresh-rust", "nightly", "serde", "std"))' -C metadata=e2b2d3a52f0925a4 -C extra-filename=-51e1a47505c97ada --out-dir /app/target/debug/deps -L dependency=/app/target/debug/deps --cap-lints allow`
   Compiling ppv-lite86 v0.2.21
     Running `/home/jules/.rustup/toolchains/stable-x86_64-unknown-linux-gnu/bin/rustc --crate-name ppv_lite86 --edition=2021 /home/jules/.cargo/registry/src/index.crates.io-1949cf8c6b5b557f/ppv-lite86-0.2.21/src/lib.rs --error-format=json --json=diagnostic-rendered-ansi,artifacts,future-incompat --crate-type lib --emit=dep-info,metadata,link -C embed-bitcode=no --cfg 'feature="simd"' --cfg 'feature="std"' --check-cfg 'cfg(docsrs,test)' --check-cfg 'cfg(feature, values("default", "no_simd", "simd", "std"))' -C metadata=6316402d2cc709b8 -C extra-filename=-bb8dd37af99e247a --out-dir /app/target/debug/deps -L dependency=/app/target/debug/deps --extern zerocopy=/app/target/debug/deps/libzerocopy-1009bfaede4c9247.rmeta --cap-lints allow`
   Compiling foldhash v0.2.0
     Running `/home/jules/.rustup/toolchains/stable-x86_64-unknown-linux-gnu/bin/rustc --crate-name foldhash --edition=2021 /home/jules/.cargo/registry/src/index.crates.io-1949cf8c6b5b557f/foldhash-0.2.0/src/lib.rs --error-format=json --json=diagnostic-rendered-ansi,artifacts,future-incompat --crate-type lib --emit=dep-info,metadata,link -C embed-bitcode=no -C debuginfo=2 --check-cfg 'cfg(docsrs,test)' --check-cfg 'cfg(feature, values("default", "nightly", "std"))' -C metadata=7b782b352efb8f3f -C extra-filename=-5837f809fd973dc8 --out-dir /app/target/debug/deps -L dependency=/app/target/debug/deps --cap-lints allow`
       Fresh equivalent v1.0.2
   Compiling hashbrown v0.16.1
     Running `/home/jules/.rustup/toolchains/stable-x86_64-unknown-linux-gnu/bin/rustc --crate-name hashbrown --edition=2021 /home/jules/.cargo/registry/src/index.crates.io-1949cf8c6b5b557f/hashbrown-0.16.1/src/lib.rs --error-format=json --json=diagnostic-rendered-ansi,artifacts,future-incompat --crate-type lib --emit=dep-info,metadata,link -C embed-bitcode=no -C debuginfo=2 --cfg 'feature="allocator-api2"' --cfg 'feature="default"' --cfg 'feature="default-hasher"' --cfg 'feature="equivalent"' --cfg 'feature="inline-more"' --cfg 'feature="raw-entry"' --check-cfg 'cfg(docsrs,test)' --check-cfg 'cfg(feature, values("alloc", "allocator-api2", "core", "default", "default-hasher", "equivalent", "inline-more", "nightly", "raw-entry", "rayon", "rustc-dep-of-std", "rustc-internal-api", "serde"))' -C metadata=5c008484878c5492 -C extra-filename=-a4a46c898a33305f --out-dir /app/target/debug/deps -L dependency=/app/target/debug/deps --extern allocator_api2=/app/target/debug/deps/liballocator_api2-51e1a47505c97ada.rmeta --extern equivalent=/app/target/debug/deps/libequivalent-e7ca67f7d85e4db3.rmeta --extern foldhash=/app/target/debug/deps/libfoldhash-5837f809fd973dc8.rmeta --cap-lints allow`
   Compiling rand_chacha v0.3.1
     Running `/home/jules/.rustup/toolchains/stable-x86_64-unknown-linux-gnu/bin/rustc --crate-name rand_chacha --edition=2018 /home/jules/.cargo/registry/src/index.crates.io-1949cf8c6b5b557f/rand_chacha-0.3.1/src/lib.rs --error-format=json --json=diagnostic-rendered-ansi,artifacts,future-incompat --crate-type lib --emit=dep-info,metadata,link -C embed-bitcode=no --cfg 'feature="std"' --check-cfg 'cfg(docsrs,test)' --check-cfg 'cfg(feature, values("default", "serde", "serde1", "simd", "std"))' -C metadata=d12dd42473013836 -C extra-filename=-6bfa8a1f74d48fa7 --out-dir /app/target/debug/deps -L dependency=/app/target/debug/deps --extern ppv_lite86=/app/target/debug/deps/libppv_lite86-bb8dd37af99e247a.rmeta --extern rand_core=/app/target/debug/deps/librand_core-e73e4eb7ffb17b3a.rmeta --cap-lints allow`
       Fresh phf_shared v0.11.3
   Compiling regex v1.12.3
     Running `/home/jules/.rustup/toolchains/stable-x86_64-unknown-linux-gnu/bin/rustc --crate-name regex --edition=2021 /home/jules/.cargo/registry/src/index.crates.io-1949cf8c6b5b557f/regex-1.12.3/src/lib.rs --error-format=json --json=diagnostic-rendered-ansi,artifacts,future-incompat --crate-type lib --emit=dep-info,metadata,link -C embed-bitcode=no -C debuginfo=2 --allow=unexpected_cfgs --check-cfg 'cfg(docsrs_regex)' --cfg 'feature="default"' --cfg 'feature="perf"' --cfg 'feature="perf-backtrack"' --cfg 'feature="perf-cache"' --cfg 'feature="perf-dfa"' --cfg 'feature="perf-inline"' --cfg 'feature="perf-literal"' --cfg 'feature="perf-onepass"' --cfg 'feature="std"' --cfg 'feature="unicode"' --cfg 'feature="unicode-age"' --cfg 'feature="unicode-bool"' --cfg 'feature="unicode-case"' --cfg 'feature="unicode-gencat"' --cfg 'feature="unicode-perl"' --cfg 'feature="unicode-script"' --cfg 'feature="unicode-segment"' --check-cfg 'cfg(docsrs,test)' --check-cfg 'cfg(feature, values("default", "logging", "pattern", "perf", "perf-backtrack", "perf-cache", "perf-dfa", "perf-dfa-full", "perf-inline", "perf-literal", "perf-onepass", "std", "unicode", "unicode-age", "unicode-bool", "unicode-case", "unicode-gencat", "unicode-perl", "unicode-script", "unicode-segment", "unstable", "use_std"))' -C metadata=c24906e8e71ac2a7 -C extra-filename=-aae23aa183aca753 --out-dir /app/target/debug/deps -L dependency=/app/target/debug/deps --extern aho_corasick=/app/target/debug/deps/libaho_corasick-c5309bb888348c7a.rmeta --extern memchr=/app/target/debug/deps/libmemchr-b7fd24b56ca2184d.rmeta --extern regex_automata=/app/target/debug/deps/libregex_automata-5030333a6cbc36ca.rmeta --extern regex_syntax=/app/target/debug/deps/libregex_syntax-abe2ba1672407809.rmeta --cap-lints allow`
   Compiling serde_derive v1.0.228
     Running `/home/jules/.rustup/toolchains/stable-x86_64-unknown-linux-gnu/bin/rustc --crate-name serde_derive --edition=2021 /home/jules/.cargo/registry/src/index.crates.io-1949cf8c6b5b557f/serde_derive-1.0.228/src/lib.rs --error-format=json --json=diagnostic-rendered-ansi,artifacts,future-incompat --crate-type proc-macro --emit=dep-info,link -C prefer-dynamic -C embed-bitcode=no --cfg 'feature="default"' --check-cfg 'cfg(docsrs,test)' --check-cfg 'cfg(feature, values("default", "deserialize_in_place"))' -C metadata=30db1febdb436a7d -C extra-filename=-bf53afdc6397a770 --out-dir /app/target/debug/deps -L dependency=/app/target/debug/deps --extern proc_macro2=/app/target/debug/deps/libproc_macro2-0454c554b14b2896.rlib --extern quote=/app/target/debug/deps/libquote-ca0183ca5fc2f7d2.rlib --extern syn=/app/target/debug/deps/libsyn-c61ee984a3570307.rlib --extern proc_macro --cap-lints allow`
   Compiling clap_derive v4.6.0
     Running `/home/jules/.rustup/toolchains/stable-x86_64-unknown-linux-gnu/bin/rustc --crate-name clap_derive --edition=2024 /home/jules/.cargo/registry/src/index.crates.io-1949cf8c6b5b557f/clap_derive-4.6.0/src/lib.rs --error-format=json --json=diagnostic-rendered-ansi,artifacts,future-incompat --crate-type proc-macro --emit=dep-info,link -C prefer-dynamic -C embed-bitcode=no --warn=rust_2018_idioms '--warn=clippy::zero_sized_map_values' '--warn=clippy::verbose_file_reads' --warn=unused_qualifications --warn=unused_macro_rules --warn=unused_lifetimes --warn=unsafe_op_in_unsafe_fn --warn=unreachable_pub --allow=unnameable_types '--warn=clippy::uninlined_format_args' '--warn=clippy::trait_duplication_in_bounds' '--warn=clippy::todo' '--warn=clippy::string_lit_as_bytes' '--warn=clippy::string_add_assign' '--warn=clippy::semicolon_if_nothing_returned' '--warn=clippy::self_named_module_files' '--warn=clippy::same_functions_in_if_condition' '--allow=clippy::result_large_err' '--warn=clippy::rest_pat_in_fully_bound_structs' '--warn=clippy::ref_option_ref' '--warn=clippy::redundant_feature_names' '--warn=clippy::rc_mutex' '--warn=clippy::ptr_as_ptr' '--warn=clippy::path_buf_push_overwrite' '--warn=clippy::negative_feature_names' '--warn=clippy::needless_for_each' '--allow=clippy::needless_continue' '--warn=clippy::mutex_integer' '--allow=clippy::multiple_bound_locations' '--warn=clippy::mem_forget' '--warn=clippy::macro_use_imports' '--warn=clippy::lossy_float_literal' '--warn=clippy::linkedlist' '--allow=clippy::let_and_return' '--warn=clippy::large_types_passed_by_value' '--warn=clippy::large_stack_arrays' '--warn=clippy::large_digit_groups' '--warn=clippy::invalid_upcast_comparisons' '--warn=clippy::infinite_loop' '--warn=clippy::inefficient_to_string' '--warn=clippy::inconsistent_struct_constructor' '--warn=clippy::imprecise_flops' '--warn=clippy::implicit_clone' '--allow=clippy::if_same_then_else' '--warn=clippy::from_iter_instead_of_collect' '--warn=clippy::fn_params_excessive_bools' '--warn=clippy::float_cmp_const' '--warn=clippy::flat_map_option' '--warn=clippy::filter_map_next' '--warn=clippy::fallible_impl_from' '--warn=clippy::explicit_into_iter_loop' '--warn=clippy::explicit_deref_methods' '--warn=clippy::expl_impl_clone_on_copy' '--warn=clippy::enum_glob_use' '--warn=clippy::empty_enums' '--warn=clippy::doc_markdown' '--warn=clippy::debug_assert_with_mut_call' '--warn=clippy::dbg_macro' '--warn=clippy::create_dir' '--allow=clippy::collapsible_else_if' '--warn=clippy::checked_conversions' '--allow=clippy::branches_sharing_code' '--allow=clippy::bool_assert_comparison' '--allow=clippy::blocks_in_conditions' '--allow=clippy::assigning_clones' --cfg 'feature="default"' --check-cfg 'cfg(docsrs,test)' --check-cfg 'cfg(feature, values("debug", "default", "deprecated", "raw-deprecated", "unstable-markdown", "unstable-v5"))' -C metadata=22e0f06e39777f1c -C extra-filename=-85ac0b72a7d065b8 --out-dir /app/target/debug/deps -L dependency=/app/target/debug/deps --extern heck=/app/target/debug/deps/libheck-a1f5674c405213e3.rlib --extern proc_macro2=/app/target/debug/deps/libproc_macro2-0454c554b14b2896.rlib --extern quote=/app/target/debug/deps/libquote-ca0183ca5fc2f7d2.rlib --extern syn=/app/target/debug/deps/libsyn-c61ee984a3570307.rlib --extern proc_macro --cap-lints allow`
   Compiling zerofrom-derive v0.1.6
     Running `/home/jules/.rustup/toolchains/stable-x86_64-unknown-linux-gnu/bin/rustc --crate-name zerofrom_derive --edition=2021 /home/jules/.cargo/registry/src/index.crates.io-1949cf8c6b5b557f/zerofrom-derive-0.1.6/src/lib.rs --error-format=json --json=diagnostic-rendered-ansi,artifacts,future-incompat --crate-type proc-macro --emit=dep-info,link -C prefer-dynamic -C embed-bitcode=no --check-cfg 'cfg(docsrs,test)' --check-cfg 'cfg(feature, values())' -C metadata=ec4a4e591d71f519 -C extra-filename=-e1fe750a9b5a4ff0 --out-dir /app/target/debug/deps -L dependency=/app/target/debug/deps --extern proc_macro2=/app/target/debug/deps/libproc_macro2-0454c554b14b2896.rlib --extern quote=/app/target/debug/deps/libquote-ca0183ca5fc2f7d2.rlib --extern syn=/app/target/debug/deps/libsyn-c61ee984a3570307.rlib --extern synstructure=/app/target/debug/deps/libsynstructure-f9d505e63530c62e.rlib --extern proc_macro --cap-lints allow`
   Compiling yoke-derive v0.8.1
     Running `/home/jules/.rustup/toolchains/stable-x86_64-unknown-linux-gnu/bin/rustc --crate-name yoke_derive --edition=2021 /home/jules/.cargo/registry/src/index.crates.io-1949cf8c6b5b557f/yoke-derive-0.8.1/src/lib.rs --error-format=json --json=diagnostic-rendered-ansi,artifacts,future-incompat --crate-type proc-macro --emit=dep-info,link -C prefer-dynamic -C embed-bitcode=no --check-cfg 'cfg(docsrs,test)' --check-cfg 'cfg(feature, values())' -C metadata=00b7283fecf1fead -C extra-filename=-23dfad254503101c --out-dir /app/target/debug/deps -L dependency=/app/target/debug/deps --extern proc_macro2=/app/target/debug/deps/libproc_macro2-0454c554b14b2896.rlib --extern quote=/app/target/debug/deps/libquote-ca0183ca5fc2f7d2.rlib --extern syn=/app/target/debug/deps/libsyn-c61ee984a3570307.rlib --extern synstructure=/app/target/debug/deps/libsynstructure-f9d505e63530c62e.rlib --extern proc_macro --cap-lints allow`
   Compiling zerofrom v0.1.6
     Running `/home/jules/.rustup/toolchains/stable-x86_64-unknown-linux-gnu/bin/rustc --crate-name zerofrom --edition=2021 /home/jules/.cargo/registry/src/index.crates.io-1949cf8c6b5b557f/zerofrom-0.1.6/src/lib.rs --error-format=json --json=diagnostic-rendered-ansi,artifacts,future-incompat --crate-type lib --emit=dep-info,metadata,link -C embed-bitcode=no -C debuginfo=2 --cfg 'feature="derive"' --check-cfg 'cfg(docsrs,test)' --check-cfg 'cfg(feature, values("alloc", "default", "derive"))' -C metadata=15db394b68806de4 -C extra-filename=-552bdcc5dea92c7a --out-dir /app/target/debug/deps -L dependency=/app/target/debug/deps --extern zerofrom_derive=/app/target/debug/deps/libzerofrom_derive-e1fe750a9b5a4ff0.so --cap-lints allow`
   Compiling bstr v1.12.1
     Running `/home/jules/.rustup/toolchains/stable-x86_64-unknown-linux-gnu/bin/rustc --crate-name bstr --edition=2021 /home/jules/.cargo/registry/src/index.crates.io-1949cf8c6b5b557f/bstr-1.12.1/src/lib.rs --error-format=json --json=diagnostic-rendered-ansi,artifacts,future-incompat --crate-type lib --emit=dep-info,metadata,link -C embed-bitcode=no -C debuginfo=2 --cfg 'feature="alloc"' --cfg 'feature="default"' --cfg 'feature="std"' --cfg 'feature="unicode"' --check-cfg 'cfg(docsrs,test)' --check-cfg 'cfg(feature, values("alloc", "default", "serde", "std", "unicode"))' -C metadata=16e436154cf56967 -C extra-filename=-6a9c22be5ffbbab8 --out-dir /app/target/debug/deps -L dependency=/app/target/debug/deps --extern memchr=/app/target/debug/deps/libmemchr-b7fd24b56ca2184d.rmeta --extern regex_automata=/app/target/debug/deps/libregex_automata-5030333a6cbc36ca.rmeta --cap-lints allow`
   Compiling clap v4.6.0
     Running `/home/jules/.rustup/toolchains/stable-x86_64-unknown-linux-gnu/bin/rustc --crate-name clap --edition=2024 /home/jules/.cargo/registry/src/index.crates.io-1949cf8c6b5b557f/clap-4.6.0/src/lib.rs --error-format=json --json=diagnostic-rendered-ansi,artifacts,future-incompat --crate-type lib --emit=dep-info,metadata,link -C embed-bitcode=no -C debuginfo=2 --warn=rust_2018_idioms '--warn=clippy::zero_sized_map_values' '--warn=clippy::verbose_file_reads' --warn=unused_qualifications --warn=unused_macro_rules --warn=unused_lifetimes --warn=unsafe_op_in_unsafe_fn --warn=unreachable_pub --allow=unnameable_types '--warn=clippy::uninlined_format_args' '--warn=clippy::trait_duplication_in_bounds' '--warn=clippy::todo' '--warn=clippy::string_lit_as_bytes' '--warn=clippy::string_add_assign' '--warn=clippy::semicolon_if_nothing_returned' '--warn=clippy::self_named_module_files' '--warn=clippy::same_functions_in_if_condition' '--allow=clippy::result_large_err' '--warn=clippy::rest_pat_in_fully_bound_structs' '--warn=clippy::ref_option_ref' '--warn=clippy::redundant_feature_names' '--warn=clippy::rc_mutex' '--warn=clippy::ptr_as_ptr' '--warn=clippy::path_buf_push_overwrite' '--warn=clippy::negative_feature_names' '--warn=clippy::needless_for_each' '--allow=clippy::needless_continue' '--warn=clippy::mutex_integer' '--allow=clippy::multiple_bound_locations' '--warn=clippy::mem_forget' '--warn=clippy::macro_use_imports' '--warn=clippy::lossy_float_literal' '--warn=clippy::linkedlist' '--allow=clippy::let_and_return' '--warn=clippy::large_types_passed_by_value' '--warn=clippy::large_stack_arrays' '--warn=clippy::large_digit_groups' '--warn=clippy::invalid_upcast_comparisons' '--warn=clippy::infinite_loop' '--warn=clippy::inefficient_to_string' '--warn=clippy::inconsistent_struct_constructor' '--warn=clippy::imprecise_flops' '--warn=clippy::implicit_clone' '--allow=clippy::if_same_then_else' '--warn=clippy::from_iter_instead_of_collect' '--warn=clippy::fn_params_excessive_bools' '--warn=clippy::float_cmp_const' '--warn=clippy::flat_map_option' '--warn=clippy::filter_map_next' '--warn=clippy::fallible_impl_from' '--warn=clippy::explicit_into_iter_loop' '--warn=clippy::explicit_deref_methods' '--warn=clippy::expl_impl_clone_on_copy' '--warn=clippy::enum_glob_use' '--warn=clippy::empty_enums' '--warn=clippy::doc_markdown' '--warn=clippy::debug_assert_with_mut_call' '--warn=clippy::dbg_macro' '--warn=clippy::create_dir' '--allow=clippy::collapsible_else_if' '--warn=clippy::checked_conversions' '--allow=clippy::branches_sharing_code' '--allow=clippy::bool_assert_comparison' '--allow=clippy::blocks_in_conditions' '--allow=clippy::assigning_clones' --cfg 'feature="color"' --cfg 'feature="default"' --cfg 'feature="derive"' --cfg 'feature="error-context"' --cfg 'feature="help"' --cfg 'feature="std"' --cfg 'feature="suggestions"' --cfg 'feature="usage"' --check-cfg 'cfg(docsrs,test)' --check-cfg 'cfg(feature, values("cargo", "color", "debug", "default", "deprecated", "derive", "env", "error-context", "help", "std", "string", "suggestions", "unicode", "unstable-derive-ui-tests", "unstable-doc", "unstable-ext", "unstable-markdown", "unstable-styles", "unstable-v5", "usage", "wrap_help"))' -C metadata=d5f83f006e6bde55 -C extra-filename=-37855d5caa945650 --out-dir /app/target/debug/deps -L dependency=/app/target/debug/deps --extern clap_builder=/app/target/debug/deps/libclap_builder-cb2e278c8a019a0f.rmeta --extern clap_derive=/app/target/debug/deps/libclap_derive-85ac0b72a7d065b8.so --cap-lints allow`
   Compiling percent-encoding v2.3.2
     Running `/home/jules/.rustup/toolchains/stable-x86_64-unknown-linux-gnu/bin/rustc --crate-name percent_encoding --edition=2018 /home/jules/.cargo/registry/src/index.crates.io-1949cf8c6b5b557f/percent-encoding-2.3.2/src/lib.rs --error-format=json --json=diagnostic-rendered-ansi,artifacts,future-incompat --crate-type lib --emit=dep-info,metadata,link -C embed-bitcode=no -C debuginfo=2 --cfg 'feature="alloc"' --cfg 'feature="default"' --cfg 'feature="std"' --check-cfg 'cfg(docsrs,test)' --check-cfg 'cfg(feature, values("alloc", "default", "std"))' -C metadata=57a833026103ffc2 -C extra-filename=-59af404988bd156b --out-dir /app/target/debug/deps -L dependency=/app/target/debug/deps --cap-lints allow`
   Compiling stable_deref_trait v1.2.1
     Running `/home/jules/.rustup/toolchains/stable-x86_64-unknown-linux-gnu/bin/rustc --crate-name stable_deref_trait --edition=2015 /home/jules/.cargo/registry/src/index.crates.io-1949cf8c6b5b557f/stable_deref_trait-1.2.1/src/lib.rs --error-format=json --json=diagnostic-rendered-ansi,artifacts,future-incompat --crate-type lib --emit=dep-info,metadata,link -C embed-bitcode=no -C debuginfo=2 --check-cfg 'cfg(docsrs,test)' --check-cfg 'cfg(feature, values("alloc", "default", "std"))' -C metadata=b15cb9908bb12017 -C extra-filename=-59dad3ac91d80cb5 --out-dir /app/target/debug/deps -L dependency=/app/target/debug/deps --cap-lints allow`
   Compiling rand v0.8.5
     Running `/home/jules/.rustup/toolchains/stable-x86_64-unknown-linux-gnu/bin/rustc --crate-name rand --edition=2018 /home/jules/.cargo/registry/src/index.crates.io-1949cf8c6b5b557f/rand-0.8.5/src/lib.rs --error-format=json --json=diagnostic-rendered-ansi,artifacts,future-incompat --crate-type lib --emit=dep-info,metadata,link -C embed-bitcode=no --cfg 'feature="alloc"' --cfg 'feature="default"' --cfg 'feature="getrandom"' --cfg 'feature="libc"' --cfg 'feature="rand_chacha"' --cfg 'feature="small_rng"' --cfg 'feature="std"' --cfg 'feature="std_rng"' --check-cfg 'cfg(docsrs,test)' --check-cfg 'cfg(feature, values("alloc", "default", "getrandom", "libc", "log", "min_const_gen", "nightly", "packed_simd", "rand_chacha", "serde", "serde1", "simd_support", "small_rng", "std", "std_rng"))' -C metadata=91beb522594e9f3a -C extra-filename=-572b8c8fa154afbc --out-dir /app/target/debug/deps -L dependency=/app/target/debug/deps --extern libc=/app/target/debug/deps/liblibc-7d74a945e144ee18.rmeta --extern rand_chacha=/app/target/debug/deps/librand_chacha-6bfa8a1f74d48fa7.rmeta --extern rand_core=/app/target/debug/deps/librand_core-e73e4eb7ffb17b3a.rmeta --cap-lints allow`
   Compiling yoke v0.8.1
     Running `/home/jules/.rustup/toolchains/stable-x86_64-unknown-linux-gnu/bin/rustc --crate-name yoke --edition=2021 /home/jules/.cargo/registry/src/index.crates.io-1949cf8c6b5b557f/yoke-0.8.1/src/lib.rs --error-format=json --json=diagnostic-rendered-ansi,artifacts,future-incompat --crate-type lib --emit=dep-info,metadata,link -C embed-bitcode=no -C debuginfo=2 --cfg 'feature="derive"' --cfg 'feature="zerofrom"' --check-cfg 'cfg(docsrs,test)' --check-cfg 'cfg(feature, values("alloc", "default", "derive", "serde", "zerofrom"))' -C metadata=7b31272db99dbaeb -C extra-filename=-a7115b3b1919dc07 --out-dir /app/target/debug/deps -L dependency=/app/target/debug/deps --extern stable_deref_trait=/app/target/debug/deps/libstable_deref_trait-59dad3ac91d80cb5.rmeta --extern yoke_derive=/app/target/debug/deps/libyoke_derive-23dfad254503101c.so --extern zerofrom=/app/target/debug/deps/libzerofrom-552bdcc5dea92c7a.rmeta --cap-lints allow`
   Compiling num-traits v0.2.19
     Running `/home/jules/.rustup/toolchains/stable-x86_64-unknown-linux-gnu/bin/rustc --crate-name build_script_build --edition=2021 /home/jules/.cargo/registry/src/index.crates.io-1949cf8c6b5b557f/num-traits-0.2.19/build.rs --error-format=json --json=diagnostic-rendered-ansi,artifacts,future-incompat --crate-type bin --emit=dep-info,link -C embed-bitcode=no --cfg 'feature="default"' --cfg 'feature="i128"' --cfg 'feature="std"' --check-cfg 'cfg(docsrs,test)' --check-cfg 'cfg(feature, values("default", "i128", "libm", "std"))' -C metadata=429f38c1b88bff3c -C extra-filename=-e31422dd6d2596bf --out-dir /app/target/debug/build/num-traits-e31422dd6d2596bf -L dependency=/app/target/debug/deps --extern autocfg=/app/target/debug/deps/libautocfg-f1d5f364d2c6b38e.rlib --cap-lints allow`
   Compiling bytes v1.11.1
     Running `/home/jules/.rustup/toolchains/stable-x86_64-unknown-linux-gnu/bin/rustc --crate-name bytes --edition=2021 /home/jules/.cargo/registry/src/index.crates.io-1949cf8c6b5b557f/bytes-1.11.1/src/lib.rs --error-format=json --json=diagnostic-rendered-ansi,artifacts,future-incompat --crate-type lib --emit=dep-info,metadata,link -C embed-bitcode=no -C debuginfo=2 --warn=unexpected_cfgs --check-cfg 'cfg(loom)' --cfg 'feature="default"' --cfg 'feature="std"' --check-cfg 'cfg(docsrs,test)' --check-cfg 'cfg(feature, values("default", "extra-platforms", "serde", "std"))' -C metadata=60137e68e66183ad -C extra-filename=-7700b1df813bc0a9 --out-dir /app/target/debug/deps -L dependency=/app/target/debug/deps --cap-lints allow`
   Compiling pin-project-lite v0.2.17
     Running `/home/jules/.rustup/toolchains/stable-x86_64-unknown-linux-gnu/bin/rustc --crate-name pin_project_lite --edition=2018 /home/jules/.cargo/registry/src/index.crates.io-1949cf8c6b5b557f/pin-project-lite-0.2.17/src/lib.rs --error-format=json --json=diagnostic-rendered-ansi,artifacts,future-incompat --crate-type lib --emit=dep-info,metadata,link -C embed-bitcode=no -C debuginfo=2 '--warn=clippy::unused_trait_names' --warn=unreachable_pub --warn=unnameable_types --warn=unexpected_cfgs '--warn=clippy::undocumented_unsafe_blocks' '--warn=clippy::transmute_undefined_repr' '--warn=clippy::trailing_empty_array' --warn=single_use_lifetimes --warn=rust_2018_idioms '--warn=clippy::pedantic' --warn=non_ascii_idents '--warn=clippy::inline_asm_x86_att_syntax' --warn=improper_ctypes_definitions --warn=improper_ctypes --warn=deprecated_safe '--warn=clippy::default_union_representation' '--warn=clippy::as_underscore' '--warn=clippy::as_ptr_cast_mut' '--warn=clippy::all' '--allow=clippy::type_complexity' '--allow=clippy::too_many_lines' '--allow=clippy::too_many_arguments' '--allow=clippy::struct_field_names' '--allow=clippy::struct_excessive_bools' '--allow=clippy::single_match_else' '--allow=clippy::single_match' '--allow=clippy::similar_names' '--allow=clippy::range_plus_one' '--allow=clippy::nonminimal_bool' '--allow=clippy::naive_bytecount' '--allow=clippy::module_name_repetitions' '--allow=clippy::missing_errors_doc' '--allow=clippy::manual_range_contains' '--allow=clippy::manual_assert' '--allow=clippy::incompatible_msrv' '--allow=clippy::float_cmp' '--allow=clippy::doc_markdown' '--allow=clippy::declare_interior_mutable_const' '--allow=clippy::collapsible_match' '--allow=clippy::cast_lossless' '--allow=clippy::borrow_as_ptr' '--allow=clippy::bool_assert_comparison' --check-cfg 'cfg(docsrs,test)' --check-cfg 'cfg(feature, values())' -C metadata=5c12c2197ee7fbaa -C extra-filename=-3d1e25234effa67a --out-dir /app/target/debug/deps -L dependency=/app/target/debug/deps --cap-lints allow`
     Running `/app/target/debug/build/num-traits-e31422dd6d2596bf/build-script-build`
   Compiling indexmap v2.13.0
     Running `/home/jules/.rustup/toolchains/stable-x86_64-unknown-linux-gnu/bin/rustc --crate-name indexmap --edition=2021 /home/jules/.cargo/registry/src/index.crates.io-1949cf8c6b5b557f/indexmap-2.13.0/src/lib.rs --error-format=json --json=diagnostic-rendered-ansi,artifacts,future-incompat --crate-type lib --emit=dep-info,metadata,link -C embed-bitcode=no -C debuginfo=2 --deny=unsafe-code --deny=unreachable-pub --deny=unnameable-types '--allow=clippy::style' --warn=rust-2018-idioms --deny=private-interfaces --deny=private-bounds --cfg 'feature="default"' --cfg 'feature="std"' --check-cfg 'cfg(docsrs,test)' --check-cfg 'cfg(feature, values("arbitrary", "borsh", "default", "quickcheck", "rayon", "serde", "std", "sval", "test_debug"))' -C metadata=0046e8c93a7956e1 -C extra-filename=-ff75f900e423bbce --out-dir /app/target/debug/deps -L dependency=/app/target/debug/deps --extern equivalent=/app/target/debug/deps/libequivalent-e7ca67f7d85e4db3.rmeta --extern hashbrown=/app/target/debug/deps/libhashbrown-a4a46c898a33305f.rmeta --cap-lints allow`
   Compiling phf_generator v0.11.3
     Running `/home/jules/.rustup/toolchains/stable-x86_64-unknown-linux-gnu/bin/rustc --crate-name phf_generator --edition=2021 /home/jules/.cargo/registry/src/index.crates.io-1949cf8c6b5b557f/phf_generator-0.11.3/src/lib.rs --error-format=json --json=diagnostic-rendered-ansi,artifacts,future-incompat --crate-type lib --emit=dep-info,metadata,link -C embed-bitcode=no --check-cfg 'cfg(docsrs,test)' --check-cfg 'cfg(feature, values("criterion"))' -C metadata=11f16cacb76ead87 -C extra-filename=-4ff4116e69f87ec3 --out-dir /app/target/debug/deps -L dependency=/app/target/debug/deps --extern phf_shared=/app/target/debug/deps/libphf_shared-eb2d31c57c680423.rmeta --extern rand=/app/target/debug/deps/librand-572b8c8fa154afbc.rmeta --cap-lints allow`
   Compiling zerovec-derive v0.11.2
     Running `/home/jules/.rustup/toolchains/stable-x86_64-unknown-linux-gnu/bin/rustc --crate-name zerovec_derive --edition=2021 /home/jules/.cargo/registry/src/index.crates.io-1949cf8c6b5b557f/zerovec-derive-0.11.2/src/lib.rs --error-format=json --json=diagnostic-rendered-ansi,artifacts,future-incompat --crate-type proc-macro --emit=dep-info,link -C prefer-dynamic -C embed-bitcode=no --check-cfg 'cfg(docsrs,test)' --check-cfg 'cfg(feature, values())' -C metadata=0f21526c1f36a2e8 -C extra-filename=-8961679e750d36ad --out-dir /app/target/debug/deps -L dependency=/app/target/debug/deps --extern proc_macro2=/app/target/debug/deps/libproc_macro2-0454c554b14b2896.rlib --extern quote=/app/target/debug/deps/libquote-ca0183ca5fc2f7d2.rlib --extern syn=/app/target/debug/deps/libsyn-c61ee984a3570307.rlib --extern proc_macro --cap-lints allow`
     Running `/home/jules/.rustup/toolchains/stable-x86_64-unknown-linux-gnu/bin/rustc --crate-name regex --edition=2021 /home/jules/.cargo/registry/src/index.crates.io-1949cf8c6b5b557f/regex-1.12.3/src/lib.rs --error-format=json --json=diagnostic-rendered-ansi,artifacts,future-incompat --crate-type lib --emit=dep-info,metadata,link -C embed-bitcode=no -C debuginfo=2 --allow=unexpected_cfgs --check-cfg 'cfg(docsrs_regex)' --cfg 'feature="default"' --cfg 'feature="perf"' --cfg 'feature="perf-backtrack"' --cfg 'feature="perf-cache"' --cfg 'feature="perf-dfa"' --cfg 'feature="perf-inline"' --cfg 'feature="perf-literal"' --cfg 'feature="perf-onepass"' --cfg 'feature="std"' --cfg 'feature="unicode"' --cfg 'feature="unicode-age"' --cfg 'feature="unicode-bool"' --cfg 'feature="unicode-case"' --cfg 'feature="unicode-gencat"' --cfg 'feature="unicode-perl"' --cfg 'feature="unicode-script"' --cfg 'feature="unicode-segment"' --check-cfg 'cfg(docsrs,test)' --check-cfg 'cfg(feature, values("default", "logging", "pattern", "perf", "perf-backtrack", "perf-cache", "perf-dfa", "perf-dfa-full", "perf-inline", "perf-literal", "perf-onepass", "std", "unicode", "unicode-age", "unicode-bool", "unicode-case", "unicode-gencat", "unicode-perl", "unicode-script", "unicode-segment", "unstable", "use_std"))' -C metadata=114ff9b16ed43ac5 -C extra-filename=-64380b21cbae222c --out-dir /app/target/debug/deps -L dependency=/app/target/debug/deps --extern aho_corasick=/app/target/debug/deps/libaho_corasick-c5309bb888348c7a.rmeta --extern memchr=/app/target/debug/deps/libmemchr-b7fd24b56ca2184d.rmeta --extern regex_automata=/app/target/debug/deps/libregex_automata-7b3974df367efda5.rmeta --extern regex_syntax=/app/target/debug/deps/libregex_syntax-abe2ba1672407809.rmeta --cap-lints allow`
     Running `/home/jules/.rustup/toolchains/stable-x86_64-unknown-linux-gnu/bin/rustc --crate-name serde --edition=2021 /home/jules/.cargo/registry/src/index.crates.io-1949cf8c6b5b557f/serde-1.0.228/src/lib.rs --error-format=json --json=diagnostic-rendered-ansi,artifacts,future-incompat --crate-type lib --emit=dep-info,metadata,link -C embed-bitcode=no -C debuginfo=2 --cfg 'feature="alloc"' --cfg 'feature="default"' --cfg 'feature="derive"' --cfg 'feature="rc"' --cfg 'feature="serde_derive"' --cfg 'feature="std"' --check-cfg 'cfg(docsrs,test)' --check-cfg 'cfg(feature, values("alloc", "default", "derive", "rc", "serde_derive", "std", "unstable"))' -C metadata=a8ecd6cceff8b3b8 -C extra-filename=-2ddf37aa57423e14 --out-dir /app/target/debug/deps -L dependency=/app/target/debug/deps --extern serde_core=/app/target/debug/deps/libserde_core-22370e8028c903b1.rmeta --extern serde_derive=/app/target/debug/deps/libserde_derive-bf53afdc6397a770.so --cap-lints allow --cfg if_docsrs_then_no_serde_core --check-cfg 'cfg(feature, values("result"))' --check-cfg 'cfg(if_docsrs_then_no_serde_core)' --check-cfg 'cfg(no_core_cstr)' --check-cfg 'cfg(no_core_error)' --check-cfg 'cfg(no_core_net)' --check-cfg 'cfg(no_core_num_saturating)' --check-cfg 'cfg(no_diagnostic_namespace)' --check-cfg 'cfg(no_serde_derive)' --check-cfg 'cfg(no_std_atomic)' --check-cfg 'cfg(no_std_atomic64)' --check-cfg 'cfg(no_target_has_atomic)'`
   Compiling futures-core v0.3.32
     Running `/home/jules/.rustup/toolchains/stable-x86_64-unknown-linux-gnu/bin/rustc --crate-name futures_core --edition=2018 /home/jules/.cargo/registry/src/index.crates.io-1949cf8c6b5b557f/futures-core-0.3.32/src/lib.rs --error-format=json --json=diagnostic-rendered-ansi,artifacts,future-incompat --crate-type lib --emit=dep-info,metadata,link -C embed-bitcode=no -C debuginfo=2 --warn=unreachable_pub --warn=unexpected_cfgs --warn=single_use_lifetimes --warn=rust_2018_idioms --warn=missing_debug_implementations --check-cfg 'cfg(futures_sanitizer)' --cfg 'feature="alloc"' --cfg 'feature="default"' --cfg 'feature="std"' --check-cfg 'cfg(docsrs,test)' --check-cfg 'cfg(feature, values("alloc", "cfg-target-has-atomic", "default", "portable-atomic", "std", "unstable"))' -C metadata=25a9976148772663 -C extra-filename=-a6049477db3e920d --out-dir /app/target/debug/deps -L dependency=/app/target/debug/deps --cap-lints allow`
       Fresh ucd-trie v0.1.7
       Fresh pest v2.8.6
   Compiling parse-zoneinfo v0.3.1
     Running `/home/jules/.rustup/toolchains/stable-x86_64-unknown-linux-gnu/bin/rustc --crate-name parse_zoneinfo --edition=2021 /home/jules/.cargo/registry/src/index.crates.io-1949cf8c6b5b557f/parse-zoneinfo-0.3.1/src/lib.rs --error-format=json --json=diagnostic-rendered-ansi,artifacts,future-incompat --crate-type lib --emit=dep-info,metadata,link -C embed-bitcode=no --check-cfg 'cfg(docsrs,test)' --check-cfg 'cfg(feature, values())' -C metadata=536b22ab6bfb2acc -C extra-filename=-98dc21bc8715499f --out-dir /app/target/debug/deps -L dependency=/app/target/debug/deps --extern regex=/app/target/debug/deps/libregex-64380b21cbae222c.rmeta --cap-lints allow`
   Compiling phf_codegen v0.11.3
     Running `/home/jules/.rustup/toolchains/stable-x86_64-unknown-linux-gnu/bin/rustc --crate-name phf_codegen --edition=2021 /home/jules/.cargo/registry/src/index.crates.io-1949cf8c6b5b557f/phf_codegen-0.11.3/src/lib.rs --error-format=json --json=diagnostic-rendered-ansi,artifacts,future-incompat --crate-type lib --emit=dep-info,metadata,link -C embed-bitcode=no --check-cfg 'cfg(docsrs,test)' --check-cfg 'cfg(feature, values())' -C metadata=c8ae32abcb4ce2a7 -C extra-filename=-e6b977a4f00d8d79 --out-dir /app/target/debug/deps -L dependency=/app/target/debug/deps --extern phf_generator=/app/target/debug/deps/libphf_generator-4ff4116e69f87ec3.rmeta --extern phf_shared=/app/target/debug/deps/libphf_shared-eb2d31c57c680423.rmeta --cap-lints allow`
   Compiling tokmd-types v1.8.1 (/app/crates/tokmd-types)
     Running `/home/jules/.rustup/toolchains/stable-x86_64-unknown-linux-gnu/bin/rustc --crate-name tokmd_types --edition=2024 crates/tokmd-types/src/lib.rs --error-format=json --json=diagnostic-rendered-ansi,artifacts,future-incompat --crate-type lib --emit=dep-info,metadata,link -C embed-bitcode=no -C debuginfo=2 --cfg 'feature="clap"' --check-cfg 'cfg(docsrs,test)' --check-cfg 'cfg(feature, values("clap"))' -C metadata=b4a9c6c5c77f8a36 -C extra-filename=-e5279a60750fb027 --out-dir /app/target/debug/deps -C incremental=/app/target/debug/incremental -L dependency=/app/target/debug/deps --extern clap=/app/target/debug/deps/libclap-37855d5caa945650.rmeta --extern serde=/app/target/debug/deps/libserde-2ddf37aa57423e14.rmeta`
   Compiling tokmd-envelope v1.8.1 (/app/crates/tokmd-envelope)
     Running `/home/jules/.rustup/toolchains/stable-x86_64-unknown-linux-gnu/bin/rustc --crate-name tokmd_envelope --edition=2024 crates/tokmd-envelope/src/lib.rs --error-format=json --json=diagnostic-rendered-ansi,artifacts,future-incompat --crate-type lib --emit=dep-info,metadata,link -C embed-bitcode=no -C debuginfo=2 --check-cfg 'cfg(docsrs,test)' --check-cfg 'cfg(feature, values())' -C metadata=7cb1675386765b36 -C extra-filename=-9bbe3b42791e10c2 --out-dir /app/target/debug/deps -C incremental=/app/target/debug/incremental -L dependency=/app/target/debug/deps --extern blake3=/app/target/debug/deps/libblake3-ba57c91f91dea2f8.rmeta --extern serde=/app/target/debug/deps/libserde-2ddf37aa57423e14.rmeta --extern serde_json=/app/target/debug/deps/libserde_json-02554ac7efa4e2d5.rmeta -L native=/app/target/debug/build/blake3-12e682763928d5d8/out -L native=/app/target/debug/build/blake3-12e682763928d5d8/out`
   Compiling zerovec v0.11.5
     Running `/home/jules/.rustup/toolchains/stable-x86_64-unknown-linux-gnu/bin/rustc --crate-name zerovec --edition=2021 /home/jules/.cargo/registry/src/index.crates.io-1949cf8c6b5b557f/zerovec-0.11.5/src/lib.rs --error-format=json --json=diagnostic-rendered-ansi,artifacts,future-incompat --crate-type lib --emit=dep-info,metadata,link -C embed-bitcode=no -C debuginfo=2 --cfg 'feature="derive"' --cfg 'feature="yoke"' --check-cfg 'cfg(docsrs,test)' --check-cfg 'cfg(feature, values("alloc", "databake", "derive", "hashmap", "serde", "std", "yoke"))' -C metadata=24b202d9127769ea -C extra-filename=-9ff0505a88b3ee66 --out-dir /app/target/debug/deps -L dependency=/app/target/debug/deps --extern yoke=/app/target/debug/deps/libyoke-a7115b3b1919dc07.rmeta --extern zerofrom=/app/target/debug/deps/libzerofrom-552bdcc5dea92c7a.rmeta --extern zerovec_derive=/app/target/debug/deps/libzerovec_derive-8961679e750d36ad.so --cap-lints allow`
     Running `/home/jules/.rustup/toolchains/stable-x86_64-unknown-linux-gnu/bin/rustc --crate-name num_traits --edition=2021 /home/jules/.cargo/registry/src/index.crates.io-1949cf8c6b5b557f/num-traits-0.2.19/src/lib.rs --error-format=json --json=diagnostic-rendered-ansi,artifacts,future-incompat --crate-type lib --emit=dep-info,metadata,link -C embed-bitcode=no -C debuginfo=2 --cfg 'feature="default"' --cfg 'feature="i128"' --cfg 'feature="std"' --check-cfg 'cfg(docsrs,test)' --check-cfg 'cfg(feature, values("default", "i128", "libm", "std"))' -C metadata=9b66b47e8e050d2a -C extra-filename=-f44bd77d245e0ec0 --out-dir /app/target/debug/deps -L dependency=/app/target/debug/deps --cap-lints allow --cfg has_total_cmp --check-cfg 'cfg(has_total_cmp)'`
       Fresh crossbeam-utils v0.8.21
   Compiling globset v0.4.18
     Running `/home/jules/.rustup/toolchains/stable-x86_64-unknown-linux-gnu/bin/rustc --crate-name globset --edition=2024 /home/jules/.cargo/registry/src/index.crates.io-1949cf8c6b5b557f/globset-0.4.18/src/lib.rs --error-format=json --json=diagnostic-rendered-ansi,artifacts,future-incompat --crate-type lib --emit=dep-info,metadata,link -C embed-bitcode=no -C debuginfo=2 --cfg 'feature="default"' --cfg 'feature="log"' --check-cfg 'cfg(docsrs,test)' --check-cfg 'cfg(feature, values("arbitrary", "default", "log", "serde", "serde1", "simd-accel"))' -C metadata=de9e9cceeb62dd30 -C extra-filename=-4bdc1c4b11d9c964 --out-dir /app/target/debug/deps -L dependency=/app/target/debug/deps --extern aho_corasick=/app/target/debug/deps/libaho_corasick-c5309bb888348c7a.rmeta --extern bstr=/app/target/debug/deps/libbstr-6a9c22be5ffbbab8.rmeta --extern log=/app/target/debug/deps/liblog-408c38338ce1a0e5.rmeta --extern regex_automata=/app/target/debug/deps/libregex_automata-5030333a6cbc36ca.rmeta --extern regex_syntax=/app/target/debug/deps/libregex_syntax-abe2ba1672407809.rmeta --cap-lints allow`
   Compiling displaydoc v0.2.5
     Running `/home/jules/.rustup/toolchains/stable-x86_64-unknown-linux-gnu/bin/rustc --crate-name displaydoc --edition=2021 /home/jules/.cargo/registry/src/index.crates.io-1949cf8c6b5b557f/displaydoc-0.2.5/src/lib.rs --error-format=json --json=diagnostic-rendered-ansi,artifacts,future-incompat --crate-type proc-macro --emit=dep-info,link -C prefer-dynamic -C embed-bitcode=no --check-cfg 'cfg(docsrs,test)' --check-cfg 'cfg(feature, values("default", "std"))' -C metadata=bd1089b7ee89fd81 -C extra-filename=-13e9a21c973e4460 --out-dir /app/target/debug/deps -L dependency=/app/target/debug/deps --extern proc_macro2=/app/target/debug/deps/libproc_macro2-0454c554b14b2896.rlib --extern quote=/app/target/debug/deps/libquote-ca0183ca5fc2f7d2.rlib --extern syn=/app/target/debug/deps/libsyn-c61ee984a3570307.rlib --extern proc_macro --cap-lints allow`
       Fresh phf v0.11.3
       Fresh zeroize v1.8.2
       Fresh lazy_static v1.5.0
       Fresh tokmd-math v1.8.1 (/app/crates/tokmd-math)
   Compiling chrono-tz-build v0.3.0
     Running `/home/jules/.rustup/toolchains/stable-x86_64-unknown-linux-gnu/bin/rustc --crate-name chrono_tz_build --edition=2021 /home/jules/.cargo/registry/src/index.crates.io-1949cf8c6b5b557f/chrono-tz-build-0.3.0/src/lib.rs --error-format=json --json=diagnostic-rendered-ansi,artifacts,future-incompat --crate-type lib --emit=dep-info,metadata,link -C embed-bitcode=no --check-cfg 'cfg(docsrs,test)' --check-cfg 'cfg(feature, values("case-insensitive", "filter-by-regex", "regex", "uncased"))' -C metadata=5f2caf0f22caee5b -C extra-filename=-fd590df2155867bb --out-dir /app/target/debug/deps -L dependency=/app/target/debug/deps --extern parse_zoneinfo=/app/target/debug/deps/libparse_zoneinfo-98dc21bc8715499f.rmeta --extern phf=/app/target/debug/deps/libphf-4d7e527d2435c497.rmeta --extern phf_codegen=/app/target/debug/deps/libphf_codegen-e6b977a4f00d8d79.rmeta --cap-lints allow`
       Fresh crossbeam-epoch v0.9.18
       Fresh serde_core v1.0.228
       Fresh pest_meta v2.8.6
   Compiling mio v1.1.1
     Running `/home/jules/.rustup/toolchains/stable-x86_64-unknown-linux-gnu/bin/rustc --crate-name mio --edition=2021 /home/jules/.cargo/registry/src/index.crates.io-1949cf8c6b5b557f/mio-1.1.1/src/lib.rs --error-format=json --json=diagnostic-rendered-ansi,artifacts,future-incompat --crate-type lib --emit=dep-info,metadata,link -C embed-bitcode=no -C debuginfo=2 --warn=unexpected_cfgs --check-cfg 'cfg(mio_unsupported_force_poll_poll)' --check-cfg 'cfg(mio_unsupported_force_waker_pipe)' --cfg 'feature="net"' --cfg 'feature="os-ext"' --cfg 'feature="os-poll"' --check-cfg 'cfg(docsrs,test)' --check-cfg 'cfg(feature, values("default", "log", "net", "os-ext", "os-poll"))' -C metadata=0c06e118a5a6c312 -C extra-filename=-3361b5b494d78667 --out-dir /app/target/debug/deps -L dependency=/app/target/debug/deps --extern libc=/app/target/debug/deps/liblibc-3a1e456fed0d9fcc.rmeta --cap-lints allow`
   Compiling socket2 v0.6.3
     Running `/home/jules/.rustup/toolchains/stable-x86_64-unknown-linux-gnu/bin/rustc --crate-name socket2 --edition=2021 /home/jules/.cargo/registry/src/index.crates.io-1949cf8c6b5b557f/socket2-0.6.3/src/lib.rs --error-format=json --json=diagnostic-rendered-ansi,artifacts,future-incompat --crate-type lib --emit=dep-info,metadata,link -C embed-bitcode=no -C debuginfo=2 --cfg 'feature="all"' --check-cfg 'cfg(docsrs,test)' --check-cfg 'cfg(feature, values("all"))' -C metadata=b2f2ab210f0b339c -C extra-filename=-493e030fe651d28d --out-dir /app/target/debug/deps -L dependency=/app/target/debug/deps --extern libc=/app/target/debug/deps/liblibc-3a1e456fed0d9fcc.rmeta --cap-lints allow`
     Running `/home/jules/.rustup/toolchains/stable-x86_64-unknown-linux-gnu/bin/rustc --crate-name bstr --edition=2021 /home/jules/.cargo/registry/src/index.crates.io-1949cf8c6b5b557f/bstr-1.12.1/src/lib.rs --error-format=json --json=diagnostic-rendered-ansi,artifacts,future-incompat --crate-type lib --emit=dep-info,metadata,link -C embed-bitcode=no --cfg 'feature="alloc"' --cfg 'feature="std"' --check-cfg 'cfg(docsrs,test)' --check-cfg 'cfg(feature, values("alloc", "default", "serde", "std", "unicode"))' -C metadata=610315c54aa13a52 -C extra-filename=-7652e81e6f5f6197 --out-dir /app/target/debug/deps -L dependency=/app/target/debug/deps --extern memchr=/app/target/debug/deps/libmemchr-b7fd24b56ca2184d.rmeta --cap-lints allow`
       Fresh either v1.15.0
   Compiling futures-sink v0.3.32
     Running `/home/jules/.rustup/toolchains/stable-x86_64-unknown-linux-gnu/bin/rustc --crate-name futures_sink --edition=2018 /home/jules/.cargo/registry/src/index.crates.io-1949cf8c6b5b557f/futures-sink-0.3.32/src/lib.rs --error-format=json --json=diagnostic-rendered-ansi,artifacts,future-incompat --crate-type lib --emit=dep-info,metadata,link -C embed-bitcode=no -C debuginfo=2 --warn=unreachable_pub --warn=unexpected_cfgs --warn=single_use_lifetimes --warn=rust_2018_idioms --warn=missing_debug_implementations --check-cfg 'cfg(futures_sanitizer)' --cfg 'feature="alloc"' --cfg 'feature="default"' --cfg 'feature="std"' --check-cfg 'cfg(docsrs,test)' --check-cfg 'cfg(feature, values("alloc", "default", "std"))' -C metadata=239fe8ed78fbc6ce -C extra-filename=-87f280bb103d5e78 --out-dir /app/target/debug/deps -L dependency=/app/target/debug/deps --cap-lints allow`
       Fresh winnow v1.0.0
       Fresh toml_parser v1.0.10+spec-1.1.0
   Compiling tokio v1.50.0
     Running `/home/jules/.rustup/toolchains/stable-x86_64-unknown-linux-gnu/bin/rustc --crate-name tokio --edition=2021 /home/jules/.cargo/registry/src/index.crates.io-1949cf8c6b5b557f/tokio-1.50.0/src/lib.rs --error-format=json --json=diagnostic-rendered-ansi,artifacts,future-incompat --crate-type lib --emit=dep-info,metadata,link -C embed-bitcode=no -C debuginfo=2 --warn=unexpected_cfgs --check-cfg 'cfg(fuzzing)' --check-cfg 'cfg(loom)' --check-cfg 'cfg(mio_unsupported_force_poll_poll)' --check-cfg 'cfg(tokio_allow_from_blocking_fd)' --check-cfg 'cfg(tokio_internal_mt_counters)' --check-cfg 'cfg(tokio_no_parking_lot)' --check-cfg 'cfg(tokio_no_tuning_tests)' --check-cfg 'cfg(tokio_unstable)' --check-cfg 'cfg(target_os, values("cygwin"))' --cfg 'feature="bytes"' --cfg 'feature="default"' --cfg 'feature="io-util"' --cfg 'feature="libc"' --cfg 'feature="mio"' --cfg 'feature="net"' --cfg 'feature="rt"' --cfg 'feature="socket2"' --cfg 'feature="sync"' --cfg 'feature="time"' --check-cfg 'cfg(docsrs,test)' --check-cfg 'cfg(feature, values("bytes", "default", "fs", "full", "io-std", "io-uring", "io-util", "libc", "macros", "mio", "net", "parking_lot", "process", "rt", "rt-multi-thread", "signal", "signal-hook-registry", "socket2", "sync", "taskdump", "test-util", "time", "tokio-macros", "tracing", "windows-sys"))' -C metadata=85f520cbd61f8307 -C extra-filename=-2aeedef1a36ad1fc --out-dir /app/target/debug/deps -L dependency=/app/target/debug/deps --extern bytes=/app/target/debug/deps/libbytes-7700b1df813bc0a9.rmeta --extern libc=/app/target/debug/deps/liblibc-3a1e456fed0d9fcc.rmeta --extern mio=/app/target/debug/deps/libmio-3361b5b494d78667.rmeta --extern pin_project_lite=/app/target/debug/deps/libpin_project_lite-3d1e25234effa67a.rmeta --extern socket2=/app/target/debug/deps/libsocket2-493e030fe651d28d.rmeta --cap-lints allow`
     Running `/home/jules/.rustup/toolchains/stable-x86_64-unknown-linux-gnu/bin/rustc --crate-name globset --edition=2024 /home/jules/.cargo/registry/src/index.crates.io-1949cf8c6b5b557f/globset-0.4.18/src/lib.rs --error-format=json --json=diagnostic-rendered-ansi,artifacts,future-incompat --crate-type lib --emit=dep-info,metadata,link -C embed-bitcode=no -C debuginfo=2 --cfg 'feature="default"' --cfg 'feature="log"' --check-cfg 'cfg(docsrs,test)' --check-cfg 'cfg(feature, values("arbitrary", "default", "log", "serde", "serde1", "simd-accel"))' -C metadata=59b7c36a33dd2b11 -C extra-filename=-bd65b605102d69fe --out-dir /app/target/debug/deps -L dependency=/app/target/debug/deps --extern aho_corasick=/app/target/debug/deps/libaho_corasick-c5309bb888348c7a.rmeta --extern bstr=/app/target/debug/deps/libbstr-7652e81e6f5f6197.rmeta --extern log=/app/target/debug/deps/liblog-408c38338ce1a0e5.rmeta --extern regex_automata=/app/target/debug/deps/libregex_automata-7b3974df367efda5.rmeta --extern regex_syntax=/app/target/debug/deps/libregex_syntax-abe2ba1672407809.rmeta --cap-lints allow`
   Compiling chrono-tz v0.9.0
     Running `/home/jules/.rustup/toolchains/stable-x86_64-unknown-linux-gnu/bin/rustc --crate-name build_script_build --edition=2021 /home/jules/.cargo/registry/src/index.crates.io-1949cf8c6b5b557f/chrono-tz-0.9.0/build.rs --error-format=json --json=diagnostic-rendered-ansi,artifacts,future-incompat --crate-type bin --emit=dep-info,link -C embed-bitcode=no --cfg 'feature="default"' --cfg 'feature="std"' --check-cfg 'cfg(docsrs,test)' --check-cfg 'cfg(feature, values("arbitrary", "case-insensitive", "default", "filter-by-regex", "serde", "std"))' -C metadata=6df72529d0358a92 -C extra-filename=-a11c2d7c0377a51e --out-dir /app/target/debug/build/chrono-tz-a11c2d7c0377a51e -L dependency=/app/target/debug/deps --extern chrono_tz_build=/app/target/debug/deps/libchrono_tz_build-fd590df2155867bb.rlib --cap-lints allow`
   Compiling pest_generator v2.8.6
     Running `/home/jules/.rustup/toolchains/stable-x86_64-unknown-linux-gnu/bin/rustc --crate-name pest_generator --edition=2021 /home/jules/.cargo/registry/src/index.crates.io-1949cf8c6b5b557f/pest_generator-2.8.6/src/lib.rs --error-format=json --json=diagnostic-rendered-ansi,artifacts,future-incompat --crate-type lib --emit=dep-info,metadata,link -C embed-bitcode=no --cfg 'feature="std"' --check-cfg 'cfg(docsrs,test)' --check-cfg 'cfg(feature, values("default", "export-internal", "grammar-extras", "not-bootstrap-in-src", "std"))' -C metadata=093333244df388a5 -C extra-filename=-56892a6cf902d2fc --out-dir /app/target/debug/deps -L dependency=/app/target/debug/deps --extern pest=/app/target/debug/deps/libpest-88338b8a85873b8e.rmeta --extern pest_meta=/app/target/debug/deps/libpest_meta-17851153377accbb.rmeta --extern proc_macro2=/app/target/debug/deps/libproc_macro2-0454c554b14b2896.rmeta --extern quote=/app/target/debug/deps/libquote-ca0183ca5fc2f7d2.rmeta --extern syn=/app/target/debug/deps/libsyn-c61ee984a3570307.rmeta --cap-lints allow`
       Fresh crossbeam-deque v0.8.6
       Fresh getrandom v0.4.2
   Compiling ignore v0.4.25
     Running `/home/jules/.rustup/toolchains/stable-x86_64-unknown-linux-gnu/bin/rustc --crate-name ignore --edition=2024 /home/jules/.cargo/registry/src/index.crates.io-1949cf8c6b5b557f/ignore-0.4.25/src/lib.rs --error-format=json --json=diagnostic-rendered-ansi,artifacts,future-incompat --crate-type lib --emit=dep-info,metadata,link -C embed-bitcode=no -C debuginfo=2 --check-cfg 'cfg(docsrs,test)' --check-cfg 'cfg(feature, values("simd-accel"))' -C metadata=0c7c3303f4df5cb3 -C extra-filename=-3a353a1e5b6d6423 --out-dir /app/target/debug/deps -L dependency=/app/target/debug/deps --extern crossbeam_deque=/app/target/debug/deps/libcrossbeam_deque-63ff02ba24fc3c7e.rmeta --extern globset=/app/target/debug/deps/libglobset-4bdc1c4b11d9c964.rmeta --extern log=/app/target/debug/deps/liblog-408c38338ce1a0e5.rmeta --extern memchr=/app/target/debug/deps/libmemchr-b7fd24b56ca2184d.rmeta --extern regex_automata=/app/target/debug/deps/libregex_automata-5030333a6cbc36ca.rmeta --extern same_file=/app/target/debug/deps/libsame_file-f302c3e72de507d3.rmeta --extern walkdir=/app/target/debug/deps/libwalkdir-591393a352827b54.rmeta --cap-lints allow`
   Compiling tokmd-analysis-types v1.8.1 (/app/crates/tokmd-analysis-types)
     Running `/home/jules/.rustup/toolchains/stable-x86_64-unknown-linux-gnu/bin/rustc --crate-name tokmd_analysis_types --edition=2024 crates/tokmd-analysis-types/src/lib.rs --error-format=json --json=diagnostic-rendered-ansi,artifacts,future-incompat --crate-type lib --emit=dep-info,metadata,link -C embed-bitcode=no -C debuginfo=2 --check-cfg 'cfg(docsrs,test)' --check-cfg 'cfg(feature, values())' -C metadata=99e0dc240018e12e -C extra-filename=-b8471925ca3eea4f --out-dir /app/target/debug/deps -C incremental=/app/target/debug/incremental -L dependency=/app/target/debug/deps --extern serde=/app/target/debug/deps/libserde-2ddf37aa57423e14.rmeta --extern serde_json=/app/target/debug/deps/libserde_json-02554ac7efa4e2d5.rmeta --extern tokmd_envelope=/app/target/debug/deps/libtokmd_envelope-9bbe3b42791e10c2.rmeta --extern tokmd_types=/app/target/debug/deps/libtokmd_types-e5279a60750fb027.rmeta -L native=/app/target/debug/build/blake3-12e682763928d5d8/out -L native=/app/target/debug/build/blake3-12e682763928d5d8/out`
   Compiling ring v0.17.14
     Running `/home/jules/.rustup/toolchains/stable-x86_64-unknown-linux-gnu/bin/rustc --crate-name build_script_build --edition=2021 /home/jules/.cargo/registry/src/index.crates.io-1949cf8c6b5b557f/ring-0.17.14/build.rs --error-format=json --json=diagnostic-rendered-ansi,artifacts,future-incompat --crate-type bin --emit=dep-info,link -C embed-bitcode=no --cfg 'feature="alloc"' --cfg 'feature="default"' --cfg 'feature="dev_urandom_fallback"' --check-cfg 'cfg(docsrs,test)' --check-cfg 'cfg(feature, values("alloc", "default", "dev_urandom_fallback", "less-safe-getrandom-custom-or-rdrand", "less-safe-getrandom-espidf", "slow_tests", "std", "test_logging", "unstable-testing-arm-no-hw", "unstable-testing-arm-no-neon", "wasm32_unknown_unknown_js"))' -C metadata=f959b301a041f87c -C extra-filename=-ab95b35cf7e10d2a --out-dir /app/target/debug/build/ring-ab95b35cf7e10d2a -L dependency=/app/target/debug/deps --extern cc=/app/target/debug/deps/libcc-5b46d25e1321afea.rlib --cap-lints allow`
       Fresh toml_datetime v1.0.1+spec-1.1.0
       Fresh serde_spanned v1.0.4
       Fresh iana-time-zone v0.1.65
   Compiling getrandom v0.3.4
     Running `/home/jules/.rustup/toolchains/stable-x86_64-unknown-linux-gnu/bin/rustc --crate-name build_script_build --edition=2021 /home/jules/.cargo/registry/src/index.crates.io-1949cf8c6b5b557f/getrandom-0.3.4/build.rs --error-format=json --json=diagnostic-rendered-ansi,artifacts,future-incompat --crate-type bin --emit=dep-info,link -C embed-bitcode=no --warn=unexpected_cfgs --check-cfg 'cfg(getrandom_backend, values("custom", "efi_rng", "rdrand", "rndr", "linux_getrandom", "linux_raw", "wasm_js", "windows_legacy", "unsupported"))' --check-cfg 'cfg(getrandom_msan)' --check-cfg 'cfg(getrandom_test_linux_fallback)' --check-cfg 'cfg(getrandom_test_linux_without_fallback)' --check-cfg 'cfg(getrandom_test_netbsd_fallback)' --check-cfg 'cfg(target_os, values("cygwin"))' --cfg 'feature="std"' --check-cfg 'cfg(docsrs,test)' --check-cfg 'cfg(feature, values("std", "wasm_js"))' -C metadata=5656b82330d3b74a -C extra-filename=-0100bd4b1cfc75e7 --out-dir /app/target/debug/build/getrandom-0100bd4b1cfc75e7 -L dependency=/app/target/debug/deps --cap-lints allow`
       Fresh scopeguard v1.2.0
       Fresh toml_writer v1.0.7+spec-1.1.0
       Fresh toml v1.0.7+spec-1.1.0
       Fresh lock_api v0.4.14
     Running `/app/target/debug/build/getrandom-0100bd4b1cfc75e7/build-script-build`
       Fresh chrono v0.4.44
     Running `/app/target/debug/build/ring-ab95b35cf7e10d2a/build-script-build`
   Compiling pest_derive v2.8.6
     Running `/home/jules/.rustup/toolchains/stable-x86_64-unknown-linux-gnu/bin/rustc --crate-name pest_derive --edition=2021 /home/jules/.cargo/registry/src/index.crates.io-1949cf8c6b5b557f/pest_derive-2.8.6/src/lib.rs --error-format=json --json=diagnostic-rendered-ansi,artifacts,future-incompat --crate-type proc-macro --emit=dep-info,link -C prefer-dynamic -C embed-bitcode=no --cfg 'feature="default"' --cfg 'feature="std"' --check-cfg 'cfg(docsrs,test)' --check-cfg 'cfg(feature, values("default", "grammar-extras", "not-bootstrap-in-src", "std"))' -C metadata=e7cd953633c397a5 -C extra-filename=-68ce092f037a4edf --out-dir /app/target/debug/deps -L dependency=/app/target/debug/deps --extern pest=/app/target/debug/deps/libpest-88338b8a85873b8e.rlib --extern pest_generator=/app/target/debug/deps/libpest_generator-56892a6cf902d2fc.rlib --extern proc_macro --cap-lints allow`
     Running `/home/jules/.rustup/toolchains/stable-x86_64-unknown-linux-gnu/bin/rustc --crate-name ignore --edition=2024 /home/jules/.cargo/registry/src/index.crates.io-1949cf8c6b5b557f/ignore-0.4.25/src/lib.rs --error-format=json --json=diagnostic-rendered-ansi,artifacts,future-incompat --crate-type lib --emit=dep-info,metadata,link -C embed-bitcode=no -C debuginfo=2 --check-cfg 'cfg(docsrs,test)' --check-cfg 'cfg(feature, values("simd-accel"))' -C metadata=d506f07da1c1d141 -C extra-filename=-25774fed52be0336 --out-dir /app/target/debug/deps -L dependency=/app/target/debug/deps --extern crossbeam_deque=/app/target/debug/deps/libcrossbeam_deque-35f24ba39508dc0f.rmeta --extern globset=/app/target/debug/deps/libglobset-bd65b605102d69fe.rmeta --extern log=/app/target/debug/deps/liblog-408c38338ce1a0e5.rmeta --extern memchr=/app/target/debug/deps/libmemchr-b7fd24b56ca2184d.rmeta --extern regex_automata=/app/target/debug/deps/libregex_automata-7b3974df367efda5.rmeta --extern same_file=/app/target/debug/deps/libsame_file-f302c3e72de507d3.rmeta --extern walkdir=/app/target/debug/deps/libwalkdir-591393a352827b54.rmeta --cap-lints allow`
     Running `/app/target/debug/build/chrono-tz-a11c2d7c0377a51e/build-script-build`
   Compiling tokmd-analysis-util v1.8.1 (/app/crates/tokmd-analysis-util)
     Running `/home/jules/.rustup/toolchains/stable-x86_64-unknown-linux-gnu/bin/rustc --crate-name tokmd_analysis_util --edition=2024 crates/tokmd-analysis-util/src/lib.rs --error-format=json --json=diagnostic-rendered-ansi,artifacts,future-incompat --crate-type lib --emit=dep-info,metadata,link -C embed-bitcode=no -C debuginfo=2 --check-cfg 'cfg(docsrs,test)' --check-cfg 'cfg(feature, values())' -C metadata=41dfb098ecf24cf8 -C extra-filename=-4b1624821dfda173 --out-dir /app/target/debug/deps -C incremental=/app/target/debug/incremental -L dependency=/app/target/debug/deps --extern tokmd_analysis_types=/app/target/debug/deps/libtokmd_analysis_types-b8471925ca3eea4f.rmeta --extern tokmd_math=/app/target/debug/deps/libtokmd_math-3f89e1d812553617.rmeta -L native=/app/target/debug/build/blake3-12e682763928d5d8/out -L native=/app/target/debug/build/blake3-12e682763928d5d8/out`
   Compiling parking_lot_core v0.9.12
     Running `/home/jules/.rustup/toolchains/stable-x86_64-unknown-linux-gnu/bin/rustc --crate-name parking_lot_core --edition=2021 /home/jules/.cargo/registry/src/index.crates.io-1949cf8c6b5b557f/parking_lot_core-0.9.12/src/lib.rs --error-format=json --json=diagnostic-rendered-ansi,artifacts,future-incompat --crate-type lib --emit=dep-info,metadata,link -C embed-bitcode=no -C debuginfo=2 --check-cfg 'cfg(docsrs,test)' --check-cfg 'cfg(feature, values("backtrace", "deadlock_detection", "nightly", "petgraph"))' -C metadata=0c3c17ba16e0619b -C extra-filename=-bf4e388d408376b4 --out-dir /app/target/debug/deps -L dependency=/app/target/debug/deps --extern cfg_if=/app/target/debug/deps/libcfg_if-9d8e838b3d041728.rmeta --extern libc=/app/target/debug/deps/liblibc-3a1e456fed0d9fcc.rmeta --extern smallvec=/app/target/debug/deps/libsmallvec-30bf535ec43d4a3a.rmeta --cap-lints allow --check-cfg 'cfg(tsan_enabled)'`
       Fresh libm v0.2.16
       Fresh rayon-core v1.13.0
   Compiling tinystr v0.8.2
     Running `/home/jules/.rustup/toolchains/stable-x86_64-unknown-linux-gnu/bin/rustc --crate-name tinystr --edition=2021 /home/jules/.cargo/registry/src/index.crates.io-1949cf8c6b5b557f/tinystr-0.8.2/src/lib.rs --error-format=json --json=diagnostic-rendered-ansi,artifacts,future-incompat --crate-type lib --emit=dep-info,metadata,link -C embed-bitcode=no -C debuginfo=2 --cfg 'feature="zerovec"' --check-cfg 'cfg(docsrs,test)' --check-cfg 'cfg(feature, values("alloc", "databake", "default", "serde", "std", "zerovec"))' -C metadata=f99d88b006207cfe -C extra-filename=-512afc303597b781 --out-dir /app/target/debug/deps -L dependency=/app/target/debug/deps --extern displaydoc=/app/target/debug/deps/libdisplaydoc-13e9a21c973e4460.so --extern zerovec=/app/target/debug/deps/libzerovec-9ff0505a88b3ee66.rmeta --cap-lints allow`
   Compiling http v1.4.0
     Running `/home/jules/.rustup/toolchains/stable-x86_64-unknown-linux-gnu/bin/rustc --crate-name http --edition=2021 /home/jules/.cargo/registry/src/index.crates.io-1949cf8c6b5b557f/http-1.4.0/src/lib.rs --error-format=json --json=diagnostic-rendered-ansi,artifacts,future-incompat --crate-type lib --emit=dep-info,metadata,link -C embed-bitcode=no -C debuginfo=2 --cfg 'feature="default"' --cfg 'feature="std"' --check-cfg 'cfg(docsrs,test)' --check-cfg 'cfg(feature, values("default", "std"))' -C metadata=a31a152d0ec752d2 -C extra-filename=-bd859b3c6ad2874c --out-dir /app/target/debug/deps -L dependency=/app/target/debug/deps --extern bytes=/app/target/debug/deps/libbytes-7700b1df813bc0a9.rmeta --extern itoa=/app/target/debug/deps/libitoa-c718f49b83cc3644.rmeta --cap-lints allow`
   Compiling slab v0.4.12
     Running `/home/jules/.rustup/toolchains/stable-x86_64-unknown-linux-gnu/bin/rustc --crate-name slab --edition=2018 /home/jules/.cargo/registry/src/index.crates.io-1949cf8c6b5b557f/slab-0.4.12/src/lib.rs --error-format=json --json=diagnostic-rendered-ansi,artifacts,future-incompat --crate-type lib --emit=dep-info,metadata,link -C embed-bitcode=no -C debuginfo=2 --cfg 'feature="default"' --cfg 'feature="std"' --check-cfg 'cfg(docsrs,test)' --check-cfg 'cfg(feature, values("default", "serde", "std"))' -C metadata=1428637ac5b329ab -C extra-filename=-bc5a6f8dc9a8ac87 --out-dir /app/target/debug/deps -L dependency=/app/target/debug/deps --cap-lints allow`
       Fresh linux-raw-sys v0.12.1
   Compiling writeable v0.6.2
     Running `/home/jules/.rustup/toolchains/stable-x86_64-unknown-linux-gnu/bin/rustc --crate-name writeable --edition=2021 /home/jules/.cargo/registry/src/index.crates.io-1949cf8c6b5b557f/writeable-0.6.2/src/lib.rs --error-format=json --json=diagnostic-rendered-ansi,artifacts,future-incompat --crate-type lib --emit=dep-info,metadata,link -C embed-bitcode=no -C debuginfo=2 --check-cfg 'cfg(docsrs,test)' --check-cfg 'cfg(feature, values("alloc", "default", "either"))' -C metadata=d7237b58b2412d38 -C extra-filename=-836f225b7232db0e --out-dir /app/target/debug/deps -L dependency=/app/target/debug/deps --cap-lints allow`
       Fresh deunicode v1.6.2
       Fresh bitflags v2.11.0
   Compiling litemap v0.8.1
     Running `/home/jules/.rustup/toolchains/stable-x86_64-unknown-linux-gnu/bin/rustc --crate-name litemap --edition=2021 /home/jules/.cargo/registry/src/index.crates.io-1949cf8c6b5b557f/litemap-0.8.1/src/lib.rs --error-format=json --json=diagnostic-rendered-ansi,artifacts,future-incompat --crate-type lib --emit=dep-info,metadata,link -C embed-bitcode=no -C debuginfo=2 --check-cfg 'cfg(docsrs,test)' --check-cfg 'cfg(feature, values("alloc", "databake", "default", "serde", "testing", "yoke"))' -C metadata=8dd18984fb3bafcd -C extra-filename=-e03d93d009c1d925 --out-dir /app/target/debug/deps -L dependency=/app/target/debug/deps --cap-lints allow`
   Compiling globwalk v0.9.1
     Running `/home/jules/.rustup/toolchains/stable-x86_64-unknown-linux-gnu/bin/rustc --crate-name globwalk --edition=2021 /home/jules/.cargo/registry/src/index.crates.io-1949cf8c6b5b557f/globwalk-0.9.1/src/lib.rs --error-format=json --json=diagnostic-rendered-ansi,artifacts,future-incompat --crate-type lib --emit=dep-info,metadata,link -C embed-bitcode=no --check-cfg 'cfg(docsrs,test)' --check-cfg 'cfg(feature, values())' -C metadata=218f0f68fca86e6a -C extra-filename=-9c8d45beaf49d602 --out-dir /app/target/debug/deps -L dependency=/app/target/debug/deps --extern bitflags=/app/target/debug/deps/libbitflags-3658f36a1b037953.rmeta --extern ignore=/app/target/debug/deps/libignore-25774fed52be0336.rmeta --extern walkdir=/app/target/debug/deps/libwalkdir-591393a352827b54.rmeta --cap-lints allow`
       Fresh slug v0.1.6
       Fresh rustix v1.1.4
     Running `/home/jules/.rustup/toolchains/stable-x86_64-unknown-linux-gnu/bin/rustc --crate-name chrono_tz --edition=2021 /home/jules/.cargo/registry/src/index.crates.io-1949cf8c6b5b557f/chrono-tz-0.9.0/src/lib.rs --error-format=json --json=diagnostic-rendered-ansi,artifacts,future-incompat --crate-type lib --emit=dep-info,metadata,link -C embed-bitcode=no --cfg 'feature="default"' --cfg 'feature="std"' --check-cfg 'cfg(docsrs,test)' --check-cfg 'cfg(feature, values("arbitrary", "case-insensitive", "default", "filter-by-regex", "serde", "std"))' -C metadata=f53fde78a12ae0f7 -C extra-filename=-596f0e628205886e --out-dir /app/target/debug/deps -L dependency=/app/target/debug/deps --extern chrono=/app/target/debug/deps/libchrono-bb926e1ea154f41d.rmeta --extern phf=/app/target/debug/deps/libphf-4d7e527d2435c497.rmeta --cap-lints allow`
   Compiling icu_locale_core v2.1.1
     Running `/home/jules/.rustup/toolchains/stable-x86_64-unknown-linux-gnu/bin/rustc --crate-name icu_locale_core --edition=2021 /home/jules/.cargo/registry/src/index.crates.io-1949cf8c6b5b557f/icu_locale_core-2.1.1/src/lib.rs --error-format=json --json=diagnostic-rendered-ansi,artifacts,future-incompat --crate-type lib --emit=dep-info,metadata,link -C embed-bitcode=no -C debuginfo=2 --cfg 'feature="zerovec"' --check-cfg 'cfg(docsrs,test)' --check-cfg 'cfg(feature, values("alloc", "databake", "serde", "zerovec"))' -C metadata=190b7ad58e4238f8 -C extra-filename=-d9b50fe9bc8f7458 --out-dir /app/target/debug/deps -L dependency=/app/target/debug/deps --extern displaydoc=/app/target/debug/deps/libdisplaydoc-13e9a21c973e4460.so --extern litemap=/app/target/debug/deps/liblitemap-e03d93d009c1d925.rmeta --extern tinystr=/app/target/debug/deps/libtinystr-512afc303597b781.rmeta --extern writeable=/app/target/debug/deps/libwriteable-836f225b7232db0e.rmeta --extern zerovec=/app/target/debug/deps/libzerovec-9ff0505a88b3ee66.rmeta --cap-lints allow`
       Fresh rayon v1.11.0
       Fresh humansize v2.1.3
     Running `/home/jules/.rustup/toolchains/stable-x86_64-unknown-linux-gnu/bin/rustc --crate-name getrandom --edition=2021 /home/jules/.cargo/registry/src/index.crates.io-1949cf8c6b5b557f/getrandom-0.3.4/src/lib.rs --error-format=json --json=diagnostic-rendered-ansi,artifacts,future-incompat --crate-type lib --emit=dep-info,metadata,link -C embed-bitcode=no -C debuginfo=2 --warn=unexpected_cfgs --check-cfg 'cfg(getrandom_backend, values("custom", "efi_rng", "rdrand", "rndr", "linux_getrandom", "linux_raw", "wasm_js", "windows_legacy", "unsupported"))' --check-cfg 'cfg(getrandom_msan)' --check-cfg 'cfg(getrandom_test_linux_fallback)' --check-cfg 'cfg(getrandom_test_linux_without_fallback)' --check-cfg 'cfg(getrandom_test_netbsd_fallback)' --check-cfg 'cfg(target_os, values("cygwin"))' --cfg 'feature="std"' --check-cfg 'cfg(docsrs,test)' --check-cfg 'cfg(feature, values("std", "wasm_js"))' -C metadata=c108cc427330dfc3 -C extra-filename=-8349344520262510 --out-dir /app/target/debug/deps -L dependency=/app/target/debug/deps --extern cfg_if=/app/target/debug/deps/libcfg_if-9d8e838b3d041728.rmeta --extern libc=/app/target/debug/deps/liblibc-3a1e456fed0d9fcc.rmeta --cap-lints allow`
   Compiling tokmd-git v1.8.1 (/app/crates/tokmd-git)
     Running `/home/jules/.rustup/toolchains/stable-x86_64-unknown-linux-gnu/bin/rustc --crate-name tokmd_git --edition=2024 crates/tokmd-git/src/lib.rs --error-format=json --json=diagnostic-rendered-ansi,artifacts,future-incompat --crate-type lib --emit=dep-info,metadata,link -C embed-bitcode=no -C debuginfo=2 --check-cfg 'cfg(docsrs,test)' --check-cfg 'cfg(feature, values())' -C metadata=b3efbd7f17c2b75e -C extra-filename=-b3c6d5e93cb11ab2 --out-dir /app/target/debug/deps -C incremental=/app/target/debug/incremental -L dependency=/app/target/debug/deps --extern anyhow=/app/target/debug/deps/libanyhow-1c897acad9a38b79.rmeta --extern tokmd_types=/app/target/debug/deps/libtokmd_types-e5279a60750fb027.rmeta`
       Fresh serde_json v1.0.149
   Compiling zerotrie v0.2.3
     Running `/home/jules/.rustup/toolchains/stable-x86_64-unknown-linux-gnu/bin/rustc --crate-name zerotrie --edition=2021 /home/jules/.cargo/registry/src/index.crates.io-1949cf8c6b5b557f/zerotrie-0.2.3/src/lib.rs --error-format=json --json=diagnostic-rendered-ansi,artifacts,future-incompat --crate-type lib --emit=dep-info,metadata,link -C embed-bitcode=no -C debuginfo=2 --cfg 'feature="yoke"' --cfg 'feature="zerofrom"' --check-cfg 'cfg(docsrs,test)' --check-cfg 'cfg(feature, values("alloc", "databake", "default", "litemap", "serde", "yoke", "zerofrom", "zerovec"))' -C metadata=c4933ba9f4f14f53 -C extra-filename=-73a5205863c39ac9 --out-dir /app/target/debug/deps -L dependency=/app/target/debug/deps --extern displaydoc=/app/target/debug/deps/libdisplaydoc-13e9a21c973e4460.so --extern yoke=/app/target/debug/deps/libyoke-a7115b3b1919dc07.rmeta --extern zerofrom=/app/target/debug/deps/libzerofrom-552bdcc5dea92c7a.rmeta --cap-lints allow`
   Compiling rustls-pki-types v1.14.0
     Running `/home/jules/.rustup/toolchains/stable-x86_64-unknown-linux-gnu/bin/rustc --crate-name rustls_pki_types --edition=2021 /home/jules/.cargo/registry/src/index.crates.io-1949cf8c6b5b557f/rustls-pki-types-1.14.0/src/lib.rs --error-format=json --json=diagnostic-rendered-ansi,artifacts,future-incompat --crate-type lib --emit=dep-info,metadata,link -C embed-bitcode=no -C debuginfo=2 --warn=unused_qualifications --warn=unused_import_braces --warn=unused_extern_crates --warn=unreachable_pub --warn=unnameable_types --warn=unexpected_cfgs --warn=trivial_numeric_casts --warn=elided_lifetimes_in_paths --check-cfg 'cfg(rustls_pki_types_docsrs)' --cfg 'feature="alloc"' --cfg 'feature="default"' --cfg 'feature="std"' --check-cfg 'cfg(docsrs,test)' --check-cfg 'cfg(feature, values("alloc", "default", "std", "web", "web-time"))' -C metadata=123d8fdeef061a84 -C extra-filename=-30b00bdbcf8c70b4 --out-dir /app/target/debug/deps -L dependency=/app/target/debug/deps --extern zeroize=/app/target/debug/deps/libzeroize-276d451ec0cf710d.rmeta --cap-lints allow`
   Compiling potential_utf v0.1.4
     Running `/home/jules/.rustup/toolchains/stable-x86_64-unknown-linux-gnu/bin/rustc --crate-name potential_utf --edition=2021 /home/jules/.cargo/registry/src/index.crates.io-1949cf8c6b5b557f/potential_utf-0.1.4/src/lib.rs --error-format=json --json=diagnostic-rendered-ansi,artifacts,future-incompat --crate-type lib --emit=dep-info,metadata,link -C embed-bitcode=no -C debuginfo=2 --cfg 'feature="zerovec"' --check-cfg 'cfg(docsrs,test)' --check-cfg 'cfg(feature, values("alloc", "databake", "default", "serde", "writeable", "zerovec"))' -C metadata=acb79f27299bb937 -C extra-filename=-cff754d338ee07a3 --out-dir /app/target/debug/deps -L dependency=/app/target/debug/deps --extern zerovec=/app/target/debug/deps/libzerovec-9ff0505a88b3ee66.rmeta --cap-lints allow`
   Compiling tokmd-content v1.8.1 (/app/crates/tokmd-content)
     Running `/home/jules/.rustup/toolchains/stable-x86_64-unknown-linux-gnu/bin/rustc --crate-name tokmd_content --edition=2024 crates/tokmd-content/src/lib.rs --error-format=json --json=diagnostic-rendered-ansi,artifacts,future-incompat --crate-type lib --emit=dep-info,metadata,link -C embed-bitcode=no -C debuginfo=2 --check-cfg 'cfg(docsrs,test)' --check-cfg 'cfg(feature, values())' -C metadata=cb2d23b50cbc0d98 -C extra-filename=-f6de0921ce0a9b32 --out-dir /app/target/debug/deps -C incremental=/app/target/debug/incremental -L dependency=/app/target/debug/deps --extern anyhow=/app/target/debug/deps/libanyhow-1c897acad9a38b79.rmeta --extern blake3=/app/target/debug/deps/libblake3-ba57c91f91dea2f8.rmeta --extern regex=/app/target/debug/deps/libregex-aae23aa183aca753.rmeta -L native=/app/target/debug/build/blake3-12e682763928d5d8/out -L native=/app/target/debug/build/blake3-12e682763928d5d8/out`
   Compiling getrandom v0.2.17
     Running `/home/jules/.rustup/toolchains/stable-x86_64-unknown-linux-gnu/bin/rustc --crate-name getrandom --edition=2018 /home/jules/.cargo/registry/src/index.crates.io-1949cf8c6b5b557f/getrandom-0.2.17/src/lib.rs --error-format=json --json=diagnostic-rendered-ansi,artifacts,future-incompat --crate-type lib --emit=dep-info,metadata,link -C embed-bitcode=no -C debuginfo=2 --check-cfg 'cfg(docsrs,test)' --check-cfg 'cfg(feature, values("compiler_builtins", "core", "custom", "js", "js-sys", "linux_disable_fallback", "rdrand", "rustc-dep-of-std", "std", "test-in-browser", "wasm-bindgen"))' -C metadata=38b751321ed612a2 -C extra-filename=-c01e1c2056d84b78 --out-dir /app/target/debug/deps -L dependency=/app/target/debug/deps --extern cfg_if=/app/target/debug/deps/libcfg_if-9d8e838b3d041728.rmeta --extern libc=/app/target/debug/deps/liblibc-3a1e456fed0d9fcc.rmeta --cap-lints allow`
       Fresh powerfmt v0.2.0
       Fresh time-core v0.1.8
   Compiling fnv v1.0.7
     Running `/home/jules/.rustup/toolchains/stable-x86_64-unknown-linux-gnu/bin/rustc --crate-name fnv --edition=2015 /home/jules/.cargo/registry/src/index.crates.io-1949cf8c6b5b557f/fnv-1.0.7/lib.rs --error-format=json --json=diagnostic-rendered-ansi,artifacts,future-incompat --crate-type lib --emit=dep-info,metadata,link -C embed-bitcode=no -C debuginfo=2 --cfg 'feature="default"' --cfg 'feature="std"' --check-cfg 'cfg(docsrs,test)' --check-cfg 'cfg(feature, values("default", "std"))' -C metadata=93c250089765e0fa -C extra-filename=-1e77ae8f0484c8fd --out-dir /app/target/debug/deps -L dependency=/app/target/debug/deps --cap-lints allow`
   Compiling untrusted v0.9.0
     Running `/home/jules/.rustup/toolchains/stable-x86_64-unknown-linux-gnu/bin/rustc --crate-name untrusted --edition=2018 /home/jules/.cargo/registry/src/index.crates.io-1949cf8c6b5b557f/untrusted-0.9.0/src/lib.rs --error-format=json --json=diagnostic-rendered-ansi,artifacts,future-incompat --crate-type lib --emit=dep-info,metadata,link -C embed-bitcode=no -C debuginfo=2 --check-cfg 'cfg(docsrs,test)' --check-cfg 'cfg(feature, values())' -C metadata=c8e3d65ee1762dd4 -C extra-filename=-abaddb3e9f1e50c5 --out-dir /app/target/debug/deps -L dependency=/app/target/debug/deps --cap-lints allow`
       Fresh unicode-segmentation v1.12.0
   Compiling icu_properties_data v2.1.2
     Running `/home/jules/.rustup/toolchains/stable-x86_64-unknown-linux-gnu/bin/rustc --crate-name build_script_build --edition=2021 /home/jules/.cargo/registry/src/index.crates.io-1949cf8c6b5b557f/icu_properties_data-2.1.2/build.rs --error-format=json --json=diagnostic-rendered-ansi,artifacts,future-incompat --crate-type bin --emit=dep-info,link -C embed-bitcode=no --warn=unexpected_cfgs --check-cfg 'cfg(icu4x_custom_data)' --check-cfg 'cfg(docsrs,test)' --check-cfg 'cfg(feature, values())' -C metadata=a3f9a06c0e2baf2f -C extra-filename=-ea859a43e9d259ea --out-dir /app/target/debug/build/icu_properties_data-ea859a43e9d259ea -L dependency=/app/target/debug/deps --cap-lints allow`
       Fresh fastrand v2.3.0
   Compiling icu_normalizer_data v2.1.1
     Running `/home/jules/.rustup/toolchains/stable-x86_64-unknown-linux-gnu/bin/rustc --crate-name build_script_build --edition=2021 /home/jules/.cargo/registry/src/index.crates.io-1949cf8c6b5b557f/icu_normalizer_data-2.1.1/build.rs --error-format=json --json=diagnostic-rendered-ansi,artifacts,future-incompat --crate-type bin --emit=dep-info,link -C embed-bitcode=no --warn=unexpected_cfgs --check-cfg 'cfg(icu4x_custom_data)' --check-cfg 'cfg(docsrs,test)' --check-cfg 'cfg(feature, values())' -C metadata=87e58d691f3311eb -C extra-filename=-f62cd16dfd316ab2 --out-dir /app/target/debug/build/icu_normalizer_data-f62cd16dfd316ab2 -L dependency=/app/target/debug/deps --cap-lints allow`
       Fresh num-conv v0.2.0
       Fresh time-macros v0.2.27
       Fresh tempfile v3.27.0
     Running `/app/target/debug/build/icu_properties_data-ea859a43e9d259ea/build-script-build`
     Running `/home/jules/.rustup/toolchains/stable-x86_64-unknown-linux-gnu/bin/rustc --crate-name ring --edition=2021 /home/jules/.cargo/registry/src/index.crates.io-1949cf8c6b5b557f/ring-0.17.14/src/lib.rs --error-format=json --json=diagnostic-rendered-ansi,artifacts,future-incompat --crate-type lib --emit=dep-info,metadata,link -C embed-bitcode=no -C debuginfo=2 --cfg 'feature="alloc"' --cfg 'feature="default"' --cfg 'feature="dev_urandom_fallback"' --check-cfg 'cfg(docsrs,test)' --check-cfg 'cfg(feature, values("alloc", "default", "dev_urandom_fallback", "less-safe-getrandom-custom-or-rdrand", "less-safe-getrandom-espidf", "slow_tests", "std", "test_logging", "unstable-testing-arm-no-hw", "unstable-testing-arm-no-neon", "wasm32_unknown_unknown_js"))' -C metadata=31910e24c1cddba3 -C extra-filename=-e58c6feb8703f3f9 --out-dir /app/target/debug/deps -L dependency=/app/target/debug/deps --extern cfg_if=/app/target/debug/deps/libcfg_if-9d8e838b3d041728.rmeta --extern getrandom=/app/target/debug/deps/libgetrandom-c01e1c2056d84b78.rmeta --extern untrusted=/app/target/debug/deps/libuntrusted-abaddb3e9f1e50c5.rmeta --cap-lints allow -L native=/app/target/debug/build/ring-7e163c8f3c6760a9/out -l static=ring_core_0_17_14_ -l static=ring_core_0_17_14__test`
     Running `/app/target/debug/build/icu_normalizer_data-f62cd16dfd316ab2/build-script-build`
       Fresh deranged v0.5.8
   Compiling icu_collections v2.1.1
     Running `/home/jules/.rustup/toolchains/stable-x86_64-unknown-linux-gnu/bin/rustc --crate-name icu_collections --edition=2021 /home/jules/.cargo/registry/src/index.crates.io-1949cf8c6b5b557f/icu_collections-2.1.1/src/lib.rs --error-format=json --json=diagnostic-rendered-ansi,artifacts,future-incompat --crate-type lib --emit=dep-info,metadata,link -C embed-bitcode=no -C debuginfo=2 --check-cfg 'cfg(docsrs,test)' --check-cfg 'cfg(feature, values("alloc", "databake", "serde"))' -C metadata=ace544f8304a61fb -C extra-filename=-83f4639632401fac --out-dir /app/target/debug/deps -L dependency=/app/target/debug/deps --extern displaydoc=/app/target/debug/deps/libdisplaydoc-13e9a21c973e4460.so --extern potential_utf=/app/target/debug/deps/libpotential_utf-cff754d338ee07a3.rmeta --extern yoke=/app/target/debug/deps/libyoke-a7115b3b1919dc07.rmeta --extern zerofrom=/app/target/debug/deps/libzerofrom-552bdcc5dea92c7a.rmeta --extern zerovec=/app/target/debug/deps/libzerovec-9ff0505a88b3ee66.rmeta --cap-lints allow`
   Compiling icu_provider v2.1.1
     Running `/home/jules/.rustup/toolchains/stable-x86_64-unknown-linux-gnu/bin/rustc --crate-name icu_provider --edition=2021 /home/jules/.cargo/registry/src/index.crates.io-1949cf8c6b5b557f/icu_provider-2.1.1/src/lib.rs --error-format=json --json=diagnostic-rendered-ansi,artifacts,future-incompat --crate-type lib --emit=dep-info,metadata,link -C embed-bitcode=no -C debuginfo=2 --cfg 'feature="baked"' --check-cfg 'cfg(docsrs,test)' --check-cfg 'cfg(feature, values("alloc", "baked", "deserialize_bincode_1", "deserialize_json", "deserialize_postcard_1", "export", "logging", "serde", "std", "sync", "zerotrie"))' -C metadata=407a134fa359ebdb -C extra-filename=-e97b4fc7549e6594 --out-dir /app/target/debug/deps -L dependency=/app/target/debug/deps --extern displaydoc=/app/target/debug/deps/libdisplaydoc-13e9a21c973e4460.so --extern icu_locale_core=/app/target/debug/deps/libicu_locale_core-d9b50fe9bc8f7458.rmeta --extern writeable=/app/target/debug/deps/libwriteable-836f225b7232db0e.rmeta --extern yoke=/app/target/debug/deps/libyoke-a7115b3b1919dc07.rmeta --extern zerofrom=/app/target/debug/deps/libzerofrom-552bdcc5dea92c7a.rmeta --extern zerotrie=/app/target/debug/deps/libzerotrie-73a5205863c39ac9.rmeta --extern zerovec=/app/target/debug/deps/libzerovec-9ff0505a88b3ee66.rmeta --cap-lints allow`
   Compiling http-body v1.0.1
     Running `/home/jules/.rustup/toolchains/stable-x86_64-unknown-linux-gnu/bin/rustc --crate-name http_body --edition=2018 /home/jules/.cargo/registry/src/index.crates.io-1949cf8c6b5b557f/http-body-1.0.1/src/lib.rs --error-format=json --json=diagnostic-rendered-ansi,artifacts,future-incompat --crate-type lib --emit=dep-info,metadata,link -C embed-bitcode=no -C debuginfo=2 --check-cfg 'cfg(docsrs,test)' --check-cfg 'cfg(feature, values())' -C metadata=485a59f1f45e7388 -C extra-filename=-0b82d526501bf8d0 --out-dir /app/target/debug/deps -L dependency=/app/target/debug/deps --extern bytes=/app/target/debug/deps/libbytes-7700b1df813bc0a9.rmeta --extern http=/app/target/debug/deps/libhttp-bd859b3c6ad2874c.rmeta --cap-lints allow`
   Compiling parking_lot v0.12.5
     Running `/home/jules/.rustup/toolchains/stable-x86_64-unknown-linux-gnu/bin/rustc --crate-name parking_lot --edition=2021 /home/jules/.cargo/registry/src/index.crates.io-1949cf8c6b5b557f/parking_lot-0.12.5/src/lib.rs --error-format=json --json=diagnostic-rendered-ansi,artifacts,future-incompat --crate-type lib --emit=dep-info,metadata,link -C embed-bitcode=no -C debuginfo=2 --cfg 'feature="default"' --check-cfg 'cfg(docsrs,test)' --check-cfg 'cfg(feature, values("arc_lock", "deadlock_detection", "default", "hardware-lock-elision", "nightly", "owning_ref", "send_guard", "serde"))' -C metadata=319f453b4c6dffcf -C extra-filename=-b5b0603ee1b81198 --out-dir /app/target/debug/deps -L dependency=/app/target/debug/deps --extern lock_api=/app/target/debug/deps/liblock_api-ff7515981521d845.rmeta --extern parking_lot_core=/app/target/debug/deps/libparking_lot_core-bf4e388d408376b4.rmeta --cap-lints allow`
   Compiling tera v1.20.1
     Running `/home/jules/.rustup/toolchains/stable-x86_64-unknown-linux-gnu/bin/rustc --crate-name tera --edition=2018 /home/jules/.cargo/registry/src/index.crates.io-1949cf8c6b5b557f/tera-1.20.1/src/lib.rs --error-format=json --json=diagnostic-rendered-ansi,artifacts,future-incompat --crate-type lib --emit=dep-info,metadata,link -C embed-bitcode=no --cfg 'feature="builtins"' --cfg 'feature="chrono"' --cfg 'feature="chrono-tz"' --cfg 'feature="default"' --cfg 'feature="humansize"' --cfg 'feature="percent-encoding"' --cfg 'feature="rand"' --cfg 'feature="slug"' --cfg 'feature="urlencode"' --check-cfg 'cfg(docsrs,test)' --check-cfg 'cfg(feature, values("builtins", "chrono", "chrono-tz", "date-locale", "default", "humansize", "percent-encoding", "preserve_order", "rand", "slug", "urlencode"))' -C metadata=11aff1d138e52b32 -C extra-filename=-e1cd9c78dea18697 --out-dir /app/target/debug/deps -L dependency=/app/target/debug/deps --extern chrono=/app/target/debug/deps/libchrono-bb926e1ea154f41d.rmeta --extern chrono_tz=/app/target/debug/deps/libchrono_tz-596f0e628205886e.rmeta --extern globwalk=/app/target/debug/deps/libglobwalk-9c8d45beaf49d602.rmeta --extern humansize=/app/target/debug/deps/libhumansize-f49096fc69c68c37.rmeta --extern lazy_static=/app/target/debug/deps/liblazy_static-a0a87489f2e1a5ba.rmeta --extern percent_encoding=/app/target/debug/deps/libpercent_encoding-59af404988bd156b.rmeta --extern pest=/app/target/debug/deps/libpest-88338b8a85873b8e.rmeta --extern pest_derive=/app/target/debug/deps/libpest_derive-68ce092f037a4edf.so --extern rand=/app/target/debug/deps/librand-572b8c8fa154afbc.rmeta --extern regex=/app/target/debug/deps/libregex-64380b21cbae222c.rmeta --extern serde=/app/target/debug/deps/libserde-cdc9f1d0673245ef.rmeta --extern serde_json=/app/target/debug/deps/libserde_json-96cd4195134e0e92.rmeta --extern slug=/app/target/debug/deps/libslug-5e7a2918dcaf88db.rlib --extern unicode_segmentation=/app/target/debug/deps/libunicode_segmentation-3d39e3cb6974915e.rmeta --cap-lints allow`
   Compiling json5 v0.4.1
     Running `/home/jules/.rustup/toolchains/stable-x86_64-unknown-linux-gnu/bin/rustc --crate-name json5 --edition=2018 /home/jules/.cargo/registry/src/index.crates.io-1949cf8c6b5b557f/json5-0.4.1/src/lib.rs --error-format=json --json=diagnostic-rendered-ansi,artifacts,future-incompat --crate-type lib --emit=dep-info,metadata,link -C embed-bitcode=no --check-cfg 'cfg(docsrs,test)' --check-cfg 'cfg(feature, values())' -C metadata=1cf02ce0a463830b -C extra-filename=-3341bfbd8677a0af --out-dir /app/target/debug/deps -L dependency=/app/target/debug/deps --extern pest=/app/target/debug/deps/libpest-88338b8a85873b8e.rmeta --extern pest_derive=/app/target/debug/deps/libpest_derive-68ce092f037a4edf.so --extern serde=/app/target/debug/deps/libserde-cdc9f1d0673245ef.rmeta --cap-lints allow`
   Compiling tokmd-settings v1.8.1 (/app/crates/tokmd-settings)
     Running `/home/jules/.rustup/toolchains/stable-x86_64-unknown-linux-gnu/bin/rustc --crate-name tokmd_settings --edition=2024 crates/tokmd-settings/src/lib.rs --error-format=json --json=diagnostic-rendered-ansi,artifacts,future-incompat --crate-type lib --emit=dep-info,metadata,link -C embed-bitcode=no -C debuginfo=2 --check-cfg 'cfg(docsrs,test)' --check-cfg 'cfg(feature, values())' -C metadata=d0adc24c15a3cc2f -C extra-filename=-a376241a548bc356 --out-dir /app/target/debug/deps -C incremental=/app/target/debug/incremental -L dependency=/app/target/debug/deps --extern serde=/app/target/debug/deps/libserde-2ddf37aa57423e14.rmeta --extern serde_json=/app/target/debug/deps/libserde_json-02554ac7efa4e2d5.rmeta --extern tokmd_types=/app/target/debug/deps/libtokmd_types-e5279a60750fb027.rmeta --extern toml=/app/target/debug/deps/libtoml-416a762657a99d87.rmeta`
   Compiling serde_spanned v0.6.9
     Running `/home/jules/.rustup/toolchains/stable-x86_64-unknown-linux-gnu/bin/rustc --crate-name serde_spanned --edition=2021 /home/jules/.cargo/registry/src/index.crates.io-1949cf8c6b5b557f/serde_spanned-0.6.9/src/lib.rs --error-format=json --json=diagnostic-rendered-ansi,artifacts,future-incompat --crate-type lib --emit=dep-info,metadata,link -C embed-bitcode=no -C debuginfo=2 --warn=rust_2018_idioms '--warn=clippy::zero_sized_map_values' '--warn=clippy::wildcard_imports' '--warn=clippy::verbose_file_reads' --warn=unused_qualifications --warn=unused_macro_rules --warn=unused_lifetimes --warn=unsafe_op_in_unsafe_fn --warn=unreachable_pub --allow=unnameable_types '--warn=clippy::uninlined_format_args' '--warn=clippy::trait_duplication_in_bounds' '--warn=clippy::todo' '--warn=clippy::string_to_string' '--warn=clippy::string_lit_as_bytes' '--warn=clippy::string_add_assign' '--warn=clippy::string_add' '--warn=clippy::str_to_string' '--warn=clippy::semicolon_if_nothing_returned' '--warn=clippy::self_named_module_files' '--warn=clippy::same_functions_in_if_condition' '--allow=clippy::result_large_err' '--warn=clippy::rest_pat_in_fully_bound_structs' '--warn=clippy::ref_option_ref' '--warn=clippy::redundant_feature_names' '--warn=clippy::rc_mutex' '--warn=clippy::ptr_as_ptr' '--warn=clippy::path_buf_push_overwrite' '--warn=clippy::negative_feature_names' '--warn=clippy::needless_for_each' '--allow=clippy::needless_continue' '--warn=clippy::mutex_integer' '--warn=clippy::mem_forget' '--warn=clippy::macro_use_imports' '--warn=clippy::lossy_float_literal' '--warn=clippy::linkedlist' '--allow=clippy::let_and_return' '--warn=clippy::large_types_passed_by_value' '--warn=clippy::large_stack_arrays' '--warn=clippy::large_digit_groups' '--warn=clippy::invalid_upcast_comparisons' '--warn=clippy::infinite_loop' '--warn=clippy::inefficient_to_string' '--warn=clippy::inconsistent_struct_constructor' '--warn=clippy::imprecise_flops' '--warn=clippy::implicit_clone' '--allow=clippy::if_same_then_else' '--warn=clippy::from_iter_instead_of_collect' '--warn=clippy::fn_params_excessive_bools' '--warn=clippy::float_cmp_const' '--warn=clippy::flat_map_option' '--warn=clippy::filter_map_next' '--warn=clippy::fallible_impl_from' '--warn=clippy::explicit_into_iter_loop' '--warn=clippy::explicit_deref_methods' '--warn=clippy::expl_impl_clone_on_copy' '--warn=clippy::enum_glob_use' '--warn=clippy::empty_enum' '--warn=clippy::doc_markdown' '--warn=clippy::debug_assert_with_mut_call' '--warn=clippy::dbg_macro' '--warn=clippy::create_dir' '--allow=clippy::collapsible_else_if' '--warn=clippy::checked_conversions' '--allow=clippy::branches_sharing_code' '--allow=clippy::bool_assert_comparison' --cfg 'feature="serde"' --check-cfg 'cfg(docsrs,test)' --check-cfg 'cfg(feature, values("serde"))' -C metadata=5ad359cf19777ccc -C extra-filename=-614bab1cacc0a943 --out-dir /app/target/debug/deps -L dependency=/app/target/debug/deps --extern serde=/app/target/debug/deps/libserde-2ddf37aa57423e14.rmeta --cap-lints allow`
   Compiling toml_datetime v0.6.11
     Running `/home/jules/.rustup/toolchains/stable-x86_64-unknown-linux-gnu/bin/rustc --crate-name toml_datetime --edition=2021 /home/jules/.cargo/registry/src/index.crates.io-1949cf8c6b5b557f/toml_datetime-0.6.11/src/lib.rs --error-format=json --json=diagnostic-rendered-ansi,artifacts,future-incompat --crate-type lib --emit=dep-info,metadata,link -C embed-bitcode=no -C debuginfo=2 --warn=rust_2018_idioms '--warn=clippy::zero_sized_map_values' '--warn=clippy::wildcard_imports' '--warn=clippy::verbose_file_reads' --warn=unused_qualifications --warn=unused_macro_rules --warn=unused_lifetimes --warn=unsafe_op_in_unsafe_fn --warn=unreachable_pub --allow=unnameable_types '--warn=clippy::uninlined_format_args' '--warn=clippy::trait_duplication_in_bounds' '--warn=clippy::todo' '--warn=clippy::string_to_string' '--warn=clippy::string_lit_as_bytes' '--warn=clippy::string_add_assign' '--warn=clippy::string_add' '--warn=clippy::str_to_string' '--warn=clippy::semicolon_if_nothing_returned' '--warn=clippy::self_named_module_files' '--warn=clippy::same_functions_in_if_condition' '--allow=clippy::result_large_err' '--warn=clippy::rest_pat_in_fully_bound_structs' '--warn=clippy::ref_option_ref' '--warn=clippy::redundant_feature_names' '--warn=clippy::rc_mutex' '--warn=clippy::ptr_as_ptr' '--warn=clippy::path_buf_push_overwrite' '--warn=clippy::negative_feature_names' '--warn=clippy::needless_for_each' '--allow=clippy::needless_continue' '--warn=clippy::mutex_integer' '--warn=clippy::mem_forget' '--warn=clippy::macro_use_imports' '--warn=clippy::lossy_float_literal' '--warn=clippy::linkedlist' '--allow=clippy::let_and_return' '--warn=clippy::large_types_passed_by_value' '--warn=clippy::large_stack_arrays' '--warn=clippy::large_digit_groups' '--warn=clippy::invalid_upcast_comparisons' '--warn=clippy::infinite_loop' '--warn=clippy::inefficient_to_string' '--warn=clippy::inconsistent_struct_constructor' '--warn=clippy::imprecise_flops' '--warn=clippy::implicit_clone' '--allow=clippy::if_same_then_else' '--warn=clippy::from_iter_instead_of_collect' '--warn=clippy::fn_params_excessive_bools' '--warn=clippy::float_cmp_const' '--warn=clippy::flat_map_option' '--warn=clippy::filter_map_next' '--warn=clippy::fallible_impl_from' '--warn=clippy::explicit_into_iter_loop' '--warn=clippy::explicit_deref_methods' '--warn=clippy::expl_impl_clone_on_copy' '--warn=clippy::enum_glob_use' '--warn=clippy::empty_enum' '--warn=clippy::doc_markdown' '--warn=clippy::debug_assert_with_mut_call' '--warn=clippy::dbg_macro' '--warn=clippy::create_dir' '--allow=clippy::collapsible_else_if' '--warn=clippy::checked_conversions' '--allow=clippy::branches_sharing_code' '--allow=clippy::bool_assert_comparison' --cfg 'feature="serde"' --check-cfg 'cfg(docsrs,test)' --check-cfg 'cfg(feature, values("serde"))' -C metadata=d212c314e2fc6153 -C extra-filename=-f2b43fcf11d525c5 --out-dir /app/target/debug/deps -L dependency=/app/target/debug/deps --extern serde=/app/target/debug/deps/libserde-2ddf37aa57423e14.rmeta --cap-lints allow`
   Compiling thiserror-impl v1.0.69
     Running `/home/jules/.rustup/toolchains/stable-x86_64-unknown-linux-gnu/bin/rustc --crate-name thiserror_impl --edition=2021 /home/jules/.cargo/registry/src/index.crates.io-1949cf8c6b5b557f/thiserror-impl-1.0.69/src/lib.rs --error-format=json --json=diagnostic-rendered-ansi,artifacts,future-incompat --crate-type proc-macro --emit=dep-info,link -C prefer-dynamic -C embed-bitcode=no --check-cfg 'cfg(docsrs,test)' --check-cfg 'cfg(feature, values())' -C metadata=f464d401c58d56c7 -C extra-filename=-089e305c18200c5b --out-dir /app/target/debug/deps -L dependency=/app/target/debug/deps --extern proc_macro2=/app/target/debug/deps/libproc_macro2-0454c554b14b2896.rlib --extern quote=/app/target/debug/deps/libquote-ca0183ca5fc2f7d2.rlib --extern syn=/app/target/debug/deps/libsyn-c61ee984a3570307.rlib --extern proc_macro --cap-lints allow`
   Compiling tracing-core v0.1.36
     Running `/home/jules/.rustup/toolchains/stable-x86_64-unknown-linux-gnu/bin/rustc --crate-name tracing_core --edition=2018 /home/jules/.cargo/registry/src/index.crates.io-1949cf8c6b5b557f/tracing-core-0.1.36/src/lib.rs --error-format=json --json=diagnostic-rendered-ansi,artifacts,future-incompat --crate-type lib --emit=dep-info,metadata,link -C embed-bitcode=no -C debuginfo=2 --warn=unexpected_cfgs --check-cfg 'cfg(flaky_tests)' --check-cfg 'cfg(tracing_unstable)' --check-cfg 'cfg(unsound_local_offset)' --cfg 'feature="once_cell"' --cfg 'feature="std"' --check-cfg 'cfg(docsrs,test)' --check-cfg 'cfg(feature, values("default", "once_cell", "std", "valuable"))' -C metadata=c44bc23d3855d228 -C extra-filename=-f3a2c1e2b9864fe5 --out-dir /app/target/debug/deps -L dependency=/app/target/debug/deps --extern once_cell=/app/target/debug/deps/libonce_cell-62dad8624c32d39d.rmeta --cap-lints allow`
       Fresh encoding_rs v0.8.35
   Compiling futures-io v0.3.32
     Running `/home/jules/.rustup/toolchains/stable-x86_64-unknown-linux-gnu/bin/rustc --crate-name futures_io --edition=2018 /home/jules/.cargo/registry/src/index.crates.io-1949cf8c6b5b557f/futures-io-0.3.32/src/lib.rs --error-format=json --json=diagnostic-rendered-ansi,artifacts,future-incompat --crate-type lib --emit=dep-info,metadata,link -C embed-bitcode=no -C debuginfo=2 --warn=unreachable_pub --warn=unexpected_cfgs --warn=single_use_lifetimes --warn=rust_2018_idioms --warn=missing_debug_implementations --check-cfg 'cfg(futures_sanitizer)' --cfg 'feature="std"' --check-cfg 'cfg(docsrs,test)' --check-cfg 'cfg(feature, values("default", "std", "unstable"))' -C metadata=4c1e9bc062699ce3 -C extra-filename=-099e99b9d9d8c748 --out-dir /app/target/debug/deps -L dependency=/app/target/debug/deps --cap-lints allow`
   Compiling futures-task v0.3.32
     Running `/home/jules/.rustup/toolchains/stable-x86_64-unknown-linux-gnu/bin/rustc --crate-name futures_task --edition=2018 /home/jules/.cargo/registry/src/index.crates.io-1949cf8c6b5b557f/futures-task-0.3.32/src/lib.rs --error-format=json --json=diagnostic-rendered-ansi,artifacts,future-incompat --crate-type lib --emit=dep-info,metadata,link -C embed-bitcode=no -C debuginfo=2 --warn=unreachable_pub --warn=unexpected_cfgs --warn=single_use_lifetimes --warn=rust_2018_idioms --warn=missing_debug_implementations --check-cfg 'cfg(futures_sanitizer)' --cfg 'feature="alloc"' --cfg 'feature="std"' --check-cfg 'cfg(docsrs,test)' --check-cfg 'cfg(feature, values("alloc", "cfg-target-has-atomic", "default", "std", "unstable"))' -C metadata=fe432877ec776024 -C extra-filename=-f111e40ce6d94008 --out-dir /app/target/debug/deps -L dependency=/app/target/debug/deps --cap-lints allow`
       Fresh tokmd-path v1.8.1 (/app/crates/tokmd-path)
       Fresh winnow v0.7.15
       Fresh toml_write v0.1.2
   Compiling rustls v0.23.37
     Running `/home/jules/.rustup/toolchains/stable-x86_64-unknown-linux-gnu/bin/rustc --crate-name build_script_build --edition=2021 /home/jules/.cargo/registry/src/index.crates.io-1949cf8c6b5b557f/rustls-0.23.37/build.rs --error-format=json --json=diagnostic-rendered-ansi,artifacts,future-incompat --crate-type bin --emit=dep-info,link -C embed-bitcode=no --warn=unexpected_cfgs --check-cfg 'cfg(bench)' --check-cfg 'cfg(coverage_nightly)' --check-cfg 'cfg(read_buf)' --check-cfg 'cfg(rustls_docsrs)' --cfg 'feature="ring"' --cfg 'feature="std"' --cfg 'feature="tls12"' --check-cfg 'cfg(docsrs,test)' --check-cfg 'cfg(feature, values("aws-lc-rs", "aws_lc_rs", "brotli", "custom-provider", "default", "fips", "hashbrown", "log", "logging", "prefer-post-quantum", "read_buf", "ring", "rustversion", "std", "tls12", "zlib"))' -C metadata=022c6b8d3734ba43 -C extra-filename=-5ecacadb405b069e --out-dir /app/target/debug/build/rustls-5ecacadb405b069e -L dependency=/app/target/debug/deps --cap-lints allow`
   Compiling httparse v1.10.1
     Running `/home/jules/.rustup/toolchains/stable-x86_64-unknown-linux-gnu/bin/rustc --crate-name build_script_build --edition=2018 /home/jules/.cargo/registry/src/index.crates.io-1949cf8c6b5b557f/httparse-1.10.1/build.rs --error-format=json --json=diagnostic-rendered-ansi,artifacts,future-incompat --crate-type bin --emit=dep-info,link -C embed-bitcode=no --warn=unexpected_cfgs --check-cfg 'cfg(httparse_simd)' --check-cfg 'cfg(httparse_simd_target_feature_avx2)' --check-cfg 'cfg(httparse_simd_target_feature_sse42)' --check-cfg 'cfg(httparse_simd_neon_intrinsics)' --cfg 'feature="default"' --cfg 'feature="std"' --check-cfg 'cfg(docsrs,test)' --check-cfg 'cfg(feature, values("default", "std"))' -C metadata=b89c2fa8a2c64035 -C extra-filename=-4499966ee4ebfc03 --out-dir /app/target/debug/build/httparse-4499966ee4ebfc03 -L dependency=/app/target/debug/deps --cap-lints allow`
     Running `/app/target/debug/build/rustls-5ecacadb405b069e/build-script-build`
   Compiling futures-util v0.3.32
     Running `/home/jules/.rustup/toolchains/stable-x86_64-unknown-linux-gnu/bin/rustc --crate-name futures_util --edition=2018 /home/jules/.cargo/registry/src/index.crates.io-1949cf8c6b5b557f/futures-util-0.3.32/src/lib.rs --error-format=json --json=diagnostic-rendered-ansi,artifacts,future-incompat --crate-type lib --emit=dep-info,metadata,link -C embed-bitcode=no -C debuginfo=2 --warn=unreachable_pub --warn=unexpected_cfgs --warn=single_use_lifetimes --warn=rust_2018_idioms --warn=missing_debug_implementations --check-cfg 'cfg(futures_sanitizer)' --cfg 'feature="alloc"' --cfg 'feature="futures-io"' --cfg 'feature="futures-sink"' --cfg 'feature="io"' --cfg 'feature="memchr"' --cfg 'feature="sink"' --cfg 'feature="slab"' --cfg 'feature="std"' --check-cfg 'cfg(docsrs,test)' --check-cfg 'cfg(feature, values("alloc", "async-await", "async-await-macro", "bilock", "cfg-target-has-atomic", "channel", "compat", "default", "futures-channel", "futures-io", "futures-macro", "futures-sink", "futures_01", "io", "io-compat", "libc", "memchr", "portable-atomic", "sink", "slab", "spin", "std", "tokio-io", "unstable", "write-all-vectored"))' -C metadata=a57481360536e074 -C extra-filename=-68bf32b7e585eeac --out-dir /app/target/debug/deps -L dependency=/app/target/debug/deps --extern futures_core=/app/target/debug/deps/libfutures_core-a6049477db3e920d.rmeta --extern futures_io=/app/target/debug/deps/libfutures_io-099e99b9d9d8c748.rmeta --extern futures_sink=/app/target/debug/deps/libfutures_sink-87f280bb103d5e78.rmeta --extern futures_task=/app/target/debug/deps/libfutures_task-f111e40ce6d94008.rmeta --extern memchr=/app/target/debug/deps/libmemchr-b7fd24b56ca2184d.rmeta --extern pin_project_lite=/app/target/debug/deps/libpin_project_lite-3d1e25234effa67a.rmeta --extern slab=/app/target/debug/deps/libslab-bc5a6f8dc9a8ac87.rmeta --cap-lints allow`
   Compiling toml_edit v0.22.27
     Running `/home/jules/.rustup/toolchains/stable-x86_64-unknown-linux-gnu/bin/rustc --crate-name toml_edit --edition=2021 /home/jules/.cargo/registry/src/index.crates.io-1949cf8c6b5b557f/toml_edit-0.22.27/src/lib.rs --error-format=json --json=diagnostic-rendered-ansi,artifacts,future-incompat --crate-type lib --emit=dep-info,metadata,link -C embed-bitcode=no -C debuginfo=2 --warn=rust_2018_idioms '--warn=clippy::zero_sized_map_values' '--warn=clippy::wildcard_imports' '--warn=clippy::verbose_file_reads' --warn=unused_qualifications --warn=unused_macro_rules --warn=unused_lifetimes --warn=unsafe_op_in_unsafe_fn --warn=unreachable_pub --allow=unnameable_types '--warn=clippy::uninlined_format_args' '--warn=clippy::trait_duplication_in_bounds' '--warn=clippy::todo' '--warn=clippy::string_to_string' '--warn=clippy::string_lit_as_bytes' '--warn=clippy::string_add_assign' '--warn=clippy::string_add' '--warn=clippy::str_to_string' '--warn=clippy::semicolon_if_nothing_returned' '--warn=clippy::self_named_module_files' '--warn=clippy::same_functions_in_if_condition' '--allow=clippy::result_large_err' '--warn=clippy::rest_pat_in_fully_bound_structs' '--warn=clippy::ref_option_ref' '--warn=clippy::redundant_feature_names' '--warn=clippy::rc_mutex' '--warn=clippy::ptr_as_ptr' '--warn=clippy::path_buf_push_overwrite' '--warn=clippy::negative_feature_names' '--warn=clippy::needless_for_each' '--allow=clippy::needless_continue' '--warn=clippy::mutex_integer' '--warn=clippy::mem_forget' '--warn=clippy::macro_use_imports' '--warn=clippy::lossy_float_literal' '--warn=clippy::linkedlist' '--allow=clippy::let_and_return' '--warn=clippy::large_types_passed_by_value' '--warn=clippy::large_stack_arrays' '--warn=clippy::large_digit_groups' '--warn=clippy::invalid_upcast_comparisons' '--warn=clippy::infinite_loop' '--warn=clippy::inefficient_to_string' '--warn=clippy::inconsistent_struct_constructor' '--warn=clippy::imprecise_flops' '--warn=clippy::implicit_clone' '--allow=clippy::if_same_then_else' '--warn=clippy::from_iter_instead_of_collect' '--warn=clippy::fn_params_excessive_bools' '--warn=clippy::float_cmp_const' '--warn=clippy::flat_map_option' '--warn=clippy::filter_map_next' '--warn=clippy::fallible_impl_from' '--warn=clippy::explicit_into_iter_loop' '--warn=clippy::explicit_deref_methods' '--warn=clippy::expl_impl_clone_on_copy' '--warn=clippy::enum_glob_use' '--warn=clippy::empty_enum' '--warn=clippy::doc_markdown' '--warn=clippy::debug_assert_with_mut_call' '--warn=clippy::dbg_macro' '--warn=clippy::create_dir' '--allow=clippy::collapsible_else_if' '--warn=clippy::checked_conversions' '--allow=clippy::branches_sharing_code' '--allow=clippy::bool_assert_comparison' --cfg 'feature="display"' --cfg 'feature="parse"' --cfg 'feature="serde"' --check-cfg 'cfg(docsrs,test)' --check-cfg 'cfg(feature, values("default", "display", "parse", "perf", "serde", "unbounded", "unstable-debug"))' -C metadata=f1fe84d1c402446a -C extra-filename=-7ee076abef60cc7a --out-dir /app/target/debug/deps -L dependency=/app/target/debug/deps --extern indexmap=/app/target/debug/deps/libindexmap-ff75f900e423bbce.rmeta --extern serde=/app/target/debug/deps/libserde-2ddf37aa57423e14.rmeta --extern serde_spanned=/app/target/debug/deps/libserde_spanned-614bab1cacc0a943.rmeta --extern toml_datetime=/app/target/debug/deps/libtoml_datetime-f2b43fcf11d525c5.rmeta --extern toml_write=/app/target/debug/deps/libtoml_write-3143b448dbd81d9b.rmeta --extern winnow=/app/target/debug/deps/libwinnow-dedbf3c90340b4d6.rmeta --cap-lints allow`
     Running `/app/target/debug/build/httparse-4499966ee4ebfc03/build-script-build`
   Compiling thiserror v1.0.69
     Running `/home/jules/.rustup/toolchains/stable-x86_64-unknown-linux-gnu/bin/rustc --crate-name thiserror --edition=2021 /home/jules/.cargo/registry/src/index.crates.io-1949cf8c6b5b557f/thiserror-1.0.69/src/lib.rs --error-format=json --json=diagnostic-rendered-ansi,artifacts,future-incompat --crate-type lib --emit=dep-info,metadata,link -C embed-bitcode=no -C debuginfo=2 --check-cfg 'cfg(docsrs,test)' --check-cfg 'cfg(feature, values())' -C metadata=ab864c067529a934 -C extra-filename=-8c1db77f861ab396 --out-dir /app/target/debug/deps -L dependency=/app/target/debug/deps --extern thiserror_impl=/app/target/debug/deps/libthiserror_impl-089e305c18200c5b.so --cap-lints allow --check-cfg 'cfg(error_generic_member_access)' --check-cfg 'cfg(thiserror_nightly_testing)'`
       Fresh encoding_rs_io v0.1.7
   Compiling tracing v0.1.44
     Running `/home/jules/.rustup/toolchains/stable-x86_64-unknown-linux-gnu/bin/rustc --crate-name tracing --edition=2018 /home/jules/.cargo/registry/src/index.crates.io-1949cf8c6b5b557f/tracing-0.1.44/src/lib.rs --error-format=json --json=diagnostic-rendered-ansi,artifacts,future-incompat --crate-type lib --emit=dep-info,metadata,link -C embed-bitcode=no -C debuginfo=2 --warn=unexpected_cfgs --check-cfg 'cfg(flaky_tests)' --check-cfg 'cfg(tracing_unstable)' --check-cfg 'cfg(unsound_local_offset)' --cfg 'feature="std"' --check-cfg 'cfg(docsrs,test)' --check-cfg 'cfg(feature, values("async-await", "attributes", "default", "log", "log-always", "max_level_debug", "max_level_error", "max_level_info", "max_level_off", "max_level_trace", "max_level_warn", "release_max_level_debug", "release_max_level_error", "release_max_level_info", "release_max_level_off", "release_max_level_trace", "release_max_level_warn", "std", "tracing-attributes", "valuable"))' -C metadata=3c8e8a027083b8eb -C extra-filename=-0a7a0cec04a2a145 --out-dir /app/target/debug/deps -L dependency=/app/target/debug/deps --extern pin_project_lite=/app/target/debug/deps/libpin_project_lite-3d1e25234effa67a.rmeta --extern tracing_core=/app/target/debug/deps/libtracing_core-f3a2c1e2b9864fe5.rmeta --cap-lints allow`
   Compiling rustls-webpki v0.103.10
     Running `/home/jules/.rustup/toolchains/stable-x86_64-unknown-linux-gnu/bin/rustc --crate-name webpki --edition=2021 /home/jules/.cargo/registry/src/index.crates.io-1949cf8c6b5b557f/rustls-webpki-0.103.10/src/lib.rs --error-format=json --json=diagnostic-rendered-ansi,artifacts,future-incompat --crate-type lib --emit=dep-info,metadata,link -C embed-bitcode=no -C debuginfo=2 --warn=unexpected_cfgs --check-cfg 'cfg(webpki_docsrs)' --cfg 'feature="alloc"' --cfg 'feature="ring"' --cfg 'feature="std"' --check-cfg 'cfg(docsrs,test)' --check-cfg 'cfg(feature, values("alloc", "aws-lc-rs", "aws-lc-rs-fips", "aws-lc-rs-unstable", "default", "ring", "std"))' -C metadata=6d214f56f52ed8b6 -C extra-filename=-0521ad2d0306d7d6 --out-dir /app/target/debug/deps -L dependency=/app/target/debug/deps --extern ring=/app/target/debug/deps/libring-e58c6feb8703f3f9.rmeta --extern pki_types=/app/target/debug/deps/librustls_pki_types-30b00bdbcf8c70b4.rmeta --extern untrusted=/app/target/debug/deps/libuntrusted-abaddb3e9f1e50c5.rmeta --cap-lints allow -L native=/app/target/debug/build/ring-7e163c8f3c6760a9/out`
       Fresh time v0.3.47
     Running `/home/jules/.rustup/toolchains/stable-x86_64-unknown-linux-gnu/bin/rustc --crate-name icu_normalizer_data --edition=2021 /home/jules/.cargo/registry/src/index.crates.io-1949cf8c6b5b557f/icu_normalizer_data-2.1.1/src/lib.rs --error-format=json --json=diagnostic-rendered-ansi,artifacts,future-incompat --crate-type lib --emit=dep-info,metadata,link -C embed-bitcode=no -C debuginfo=2 --warn=unexpected_cfgs --check-cfg 'cfg(icu4x_custom_data)' --check-cfg 'cfg(docsrs,test)' --check-cfg 'cfg(feature, values())' -C metadata=e7966908a6716668 -C extra-filename=-0c8d819b9bead5c5 --out-dir /app/target/debug/deps -L dependency=/app/target/debug/deps --cap-lints allow --check-cfg 'cfg(icu4c_enable_renaming)'`
   Compiling tokei v14.0.0
     Running `/home/jules/.rustup/toolchains/stable-x86_64-unknown-linux-gnu/bin/rustc --crate-name build_script_build --edition=2021 /home/jules/.cargo/registry/src/index.crates.io-1949cf8c6b5b557f/tokei-14.0.0/build.rs --error-format=json --json=diagnostic-rendered-ansi,artifacts,future-incompat --crate-type bin --emit=dep-info,link -C embed-bitcode=no --check-cfg 'cfg(docsrs,test)' --check-cfg 'cfg(feature, values("all", "cbor", "cli", "default", "yaml"))' -C metadata=abbd048feb9f6d70 -C extra-filename=-a1bf941dc3ab400d --out-dir /app/target/debug/build/tokei-a1bf941dc3ab400d -L dependency=/app/target/debug/deps --extern ignore=/app/target/debug/deps/libignore-25774fed52be0336.rlib --extern json5=/app/target/debug/deps/libjson5-3341bfbd8677a0af.rlib --extern serde_json=/app/target/debug/deps/libserde_json-96cd4195134e0e92.rlib --extern tera=/app/target/debug/deps/libtera-e1cd9c78dea18697.rlib --cap-lints allow`
     Running `/home/jules/.rustup/toolchains/stable-x86_64-unknown-linux-gnu/bin/rustc --crate-name icu_properties_data --edition=2021 /home/jules/.cargo/registry/src/index.crates.io-1949cf8c6b5b557f/icu_properties_data-2.1.2/src/lib.rs --error-format=json --json=diagnostic-rendered-ansi,artifacts,future-incompat --crate-type lib --emit=dep-info,metadata,link -C embed-bitcode=no -C debuginfo=2 --warn=unexpected_cfgs --check-cfg 'cfg(icu4x_custom_data)' --check-cfg 'cfg(docsrs,test)' --check-cfg 'cfg(feature, values())' -C metadata=a3ac12b012653700 -C extra-filename=-89b789b2cfd3c511 --out-dir /app/target/debug/deps -L dependency=/app/target/debug/deps --cap-lints allow --check-cfg 'cfg(icu4c_enable_renaming)'`
   Compiling tokio-util v0.7.18
     Running `/home/jules/.rustup/toolchains/stable-x86_64-unknown-linux-gnu/bin/rustc --crate-name tokio_util --edition=2021 /home/jules/.cargo/registry/src/index.crates.io-1949cf8c6b5b557f/tokio-util-0.7.18/src/lib.rs --error-format=json --json=diagnostic-rendered-ansi,artifacts,future-incompat --crate-type lib --emit=dep-info,metadata,link -C embed-bitcode=no -C debuginfo=2 --warn=unexpected_cfgs --check-cfg 'cfg(fuzzing)' --check-cfg 'cfg(loom)' --check-cfg 'cfg(mio_unsupported_force_poll_poll)' --check-cfg 'cfg(tokio_allow_from_blocking_fd)' --check-cfg 'cfg(tokio_internal_mt_counters)' --check-cfg 'cfg(tokio_no_parking_lot)' --check-cfg 'cfg(tokio_no_tuning_tests)' --check-cfg 'cfg(tokio_unstable)' --check-cfg 'cfg(target_os, values("cygwin"))' --cfg 'feature="codec"' --cfg 'feature="default"' --cfg 'feature="io"' --check-cfg 'cfg(docsrs,test)' --check-cfg 'cfg(feature, values("__docs_rs", "codec", "compat", "default", "full", "futures-io", "futures-util", "hashbrown", "io", "io-util", "join-map", "net", "rt", "slab", "time", "tracing"))' -C metadata=f05de666db8e0f23 -C extra-filename=-01cd70b1432e04c8 --out-dir /app/target/debug/deps -L dependency=/app/target/debug/deps --extern bytes=/app/target/debug/deps/libbytes-7700b1df813bc0a9.rmeta --extern futures_core=/app/target/debug/deps/libfutures_core-a6049477db3e920d.rmeta --extern futures_sink=/app/target/debug/deps/libfutures_sink-87f280bb103d5e78.rmeta --extern pin_project_lite=/app/target/debug/deps/libpin_project_lite-3d1e25234effa67a.rmeta --extern tokio=/app/target/debug/deps/libtokio-2aeedef1a36ad1fc.rmeta --cap-lints allow`
       Fresh itertools v0.11.0
       Fresh colored v2.2.0
   Compiling num-integer v0.1.46
     Running `/home/jules/.rustup/toolchains/stable-x86_64-unknown-linux-gnu/bin/rustc --crate-name num_integer --edition=2018 /home/jules/.cargo/registry/src/index.crates.io-1949cf8c6b5b557f/num-integer-0.1.46/src/lib.rs --error-format=json --json=diagnostic-rendered-ansi,artifacts,future-incompat --crate-type lib --emit=dep-info,metadata,link -C embed-bitcode=no -C debuginfo=2 --cfg 'feature="i128"' --cfg 'feature="std"' --check-cfg 'cfg(docsrs,test)' --check-cfg 'cfg(feature, values("default", "i128", "std"))' -C metadata=5fdbe327ecd063bd -C extra-filename=-7fb75ab0740a5258 --out-dir /app/target/debug/deps -L dependency=/app/target/debug/deps --extern num_traits=/app/target/debug/deps/libnum_traits-f44bd77d245e0ec0.rmeta --cap-lints allow`
   Compiling derive_arbitrary v1.4.2
     Running `/home/jules/.rustup/toolchains/stable-x86_64-unknown-linux-gnu/bin/rustc --crate-name derive_arbitrary --edition=2021 /home/jules/.cargo/registry/src/index.crates.io-1949cf8c6b5b557f/derive_arbitrary-1.4.2/src/lib.rs --error-format=json --json=diagnostic-rendered-ansi,artifacts,future-incompat --crate-type proc-macro --emit=dep-info,link -C prefer-dynamic -C embed-bitcode=no --check-cfg 'cfg(docsrs,test)' --check-cfg 'cfg(feature, values())' -C metadata=ee4dfff127bc7d6c -C extra-filename=-771e80024b85b1b2 --out-dir /app/target/debug/deps -L dependency=/app/target/debug/deps --extern proc_macro2=/app/target/debug/deps/libproc_macro2-0454c554b14b2896.rlib --extern quote=/app/target/debug/deps/libquote-ca0183ca5fc2f7d2.rlib --extern syn=/app/target/debug/deps/libsyn-c61ee984a3570307.rlib --extern proc_macro --cap-lints allow`
       Fresh memmap2 v0.9.10
       Fresh grep-matcher v0.1.8
   Compiling atomic-waker v1.1.2
     Running `/home/jules/.rustup/toolchains/stable-x86_64-unknown-linux-gnu/bin/rustc --crate-name atomic_waker --edition=2018 /home/jules/.cargo/registry/src/index.crates.io-1949cf8c6b5b557f/atomic-waker-1.1.2/src/lib.rs --error-format=json --json=diagnostic-rendered-ansi,artifacts,future-incompat --crate-type lib --emit=dep-info,metadata,link -C embed-bitcode=no -C debuginfo=2 --check-cfg 'cfg(docsrs,test)' --check-cfg 'cfg(feature, values("portable-atomic"))' -C metadata=ef874cab16143b2c -C extra-filename=-60d48cad28c8a968 --out-dir /app/target/debug/deps -L dependency=/app/target/debug/deps --cap-lints allow`
       Fresh tokmd-io-port v1.8.1 (/app/crates/tokmd-io-port)
   Compiling try-lock v0.2.5
     Running `/home/jules/.rustup/toolchains/stable-x86_64-unknown-linux-gnu/bin/rustc --crate-name try_lock --edition=2015 /home/jules/.cargo/registry/src/index.crates.io-1949cf8c6b5b557f/try-lock-0.2.5/src/lib.rs --error-format=json --json=diagnostic-rendered-ansi,artifacts,future-incompat --crate-type lib --emit=dep-info,metadata,link -C embed-bitcode=no -C debuginfo=2 --check-cfg 'cfg(docsrs,test)' --check-cfg 'cfg(feature, values())' -C metadata=4265db82ad26cb43 -C extra-filename=-9e71c33594445eba --out-dir /app/target/debug/deps -L dependency=/app/target/debug/deps --cap-lints allow`
   Compiling tower-service v0.3.3
     Running `/home/jules/.rustup/toolchains/stable-x86_64-unknown-linux-gnu/bin/rustc --crate-name tower_service --edition=2018 /home/jules/.cargo/registry/src/index.crates.io-1949cf8c6b5b557f/tower-service-0.3.3/src/lib.rs --error-format=json --json=diagnostic-rendered-ansi,artifacts,future-incompat --crate-type lib --emit=dep-info,metadata,link -C embed-bitcode=no -C debuginfo=2 --check-cfg 'cfg(docsrs,test)' --check-cfg 'cfg(feature, values())' -C metadata=859562d1161ebafd -C extra-filename=-7154d326c7b14509 --out-dir /app/target/debug/deps -L dependency=/app/target/debug/deps --cap-lints allow`
       Fresh unicode-width v0.2.2
       Fresh hashbrown v0.14.5
   Compiling subtle v2.6.1
     Running `/home/jules/.rustup/toolchains/stable-x86_64-unknown-linux-gnu/bin/rustc --crate-name subtle --edition=2018 /home/jules/.cargo/registry/src/index.crates.io-1949cf8c6b5b557f/subtle-2.6.1/src/lib.rs --error-format=json --json=diagnostic-rendered-ansi,artifacts,future-incompat --crate-type lib --emit=dep-info,metadata,link -C embed-bitcode=no -C debuginfo=2 --check-cfg 'cfg(docsrs,test)' --check-cfg 'cfg(feature, values("const-generics", "core_hint_black_box", "default", "i128", "nightly", "std"))' -C metadata=f617224ce486a33a -C extra-filename=-237dbccc590c228e --out-dir /app/target/debug/deps -L dependency=/app/target/debug/deps --cap-lints allow`
       Fresh home v0.5.12 (/app/vendor/home-0.5.12)
       Fresh etcetera v0.8.0
   Compiling dashmap v6.1.0
     Running `/home/jules/.rustup/toolchains/stable-x86_64-unknown-linux-gnu/bin/rustc --crate-name dashmap --edition=2018 /home/jules/.cargo/registry/src/index.crates.io-1949cf8c6b5b557f/dashmap-6.1.0/src/lib.rs --error-format=json --json=diagnostic-rendered-ansi,artifacts,future-incompat --crate-type lib --emit=dep-info,metadata,link -C embed-bitcode=no -C debuginfo=2 --cfg 'feature="serde"' --check-cfg 'cfg(docsrs,test)' --check-cfg 'cfg(feature, values("arbitrary", "inline", "raw-api", "rayon", "serde", "typesize"))' -C metadata=d472b966e09d648c -C extra-filename=-08df3e5c8be69519 --out-dir /app/target/debug/deps -L dependency=/app/target/debug/deps --extern cfg_if=/app/target/debug/deps/libcfg_if-9d8e838b3d041728.rmeta --extern crossbeam_utils=/app/target/debug/deps/libcrossbeam_utils-4f1a526a24e9e34b.rmeta --extern hashbrown=/app/target/debug/deps/libhashbrown-de08eeed179a1d3b.rmeta --extern lock_api=/app/target/debug/deps/liblock_api-ff7515981521d845.rmeta --extern once_cell=/app/target/debug/deps/libonce_cell-62dad8624c32d39d.rmeta --extern parking_lot_core=/app/target/debug/deps/libparking_lot_core-bf4e388d408376b4.rmeta --extern serde=/app/target/debug/deps/libserde-2ddf37aa57423e14.rmeta --cap-lints allow`
     Running `/home/jules/.rustup/toolchains/stable-x86_64-unknown-linux-gnu/bin/rustc --crate-name rustls --edition=2021 /home/jules/.cargo/registry/src/index.crates.io-1949cf8c6b5b557f/rustls-0.23.37/src/lib.rs --error-format=json --json=diagnostic-rendered-ansi,artifacts,future-incompat --crate-type lib --emit=dep-info,metadata,link -C embed-bitcode=no -C debuginfo=2 --warn=unexpected_cfgs --check-cfg 'cfg(bench)' --check-cfg 'cfg(coverage_nightly)' --check-cfg 'cfg(read_buf)' --check-cfg 'cfg(rustls_docsrs)' --cfg 'feature="ring"' --cfg 'feature="std"' --cfg 'feature="tls12"' --check-cfg 'cfg(docsrs,test)' --check-cfg 'cfg(feature, values("aws-lc-rs", "aws_lc_rs", "brotli", "custom-provider", "default", "fips", "hashbrown", "log", "logging", "prefer-post-quantum", "read_buf", "ring", "rustversion", "std", "tls12", "zlib"))' -C metadata=eb42ecae823eb309 -C extra-filename=-19b1f5d656603c35 --out-dir /app/target/debug/deps -L dependency=/app/target/debug/deps --extern once_cell=/app/target/debug/deps/libonce_cell-62dad8624c32d39d.rmeta --extern ring=/app/target/debug/deps/libring-e58c6feb8703f3f9.rmeta --extern pki_types=/app/target/debug/deps/librustls_pki_types-30b00bdbcf8c70b4.rmeta --extern webpki=/app/target/debug/deps/libwebpki-0521ad2d0306d7d6.rmeta --extern subtle=/app/target/debug/deps/libsubtle-237dbccc590c228e.rmeta --extern zeroize=/app/target/debug/deps/libzeroize-276d451ec0cf710d.rmeta --cap-lints allow -L native=/app/target/debug/build/ring-7e163c8f3c6760a9/out`
   Compiling arbitrary v1.4.2
     Running `/home/jules/.rustup/toolchains/stable-x86_64-unknown-linux-gnu/bin/rustc --crate-name arbitrary --edition=2021 /home/jules/.cargo/registry/src/index.crates.io-1949cf8c6b5b557f/arbitrary-1.4.2/src/lib.rs --error-format=json --json=diagnostic-rendered-ansi,artifacts,future-incompat --crate-type lib --emit=dep-info,metadata,link -C embed-bitcode=no -C debuginfo=2 --cfg 'feature="derive"' --cfg 'feature="derive_arbitrary"' --check-cfg 'cfg(docsrs,test)' --check-cfg 'cfg(feature, values("derive", "derive_arbitrary"))' -C metadata=856b2fe6b835bca2 -C extra-filename=-3f66865cc3b47077 --out-dir /app/target/debug/deps -L dependency=/app/target/debug/deps --extern derive_arbitrary=/app/target/debug/deps/libderive_arbitrary-771e80024b85b1b2.so --cap-lints allow`
       Fresh console v0.16.3
   Compiling want v0.3.1
     Running `/home/jules/.rustup/toolchains/stable-x86_64-unknown-linux-gnu/bin/rustc --crate-name want --edition=2018 /home/jules/.cargo/registry/src/index.crates.io-1949cf8c6b5b557f/want-0.3.1/src/lib.rs --error-format=json --json=diagnostic-rendered-ansi,artifacts,future-incompat --crate-type lib --emit=dep-info,metadata,link -C embed-bitcode=no -C debuginfo=2 --check-cfg 'cfg(docsrs,test)' --check-cfg 'cfg(feature, values())' -C metadata=11e1a3fbe9a54bdf -C extra-filename=-aff7f516a7b7ffec --out-dir /app/target/debug/deps -L dependency=/app/target/debug/deps --extern try_lock=/app/target/debug/deps/libtry_lock-9e71c33594445eba.rmeta --cap-lints allow`
   Compiling tokmd-walk v1.8.1 (/app/crates/tokmd-walk)
     Running `/home/jules/.rustup/toolchains/stable-x86_64-unknown-linux-gnu/bin/rustc --crate-name tokmd_walk --edition=2024 crates/tokmd-walk/src/lib.rs --error-format=json --json=diagnostic-rendered-ansi,artifacts,future-incompat --crate-type lib --emit=dep-info,metadata,link -C embed-bitcode=no -C debuginfo=2 --check-cfg 'cfg(docsrs,test)' --check-cfg 'cfg(feature, values())' -C metadata=138c863bfca7ab1b -C extra-filename=-7ca807a5efe6e3f5 --out-dir /app/target/debug/deps -C incremental=/app/target/debug/incremental -L dependency=/app/target/debug/deps --extern anyhow=/app/target/debug/deps/libanyhow-1c897acad9a38b79.rmeta --extern ignore=/app/target/debug/deps/libignore-3a353a1e5b6d6423.rmeta --extern tokmd_io_port=/app/target/debug/deps/libtokmd_io_port-08dcc88094ccbfe8.rmeta`
   Compiling h2 v0.4.13
     Running `/home/jules/.rustup/toolchains/stable-x86_64-unknown-linux-gnu/bin/rustc --crate-name h2 --edition=2021 /home/jules/.cargo/registry/src/index.crates.io-1949cf8c6b5b557f/h2-0.4.13/src/lib.rs --error-format=json --json=diagnostic-rendered-ansi,artifacts,future-incompat --crate-type lib --emit=dep-info,metadata,link -C embed-bitcode=no -C debuginfo=2 --warn=unexpected_cfgs --check-cfg 'cfg(fuzzing)' --check-cfg 'cfg(docsrs,test)' --check-cfg 'cfg(feature, values("stream", "unstable"))' -C metadata=edfc73bc4416c89d -C extra-filename=-24ec07cd3e335c71 --out-dir /app/target/debug/deps -L dependency=/app/target/debug/deps --extern atomic_waker=/app/target/debug/deps/libatomic_waker-60d48cad28c8a968.rmeta --extern bytes=/app/target/debug/deps/libbytes-7700b1df813bc0a9.rmeta --extern fnv=/app/target/debug/deps/libfnv-1e77ae8f0484c8fd.rmeta --extern futures_core=/app/target/debug/deps/libfutures_core-a6049477db3e920d.rmeta --extern futures_sink=/app/target/debug/deps/libfutures_sink-87f280bb103d5e78.rmeta --extern http=/app/target/debug/deps/libhttp-bd859b3c6ad2874c.rmeta --extern indexmap=/app/target/debug/deps/libindexmap-ff75f900e423bbce.rmeta --extern slab=/app/target/debug/deps/libslab-bc5a6f8dc9a8ac87.rmeta --extern tokio=/app/target/debug/deps/libtokio-2aeedef1a36ad1fc.rmeta --extern tokio_util=/app/target/debug/deps/libtokio_util-01cd70b1432e04c8.rmeta --extern tracing=/app/target/debug/deps/libtracing-0a7a0cec04a2a145.rmeta --cap-lints allow`
   Compiling grep-searcher v0.1.16
     Running `/home/jules/.rustup/toolchains/stable-x86_64-unknown-linux-gnu/bin/rustc --crate-name grep_searcher --edition=2024 /home/jules/.cargo/registry/src/index.crates.io-1949cf8c6b5b557f/grep-searcher-0.1.16/src/lib.rs --error-format=json --json=diagnostic-rendered-ansi,artifacts,future-incompat --crate-type lib --emit=dep-info,metadata,link -C embed-bitcode=no -C debuginfo=2 --check-cfg 'cfg(docsrs,test)' --check-cfg 'cfg(feature, values("avx-accel", "simd-accel"))' -C metadata=5cc76518874a8be6 -C extra-filename=-c425a30b83df3479 --out-dir /app/target/debug/deps -L dependency=/app/target/debug/deps --extern bstr=/app/target/debug/deps/libbstr-6a9c22be5ffbbab8.rmeta --extern encoding_rs=/app/target/debug/deps/libencoding_rs-82e025ed9e7449f2.rmeta --extern encoding_rs_io=/app/target/debug/deps/libencoding_rs_io-0c22600e7a7ddef0.rmeta --extern grep_matcher=/app/target/debug/deps/libgrep_matcher-ad9e37f1a7e2254b.rmeta --extern log=/app/target/debug/deps/liblog-408c38338ce1a0e5.rmeta --extern memchr=/app/target/debug/deps/libmemchr-b7fd24b56ca2184d.rmeta --extern memmap=/app/target/debug/deps/libmemmap2-2f462a048b722465.rmeta --cap-lints allow`
   Compiling table_formatter v0.6.1
     Running `/home/jules/.rustup/toolchains/stable-x86_64-unknown-linux-gnu/bin/rustc --crate-name table_formatter --edition=2021 /home/jules/.cargo/registry/src/index.crates.io-1949cf8c6b5b557f/table_formatter-0.6.1/src/lib.rs --error-format=json --json=diagnostic-rendered-ansi,artifacts,future-incompat --crate-type lib --emit=dep-info,metadata,link -C embed-bitcode=no -C debuginfo=2 --check-cfg 'cfg(docsrs,test)' --check-cfg 'cfg(feature, values())' -C metadata=f3914afe0c631209 -C extra-filename=-d30c3b7c7a0205ee --out-dir /app/target/debug/deps -L dependency=/app/target/debug/deps --extern colored=/app/target/debug/deps/libcolored-c44218068df4f9ce.rmeta --extern itertools=/app/target/debug/deps/libitertools-fade217d7591067f.rmeta --extern thiserror=/app/target/debug/deps/libthiserror-8c1db77f861ab396.rmeta --cap-lints allow`
     Running `/app/target/debug/build/tokei-a1bf941dc3ab400d/build-script-build`
   Compiling icu_properties v2.1.2
     Running `/home/jules/.rustup/toolchains/stable-x86_64-unknown-linux-gnu/bin/rustc --crate-name icu_properties --edition=2021 /home/jules/.cargo/registry/src/index.crates.io-1949cf8c6b5b557f/icu_properties-2.1.2/src/lib.rs --error-format=json --json=diagnostic-rendered-ansi,artifacts,future-incompat --crate-type lib --emit=dep-info,metadata,link -C embed-bitcode=no -C debuginfo=2 --cfg 'feature="compiled_data"' --check-cfg 'cfg(docsrs,test)' --check-cfg 'cfg(feature, values("alloc", "compiled_data", "datagen", "default", "serde", "unicode_bidi"))' -C metadata=4bc6e253e151bc03 -C extra-filename=-4e9e5856fa53e403 --out-dir /app/target/debug/deps -L dependency=/app/target/debug/deps --extern icu_collections=/app/target/debug/deps/libicu_collections-83f4639632401fac.rmeta --extern icu_locale_core=/app/target/debug/deps/libicu_locale_core-d9b50fe9bc8f7458.rmeta --extern icu_properties_data=/app/target/debug/deps/libicu_properties_data-89b789b2cfd3c511.rmeta --extern icu_provider=/app/target/debug/deps/libicu_provider-e97b4fc7549e6594.rmeta --extern zerotrie=/app/target/debug/deps/libzerotrie-73a5205863c39ac9.rmeta --extern zerovec=/app/target/debug/deps/libzerovec-9ff0505a88b3ee66.rmeta --cap-lints allow`
   Compiling toml v0.8.23
     Running `/home/jules/.rustup/toolchains/stable-x86_64-unknown-linux-gnu/bin/rustc --crate-name toml --edition=2021 /home/jules/.cargo/registry/src/index.crates.io-1949cf8c6b5b557f/toml-0.8.23/src/lib.rs --error-format=json --json=diagnostic-rendered-ansi,artifacts,future-incompat --crate-type lib --emit=dep-info,metadata,link -C embed-bitcode=no -C debuginfo=2 --warn=rust_2018_idioms '--warn=clippy::zero_sized_map_values' '--warn=clippy::wildcard_imports' '--warn=clippy::verbose_file_reads' --warn=unused_qualifications --warn=unused_macro_rules --warn=unused_lifetimes --warn=unsafe_op_in_unsafe_fn --warn=unreachable_pub --allow=unnameable_types '--warn=clippy::uninlined_format_args' '--warn=clippy::trait_duplication_in_bounds' '--warn=clippy::todo' '--warn=clippy::string_to_string' '--warn=clippy::string_lit_as_bytes' '--warn=clippy::string_add_assign' '--warn=clippy::string_add' '--warn=clippy::str_to_string' '--warn=clippy::semicolon_if_nothing_returned' '--warn=clippy::self_named_module_files' '--warn=clippy::same_functions_in_if_condition' '--allow=clippy::result_large_err' '--warn=clippy::rest_pat_in_fully_bound_structs' '--warn=clippy::ref_option_ref' '--warn=clippy::redundant_feature_names' '--warn=clippy::rc_mutex' '--warn=clippy::ptr_as_ptr' '--warn=clippy::path_buf_push_overwrite' '--warn=clippy::negative_feature_names' '--warn=clippy::needless_for_each' '--allow=clippy::needless_continue' '--warn=clippy::mutex_integer' '--warn=clippy::mem_forget' '--warn=clippy::macro_use_imports' '--warn=clippy::lossy_float_literal' '--warn=clippy::linkedlist' '--allow=clippy::let_and_return' '--warn=clippy::large_types_passed_by_value' '--warn=clippy::large_stack_arrays' '--warn=clippy::large_digit_groups' '--warn=clippy::invalid_upcast_comparisons' '--warn=clippy::infinite_loop' '--warn=clippy::inefficient_to_string' '--warn=clippy::inconsistent_struct_constructor' '--warn=clippy::imprecise_flops' '--warn=clippy::implicit_clone' '--allow=clippy::if_same_then_else' '--warn=clippy::from_iter_instead_of_collect' '--warn=clippy::fn_params_excessive_bools' '--warn=clippy::float_cmp_const' '--warn=clippy::flat_map_option' '--warn=clippy::filter_map_next' '--warn=clippy::fallible_impl_from' '--warn=clippy::explicit_into_iter_loop' '--warn=clippy::explicit_deref_methods' '--warn=clippy::expl_impl_clone_on_copy' '--warn=clippy::enum_glob_use' '--warn=clippy::empty_enum' '--warn=clippy::doc_markdown' '--warn=clippy::debug_assert_with_mut_call' '--warn=clippy::dbg_macro' '--warn=clippy::create_dir' '--allow=clippy::collapsible_else_if' '--warn=clippy::checked_conversions' '--allow=clippy::branches_sharing_code' '--allow=clippy::bool_assert_comparison' --cfg 'feature="default"' --cfg 'feature="display"' --cfg 'feature="parse"' --check-cfg 'cfg(docsrs,test)' --check-cfg 'cfg(feature, values("default", "display", "indexmap", "parse", "preserve_order", "unbounded"))' -C metadata=675b8b92c5ef2df2 -C extra-filename=-f7dcb4bc361f4ce3 --out-dir /app/target/debug/deps -L dependency=/app/target/debug/deps --extern serde=/app/target/debug/deps/libserde-2ddf37aa57423e14.rmeta --extern serde_spanned=/app/target/debug/deps/libserde_spanned-614bab1cacc0a943.rmeta --extern toml_datetime=/app/target/debug/deps/libtoml_datetime-f2b43fcf11d525c5.rmeta --extern toml_edit=/app/target/debug/deps/libtoml_edit-7ee076abef60cc7a.rmeta --cap-lints allow`
   Compiling icu_normalizer v2.1.1
     Running `/home/jules/.rustup/toolchains/stable-x86_64-unknown-linux-gnu/bin/rustc --crate-name icu_normalizer --edition=2021 /home/jules/.cargo/registry/src/index.crates.io-1949cf8c6b5b557f/icu_normalizer-2.1.1/src/lib.rs --error-format=json --json=diagnostic-rendered-ansi,artifacts,future-incompat --crate-type lib --emit=dep-info,metadata,link -C embed-bitcode=no -C debuginfo=2 --warn=unexpected_cfgs --check-cfg 'cfg(icu4x_unstable_fast_trie_only)' --cfg 'feature="compiled_data"' --check-cfg 'cfg(docsrs,test)' --check-cfg 'cfg(feature, values("compiled_data", "datagen", "default", "experimental", "icu_properties", "serde", "utf16_iter", "utf8_iter", "write16"))' -C metadata=fee8516de84865d7 -C extra-filename=-92f7b3a6d9bbc358 --out-dir /app/target/debug/deps -L dependency=/app/target/debug/deps --extern icu_collections=/app/target/debug/deps/libicu_collections-83f4639632401fac.rmeta --extern icu_normalizer_data=/app/target/debug/deps/libicu_normalizer_data-0c8d819b9bead5c5.rmeta --extern icu_provider=/app/target/debug/deps/libicu_provider-e97b4fc7549e6594.rmeta --extern smallvec=/app/target/debug/deps/libsmallvec-30bf535ec43d4a3a.rmeta --extern zerovec=/app/target/debug/deps/libzerovec-9ff0505a88b3ee66.rmeta --cap-lints allow`
     Running `/home/jules/.rustup/toolchains/stable-x86_64-unknown-linux-gnu/bin/rustc --crate-name httparse --edition=2018 /home/jules/.cargo/registry/src/index.crates.io-1949cf8c6b5b557f/httparse-1.10.1/src/lib.rs --error-format=json --json=diagnostic-rendered-ansi,artifacts,future-incompat --crate-type lib --emit=dep-info,metadata,link -C embed-bitcode=no -C debuginfo=2 --warn=unexpected_cfgs --check-cfg 'cfg(httparse_simd)' --check-cfg 'cfg(httparse_simd_target_feature_avx2)' --check-cfg 'cfg(httparse_simd_target_feature_sse42)' --check-cfg 'cfg(httparse_simd_neon_intrinsics)' --cfg 'feature="default"' --cfg 'feature="std"' --check-cfg 'cfg(docsrs,test)' --check-cfg 'cfg(feature, values("default", "std"))' -C metadata=a75cf34358bf7eef -C extra-filename=-40fdfcdb8060697c --out-dir /app/target/debug/deps -L dependency=/app/target/debug/deps --cap-lints allow --cfg httparse_simd_neon_intrinsics --cfg httparse_simd`
   Compiling futures-channel v0.3.32
     Running `/home/jules/.rustup/toolchains/stable-x86_64-unknown-linux-gnu/bin/rustc --crate-name futures_channel --edition=2018 /home/jules/.cargo/registry/src/index.crates.io-1949cf8c6b5b557f/futures-channel-0.3.32/src/lib.rs --error-format=json --json=diagnostic-rendered-ansi,artifacts,future-incompat --crate-type lib --emit=dep-info,metadata,link -C embed-bitcode=no -C debuginfo=2 --warn=unreachable_pub --warn=unexpected_cfgs --warn=single_use_lifetimes --warn=rust_2018_idioms --warn=missing_debug_implementations --check-cfg 'cfg(futures_sanitizer)' --cfg 'feature="alloc"' --cfg 'feature="default"' --cfg 'feature="futures-sink"' --cfg 'feature="sink"' --cfg 'feature="std"' --check-cfg 'cfg(docsrs,test)' --check-cfg 'cfg(feature, values("alloc", "cfg-target-has-atomic", "default", "futures-sink", "sink", "std", "unstable"))' -C metadata=960598f62e28b074 -C extra-filename=-75b5d2424142e51e --out-dir /app/target/debug/deps -L dependency=/app/target/debug/deps --extern futures_core=/app/target/debug/deps/libfutures_core-a6049477db3e920d.rmeta --extern futures_sink=/app/target/debug/deps/libfutures_sink-87f280bb103d5e78.rmeta --cap-lints allow`
   Compiling clap-cargo v0.18.3
     Running `/home/jules/.rustup/toolchains/stable-x86_64-unknown-linux-gnu/bin/rustc --crate-name clap_cargo --edition=2021 /home/jules/.cargo/registry/src/index.crates.io-1949cf8c6b5b557f/clap-cargo-0.18.3/src/lib.rs --error-format=json --json=diagnostic-rendered-ansi,artifacts,future-incompat --crate-type lib --emit=dep-info,metadata,link -C embed-bitcode=no -C debuginfo=2 --warn=rust_2018_idioms '--warn=clippy::zero_sized_map_values' '--warn=clippy::wildcard_imports' '--warn=clippy::verbose_file_reads' --warn=unused_qualifications --warn=unused_macro_rules --warn=unused_lifetimes --warn=unsafe_op_in_unsafe_fn --warn=unreachable_pub --warn=unnameable_types '--warn=clippy::uninlined_format_args' '--warn=clippy::trait_duplication_in_bounds' '--warn=clippy::todo' '--warn=clippy::string_to_string' '--warn=clippy::string_lit_as_bytes' '--warn=clippy::string_add_assign' '--warn=clippy::string_add' '--warn=clippy::str_to_string' '--warn=clippy::semicolon_if_nothing_returned' '--warn=clippy::self_named_module_files' '--warn=clippy::same_functions_in_if_condition' '--allow=clippy::result_large_err' '--warn=clippy::rest_pat_in_fully_bound_structs' '--warn=clippy::ref_option_ref' '--warn=clippy::redundant_feature_names' '--warn=clippy::rc_mutex' '--warn=clippy::ptr_as_ptr' '--warn=clippy::path_buf_push_overwrite' '--warn=clippy::negative_feature_names' '--warn=clippy::needless_for_each' '--allow=clippy::needless_continue' '--warn=clippy::mutex_integer' '--warn=clippy::mem_forget' '--warn=clippy::macro_use_imports' '--warn=clippy::lossy_float_literal' '--warn=clippy::linkedlist' '--allow=clippy::let_and_return' '--warn=clippy::large_types_passed_by_value' '--warn=clippy::large_stack_arrays' '--warn=clippy::large_digit_groups' '--warn=clippy::invalid_upcast_comparisons' '--warn=clippy::infinite_loop' '--warn=clippy::inefficient_to_string' '--warn=clippy::inconsistent_struct_constructor' '--warn=clippy::imprecise_flops' '--warn=clippy::implicit_clone' '--allow=clippy::if_same_then_else' '--warn=clippy::from_iter_instead_of_collect' '--warn=clippy::fn_params_excessive_bools' '--warn=clippy::float_cmp_const' '--warn=clippy::flat_map_option' '--warn=clippy::filter_map_next' '--warn=clippy::fallible_impl_from' '--warn=clippy::explicit_into_iter_loop' '--warn=clippy::explicit_deref_methods' '--warn=clippy::expl_impl_clone_on_copy' '--warn=clippy::enum_glob_use' '--warn=clippy::empty_enum' '--warn=clippy::doc_markdown' '--warn=clippy::debug_assert_with_mut_call' '--warn=clippy::dbg_macro' '--warn=clippy::create_dir' '--allow=clippy::collapsible_else_if' '--warn=clippy::checked_conversions' '--allow=clippy::branches_sharing_code' '--allow=clippy::bool_assert_comparison' --cfg 'feature="clap"' --cfg 'feature="default"' --check-cfg 'cfg(docsrs,test)' --check-cfg 'cfg(feature, values("cargo_metadata", "clap", "default", "testing_colors"))' -C metadata=0d0ccfb465022616 -C extra-filename=-81832e627875ee90 --out-dir /app/target/debug/deps -L dependency=/app/target/debug/deps --extern anstyle=/app/target/debug/deps/libanstyle-4dea62ac8b01cfc5.rmeta --extern clap=/app/target/debug/deps/libclap-37855d5caa945650.rmeta --cap-lints allow`
       Fresh crossbeam-channel v0.5.15
       Fresh term_size v0.3.2
   Compiling version_check v0.9.5
     Running `/home/jules/.rustup/toolchains/stable-x86_64-unknown-linux-gnu/bin/rustc --crate-name version_check --edition=2015 /home/jules/.cargo/registry/src/index.crates.io-1949cf8c6b5b557f/version_check-0.9.5/src/lib.rs --error-format=json --json=diagnostic-rendered-ansi,artifacts,future-incompat --crate-type lib --emit=dep-info,metadata,link -C embed-bitcode=no --check-cfg 'cfg(docsrs,test)' --check-cfg 'cfg(feature, values())' -C metadata=54b0c148dfcf249b -C extra-filename=-24003d81c5a1886b --out-dir /app/target/debug/deps -L dependency=/app/target/debug/deps --cap-lints allow`
   Compiling ref-cast v1.0.25
     Running `/home/jules/.rustup/toolchains/stable-x86_64-unknown-linux-gnu/bin/rustc --crate-name build_script_build --edition=2021 /home/jules/.cargo/registry/src/index.crates.io-1949cf8c6b5b557f/ref-cast-1.0.25/build.rs --error-format=json --json=diagnostic-rendered-ansi,artifacts,future-incompat --crate-type bin --emit=dep-info,link -C embed-bitcode=no --check-cfg 'cfg(docsrs,test)' --check-cfg 'cfg(feature, values())' -C metadata=e05befc2a8079ed0 -C extra-filename=-7673e3654dec34fc --out-dir /app/target/debug/build/ref-cast-7673e3654dec34fc -L dependency=/app/target/debug/deps --cap-lints allow`
   Compiling pin-utils v0.1.0
     Running `/home/jules/.rustup/toolchains/stable-x86_64-unknown-linux-gnu/bin/rustc --crate-name pin_utils --edition=2018 /home/jules/.cargo/registry/src/index.crates.io-1949cf8c6b5b557f/pin-utils-0.1.0/src/lib.rs --error-format=json --json=diagnostic-rendered-ansi,artifacts,future-incompat --crate-type lib --emit=dep-info,metadata,link -C embed-bitcode=no -C debuginfo=2 --check-cfg 'cfg(docsrs,test)' --check-cfg 'cfg(feature, values())' -C metadata=9b8a3e1e56549184 -C extra-filename=-830eeaf0ac4b2d44 --out-dir /app/target/debug/deps -L dependency=/app/target/debug/deps --cap-lints allow`
   Compiling hyper v1.8.1
     Running `/home/jules/.rustup/toolchains/stable-x86_64-unknown-linux-gnu/bin/rustc --crate-name hyper --edition=2021 /home/jules/.cargo/registry/src/index.crates.io-1949cf8c6b5b557f/hyper-1.8.1/src/lib.rs --error-format=json --json=diagnostic-rendered-ansi,artifacts,future-incompat --crate-type lib --emit=dep-info,metadata,link -C embed-bitcode=no -C debuginfo=2 --warn=unexpected_cfgs --check-cfg 'cfg(hyper_unstable_tracing)' --check-cfg 'cfg(hyper_unstable_ffi)' --cfg 'feature="client"' --cfg 'feature="default"' --cfg 'feature="http1"' --cfg 'feature="http2"' --check-cfg 'cfg(docsrs,test)' --check-cfg 'cfg(feature, values("capi", "client", "default", "ffi", "full", "http1", "http2", "nightly", "server", "tracing"))' -C metadata=898c61f20aac044c -C extra-filename=-3d00d56e24d411fb --out-dir /app/target/debug/deps -L dependency=/app/target/debug/deps --extern atomic_waker=/app/target/debug/deps/libatomic_waker-60d48cad28c8a968.rmeta --extern bytes=/app/target/debug/deps/libbytes-7700b1df813bc0a9.rmeta --extern futures_channel=/app/target/debug/deps/libfutures_channel-75b5d2424142e51e.rmeta --extern futures_core=/app/target/debug/deps/libfutures_core-a6049477db3e920d.rmeta --extern h2=/app/target/debug/deps/libh2-24ec07cd3e335c71.rmeta --extern http=/app/target/debug/deps/libhttp-bd859b3c6ad2874c.rmeta --extern http_body=/app/target/debug/deps/libhttp_body-0b82d526501bf8d0.rmeta --extern httparse=/app/target/debug/deps/libhttparse-40fdfcdb8060697c.rmeta --extern itoa=/app/target/debug/deps/libitoa-c718f49b83cc3644.rmeta --extern pin_project_lite=/app/target/debug/deps/libpin_project_lite-3d1e25234effa67a.rmeta --extern pin_utils=/app/target/debug/deps/libpin_utils-830eeaf0ac4b2d44.rmeta --extern smallvec=/app/target/debug/deps/libsmallvec-30bf535ec43d4a3a.rmeta --extern tokio=/app/target/debug/deps/libtokio-2aeedef1a36ad1fc.rmeta --extern want=/app/target/debug/deps/libwant-aff7f516a7b7ffec.rmeta --cap-lints allow`
     Running `/app/target/debug/build/ref-cast-7673e3654dec34fc/build-script-build`
   Compiling ahash v0.8.12
     Running `/home/jules/.rustup/toolchains/stable-x86_64-unknown-linux-gnu/bin/rustc --crate-name build_script_build --edition=2018 /home/jules/.cargo/registry/src/index.crates.io-1949cf8c6b5b557f/ahash-0.8.12/build.rs --error-format=json --json=diagnostic-rendered-ansi,artifacts,future-incompat --crate-type bin --emit=dep-info,link -C embed-bitcode=no --cfg 'feature="default"' --cfg 'feature="getrandom"' --cfg 'feature="runtime-rng"' --cfg 'feature="serde"' --cfg 'feature="std"' --check-cfg 'cfg(docsrs,test)' --check-cfg 'cfg(feature, values("atomic-polyfill", "compile-time-rng", "const-random", "default", "getrandom", "nightly-arm-aes", "no-rng", "runtime-rng", "serde", "std"))' -C metadata=c8ab7ded8e5ac2e7 -C extra-filename=-16258a42a77c2bf1 --out-dir /app/target/debug/build/ahash-16258a42a77c2bf1 -L dependency=/app/target/debug/deps --extern version_check=/app/target/debug/deps/libversion_check-24003d81c5a1886b.rlib --cap-lints allow`
     Running `/home/jules/.rustup/toolchains/stable-x86_64-unknown-linux-gnu/bin/rustc --crate-name tokei --edition=2021 /home/jules/.cargo/registry/src/index.crates.io-1949cf8c6b5b557f/tokei-14.0.0/src/lib.rs --error-format=json --json=diagnostic-rendered-ansi,artifacts,future-incompat --crate-type lib --emit=dep-info,metadata,link -C embed-bitcode=no -C debuginfo=2 --check-cfg 'cfg(docsrs,test)' --check-cfg 'cfg(feature, values("all", "cbor", "cli", "default", "yaml"))' -C metadata=ed84d5951f06ea18 -C extra-filename=-8344200457b052f7 --out-dir /app/target/debug/deps -L dependency=/app/target/debug/deps --extern aho_corasick=/app/target/debug/deps/libaho_corasick-c5309bb888348c7a.rmeta --extern arbitrary=/app/target/debug/deps/libarbitrary-3f66865cc3b47077.rmeta --extern clap_cargo=/app/target/debug/deps/libclap_cargo-81832e627875ee90.rmeta --extern crossbeam_channel=/app/target/debug/deps/libcrossbeam_channel-bd3d646abb4303d6.rmeta --extern dashmap=/app/target/debug/deps/libdashmap-08df3e5c8be69519.rmeta --extern encoding_rs_io=/app/target/debug/deps/libencoding_rs_io-0c22600e7a7ddef0.rmeta --extern etcetera=/app/target/debug/deps/libetcetera-d295f1f37b6bd620.rmeta --extern grep_searcher=/app/target/debug/deps/libgrep_searcher-c425a30b83df3479.rmeta --extern ignore=/app/target/debug/deps/libignore-3a353a1e5b6d6423.rmeta --extern log=/app/target/debug/deps/liblog-408c38338ce1a0e5.rmeta --extern once_cell=/app/target/debug/deps/libonce_cell-62dad8624c32d39d.rmeta --extern parking_lot=/app/target/debug/deps/libparking_lot-b5b0603ee1b81198.rmeta --extern rayon=/app/target/debug/deps/librayon-64d4aba3908e6dbe.rmeta --extern regex=/app/target/debug/deps/libregex-aae23aa183aca753.rmeta --extern serde=/app/target/debug/deps/libserde-2ddf37aa57423e14.rmeta --extern serde_json=/app/target/debug/deps/libserde_json-02554ac7efa4e2d5.rmeta --extern table_formatter=/app/target/debug/deps/libtable_formatter-d30c3b7c7a0205ee.rmeta --extern term_size=/app/target/debug/deps/libterm_size-f819d2834d560c4b.rmeta --extern toml=/app/target/debug/deps/libtoml-f7dcb4bc361f4ce3.rmeta --cap-lints allow`
   Compiling idna_adapter v1.2.1
     Running `/home/jules/.rustup/toolchains/stable-x86_64-unknown-linux-gnu/bin/rustc --crate-name idna_adapter --edition=2021 /home/jules/.cargo/registry/src/index.crates.io-1949cf8c6b5b557f/idna_adapter-1.2.1/src/lib.rs --error-format=json --json=diagnostic-rendered-ansi,artifacts,future-incompat --crate-type lib --emit=dep-info,metadata,link -C embed-bitcode=no -C debuginfo=2 --cfg 'feature="compiled_data"' --check-cfg 'cfg(docsrs,test)' --check-cfg 'cfg(feature, values("compiled_data"))' -C metadata=7fd5886fcc47ae41 -C extra-filename=-d7b2df6dc93efa20 --out-dir /app/target/debug/deps -L dependency=/app/target/debug/deps --extern icu_normalizer=/app/target/debug/deps/libicu_normalizer-92f7b3a6d9bbc358.rmeta --extern icu_properties=/app/target/debug/deps/libicu_properties-4e9e5856fa53e403.rmeta --cap-lints allow`
       Fresh portable-atomic v1.13.1
   Compiling num-bigint v0.4.6
     Running `/home/jules/.rustup/toolchains/stable-x86_64-unknown-linux-gnu/bin/rustc --crate-name num_bigint --edition=2021 /home/jules/.cargo/registry/src/index.crates.io-1949cf8c6b5b557f/num-bigint-0.4.6/src/lib.rs --error-format=json --json=diagnostic-rendered-ansi,artifacts,future-incompat --crate-type lib --emit=dep-info,metadata,link -C embed-bitcode=no -C debuginfo=2 --cfg 'feature="std"' --check-cfg 'cfg(docsrs,test)' --check-cfg 'cfg(feature, values("arbitrary", "default", "quickcheck", "rand", "serde", "std"))' -C metadata=fcc02dafc469b7f7 -C extra-filename=-3dd6f040f015798c --out-dir /app/target/debug/deps -L dependency=/app/target/debug/deps --extern num_integer=/app/target/debug/deps/libnum_integer-7fb75ab0740a5258.rmeta --extern num_traits=/app/target/debug/deps/libnum_traits-f44bd77d245e0ec0.rmeta --cap-lints allow`
   Compiling rand_core v0.9.5
     Running `/home/jules/.rustup/toolchains/stable-x86_64-unknown-linux-gnu/bin/rustc --crate-name rand_core --edition=2021 /home/jules/.cargo/registry/src/index.crates.io-1949cf8c6b5b557f/rand_core-0.9.5/src/lib.rs --error-format=json --json=diagnostic-rendered-ansi,artifacts,future-incompat --crate-type lib --emit=dep-info,metadata,link -C embed-bitcode=no -C debuginfo=2 --cfg 'feature="os_rng"' --cfg 'feature="std"' --check-cfg 'cfg(docsrs,test)' --check-cfg 'cfg(feature, values("os_rng", "serde", "std"))' -C metadata=801298796fdb023a -C extra-filename=-22725ecb9ae7f59a --out-dir /app/target/debug/deps -L dependency=/app/target/debug/deps --extern getrandom=/app/target/debug/deps/libgetrandom-8349344520262510.rmeta --cap-lints allow`
       Fresh midly v0.5.3
   Compiling tokmd-analysis-maintainability v1.8.1 (/app/crates/tokmd-analysis-maintainability)
     Running `/home/jules/.rustup/toolchains/stable-x86_64-unknown-linux-gnu/bin/rustc --crate-name tokmd_analysis_maintainability --edition=2024 crates/tokmd-analysis-maintainability/src/lib.rs --error-format=json --json=diagnostic-rendered-ansi,artifacts,future-incompat --crate-type lib --emit=dep-info,metadata,link -C embed-bitcode=no -C debuginfo=2 --check-cfg 'cfg(docsrs,test)' --check-cfg 'cfg(feature, values())' -C metadata=dcaacf1771892659 -C extra-filename=-0fddc19868df3cc8 --out-dir /app/target/debug/deps -C incremental=/app/target/debug/incremental -L dependency=/app/target/debug/deps --extern tokmd_analysis_types=/app/target/debug/deps/libtokmd_analysis_types-b8471925ca3eea4f.rmeta -L native=/app/target/debug/build/blake3-12e682763928d5d8/out -L native=/app/target/debug/build/blake3-12e682763928d5d8/out`
   Compiling tokmd-export-tree v1.8.1 (/app/crates/tokmd-export-tree)
     Running `/home/jules/.rustup/toolchains/stable-x86_64-unknown-linux-gnu/bin/rustc --crate-name tokmd_export_tree --edition=2024 crates/tokmd-export-tree/src/lib.rs --error-format=json --json=diagnostic-rendered-ansi,artifacts,future-incompat --crate-type lib --emit=dep-info,metadata,link -C embed-bitcode=no -C debuginfo=2 --check-cfg 'cfg(docsrs,test)' --check-cfg 'cfg(feature, values())' -C metadata=5b9cdd343b129395 -C extra-filename=-393431f45ac57c2b --out-dir /app/target/debug/deps -C incremental=/app/target/debug/incremental -L dependency=/app/target/debug/deps --extern tokmd_types=/app/target/debug/deps/libtokmd_types-e5279a60750fb027.rmeta`
   Compiling tokmd-tool-schema v1.8.1 (/app/crates/tokmd-tool-schema)
     Running `/home/jules/.rustup/toolchains/stable-x86_64-unknown-linux-gnu/bin/rustc --crate-name tokmd_tool_schema --edition=2024 crates/tokmd-tool-schema/src/lib.rs --error-format=json --json=diagnostic-rendered-ansi,artifacts,future-incompat --crate-type lib --emit=dep-info,metadata,link -C embed-bitcode=no -C debuginfo=2 --check-cfg 'cfg(docsrs,test)' --check-cfg 'cfg(feature, values())' -C metadata=00f7af4bc9dae329 -C extra-filename=-750660505fe02567 --out-dir /app/target/debug/deps -C incremental=/app/target/debug/incremental -L dependency=/app/target/debug/deps --extern anyhow=/app/target/debug/deps/libanyhow-1c897acad9a38b79.rmeta --extern clap=/app/target/debug/deps/libclap-37855d5caa945650.rmeta --extern serde=/app/target/debug/deps/libserde-2ddf37aa57423e14.rmeta --extern serde_json=/app/target/debug/deps/libserde_json-02554ac7efa4e2d5.rmeta`
   Compiling sync_wrapper v1.0.2
     Running `/home/jules/.rustup/toolchains/stable-x86_64-unknown-linux-gnu/bin/rustc --crate-name sync_wrapper --edition=2021 /home/jules/.cargo/registry/src/index.crates.io-1949cf8c6b5b557f/sync_wrapper-1.0.2/src/lib.rs --error-format=json --json=diagnostic-rendered-ansi,artifacts,future-incompat --crate-type lib --emit=dep-info,metadata,link -C embed-bitcode=no -C debuginfo=2 --cfg 'feature="futures"' --cfg 'feature="futures-core"' --check-cfg 'cfg(docsrs,test)' --check-cfg 'cfg(feature, values("futures", "futures-core"))' -C metadata=8f203b876817efe6 -C extra-filename=-a379a15ef926ba37 --out-dir /app/target/debug/deps -L dependency=/app/target/debug/deps --extern futures_core=/app/target/debug/deps/libfutures_core-a6049477db3e920d.rmeta --cap-lints allow`
   Compiling ref-cast-impl v1.0.25
     Running `/home/jules/.rustup/toolchains/stable-x86_64-unknown-linux-gnu/bin/rustc --crate-name ref_cast_impl --edition=2021 /home/jules/.cargo/registry/src/index.crates.io-1949cf8c6b5b557f/ref-cast-impl-1.0.25/src/lib.rs --error-format=json --json=diagnostic-rendered-ansi,artifacts,future-incompat --crate-type proc-macro --emit=dep-info,link -C prefer-dynamic -C embed-bitcode=no --check-cfg 'cfg(docsrs,test)' --check-cfg 'cfg(feature, values())' -C metadata=96a1d3b988ae6218 -C extra-filename=-c48c41b3b019d49d --out-dir /app/target/debug/deps -L dependency=/app/target/debug/deps --extern proc_macro2=/app/target/debug/deps/libproc_macro2-0454c554b14b2896.rlib --extern quote=/app/target/debug/deps/libquote-ca0183ca5fc2f7d2.rlib --extern syn=/app/target/debug/deps/libsyn-c61ee984a3570307.rlib --extern proc_macro --cap-lints allow`
       Fresh tokmd-redact v1.8.1 (/app/crates/tokmd-redact)
       Fresh csv-core v0.1.13
       Fresh base64 v0.22.1
   Compiling utf8_iter v1.0.4
     Running `/home/jules/.rustup/toolchains/stable-x86_64-unknown-linux-gnu/bin/rustc --crate-name utf8_iter --edition=2021 /home/jules/.cargo/registry/src/index.crates.io-1949cf8c6b5b557f/utf8_iter-1.0.4/src/lib.rs --error-format=json --json=diagnostic-rendered-ansi,artifacts,future-incompat --crate-type lib --emit=dep-info,metadata,link -C embed-bitcode=no -C debuginfo=2 --check-cfg 'cfg(docsrs,test)' --check-cfg 'cfg(feature, values())' -C metadata=65caab2029baeaaf -C extra-filename=-82bbc49cfe90c9de --out-dir /app/target/debug/deps -L dependency=/app/target/debug/deps --cap-lints allow`
   Compiling bit-vec v0.8.0
     Running `/home/jules/.rustup/toolchains/stable-x86_64-unknown-linux-gnu/bin/rustc --crate-name bit_vec --edition=2015 /home/jules/.cargo/registry/src/index.crates.io-1949cf8c6b5b557f/bit-vec-0.8.0/src/lib.rs --error-format=json --json=diagnostic-rendered-ansi,artifacts,future-incompat --crate-type lib --emit=dep-info,metadata,link -C embed-bitcode=no -C debuginfo=2 --cfg 'feature="default"' --cfg 'feature="std"' --check-cfg 'cfg(docsrs,test)' --check-cfg 'cfg(feature, values("borsh", "borsh_std", "default", "miniserde", "nanoserde", "serde", "serde_no_std", "serde_std", "std"))' -C metadata=17979d5ee2589ef9 -C extra-filename=-bcfd2c47e4b75695 --out-dir /app/target/debug/deps -L dependency=/app/target/debug/deps --cap-lints allow`
       Fresh tokmd-analysis-imports v1.8.1 (/app/crates/tokmd-analysis-imports)
   Compiling openssl-probe v0.2.1
     Running `/home/jules/.rustup/toolchains/stable-x86_64-unknown-linux-gnu/bin/rustc --crate-name openssl_probe --edition=2021 /home/jules/.cargo/registry/src/index.crates.io-1949cf8c6b5b557f/openssl-probe-0.2.1/src/lib.rs --error-format=json --json=diagnostic-rendered-ansi,artifacts,future-incompat --crate-type lib --emit=dep-info,metadata,link -C embed-bitcode=no -C debuginfo=2 --check-cfg 'cfg(docsrs,test)' --check-cfg 'cfg(feature, values())' -C metadata=bf0fb3ef8dd48ed1 -C extra-filename=-ade1a60c92b704d3 --out-dir /app/target/debug/deps -L dependency=/app/target/debug/deps --cap-lints allow`
       Fresh unit-prefix v0.5.2
   Compiling tower-layer v0.3.3
     Running `/home/jules/.rustup/toolchains/stable-x86_64-unknown-linux-gnu/bin/rustc --crate-name tower_layer --edition=2018 /home/jules/.cargo/registry/src/index.crates.io-1949cf8c6b5b557f/tower-layer-0.3.3/src/lib.rs --error-format=json --json=diagnostic-rendered-ansi,artifacts,future-incompat --crate-type lib --emit=dep-info,metadata,link -C embed-bitcode=no -C debuginfo=2 --check-cfg 'cfg(docsrs,test)' --check-cfg 'cfg(feature, values())' -C metadata=689143cb601947a2 -C extra-filename=-5799312bcbd3a3f1 --out-dir /app/target/debug/deps -L dependency=/app/target/debug/deps --cap-lints allow`
       Fresh ryu v1.0.23
       Fresh rustc-hash v2.1.1
       Fresh option-ext v0.2.0
   Compiling ipnet v2.12.0
     Running `/home/jules/.rustup/toolchains/stable-x86_64-unknown-linux-gnu/bin/rustc --crate-name ipnet --edition=2018 /home/jules/.cargo/registry/src/index.crates.io-1949cf8c6b5b557f/ipnet-2.12.0/src/lib.rs --error-format=json --json=diagnostic-rendered-ansi,artifacts,future-incompat --crate-type lib --emit=dep-info,metadata,link -C embed-bitcode=no -C debuginfo=2 --cfg 'feature="default"' --cfg 'feature="std"' --check-cfg 'cfg(docsrs,test)' --check-cfg 'cfg(feature, values("default", "heapless", "json", "schemars", "schemars08", "schemars1", "ser_as_str", "serde", "std"))' -C metadata=f83bf8c4a3dbd7ab -C extra-filename=-9959a7a968a8c781 --out-dir /app/target/debug/deps -L dependency=/app/target/debug/deps --cap-lints allow`
   Compiling tower v0.5.3
     Running `/home/jules/.rustup/toolchains/stable-x86_64-unknown-linux-gnu/bin/rustc --crate-name tower --edition=2018 /home/jules/.cargo/registry/src/index.crates.io-1949cf8c6b5b557f/tower-0.5.3/src/lib.rs --error-format=json --json=diagnostic-rendered-ansi,artifacts,future-incompat --crate-type lib --emit=dep-info,metadata,link -C embed-bitcode=no -C debuginfo=2 --cfg 'feature="futures-core"' --cfg 'feature="futures-util"' --cfg 'feature="pin-project-lite"' --cfg 'feature="retry"' --cfg 'feature="sync_wrapper"' --cfg 'feature="timeout"' --cfg 'feature="tokio"' --cfg 'feature="util"' --check-cfg 'cfg(docsrs,test)' --check-cfg 'cfg(feature, values("balance", "buffer", "discover", "filter", "full", "futures-core", "futures-util", "hdrhistogram", "hedge", "indexmap", "limit", "load", "load-shed", "log", "make", "pin-project-lite", "ready-cache", "reconnect", "retry", "slab", "spawn-ready", "steer", "sync_wrapper", "timeout", "tokio", "tokio-stream", "tokio-util", "tracing", "util"))' -C metadata=a620583c27e1e281 -C extra-filename=-27ac46d94d15a3b5 --out-dir /app/target/debug/deps -L dependency=/app/target/debug/deps --extern futures_core=/app/target/debug/deps/libfutures_core-a6049477db3e920d.rmeta --extern futures_util=/app/target/debug/deps/libfutures_util-68bf32b7e585eeac.rmeta --extern pin_project_lite=/app/target/debug/deps/libpin_project_lite-3d1e25234effa67a.rmeta --extern sync_wrapper=/app/target/debug/deps/libsync_wrapper-a379a15ef926ba37.rmeta --extern tokio=/app/target/debug/deps/libtokio-2aeedef1a36ad1fc.rmeta --extern tower_layer=/app/target/debug/deps/libtower_layer-5799312bcbd3a3f1.rmeta --extern tower_service=/app/target/debug/deps/libtower_service-7154d326c7b14509.rmeta --cap-lints allow`
       Fresh dirs-sys v0.5.0
   Compiling tokmd-analysis-near-dup v1.8.1 (/app/crates/tokmd-analysis-near-dup)
     Running `/home/jules/.rustup/toolchains/stable-x86_64-unknown-linux-gnu/bin/rustc --crate-name tokmd_analysis_near_dup --edition=2024 crates/tokmd-analysis-near-dup/src/lib.rs --error-format=json --json=diagnostic-rendered-ansi,artifacts,future-incompat --crate-type lib --emit=dep-info,metadata,link -C embed-bitcode=no -C debuginfo=2 --check-cfg 'cfg(docsrs,test)' --check-cfg 'cfg(feature, values())' -C metadata=71ac65c8c1ca1802 -C extra-filename=-502576a782fd7824 --out-dir /app/target/debug/deps -C incremental=/app/target/debug/incremental -L dependency=/app/target/debug/deps --extern anyhow=/app/target/debug/deps/libanyhow-1c897acad9a38b79.rmeta --extern globset=/app/target/debug/deps/libglobset-4bdc1c4b11d9c964.rmeta --extern rustc_hash=/app/target/debug/deps/librustc_hash-66d95c27dec1f3b0.rmeta --extern tokmd_analysis_types=/app/target/debug/deps/libtokmd_analysis_types-b8471925ca3eea4f.rmeta --extern tokmd_types=/app/target/debug/deps/libtokmd_types-e5279a60750fb027.rmeta -L native=/app/target/debug/build/blake3-12e682763928d5d8/out -L native=/app/target/debug/build/blake3-12e682763928d5d8/out`
   Compiling hyper-util v0.1.20
     Running `/home/jules/.rustup/toolchains/stable-x86_64-unknown-linux-gnu/bin/rustc --crate-name hyper_util --edition=2021 /home/jules/.cargo/registry/src/index.crates.io-1949cf8c6b5b557f/hyper-util-0.1.20/src/lib.rs --error-format=json --json=diagnostic-rendered-ansi,artifacts,future-incompat --crate-type lib --emit=dep-info,metadata,link -C embed-bitcode=no -C debuginfo=2 --cfg 'feature="client"' --cfg 'feature="client-legacy"' --cfg 'feature="client-proxy"' --cfg 'feature="default"' --cfg 'feature="http1"' --cfg 'feature="http2"' --cfg 'feature="tokio"' --check-cfg 'cfg(docsrs,test)' --check-cfg 'cfg(feature, values("__internal_happy_eyeballs_tests", "client", "client-legacy", "client-pool", "client-proxy", "client-proxy-system", "default", "full", "http1", "http2", "server", "server-auto", "server-graceful", "service", "tokio", "tracing"))' -C metadata=6c803edaa82f083c -C extra-filename=-6362aac5846a40d6 --out-dir /app/target/debug/deps -L dependency=/app/target/debug/deps --extern base64=/app/target/debug/deps/libbase64-5ec41e4236db44dc.rmeta --extern bytes=/app/target/debug/deps/libbytes-7700b1df813bc0a9.rmeta --extern futures_channel=/app/target/debug/deps/libfutures_channel-75b5d2424142e51e.rmeta --extern futures_util=/app/target/debug/deps/libfutures_util-68bf32b7e585eeac.rmeta --extern http=/app/target/debug/deps/libhttp-bd859b3c6ad2874c.rmeta --extern http_body=/app/target/debug/deps/libhttp_body-0b82d526501bf8d0.rmeta --extern hyper=/app/target/debug/deps/libhyper-3d00d56e24d411fb.rmeta --extern ipnet=/app/target/debug/deps/libipnet-9959a7a968a8c781.rmeta --extern libc=/app/target/debug/deps/liblibc-3a1e456fed0d9fcc.rmeta --extern percent_encoding=/app/target/debug/deps/libpercent_encoding-59af404988bd156b.rmeta --extern pin_project_lite=/app/target/debug/deps/libpin_project_lite-3d1e25234effa67a.rmeta --extern socket2=/app/target/debug/deps/libsocket2-493e030fe651d28d.rmeta --extern tokio=/app/target/debug/deps/libtokio-2aeedef1a36ad1fc.rmeta --extern tower_service=/app/target/debug/deps/libtower_service-7154d326c7b14509.rmeta --extern tracing=/app/target/debug/deps/libtracing-0a7a0cec04a2a145.rmeta --cap-lints allow`
       Fresh csv v1.4.0
       Fresh indicatif v0.18.4
   Compiling rustls-native-certs v0.8.3
     Running `/home/jules/.rustup/toolchains/stable-x86_64-unknown-linux-gnu/bin/rustc --crate-name rustls_native_certs --edition=2021 /home/jules/.cargo/registry/src/index.crates.io-1949cf8c6b5b557f/rustls-native-certs-0.8.3/src/lib.rs --error-format=json --json=diagnostic-rendered-ansi,artifacts,future-incompat --crate-type lib --emit=dep-info,metadata,link -C embed-bitcode=no -C debuginfo=2 --check-cfg 'cfg(docsrs,test)' --check-cfg 'cfg(feature, values())' -C metadata=257701d733be1e15 -C extra-filename=-f80b3093b6d65791 --out-dir /app/target/debug/deps -L dependency=/app/target/debug/deps --extern openssl_probe=/app/target/debug/deps/libopenssl_probe-ade1a60c92b704d3.rmeta --extern pki_types=/app/target/debug/deps/librustls_pki_types-30b00bdbcf8c70b4.rmeta --cap-lints allow`
   Compiling tokmd-analysis-content v1.8.1 (/app/crates/tokmd-analysis-content)
     Running `/home/jules/.rustup/toolchains/stable-x86_64-unknown-linux-gnu/bin/rustc --crate-name tokmd_analysis_content --edition=2024 crates/tokmd-analysis-content/src/lib.rs --error-format=json --json=diagnostic-rendered-ansi,artifacts,future-incompat --crate-type lib --emit=dep-info,metadata,link -C embed-bitcode=no -C debuginfo=2 --check-cfg 'cfg(docsrs,test)' --check-cfg 'cfg(feature, values())' -C metadata=9853da18ded976b3 -C extra-filename=-377a5e3c932c3e50 --out-dir /app/target/debug/deps -C incremental=/app/target/debug/incremental -L dependency=/app/target/debug/deps --extern anyhow=/app/target/debug/deps/libanyhow-1c897acad9a38b79.rmeta --extern blake3=/app/target/debug/deps/libblake3-ba57c91f91dea2f8.rmeta --extern tokmd_analysis_imports=/app/target/debug/deps/libtokmd_analysis_imports-0253b6beef872f17.rmeta --extern tokmd_analysis_types=/app/target/debug/deps/libtokmd_analysis_types-b8471925ca3eea4f.rmeta --extern tokmd_analysis_util=/app/target/debug/deps/libtokmd_analysis_util-4b1624821dfda173.rmeta --extern tokmd_content=/app/target/debug/deps/libtokmd_content-f6de0921ce0a9b32.rmeta --extern tokmd_math=/app/target/debug/deps/libtokmd_math-3f89e1d812553617.rmeta --extern tokmd_types=/app/target/debug/deps/libtokmd_types-e5279a60750fb027.rmeta -L native=/app/target/debug/build/blake3-12e682763928d5d8/out -L native=/app/target/debug/build/blake3-12e682763928d5d8/out`
   Compiling bit-set v0.8.0
     Running `/home/jules/.rustup/toolchains/stable-x86_64-unknown-linux-gnu/bin/rustc --crate-name bit_set --edition=2015 /home/jules/.cargo/registry/src/index.crates.io-1949cf8c6b5b557f/bit-set-0.8.0/src/lib.rs --error-format=json --json=diagnostic-rendered-ansi,artifacts,future-incompat --crate-type lib --emit=dep-info,metadata,link -C embed-bitcode=no -C debuginfo=2 --cfg 'feature="default"' --cfg 'feature="std"' --check-cfg 'cfg(docsrs,test)' --check-cfg 'cfg(feature, values("default", "serde", "std"))' -C metadata=ead4ffafa56441ea -C extra-filename=-248f2d1f1efbd76b --out-dir /app/target/debug/deps -L dependency=/app/target/debug/deps --extern bit_vec=/app/target/debug/deps/libbit_vec-bcfd2c47e4b75695.rmeta --cap-lints allow`
   Compiling idna v1.1.0
     Running `/home/jules/.rustup/toolchains/stable-x86_64-unknown-linux-gnu/bin/rustc --crate-name idna --edition=2018 /home/jules/.cargo/registry/src/index.crates.io-1949cf8c6b5b557f/idna-1.1.0/src/lib.rs --error-format=json --json=diagnostic-rendered-ansi,artifacts,future-incompat --crate-type lib --emit=dep-info,metadata,link -C embed-bitcode=no -C debuginfo=2 --cfg 'feature="alloc"' --cfg 'feature="compiled_data"' --cfg 'feature="default"' --cfg 'feature="std"' --check-cfg 'cfg(docsrs,test)' --check-cfg 'cfg(feature, values("alloc", "compiled_data", "default", "std"))' -C metadata=613c001813582214 -C extra-filename=-6ac9e8b9d693dbe7 --out-dir /app/target/debug/deps -L dependency=/app/target/debug/deps --extern idna_adapter=/app/target/debug/deps/libidna_adapter-d7b2df6dc93efa20.rmeta --extern smallvec=/app/target/debug/deps/libsmallvec-30bf535ec43d4a3a.rmeta --extern utf8_iter=/app/target/debug/deps/libutf8_iter-82bbc49cfe90c9de.rmeta --cap-lints allow`
   Compiling tokmd-scan-args v1.8.1 (/app/crates/tokmd-scan-args)
     Running `/home/jules/.rustup/toolchains/stable-x86_64-unknown-linux-gnu/bin/rustc --crate-name tokmd_scan_args --edition=2024 crates/tokmd-scan-args/src/lib.rs --error-format=json --json=diagnostic-rendered-ansi,artifacts,future-incompat --crate-type lib --emit=dep-info,metadata,link -C embed-bitcode=no -C debuginfo=2 --check-cfg 'cfg(docsrs,test)' --check-cfg 'cfg(feature, values())' -C metadata=25433caa9c3209ea -C extra-filename=-d84ccedc6d110f84 --out-dir /app/target/debug/deps -C incremental=/app/target/debug/incremental -L dependency=/app/target/debug/deps --extern tokmd_path=/app/target/debug/deps/libtokmd_path-87b15609bfd71d35.rmeta --extern tokmd_redact=/app/target/debug/deps/libtokmd_redact-af0c0f93816e264f.rmeta --extern tokmd_settings=/app/target/debug/deps/libtokmd_settings-a376241a548bc356.rmeta --extern tokmd_types=/app/target/debug/deps/libtokmd_types-e5279a60750fb027.rmeta -L native=/app/target/debug/build/blake3-12e682763928d5d8/out -L native=/app/target/debug/build/blake3-12e682763928d5d8/out`
     Running `/home/jules/.rustup/toolchains/stable-x86_64-unknown-linux-gnu/bin/rustc --crate-name ref_cast --edition=2021 /home/jules/.cargo/registry/src/index.crates.io-1949cf8c6b5b557f/ref-cast-1.0.25/src/lib.rs --error-format=json --json=diagnostic-rendered-ansi,artifacts,future-incompat --crate-type lib --emit=dep-info,metadata,link -C embed-bitcode=no -C debuginfo=2 --check-cfg 'cfg(docsrs,test)' --check-cfg 'cfg(feature, values())' -C metadata=6e66afd3cd44d825 -C extra-filename=-86292d7c7b3ae5c6 --out-dir /app/target/debug/deps -L dependency=/app/target/debug/deps --extern ref_cast_impl=/app/target/debug/deps/libref_cast_impl-c48c41b3b019d49d.so --cap-lints allow --check-cfg 'cfg(no_intrinsic_type_name)' --check-cfg 'cfg(no_phantom_pinned)'`
   Compiling tokmd-config v1.8.1 (/app/crates/tokmd-config)
     Running `/home/jules/.rustup/toolchains/stable-x86_64-unknown-linux-gnu/bin/rustc --crate-name tokmd_config --edition=2024 crates/tokmd-config/src/lib.rs --error-format=json --json=diagnostic-rendered-ansi,artifacts,future-incompat --crate-type lib --emit=dep-info,metadata,link -C embed-bitcode=no -C debuginfo=2 --check-cfg 'cfg(docsrs,test)' --check-cfg 'cfg(feature, values())' -C metadata=7ffd59595368ff18 -C extra-filename=-907d875de830b68a --out-dir /app/target/debug/deps -C incremental=/app/target/debug/incremental -L dependency=/app/target/debug/deps --extern clap=/app/target/debug/deps/libclap-37855d5caa945650.rmeta --extern serde=/app/target/debug/deps/libserde-2ddf37aa57423e14.rmeta --extern serde_json=/app/target/debug/deps/libserde_json-02554ac7efa4e2d5.rmeta --extern tokmd_settings=/app/target/debug/deps/libtokmd_settings-a376241a548bc356.rmeta --extern tokmd_tool_schema=/app/target/debug/deps/libtokmd_tool_schema-750660505fe02567.rmeta --extern tokmd_types=/app/target/debug/deps/libtokmd_types-e5279a60750fb027.rmeta`
   Compiling tokmd-analysis-derived v1.8.1 (/app/crates/tokmd-analysis-derived)
     Running `/home/jules/.rustup/toolchains/stable-x86_64-unknown-linux-gnu/bin/rustc --crate-name tokmd_analysis_derived --edition=2024 crates/tokmd-analysis-derived/src/lib.rs --error-format=json --json=diagnostic-rendered-ansi,artifacts,future-incompat --crate-type lib --emit=dep-info,metadata,link -C embed-bitcode=no -C debuginfo=2 --check-cfg 'cfg(docsrs,test)' --check-cfg 'cfg(feature, values())' -C metadata=916cfad9ffee433c -C extra-filename=-0238f5588105f72f --out-dir /app/target/debug/deps -C incremental=/app/target/debug/incremental -L dependency=/app/target/debug/deps --extern blake3=/app/target/debug/deps/libblake3-ba57c91f91dea2f8.rmeta --extern tokmd_analysis_types=/app/target/debug/deps/libtokmd_analysis_types-b8471925ca3eea4f.rmeta --extern tokmd_analysis_util=/app/target/debug/deps/libtokmd_analysis_util-4b1624821dfda173.rmeta --extern tokmd_export_tree=/app/target/debug/deps/libtokmd_export_tree-393431f45ac57c2b.rmeta --extern tokmd_math=/app/target/debug/deps/libtokmd_math-3f89e1d812553617.rmeta --extern tokmd_types=/app/target/debug/deps/libtokmd_types-e5279a60750fb027.rmeta -L native=/app/target/debug/build/blake3-12e682763928d5d8/out -L native=/app/target/debug/build/blake3-12e682763928d5d8/out`
   Compiling tokmd-analysis-complexity v1.8.1 (/app/crates/tokmd-analysis-complexity)
     Running `/home/jules/.rustup/toolchains/stable-x86_64-unknown-linux-gnu/bin/rustc --crate-name tokmd_analysis_complexity --edition=2024 crates/tokmd-analysis-complexity/src/lib.rs --error-format=json --json=diagnostic-rendered-ansi,artifacts,future-incompat --crate-type lib --emit=dep-info,metadata,link -C embed-bitcode=no -C debuginfo=2 --check-cfg 'cfg(docsrs,test)' --check-cfg 'cfg(feature, values())' -C metadata=81561d2a5b61ea87 -C extra-filename=-d84d29349c19a807 --out-dir /app/target/debug/deps -C incremental=/app/target/debug/incremental -L dependency=/app/target/debug/deps --extern anyhow=/app/target/debug/deps/libanyhow-1c897acad9a38b79.rmeta --extern tokmd_analysis_maintainability=/app/target/debug/deps/libtokmd_analysis_maintainability-0fddc19868df3cc8.rmeta --extern tokmd_analysis_types=/app/target/debug/deps/libtokmd_analysis_types-b8471925ca3eea4f.rmeta --extern tokmd_analysis_util=/app/target/debug/deps/libtokmd_analysis_util-4b1624821dfda173.rmeta --extern tokmd_content=/app/target/debug/deps/libtokmd_content-f6de0921ce0a9b32.rmeta --extern tokmd_types=/app/target/debug/deps/libtokmd_types-e5279a60750fb027.rmeta -L native=/app/target/debug/build/blake3-12e682763928d5d8/out -L native=/app/target/debug/build/blake3-12e682763928d5d8/out`
       Fresh tokmd-fun v1.8.1 (/app/crates/tokmd-fun)
   Compiling num-rational v0.4.2
     Running `/home/jules/.rustup/toolchains/stable-x86_64-unknown-linux-gnu/bin/rustc --crate-name num_rational --edition=2021 /home/jules/.cargo/registry/src/index.crates.io-1949cf8c6b5b557f/num-rational-0.4.2/src/lib.rs --error-format=json --json=diagnostic-rendered-ansi,artifacts,future-incompat --crate-type lib --emit=dep-info,metadata,link -C embed-bitcode=no -C debuginfo=2 --cfg 'feature="num-bigint"' --cfg 'feature="num-bigint-std"' --cfg 'feature="std"' --check-cfg 'cfg(docsrs,test)' --check-cfg 'cfg(feature, values("default", "num-bigint", "num-bigint-std", "serde", "std"))' -C metadata=75fb9fbd14b67510 -C extra-filename=-4bd29ba5ceda0f10 --out-dir /app/target/debug/deps -L dependency=/app/target/debug/deps --extern num_bigint=/app/target/debug/deps/libnum_bigint-3dd6f040f015798c.rmeta --extern num_integer=/app/target/debug/deps/libnum_integer-7fb75ab0740a5258.rmeta --extern num_traits=/app/target/debug/deps/libnum_traits-f44bd77d245e0ec0.rmeta --cap-lints allow`
     Running `/app/target/debug/build/ahash-16258a42a77c2bf1/build-script-build`
   Compiling tokio-rustls v0.26.4
     Running `/home/jules/.rustup/toolchains/stable-x86_64-unknown-linux-gnu/bin/rustc --crate-name tokio_rustls --edition=2021 /home/jules/.cargo/registry/src/index.crates.io-1949cf8c6b5b557f/tokio-rustls-0.26.4/src/lib.rs --error-format=json --json=diagnostic-rendered-ansi,artifacts,future-incompat --crate-type lib --emit=dep-info,metadata,link -C embed-bitcode=no -C debuginfo=2 --cfg 'feature="tls12"' --check-cfg 'cfg(docsrs,test)' --check-cfg 'cfg(feature, values("aws-lc-rs", "aws_lc_rs", "brotli", "default", "early-data", "fips", "logging", "ring", "tls12", "zlib"))' -C metadata=94a174cb50a63a57 -C extra-filename=-bf444f4bcef4b764 --out-dir /app/target/debug/deps -L dependency=/app/target/debug/deps --extern rustls=/app/target/debug/deps/librustls-19b1f5d656603c35.rmeta --extern tokio=/app/target/debug/deps/libtokio-2aeedef1a36ad1fc.rmeta --cap-lints allow -L native=/app/target/debug/build/ring-7e163c8f3c6760a9/out`
   Compiling tokmd-analysis-assets v1.8.1 (/app/crates/tokmd-analysis-assets)
     Running `/home/jules/.rustup/toolchains/stable-x86_64-unknown-linux-gnu/bin/rustc --crate-name tokmd_analysis_assets --edition=2024 crates/tokmd-analysis-assets/src/lib.rs --error-format=json --json=diagnostic-rendered-ansi,artifacts,future-incompat --crate-type lib --emit=dep-info,metadata,link -C embed-bitcode=no -C debuginfo=2 --check-cfg 'cfg(docsrs,test)' --check-cfg 'cfg(feature, values())' -C metadata=12028e4875df44a7 -C extra-filename=-c351a43041f18b94 --out-dir /app/target/debug/deps -C incremental=/app/target/debug/incremental -L dependency=/app/target/debug/deps --extern anyhow=/app/target/debug/deps/libanyhow-1c897acad9a38b79.rmeta --extern serde_json=/app/target/debug/deps/libserde_json-02554ac7efa4e2d5.rmeta --extern tokmd_analysis_types=/app/target/debug/deps/libtokmd_analysis_types-b8471925ca3eea4f.rmeta --extern tokmd_walk=/app/target/debug/deps/libtokmd_walk-7ca807a5efe6e3f5.rmeta -L native=/app/target/debug/build/blake3-12e682763928d5d8/out -L native=/app/target/debug/build/blake3-12e682763928d5d8/out`
   Compiling tokmd-analysis-license v1.8.1 (/app/crates/tokmd-analysis-license)
     Running `/home/jules/.rustup/toolchains/stable-x86_64-unknown-linux-gnu/bin/rustc --crate-name tokmd_analysis_license --edition=2024 crates/tokmd-analysis-license/src/lib.rs --error-format=json --json=diagnostic-rendered-ansi,artifacts,future-incompat --crate-type lib --emit=dep-info,metadata,link -C embed-bitcode=no -C debuginfo=2 --check-cfg 'cfg(docsrs,test)' --check-cfg 'cfg(feature, values())' -C metadata=60810f0764bce175 -C extra-filename=-60825c4c0a60139b --out-dir /app/target/debug/deps -C incremental=/app/target/debug/incremental -L dependency=/app/target/debug/deps --extern anyhow=/app/target/debug/deps/libanyhow-1c897acad9a38b79.rmeta --extern serde_json=/app/target/debug/deps/libserde_json-02554ac7efa4e2d5.rmeta --extern tokmd_analysis_types=/app/target/debug/deps/libtokmd_analysis_types-b8471925ca3eea4f.rmeta --extern tokmd_analysis_util=/app/target/debug/deps/libtokmd_analysis_util-4b1624821dfda173.rmeta --extern tokmd_content=/app/target/debug/deps/libtokmd_content-f6de0921ce0a9b32.rmeta --extern tokmd_walk=/app/target/debug/deps/libtokmd_walk-7ca807a5efe6e3f5.rmeta -L native=/app/target/debug/build/blake3-12e682763928d5d8/out -L native=/app/target/debug/build/blake3-12e682763928d5d8/out`
   Compiling num-iter v0.1.45
     Running `/home/jules/.rustup/toolchains/stable-x86_64-unknown-linux-gnu/bin/rustc --crate-name num_iter --edition=2018 /home/jules/.cargo/registry/src/index.crates.io-1949cf8c6b5b557f/num-iter-0.1.45/src/lib.rs --error-format=json --json=diagnostic-rendered-ansi,artifacts,future-incompat --crate-type lib --emit=dep-info,metadata,link -C embed-bitcode=no -C debuginfo=2 --cfg 'feature="i128"' --cfg 'feature="std"' --check-cfg 'cfg(docsrs,test)' --check-cfg 'cfg(feature, values("default", "i128", "std"))' -C metadata=a8cfbd5e0bb5d541 -C extra-filename=-d4f5b75d8a213951 --out-dir /app/target/debug/deps -L dependency=/app/target/debug/deps --extern num_integer=/app/target/debug/deps/libnum_integer-7fb75ab0740a5258.rmeta --extern num_traits=/app/target/debug/deps/libnum_traits-f44bd77d245e0ec0.rmeta --cap-lints allow`
   Compiling tokmd-analysis-html v1.8.1 (/app/crates/tokmd-analysis-html)
     Running `/home/jules/.rustup/toolchains/stable-x86_64-unknown-linux-gnu/bin/rustc --crate-name tokmd_analysis_html --edition=2024 crates/tokmd-analysis-html/src/lib.rs --error-format=json --json=diagnostic-rendered-ansi,artifacts,future-incompat --crate-type lib --emit=dep-info,metadata,link -C embed-bitcode=no -C debuginfo=2 --check-cfg 'cfg(docsrs,test)' --check-cfg 'cfg(feature, values())' -C metadata=ad5ba389e39d238e -C extra-filename=-fe417b4a67878813 --out-dir /app/target/debug/deps -C incremental=/app/target/debug/incremental -L dependency=/app/target/debug/deps --extern serde_json=/app/target/debug/deps/libserde_json-02554ac7efa4e2d5.rmeta --extern time=/app/target/debug/deps/libtime-ff5916d77934ff1e.rmeta --extern tokmd_analysis_types=/app/target/debug/deps/libtokmd_analysis_types-b8471925ca3eea4f.rmeta -L native=/app/target/debug/build/blake3-12e682763928d5d8/out -L native=/app/target/debug/build/blake3-12e682763928d5d8/out`
   Compiling tokmd-analysis-api-surface v1.8.1 (/app/crates/tokmd-analysis-api-surface)
     Running `/home/jules/.rustup/toolchains/stable-x86_64-unknown-linux-gnu/bin/rustc --crate-name tokmd_analysis_api_surface --edition=2024 crates/tokmd-analysis-api-surface/src/lib.rs --error-format=json --json=diagnostic-rendered-ansi,artifacts,future-incompat --crate-type lib --emit=dep-info,metadata,link -C embed-bitcode=no -C debuginfo=2 --check-cfg 'cfg(docsrs,test)' --check-cfg 'cfg(feature, values())' -C metadata=50f615014db9921e -C extra-filename=-dbe1618ad8a8d77e --out-dir /app/target/debug/deps -C incremental=/app/target/debug/incremental -L dependency=/app/target/debug/deps --extern anyhow=/app/target/debug/deps/libanyhow-1c897acad9a38b79.rmeta --extern tokmd_analysis_types=/app/target/debug/deps/libtokmd_analysis_types-b8471925ca3eea4f.rmeta --extern tokmd_analysis_util=/app/target/debug/deps/libtokmd_analysis_util-4b1624821dfda173.rmeta --extern tokmd_content=/app/target/debug/deps/libtokmd_content-f6de0921ce0a9b32.rmeta --extern tokmd_types=/app/target/debug/deps/libtokmd_types-e5279a60750fb027.rmeta -L native=/app/target/debug/build/blake3-12e682763928d5d8/out -L native=/app/target/debug/build/blake3-12e682763928d5d8/out`
   Compiling tokmd-analysis-entropy v1.8.1 (/app/crates/tokmd-analysis-entropy)
     Running `/home/jules/.rustup/toolchains/stable-x86_64-unknown-linux-gnu/bin/rustc --crate-name tokmd_analysis_entropy --edition=2024 crates/tokmd-analysis-entropy/src/lib.rs --error-format=json --json=diagnostic-rendered-ansi,artifacts,future-incompat --crate-type lib --emit=dep-info,metadata,link -C embed-bitcode=no -C debuginfo=2 --check-cfg 'cfg(docsrs,test)' --check-cfg 'cfg(feature, values())' -C metadata=56f8fcd9a8c2835e -C extra-filename=-03159959fe9c0102 --out-dir /app/target/debug/deps -C incremental=/app/target/debug/incremental -L dependency=/app/target/debug/deps --extern anyhow=/app/target/debug/deps/libanyhow-1c897acad9a38b79.rmeta --extern tokmd_analysis_types=/app/target/debug/deps/libtokmd_analysis_types-b8471925ca3eea4f.rmeta --extern tokmd_analysis_util=/app/target/debug/deps/libtokmd_analysis_util-4b1624821dfda173.rmeta --extern tokmd_content=/app/target/debug/deps/libtokmd_content-f6de0921ce0a9b32.rmeta --extern tokmd_types=/app/target/debug/deps/libtokmd_types-e5279a60750fb027.rmeta -L native=/app/target/debug/build/blake3-12e682763928d5d8/out -L native=/app/target/debug/build/blake3-12e682763928d5d8/out`
   Compiling tokmd-analysis-git v1.8.1 (/app/crates/tokmd-analysis-git)
     Running `/home/jules/.rustup/toolchains/stable-x86_64-unknown-linux-gnu/bin/rustc --crate-name tokmd_analysis_git --edition=2024 crates/tokmd-analysis-git/src/lib.rs --error-format=json --json=diagnostic-rendered-ansi,artifacts,future-incompat --crate-type lib --emit=dep-info,metadata,link -C embed-bitcode=no -C debuginfo=2 --check-cfg 'cfg(docsrs,test)' --check-cfg 'cfg(feature, values())' -C metadata=122897a8e81d7a77 -C extra-filename=-8deee2f9aade6d71 --out-dir /app/target/debug/deps -C incremental=/app/target/debug/incremental -L dependency=/app/target/debug/deps --extern anyhow=/app/target/debug/deps/libanyhow-1c897acad9a38b79.rmeta --extern tokmd_analysis_types=/app/target/debug/deps/libtokmd_analysis_types-b8471925ca3eea4f.rmeta --extern tokmd_analysis_util=/app/target/debug/deps/libtokmd_analysis_util-4b1624821dfda173.rmeta --extern tokmd_git=/app/target/debug/deps/libtokmd_git-b3c6d5e93cb11ab2.rmeta --extern tokmd_math=/app/target/debug/deps/libtokmd_math-3f89e1d812553617.rmeta --extern tokmd_types=/app/target/debug/deps/libtokmd_types-e5279a60750fb027.rmeta -L native=/app/target/debug/build/blake3-12e682763928d5d8/out -L native=/app/target/debug/build/blake3-12e682763928d5d8/out`
   Compiling tokmd-analysis-fingerprint v1.8.1 (/app/crates/tokmd-analysis-fingerprint)
     Running `/home/jules/.rustup/toolchains/stable-x86_64-unknown-linux-gnu/bin/rustc --crate-name tokmd_analysis_fingerprint --edition=2024 crates/tokmd-analysis-fingerprint/src/lib.rs --error-format=json --json=diagnostic-rendered-ansi,artifacts,future-incompat --crate-type lib --emit=dep-info,metadata,link -C embed-bitcode=no -C debuginfo=2 --check-cfg 'cfg(docsrs,test)' --check-cfg 'cfg(feature, values())' -C metadata=29b7f86c75234980 -C extra-filename=-41fef68e9b737fa7 --out-dir /app/target/debug/deps -C incremental=/app/target/debug/incremental -L dependency=/app/target/debug/deps --extern tokmd_analysis_types=/app/target/debug/deps/libtokmd_analysis_types-b8471925ca3eea4f.rmeta --extern tokmd_git=/app/target/debug/deps/libtokmd_git-b3c6d5e93cb11ab2.rmeta -L native=/app/target/debug/build/blake3-12e682763928d5d8/out -L native=/app/target/debug/build/blake3-12e682763928d5d8/out`
   Compiling tokmd-analysis-effort v1.8.1 (/app/crates/tokmd-analysis-effort)
     Running `/home/jules/.rustup/toolchains/stable-x86_64-unknown-linux-gnu/bin/rustc --crate-name tokmd_analysis_effort --edition=2024 crates/tokmd-analysis-effort/src/lib.rs --error-format=json --json=diagnostic-rendered-ansi,artifacts,future-incompat --crate-type lib --emit=dep-info,metadata,link -C embed-bitcode=no -C debuginfo=2 --cfg 'feature="default"' --cfg 'feature="git"' --check-cfg 'cfg(docsrs,test)' --check-cfg 'cfg(feature, values("default", "git"))' -C metadata=fb9a06107b668dd6 -C extra-filename=-a567573c1f8f426a --out-dir /app/target/debug/deps -C incremental=/app/target/debug/incremental -L dependency=/app/target/debug/deps --extern anyhow=/app/target/debug/deps/libanyhow-1c897acad9a38b79.rmeta --extern tokmd_analysis_types=/app/target/debug/deps/libtokmd_analysis_types-b8471925ca3eea4f.rmeta --extern tokmd_analysis_util=/app/target/debug/deps/libtokmd_analysis_util-4b1624821dfda173.rmeta --extern tokmd_git=/app/target/debug/deps/libtokmd_git-b3c6d5e93cb11ab2.rmeta --extern tokmd_types=/app/target/debug/deps/libtokmd_types-e5279a60750fb027.rmeta -L native=/app/target/debug/build/blake3-12e682763928d5d8/out -L native=/app/target/debug/build/blake3-12e682763928d5d8/out`
   Compiling tokmd-analysis-fun v1.8.1 (/app/crates/tokmd-analysis-fun)
     Running `/home/jules/.rustup/toolchains/stable-x86_64-unknown-linux-gnu/bin/rustc --crate-name tokmd_analysis_fun --edition=2024 crates/tokmd-analysis-fun/src/lib.rs --error-format=json --json=diagnostic-rendered-ansi,artifacts,future-incompat --crate-type lib --emit=dep-info,metadata,link -C embed-bitcode=no -C debuginfo=2 --check-cfg 'cfg(docsrs,test)' --check-cfg 'cfg(feature, values())' -C metadata=96fe2d0a74302ea3 -C extra-filename=-07a30e4723716b4d --out-dir /app/target/debug/deps -C incremental=/app/target/debug/incremental -L dependency=/app/target/debug/deps --extern tokmd_analysis_types=/app/target/debug/deps/libtokmd_analysis_types-b8471925ca3eea4f.rmeta -L native=/app/target/debug/build/blake3-12e682763928d5d8/out -L native=/app/target/debug/build/blake3-12e682763928d5d8/out`
   Compiling tokmd-analysis-archetype v1.8.1 (/app/crates/tokmd-analysis-archetype)
     Running `/home/jules/.rustup/toolchains/stable-x86_64-unknown-linux-gnu/bin/rustc --crate-name tokmd_analysis_archetype --edition=2024 crates/tokmd-analysis-archetype/src/lib.rs --error-format=json --json=diagnostic-rendered-ansi,artifacts,future-incompat --crate-type lib --emit=dep-info,metadata,link -C embed-bitcode=no -C debuginfo=2 --check-cfg 'cfg(docsrs,test)' --check-cfg 'cfg(feature, values())' -C metadata=65133b30e285bbd9 -C extra-filename=-c9b4b0e9b8c44c3b --out-dir /app/target/debug/deps -C incremental=/app/target/debug/incremental -L dependency=/app/target/debug/deps --extern tokmd_analysis_types=/app/target/debug/deps/libtokmd_analysis_types-b8471925ca3eea4f.rmeta --extern tokmd_types=/app/target/debug/deps/libtokmd_types-e5279a60750fb027.rmeta -L native=/app/target/debug/build/blake3-12e682763928d5d8/out -L native=/app/target/debug/build/blake3-12e682763928d5d8/out`
   Compiling tokmd-analysis-topics v1.8.1 (/app/crates/tokmd-analysis-topics)
     Running `/home/jules/.rustup/toolchains/stable-x86_64-unknown-linux-gnu/bin/rustc --crate-name tokmd_analysis_topics --edition=2024 crates/tokmd-analysis-topics/src/lib.rs --error-format=json --json=diagnostic-rendered-ansi,artifacts,future-incompat --crate-type lib --emit=dep-info,metadata,link -C embed-bitcode=no -C debuginfo=2 --check-cfg 'cfg(docsrs,test)' --check-cfg 'cfg(feature, values())' -C metadata=2a4941f551193a23 -C extra-filename=-33240c47b4198c14 --out-dir /app/target/debug/deps -C incremental=/app/target/debug/incremental -L dependency=/app/target/debug/deps --extern tokmd_analysis_types=/app/target/debug/deps/libtokmd_analysis_types-b8471925ca3eea4f.rmeta --extern tokmd_types=/app/target/debug/deps/libtokmd_types-e5279a60750fb027.rmeta -L native=/app/target/debug/build/blake3-12e682763928d5d8/out -L native=/app/target/debug/build/blake3-12e682763928d5d8/out`
       Fresh uuid v1.22.0
   Compiling num-complex v0.4.6
     Running `/home/jules/.rustup/toolchains/stable-x86_64-unknown-linux-gnu/bin/rustc --crate-name num_complex --edition=2021 /home/jules/.cargo/registry/src/index.crates.io-1949cf8c6b5b557f/num-complex-0.4.6/src/lib.rs --error-format=json --json=diagnostic-rendered-ansi,artifacts,future-incompat --crate-type lib --emit=dep-info,metadata,link -C embed-bitcode=no -C debuginfo=2 --cfg 'feature="std"' --check-cfg 'cfg(docsrs,test)' --check-cfg 'cfg(feature, values("bytecheck", "bytemuck", "default", "libm", "rand", "rkyv", "serde", "std"))' -C metadata=7f66de31d82798ff -C extra-filename=-925f230d70058dba --out-dir /app/target/debug/deps -L dependency=/app/target/debug/deps --extern num_traits=/app/target/debug/deps/libnum_traits-f44bd77d245e0ec0.rmeta --cap-lints allow`
   Compiling form_urlencoded v1.2.2
     Running `/home/jules/.rustup/toolchains/stable-x86_64-unknown-linux-gnu/bin/rustc --crate-name form_urlencoded --edition=2018 /home/jules/.cargo/registry/src/index.crates.io-1949cf8c6b5b557f/form_urlencoded-1.2.2/src/lib.rs --error-format=json --json=diagnostic-rendered-ansi,artifacts,future-incompat --crate-type lib --emit=dep-info,metadata,link -C embed-bitcode=no -C debuginfo=2 --cfg 'feature="alloc"' --cfg 'feature="std"' --check-cfg 'cfg(docsrs,test)' --check-cfg 'cfg(feature, values("alloc", "default", "std"))' -C metadata=b1663a65f72cdac5 -C extra-filename=-77207f9e52467aa8 --out-dir /app/target/debug/deps -L dependency=/app/target/debug/deps --extern percent_encoding=/app/target/debug/deps/libpercent_encoding-59af404988bd156b.rmeta --cap-lints allow`
   Compiling wait-timeout v0.2.1
     Running `/home/jules/.rustup/toolchains/stable-x86_64-unknown-linux-gnu/bin/rustc --crate-name wait_timeout --edition=2015 /home/jules/.cargo/registry/src/index.crates.io-1949cf8c6b5b557f/wait-timeout-0.2.1/src/lib.rs --error-format=json --json=diagnostic-rendered-ansi,artifacts,future-incompat --crate-type lib --emit=dep-info,metadata,link -C embed-bitcode=no -C debuginfo=2 --check-cfg 'cfg(docsrs,test)' --check-cfg 'cfg(feature, values())' -C metadata=6659cf72cbb786c1 -C extra-filename=-05c0669f3a315b95 --out-dir /app/target/debug/deps -L dependency=/app/target/debug/deps --extern libc=/app/target/debug/deps/liblibc-3a1e456fed0d9fcc.rmeta --cap-lints allow`
       Fresh shell-words v1.1.1
   Compiling unicode-general-category v1.1.0
     Running `/home/jules/.rustup/toolchains/stable-x86_64-unknown-linux-gnu/bin/rustc --crate-name build_script_build --edition=2018 /home/jules/.cargo/registry/src/index.crates.io-1949cf8c6b5b557f/unicode-general-category-1.1.0/build.rs --error-format=json --json=diagnostic-rendered-ansi,artifacts,future-incompat --crate-type bin --emit=dep-info,link -C embed-bitcode=no --check-cfg 'cfg(docsrs,test)' --check-cfg 'cfg(feature, values())' -C metadata=711ee177c3fd9ca0 -C extra-filename=-079f0d42dd089a07 --out-dir /app/target/debug/build/unicode-general-category-079f0d42dd089a07 -L dependency=/app/target/debug/deps --cap-lints allow`
       Fresh tokmd-module-key v1.8.1 (/app/crates/tokmd-module-key)
   Compiling iri-string v0.7.10
     Running `/home/jules/.rustup/toolchains/stable-x86_64-unknown-linux-gnu/bin/rustc --crate-name iri_string --edition=2021 /home/jules/.cargo/registry/src/index.crates.io-1949cf8c6b5b557f/iri-string-0.7.10/src/lib.rs --error-format=json --json=diagnostic-rendered-ansi,artifacts,future-incompat --crate-type lib --emit=dep-info,metadata,link -C embed-bitcode=no -C debuginfo=2 --cfg 'feature="alloc"' --cfg 'feature="default"' --cfg 'feature="std"' --check-cfg 'cfg(docsrs,test)' --check-cfg 'cfg(feature, values("alloc", "default", "memchr", "serde", "std"))' -C metadata=4214d66cffbe80af -C extra-filename=-6abc47a170c80ae1 --out-dir /app/target/debug/deps -L dependency=/app/target/debug/deps --cap-lints allow`
       Fresh tokmd-analysis-grid v1.8.1 (/app/crates/tokmd-analysis-grid)
   Compiling predicates-core v1.0.10
     Running `/home/jules/.rustup/toolchains/stable-x86_64-unknown-linux-gnu/bin/rustc --crate-name predicates_core --edition=2021 /home/jules/.cargo/registry/src/index.crates.io-1949cf8c6b5b557f/predicates-core-1.0.10/src/lib.rs --error-format=json --json=diagnostic-rendered-ansi,artifacts,future-incompat --crate-type lib --emit=dep-info,metadata,link -C embed-bitcode=no -C debuginfo=2 --check-cfg 'cfg(docsrs,test)' --check-cfg 'cfg(feature, values())' -C metadata=c67dc9d3d5de0551 -C extra-filename=-5dec296e26324dca --out-dir /app/target/debug/deps -L dependency=/app/target/debug/deps --cap-lints allow`
   Compiling borrow-or-share v0.2.4
     Running `/home/jules/.rustup/toolchains/stable-x86_64-unknown-linux-gnu/bin/rustc --crate-name borrow_or_share --edition=2021 /home/jules/.cargo/registry/src/index.crates.io-1949cf8c6b5b557f/borrow-or-share-0.2.4/src/lib.rs --error-format=json --json=diagnostic-rendered-ansi,artifacts,future-incompat --crate-type lib --emit=dep-info,metadata,link -C embed-bitcode=no -C debuginfo=2 --warn=unexpected_cfgs --check-cfg 'cfg(no_rc, no_sync, no_global_oom_handling)' --cfg 'feature="alloc"' --check-cfg 'cfg(docsrs,test)' --check-cfg 'cfg(feature, values("alloc", "default", "std"))' -C metadata=ad42b9ecba48dde6 -C extra-filename=-cca0f77789530da7 --out-dir /app/target/debug/deps -L dependency=/app/target/debug/deps --cap-lints allow`
   Compiling fluent-uri v0.4.1
     Running `/home/jules/.rustup/toolchains/stable-x86_64-unknown-linux-gnu/bin/rustc --crate-name fluent_uri --edition=2021 /home/jules/.cargo/registry/src/index.crates.io-1949cf8c6b5b557f/fluent-uri-0.4.1/src/lib.rs --error-format=json --json=diagnostic-rendered-ansi,artifacts,future-incompat --crate-type lib --emit=dep-info,metadata,link -C embed-bitcode=no -C debuginfo=2 --warn=unexpected_cfgs --check-cfg 'cfg(fluent_uri_unstable, fuzzing)' --cfg 'feature="alloc"' --cfg 'feature="default"' --cfg 'feature="impl-error"' --cfg 'feature="serde"' --cfg 'feature="std"' --check-cfg 'cfg(docsrs,test)' --check-cfg 'cfg(feature, values("alloc", "default", "impl-error", "net", "serde", "std"))' -C metadata=03a5e5ba3dc66c22 -C extra-filename=-4bea2ddb67195048 --out-dir /app/target/debug/deps -L dependency=/app/target/debug/deps --extern borrow_or_share=/app/target/debug/deps/libborrow_or_share-cca0f77789530da7.rmeta --extern ref_cast=/app/target/debug/deps/libref_cast-86292d7c7b3ae5c6.rmeta --extern serde=/app/target/debug/deps/libserde-2ddf37aa57423e14.rmeta --cap-lints allow`
   Compiling tokmd-analysis v1.8.1 (/app/crates/tokmd-analysis)
     Running `/home/jules/.rustup/toolchains/stable-x86_64-unknown-linux-gnu/bin/rustc --crate-name tokmd_analysis --edition=2024 crates/tokmd-analysis/src/lib.rs --error-format=json --json=diagnostic-rendered-ansi,artifacts,future-incompat --crate-type lib --emit=dep-info,metadata,link -C embed-bitcode=no -C debuginfo=2 --cfg 'feature="archetype"' --cfg 'feature="content"' --cfg 'feature="default"' --cfg 'feature="effort"' --cfg 'feature="fun"' --cfg 'feature="git"' --cfg 'feature="topics"' --cfg 'feature="walk"' --check-cfg 'cfg(docsrs,test)' --check-cfg 'cfg(feature, values("archetype", "content", "default", "effort", "fun", "git", "halstead", "topics", "walk"))' -C metadata=1d5a8373d6449ef6 -C extra-filename=-287e2b5f1e68be70 --out-dir /app/target/debug/deps -C incremental=/app/target/debug/incremental -L dependency=/app/target/debug/deps --extern anyhow=/app/target/debug/deps/libanyhow-1c897acad9a38b79.rmeta --extern serde_json=/app/target/debug/deps/libserde_json-02554ac7efa4e2d5.rmeta --extern tokmd_analysis_api_surface=/app/target/debug/deps/libtokmd_analysis_api_surface-dbe1618ad8a8d77e.rmeta --extern tokmd_analysis_archetype=/app/target/debug/deps/libtokmd_analysis_archetype-c9b4b0e9b8c44c3b.rmeta --extern tokmd_analysis_assets=/app/target/debug/deps/libtokmd_analysis_assets-c351a43041f18b94.rmeta --extern tokmd_analysis_complexity=/app/target/debug/deps/libtokmd_analysis_complexity-d84d29349c19a807.rmeta --extern tokmd_analysis_content=/app/target/debug/deps/libtokmd_analysis_content-377a5e3c932c3e50.rmeta --extern tokmd_analysis_derived=/app/target/debug/deps/libtokmd_analysis_derived-0238f5588105f72f.rmeta --extern tokmd_analysis_effort=/app/target/debug/deps/libtokmd_analysis_effort-a567573c1f8f426a.rmeta --extern tokmd_analysis_entropy=/app/target/debug/deps/libtokmd_analysis_entropy-03159959fe9c0102.rmeta --extern tokmd_analysis_fingerprint=/app/target/debug/deps/libtokmd_analysis_fingerprint-41fef68e9b737fa7.rmeta --extern tokmd_analysis_fun=/app/target/debug/deps/libtokmd_analysis_fun-07a30e4723716b4d.rmeta --extern tokmd_analysis_git=/app/target/debug/deps/libtokmd_analysis_git-8deee2f9aade6d71.rmeta --extern tokmd_analysis_grid=/app/target/debug/deps/libtokmd_analysis_grid-da610605172fdcbc.rmeta --extern tokmd_analysis_license=/app/target/debug/deps/libtokmd_analysis_license-60825c4c0a60139b.rmeta --extern tokmd_analysis_near_dup=/app/target/debug/deps/libtokmd_analysis_near_dup-502576a782fd7824.rmeta --extern tokmd_analysis_topics=/app/target/debug/deps/libtokmd_analysis_topics-33240c47b4198c14.rmeta --extern tokmd_analysis_types=/app/target/debug/deps/libtokmd_analysis_types-b8471925ca3eea4f.rmeta --extern tokmd_analysis_util=/app/target/debug/deps/libtokmd_analysis_util-4b1624821dfda173.rmeta --extern tokmd_git=/app/target/debug/deps/libtokmd_git-b3c6d5e93cb11ab2.rmeta --extern tokmd_types=/app/target/debug/deps/libtokmd_types-e5279a60750fb027.rmeta --extern tokmd_walk=/app/target/debug/deps/libtokmd_walk-7ca807a5efe6e3f5.rmeta -L native=/app/target/debug/build/blake3-12e682763928d5d8/out -L native=/app/target/debug/build/blake3-12e682763928d5d8/out`
     Running `/app/target/debug/build/unicode-general-category-079f0d42dd089a07/build-script-build`
   Compiling tokmd-model v1.8.1 (/app/crates/tokmd-model)
     Running `/home/jules/.rustup/toolchains/stable-x86_64-unknown-linux-gnu/bin/rustc --crate-name tokmd_model --edition=2024 crates/tokmd-model/src/lib.rs --error-format=json --json=diagnostic-rendered-ansi,artifacts,future-incompat --crate-type lib --emit=dep-info,metadata,link -C embed-bitcode=no -C debuginfo=2 --check-cfg 'cfg(docsrs,test)' --check-cfg 'cfg(feature, values())' -C metadata=80fe5bf7350b2332 -C extra-filename=-5caf4eb9b674e831 --out-dir /app/target/debug/deps -C incremental=/app/target/debug/incremental -L dependency=/app/target/debug/deps --extern serde=/app/target/debug/deps/libserde-2ddf37aa57423e14.rmeta --extern tokei=/app/target/debug/deps/libtokei-8344200457b052f7.rmeta --extern tokmd_module_key=/app/target/debug/deps/libtokmd_module_key-fe82eeebc98c26a7.rmeta --extern tokmd_types=/app/target/debug/deps/libtokmd_types-e5279a60750fb027.rmeta`
   Compiling url v2.5.8
     Running `/home/jules/.rustup/toolchains/stable-x86_64-unknown-linux-gnu/bin/rustc --crate-name url --edition=2018 /home/jules/.cargo/registry/src/index.crates.io-1949cf8c6b5b557f/url-2.5.8/src/lib.rs --error-format=json --json=diagnostic-rendered-ansi,artifacts,future-incompat --crate-type lib --emit=dep-info,metadata,link -C embed-bitcode=no -C debuginfo=2 --cfg 'feature="default"' --cfg 'feature="std"' --check-cfg 'cfg(docsrs,test)' --check-cfg 'cfg(feature, values("debugger_visualizer", "default", "expose_internals", "serde", "std"))' -C metadata=5294bf8340c1bd0b -C extra-filename=-04b9c6f3c477444a --out-dir /app/target/debug/deps -L dependency=/app/target/debug/deps --extern form_urlencoded=/app/target/debug/deps/libform_urlencoded-77207f9e52467aa8.rmeta --extern idna=/app/target/debug/deps/libidna-6ac9e8b9d693dbe7.rmeta --extern percent_encoding=/app/target/debug/deps/libpercent_encoding-59af404988bd156b.rmeta --cap-lints allow`
   Compiling num v0.4.3
     Running `/home/jules/.rustup/toolchains/stable-x86_64-unknown-linux-gnu/bin/rustc --crate-name num --edition=2021 /home/jules/.cargo/registry/src/index.crates.io-1949cf8c6b5b557f/num-0.4.3/src/lib.rs --error-format=json --json=diagnostic-rendered-ansi,artifacts,future-incompat --crate-type lib --emit=dep-info,metadata,link -C embed-bitcode=no -C debuginfo=2 --cfg 'feature="num-bigint"' --cfg 'feature="std"' --check-cfg 'cfg(docsrs,test)' --check-cfg 'cfg(feature, values("alloc", "default", "libm", "num-bigint", "rand", "serde", "std"))' -C metadata=36c9bae1f4868c08 -C extra-filename=-59377593ccc525ed --out-dir /app/target/debug/deps -L dependency=/app/target/debug/deps --extern num_bigint=/app/target/debug/deps/libnum_bigint-3dd6f040f015798c.rmeta --extern num_complex=/app/target/debug/deps/libnum_complex-925f230d70058dba.rmeta --extern num_integer=/app/target/debug/deps/libnum_integer-7fb75ab0740a5258.rmeta --extern num_iter=/app/target/debug/deps/libnum_iter-d4f5b75d8a213951.rmeta --extern num_rational=/app/target/debug/deps/libnum_rational-4bd29ba5ceda0f10.rmeta --extern num_traits=/app/target/debug/deps/libnum_traits-f44bd77d245e0ec0.rmeta --cap-lints allow`
       Fresh dialoguer v0.12.0
   Compiling tokmd-format v1.8.1 (/app/crates/tokmd-format)
     Running `/home/jules/.rustup/toolchains/stable-x86_64-unknown-linux-gnu/bin/rustc --crate-name tokmd_format --edition=2024 crates/tokmd-format/src/lib.rs --error-format=json --json=diagnostic-rendered-ansi,artifacts,future-incompat --crate-type lib --emit=dep-info,metadata,link -C embed-bitcode=no -C debuginfo=2 --check-cfg 'cfg(docsrs,test)' --check-cfg 'cfg(feature, values())' -C metadata=d892957e54930d58 -C extra-filename=-ab3491f51dc38631 --out-dir /app/target/debug/deps -C incremental=/app/target/debug/incremental -L dependency=/app/target/debug/deps --extern anyhow=/app/target/debug/deps/libanyhow-1c897acad9a38b79.rmeta --extern csv=/app/target/debug/deps/libcsv-654ecf6bc7a05a65.rmeta --extern serde=/app/target/debug/deps/libserde-2ddf37aa57423e14.rmeta --extern serde_json=/app/target/debug/deps/libserde_json-02554ac7efa4e2d5.rmeta --extern time=/app/target/debug/deps/libtime-ff5916d77934ff1e.rmeta --extern tokmd_redact=/app/target/debug/deps/libtokmd_redact-af0c0f93816e264f.rmeta --extern tokmd_scan_args=/app/target/debug/deps/libtokmd_scan_args-d84ccedc6d110f84.rmeta --extern tokmd_settings=/app/target/debug/deps/libtokmd_settings-a376241a548bc356.rmeta --extern tokmd_types=/app/target/debug/deps/libtokmd_types-e5279a60750fb027.rmeta --extern uuid=/app/target/debug/deps/libuuid-dece107e6d307add.rmeta -L native=/app/target/debug/build/blake3-12e682763928d5d8/out -L native=/app/target/debug/build/blake3-12e682763928d5d8/out`
   Compiling tower-http v0.6.8
     Running `/home/jules/.rustup/toolchains/stable-x86_64-unknown-linux-gnu/bin/rustc --crate-name tower_http --edition=2018 /home/jules/.cargo/registry/src/index.crates.io-1949cf8c6b5b557f/tower-http-0.6.8/src/lib.rs --error-format=json --json=diagnostic-rendered-ansi,artifacts,future-incompat --crate-type lib --emit=dep-info,metadata,link -C embed-bitcode=no -C debuginfo=2 --cfg 'feature="follow-redirect"' --cfg 'feature="futures-util"' --cfg 'feature="iri-string"' --cfg 'feature="tower"' --check-cfg 'cfg(docsrs,test)' --check-cfg 'cfg(feature, values("add-extension", "async-compression", "auth", "base64", "catch-panic", "compression-br", "compression-deflate", "compression-full", "compression-gzip", "compression-zstd", "cors", "decompression-br", "decompression-deflate", "decompression-full", "decompression-gzip", "decompression-zstd", "default", "follow-redirect", "fs", "full", "futures-core", "futures-util", "httpdate", "iri-string", "limit", "map-request-body", "map-response-body", "metrics", "mime", "mime_guess", "normalize-path", "percent-encoding", "propagate-header", "redirect", "request-id", "sensitive-headers", "set-header", "set-status", "timeout", "tokio", "tokio-util", "tower", "trace", "tracing", "util", "uuid", "validate-request"))' -C metadata=fb13ef267afaa0cd -C extra-filename=-c743eb27a13b12cf --out-dir /app/target/debug/deps -L dependency=/app/target/debug/deps --extern bitflags=/app/target/debug/deps/libbitflags-4c22fbc3fb575483.rmeta --extern bytes=/app/target/debug/deps/libbytes-7700b1df813bc0a9.rmeta --extern futures_util=/app/target/debug/deps/libfutures_util-68bf32b7e585eeac.rmeta --extern http=/app/target/debug/deps/libhttp-bd859b3c6ad2874c.rmeta --extern http_body=/app/target/debug/deps/libhttp_body-0b82d526501bf8d0.rmeta --extern iri_string=/app/target/debug/deps/libiri_string-6abc47a170c80ae1.rmeta --extern pin_project_lite=/app/target/debug/deps/libpin_project_lite-3d1e25234effa67a.rmeta --extern tower=/app/target/debug/deps/libtower-27ac46d94d15a3b5.rmeta --extern tower_layer=/app/target/debug/deps/libtower_layer-5799312bcbd3a3f1.rmeta --extern tower_service=/app/target/debug/deps/libtower_service-7154d326c7b14509.rmeta --cap-lints allow`
   Compiling tokmd-analysis-format v1.8.1 (/app/crates/tokmd-analysis-format)
     Running `/home/jules/.rustup/toolchains/stable-x86_64-unknown-linux-gnu/bin/rustc --crate-name tokmd_analysis_format --edition=2024 crates/tokmd-analysis-format/src/lib.rs --error-format=json --json=diagnostic-rendered-ansi,artifacts,future-incompat --crate-type lib --emit=dep-info,metadata,link -C embed-bitcode=no -C debuginfo=2 --cfg 'feature="default"' --cfg 'feature="fun"' --check-cfg 'cfg(docsrs,test)' --check-cfg 'cfg(feature, values("default", "fun"))' -C metadata=ebb201feb0aa3717 -C extra-filename=-9faa09db3b8778a0 --out-dir /app/target/debug/deps -C incremental=/app/target/debug/incremental -L dependency=/app/target/debug/deps --extern anyhow=/app/target/debug/deps/libanyhow-1c897acad9a38b79.rmeta --extern serde_json=/app/target/debug/deps/libserde_json-02554ac7efa4e2d5.rmeta --extern tokmd_analysis_html=/app/target/debug/deps/libtokmd_analysis_html-fe417b4a67878813.rmeta --extern tokmd_analysis_types=/app/target/debug/deps/libtokmd_analysis_types-b8471925ca3eea4f.rmeta --extern tokmd_fun=/app/target/debug/deps/libtokmd_fun-f04c9ab7732de9aa.rmeta --extern tokmd_types=/app/target/debug/deps/libtokmd_types-e5279a60750fb027.rmeta -L native=/app/target/debug/build/blake3-12e682763928d5d8/out -L native=/app/target/debug/build/blake3-12e682763928d5d8/out`
   Compiling tokmd-tokeignore v1.8.1 (/app/crates/tokmd-tokeignore)
     Running `/home/jules/.rustup/toolchains/stable-x86_64-unknown-linux-gnu/bin/rustc --crate-name tokmd_tokeignore --edition=2024 crates/tokmd-tokeignore/src/lib.rs --error-format=json --json=diagnostic-rendered-ansi,artifacts,future-incompat --crate-type lib --emit=dep-info,metadata,link -C embed-bitcode=no -C debuginfo=2 --check-cfg 'cfg(docsrs,test)' --check-cfg 'cfg(feature, values())' -C metadata=5ef5f00bd4c09c58 -C extra-filename=-b17e42e8f7d6ccb6 --out-dir /app/target/debug/deps -C incremental=/app/target/debug/incremental -L dependency=/app/target/debug/deps --extern anyhow=/app/target/debug/deps/libanyhow-1c897acad9a38b79.rmeta --extern tokmd_config=/app/target/debug/deps/libtokmd_config-907d875de830b68a.rmeta`
   Compiling hyper-rustls v0.27.7
     Running `/home/jules/.rustup/toolchains/stable-x86_64-unknown-linux-gnu/bin/rustc --crate-name hyper_rustls --edition=2021 /home/jules/.cargo/registry/src/index.crates.io-1949cf8c6b5b557f/hyper-rustls-0.27.7/src/lib.rs --error-format=json --json=diagnostic-rendered-ansi,artifacts,future-incompat --crate-type lib --emit=dep-info,metadata,link -C embed-bitcode=no -C debuginfo=2 --cfg 'feature="http1"' --cfg 'feature="http2"' --cfg 'feature="tls12"' --check-cfg 'cfg(docsrs,test)' --check-cfg 'cfg(feature, values("aws-lc-rs", "default", "fips", "http1", "http2", "log", "logging", "native-tokio", "ring", "rustls-native-certs", "rustls-platform-verifier", "tls12", "webpki-roots", "webpki-tokio"))' -C metadata=0581e286631e5a02 -C extra-filename=-6b59281d11c7e4da --out-dir /app/target/debug/deps -L dependency=/app/target/debug/deps --extern http=/app/target/debug/deps/libhttp-bd859b3c6ad2874c.rmeta --extern hyper=/app/target/debug/deps/libhyper-3d00d56e24d411fb.rmeta --extern hyper_util=/app/target/debug/deps/libhyper_util-6362aac5846a40d6.rmeta --extern rustls=/app/target/debug/deps/librustls-19b1f5d656603c35.rmeta --extern pki_types=/app/target/debug/deps/librustls_pki_types-30b00bdbcf8c70b4.rmeta --extern tokio=/app/target/debug/deps/libtokio-2aeedef1a36ad1fc.rmeta --extern tokio_rustls=/app/target/debug/deps/libtokio_rustls-bf444f4bcef4b764.rmeta --extern tower_service=/app/target/debug/deps/libtower_service-7154d326c7b14509.rmeta --cap-lints allow -L native=/app/target/debug/build/ring-7e163c8f3c6760a9/out`
     Running `/home/jules/.rustup/toolchains/stable-x86_64-unknown-linux-gnu/bin/rustc --crate-name ahash --edition=2018 /home/jules/.cargo/registry/src/index.crates.io-1949cf8c6b5b557f/ahash-0.8.12/src/lib.rs --error-format=json --json=diagnostic-rendered-ansi,artifacts,future-incompat --crate-type lib --emit=dep-info,metadata,link -C embed-bitcode=no -C debuginfo=2 --cfg 'feature="default"' --cfg 'feature="getrandom"' --cfg 'feature="runtime-rng"' --cfg 'feature="serde"' --cfg 'feature="std"' --check-cfg 'cfg(docsrs,test)' --check-cfg 'cfg(feature, values("atomic-polyfill", "compile-time-rng", "const-random", "default", "getrandom", "nightly-arm-aes", "no-rng", "runtime-rng", "serde", "std"))' -C metadata=7c138dbfbf99de3b -C extra-filename=-7882d4676b43b00d --out-dir /app/target/debug/deps -L dependency=/app/target/debug/deps --extern cfg_if=/app/target/debug/deps/libcfg_if-9d8e838b3d041728.rmeta --extern getrandom=/app/target/debug/deps/libgetrandom-8349344520262510.rmeta --extern once_cell=/app/target/debug/deps/libonce_cell-62dad8624c32d39d.rmeta --extern serde=/app/target/debug/deps/libserde-2ddf37aa57423e14.rmeta --extern zerocopy=/app/target/debug/deps/libzerocopy-1009bfaede4c9247.rmeta --cap-lints allow --cfg folded_multiply --check-cfg 'cfg(specialize)' --check-cfg 'cfg(folded_multiply)'`
   Compiling rustls-platform-verifier v0.6.2
     Running `/home/jules/.rustup/toolchains/stable-x86_64-unknown-linux-gnu/bin/rustc --crate-name rustls_platform_verifier --edition=2021 /home/jules/.cargo/registry/src/index.crates.io-1949cf8c6b5b557f/rustls-platform-verifier-0.6.2/src/lib.rs --error-format=json --json=diagnostic-rendered-ansi,artifacts,future-incompat --crate-type lib --emit=dep-info,metadata,link -C embed-bitcode=no -C debuginfo=2 --check-cfg 'cfg(docsrs,test)' --check-cfg 'cfg(feature, values("android_logger", "base64", "cert-logging", "dbg", "docsrs", "ffi-testing", "jni", "once_cell"))' -C metadata=4905122954e53085 -C extra-filename=-5f070fbfb052321f --out-dir /app/target/debug/deps -L dependency=/app/target/debug/deps --extern log=/app/target/debug/deps/liblog-408c38338ce1a0e5.rmeta --extern rustls=/app/target/debug/deps/librustls-19b1f5d656603c35.rmeta --extern rustls_native_certs=/app/target/debug/deps/librustls_native_certs-f80b3093b6d65791.rmeta --extern webpki=/app/target/debug/deps/libwebpki-0521ad2d0306d7d6.rmeta --cap-lints allow -L native=/app/target/debug/build/ring-7e163c8f3c6760a9/out`
       Fresh tokmd-progress v1.8.1 (/app/crates/tokmd-progress)
       Fresh dirs v6.0.0
   Compiling tokmd-scan v1.8.1 (/app/crates/tokmd-scan)
     Running `/home/jules/.rustup/toolchains/stable-x86_64-unknown-linux-gnu/bin/rustc --crate-name tokmd_scan --edition=2024 crates/tokmd-scan/src/lib.rs --error-format=json --json=diagnostic-rendered-ansi,artifacts,future-incompat --crate-type lib --emit=dep-info,metadata,link -C embed-bitcode=no -C debuginfo=2 --check-cfg 'cfg(docsrs,test)' --check-cfg 'cfg(feature, values())' -C metadata=9d11d8b6427f5abc -C extra-filename=-c5d50a4874764658 --out-dir /app/target/debug/deps -C incremental=/app/target/debug/incremental -L dependency=/app/target/debug/deps --extern anyhow=/app/target/debug/deps/libanyhow-1c897acad9a38b79.rmeta --extern tempfile=/app/target/debug/deps/libtempfile-f51a2aafe76acb83.rmeta --extern tokei=/app/target/debug/deps/libtokei-8344200457b052f7.rmeta --extern tokmd_settings=/app/target/debug/deps/libtokmd_settings-a376241a548bc356.rmeta --extern tokmd_types=/app/target/debug/deps/libtokmd_types-e5279a60750fb027.rmeta`
   Compiling tokmd-cockpit v1.8.1 (/app/crates/tokmd-cockpit)
     Running `/home/jules/.rustup/toolchains/stable-x86_64-unknown-linux-gnu/bin/rustc --crate-name tokmd_cockpit --edition=2024 crates/tokmd-cockpit/src/lib.rs --error-format=json --json=diagnostic-rendered-ansi,artifacts,future-incompat --crate-type lib --emit=dep-info,metadata,link -C embed-bitcode=no -C debuginfo=2 --cfg 'feature="default"' --cfg 'feature="git"' --check-cfg 'cfg(docsrs,test)' --check-cfg 'cfg(feature, values("default", "git"))' -C metadata=9b40b543d5855a42 -C extra-filename=-d6755e701929fa0f --out-dir /app/target/debug/deps -C incremental=/app/target/debug/incremental -L dependency=/app/target/debug/deps --extern anyhow=/app/target/debug/deps/libanyhow-1c897acad9a38b79.rmeta --extern blake3=/app/target/debug/deps/libblake3-ba57c91f91dea2f8.rmeta --extern ignore=/app/target/debug/deps/libignore-3a353a1e5b6d6423.rmeta --extern serde=/app/target/debug/deps/libserde-2ddf37aa57423e14.rmeta --extern serde_json=/app/target/debug/deps/libserde_json-02554ac7efa4e2d5.rmeta --extern time=/app/target/debug/deps/libtime-ff5916d77934ff1e.rmeta --extern tokmd_analysis_types=/app/target/debug/deps/libtokmd_analysis_types-b8471925ca3eea4f.rmeta --extern tokmd_envelope=/app/target/debug/deps/libtokmd_envelope-9bbe3b42791e10c2.rmeta --extern tokmd_git=/app/target/debug/deps/libtokmd_git-b3c6d5e93cb11ab2.rmeta --extern tokmd_types=/app/target/debug/deps/libtokmd_types-e5279a60750fb027.rmeta -L native=/app/target/debug/build/blake3-12e682763928d5d8/out -L native=/app/target/debug/build/blake3-12e682763928d5d8/out`
       Fresh tokmd-exclude v1.8.1 (/app/crates/tokmd-exclude)
   Compiling tokmd-context-git v1.8.1 (/app/crates/tokmd-context-git)
     Running `/home/jules/.rustup/toolchains/stable-x86_64-unknown-linux-gnu/bin/rustc --crate-name tokmd_context_git --edition=2024 crates/tokmd-context-git/src/lib.rs --error-format=json --json=diagnostic-rendered-ansi,artifacts,future-incompat --crate-type lib --emit=dep-info,metadata,link -C embed-bitcode=no -C debuginfo=2 --cfg 'feature="default"' --cfg 'feature="git"' --check-cfg 'cfg(docsrs,test)' --check-cfg 'cfg(feature, values("default", "git"))' -C metadata=25864f1b82238cc1 -C extra-filename=-8f6572e04bf8d3d8 --out-dir /app/target/debug/deps -C incremental=/app/target/debug/incremental -L dependency=/app/target/debug/deps --extern tokmd_git=/app/target/debug/deps/libtokmd_git-b3c6d5e93cb11ab2.rmeta --extern tokmd_path=/app/target/debug/deps/libtokmd_path-87b15609bfd71d35.rmeta --extern tokmd_types=/app/target/debug/deps/libtokmd_types-e5279a60750fb027.rmeta`
   Compiling tokmd-context-policy v1.8.1 (/app/crates/tokmd-context-policy)
     Running `/home/jules/.rustup/toolchains/stable-x86_64-unknown-linux-gnu/bin/rustc --crate-name tokmd_context_policy --edition=2024 crates/tokmd-context-policy/src/lib.rs --error-format=json --json=diagnostic-rendered-ansi,artifacts,future-incompat --crate-type lib --emit=dep-info,metadata,link -C embed-bitcode=no -C debuginfo=2 --check-cfg 'cfg(docsrs,test)' --check-cfg 'cfg(feature, values())' -C metadata=9eec2ee8dffd94df -C extra-filename=-66a5cfc2cb52e0e0 --out-dir /app/target/debug/deps -C incremental=/app/target/debug/incremental -L dependency=/app/target/debug/deps --extern tokmd_path=/app/target/debug/deps/libtokmd_path-87b15609bfd71d35.rmeta --extern tokmd_types=/app/target/debug/deps/libtokmd_types-e5279a60750fb027.rmeta`
   Compiling http-body-util v0.1.3
     Running `/home/jules/.rustup/toolchains/stable-x86_64-unknown-linux-gnu/bin/rustc --crate-name http_body_util --edition=2018 /home/jules/.cargo/registry/src/index.crates.io-1949cf8c6b5b557f/http-body-util-0.1.3/src/lib.rs --error-format=json --json=diagnostic-rendered-ansi,artifacts,future-incompat --crate-type lib --emit=dep-info,metadata,link -C embed-bitcode=no -C debuginfo=2 --cfg 'feature="default"' --check-cfg 'cfg(docsrs,test)' --check-cfg 'cfg(feature, values("channel", "default", "full"))' -C metadata=b87d36e6872dd3b2 -C extra-filename=-a836d4c17666b5a9 --out-dir /app/target/debug/deps -L dependency=/app/target/debug/deps --extern bytes=/app/target/debug/deps/libbytes-7700b1df813bc0a9.rmeta --extern futures_core=/app/target/debug/deps/libfutures_core-a6049477db3e920d.rmeta --extern http=/app/target/debug/deps/libhttp-bd859b3c6ad2874c.rmeta --extern http_body=/app/target/debug/deps/libhttp_body-0b82d526501bf8d0.rmeta --extern pin_project_lite=/app/target/debug/deps/libpin_project_lite-3d1e25234effa67a.rmeta --cap-lints allow`
   Compiling tokmd-gate v1.8.1 (/app/crates/tokmd-gate)
     Running `/home/jules/.rustup/toolchains/stable-x86_64-unknown-linux-gnu/bin/rustc --crate-name tokmd_gate --edition=2024 crates/tokmd-gate/src/lib.rs --error-format=json --json=diagnostic-rendered-ansi,artifacts,future-incompat --crate-type lib --emit=dep-info,metadata,link -C embed-bitcode=no -C debuginfo=2 --check-cfg 'cfg(docsrs,test)' --check-cfg 'cfg(feature, values())' -C metadata=5af865d56b5991bc -C extra-filename=-3d049ed137b3d469 --out-dir /app/target/debug/deps -C incremental=/app/target/debug/incremental -L dependency=/app/target/debug/deps --extern serde=/app/target/debug/deps/libserde-2ddf37aa57423e14.rmeta --extern serde_json=/app/target/debug/deps/libserde_json-02554ac7efa4e2d5.rmeta --extern toml=/app/target/debug/deps/libtoml-416a762657a99d87.rmeta`
   Compiling float-cmp v0.10.0
     Running `/home/jules/.rustup/toolchains/stable-x86_64-unknown-linux-gnu/bin/rustc --crate-name float_cmp --edition=2018 /home/jules/.cargo/registry/src/index.crates.io-1949cf8c6b5b557f/float-cmp-0.10.0/src/lib.rs --error-format=json --json=diagnostic-rendered-ansi,artifacts,future-incompat --crate-type lib --emit=dep-info,metadata,link -C embed-bitcode=no -C debuginfo=2 --cfg 'feature="default"' --cfg 'feature="num-traits"' --cfg 'feature="ratio"' --check-cfg 'cfg(docsrs,test)' --check-cfg 'cfg(feature, values("default", "num-traits", "ratio", "std"))' -C metadata=10e507adbcfdcea7 -C extra-filename=-57f7049c552c5d9b --out-dir /app/target/debug/deps -L dependency=/app/target/debug/deps --extern num_traits=/app/target/debug/deps/libnum_traits-f44bd77d245e0ec0.rmeta --cap-lints allow`
   Compiling clap_complete v4.6.0
     Running `/home/jules/.rustup/toolchains/stable-x86_64-unknown-linux-gnu/bin/rustc --crate-name clap_complete --edition=2024 /home/jules/.cargo/registry/src/index.crates.io-1949cf8c6b5b557f/clap_complete-4.6.0/src/lib.rs --error-format=json --json=diagnostic-rendered-ansi,artifacts,future-incompat --crate-type lib --emit=dep-info,metadata,link -C embed-bitcode=no -C debuginfo=2 --warn=rust_2018_idioms '--warn=clippy::zero_sized_map_values' '--warn=clippy::verbose_file_reads' --warn=unused_qualifications --warn=unused_macro_rules --warn=unused_lifetimes --warn=unsafe_op_in_unsafe_fn --warn=unreachable_pub --allow=unnameable_types '--warn=clippy::uninlined_format_args' '--warn=clippy::trait_duplication_in_bounds' '--warn=clippy::todo' '--warn=clippy::string_lit_as_bytes' '--warn=clippy::string_add_assign' '--warn=clippy::semicolon_if_nothing_returned' '--warn=clippy::self_named_module_files' '--warn=clippy::same_functions_in_if_condition' '--allow=clippy::result_large_err' '--warn=clippy::rest_pat_in_fully_bound_structs' '--warn=clippy::ref_option_ref' '--warn=clippy::redundant_feature_names' '--warn=clippy::rc_mutex' '--warn=clippy::ptr_as_ptr' '--warn=clippy::path_buf_push_overwrite' '--warn=clippy::negative_feature_names' '--warn=clippy::needless_for_each' '--allow=clippy::needless_continue' '--warn=clippy::mutex_integer' '--allow=clippy::multiple_bound_locations' '--warn=clippy::mem_forget' '--warn=clippy::macro_use_imports' '--warn=clippy::lossy_float_literal' '--warn=clippy::linkedlist' '--allow=clippy::let_and_return' '--warn=clippy::large_types_passed_by_value' '--warn=clippy::large_stack_arrays' '--warn=clippy::large_digit_groups' '--warn=clippy::invalid_upcast_comparisons' '--warn=clippy::infinite_loop' '--warn=clippy::inefficient_to_string' '--warn=clippy::inconsistent_struct_constructor' '--warn=clippy::imprecise_flops' '--warn=clippy::implicit_clone' '--allow=clippy::if_same_then_else' '--warn=clippy::from_iter_instead_of_collect' '--warn=clippy::fn_params_excessive_bools' '--warn=clippy::float_cmp_const' '--warn=clippy::flat_map_option' '--warn=clippy::filter_map_next' '--warn=clippy::fallible_impl_from' '--warn=clippy::explicit_into_iter_loop' '--warn=clippy::explicit_deref_methods' '--warn=clippy::expl_impl_clone_on_copy' '--warn=clippy::enum_glob_use' '--warn=clippy::empty_enums' '--warn=clippy::doc_markdown' '--warn=clippy::debug_assert_with_mut_call' '--warn=clippy::dbg_macro' '--warn=clippy::create_dir' '--allow=clippy::collapsible_else_if' '--warn=clippy::checked_conversions' '--allow=clippy::branches_sharing_code' '--allow=clippy::bool_assert_comparison' '--allow=clippy::blocks_in_conditions' '--allow=clippy::assigning_clones' --cfg 'feature="default"' --check-cfg 'cfg(docsrs,test)' --check-cfg 'cfg(feature, values("debug", "default", "unstable-doc", "unstable-dynamic", "unstable-shell-tests"))' -C metadata=e54d7f430ab33a05 -C extra-filename=-c53597c9a8376dfd --out-dir /app/target/debug/deps -L dependency=/app/target/debug/deps --extern clap=/app/target/debug/deps/libclap-37855d5caa945650.rmeta --cap-lints allow`
     Running `/home/jules/.rustup/toolchains/stable-x86_64-unknown-linux-gnu/bin/rustc --crate-name ppv_lite86 --edition=2021 /home/jules/.cargo/registry/src/index.crates.io-1949cf8c6b5b557f/ppv-lite86-0.2.21/src/lib.rs --error-format=json --json=diagnostic-rendered-ansi,artifacts,future-incompat --crate-type lib --emit=dep-info,metadata,link -C embed-bitcode=no -C debuginfo=2 --cfg 'feature="simd"' --check-cfg 'cfg(docsrs,test)' --check-cfg 'cfg(feature, values("default", "no_simd", "simd", "std"))' -C metadata=58dedab4d69ea6c8 -C extra-filename=-86978af368a71734 --out-dir /app/target/debug/deps -L dependency=/app/target/debug/deps --extern zerocopy=/app/target/debug/deps/libzerocopy-1009bfaede4c9247.rmeta --cap-lints allow`
   Compiling vsimd v0.8.0
     Running `/home/jules/.rustup/toolchains/stable-x86_64-unknown-linux-gnu/bin/rustc --crate-name vsimd --edition=2021 /home/jules/.cargo/registry/src/index.crates.io-1949cf8c6b5b557f/vsimd-0.8.0/src/lib.rs --error-format=json --json=diagnostic-rendered-ansi,artifacts,future-incompat --crate-type lib --emit=dep-info,metadata,link -C embed-bitcode=no -C debuginfo=2 --cfg 'feature="alloc"' --cfg 'feature="detect"' --cfg 'feature="std"' --check-cfg 'cfg(docsrs,test)' --check-cfg 'cfg(feature, values("alloc", "detect", "std", "unstable"))' -C metadata=a2a571047b3eac44 -C extra-filename=-9103578ee473d239 --out-dir /app/target/debug/deps -L dependency=/app/target/debug/deps --cap-lints allow`
       Fresh tokmd-badge v1.8.1 (/app/crates/tokmd-badge)
   Compiling outref v0.5.2
     Running `/home/jules/.rustup/toolchains/stable-x86_64-unknown-linux-gnu/bin/rustc --crate-name outref --edition=2021 /home/jules/.cargo/registry/src/index.crates.io-1949cf8c6b5b557f/outref-0.5.2/src/lib.rs --error-format=json --json=diagnostic-rendered-ansi,artifacts,future-incompat --crate-type lib --emit=dep-info,metadata,link -C embed-bitcode=no -C debuginfo=2 --check-cfg 'cfg(docsrs,test)' --check-cfg 'cfg(feature, values())' -C metadata=a988e535e6f34b0a -C extra-filename=-527206fc3c044e54 --out-dir /app/target/debug/deps -L dependency=/app/target/debug/deps --cap-lints allow`
   Compiling quick-error v1.2.3
     Running `/home/jules/.rustup/toolchains/stable-x86_64-unknown-linux-gnu/bin/rustc --crate-name quick_error --edition=2015 /home/jules/.cargo/registry/src/index.crates.io-1949cf8c6b5b557f/quick-error-1.2.3/src/lib.rs --error-format=json --json=diagnostic-rendered-ansi,artifacts,future-incompat --crate-type lib --emit=dep-info,metadata,link -C embed-bitcode=no -C debuginfo=2 --check-cfg 'cfg(docsrs,test)' --check-cfg 'cfg(feature, values())' -C metadata=1e20615dd7ec42c5 -C extra-filename=-d07b82ff5e154d70 --out-dir /app/target/debug/deps -L dependency=/app/target/debug/deps --cap-lints allow`
   Compiling difflib v0.4.0
     Running `/home/jules/.rustup/toolchains/stable-x86_64-unknown-linux-gnu/bin/rustc --crate-name difflib --edition=2015 /home/jules/.cargo/registry/src/index.crates.io-1949cf8c6b5b557f/difflib-0.4.0/src/lib.rs --error-format=json --json=diagnostic-rendered-ansi,artifacts,future-incompat --crate-type lib --emit=dep-info,metadata,link -C embed-bitcode=no -C debuginfo=2 --check-cfg 'cfg(docsrs,test)' --check-cfg 'cfg(feature, values())' -C metadata=2d2f06828cd8ba67 -C extra-filename=-05712752e52dcfa4 --out-dir /app/target/debug/deps -L dependency=/app/target/debug/deps --cap-lints allow`
   Compiling assert_cmd v2.2.0
     Running `/home/jules/.rustup/toolchains/stable-x86_64-unknown-linux-gnu/bin/rustc --crate-name build_script_build --edition=2024 /home/jules/.cargo/registry/src/index.crates.io-1949cf8c6b5b557f/assert_cmd-2.2.0/build.rs --error-format=json --json=diagnostic-rendered-ansi,artifacts,future-incompat --crate-type bin --emit=dep-info,link -C embed-bitcode=no --warn=rust_2018_idioms '--warn=clippy::zero_sized_map_values' '--warn=clippy::wildcard_imports' '--warn=clippy::verbose_file_reads' --warn=unused_qualifications --warn=unused_macro_rules --warn=unused_lifetimes --warn=unsafe_op_in_unsafe_fn --warn=unreachable_pub --warn=unnameable_types '--warn=clippy::uninlined_format_args' '--warn=clippy::trait_duplication_in_bounds' '--warn=clippy::todo' '--warn=clippy::string_lit_as_bytes' '--warn=clippy::string_add_assign' '--warn=clippy::string_add' '--warn=clippy::str_to_string' '--warn=clippy::semicolon_if_nothing_returned' '--warn=clippy::self_named_module_files' '--warn=clippy::same_functions_in_if_condition' '--allow=clippy::result_large_err' '--warn=clippy::rest_pat_in_fully_bound_structs' '--warn=clippy::ref_option_ref' '--warn=clippy::redundant_feature_names' '--warn=clippy::rc_mutex' '--warn=clippy::ptr_as_ptr' '--warn=clippy::path_buf_push_overwrite' '--warn=clippy::negative_feature_names' '--warn=clippy::needless_for_each' '--allow=clippy::needless_continue' '--warn=clippy::mutex_integer' '--warn=clippy::mem_forget' '--warn=clippy::macro_use_imports' '--warn=clippy::lossy_float_literal' '--warn=clippy::linkedlist' '--allow=clippy::let_and_return' '--warn=clippy::large_types_passed_by_value' '--warn=clippy::large_stack_arrays' '--warn=clippy::large_digit_groups' '--warn=clippy::invalid_upcast_comparisons' '--warn=clippy::infinite_loop' '--warn=clippy::inefficient_to_string' '--warn=clippy::inconsistent_struct_constructor' '--warn=clippy::imprecise_flops' '--warn=clippy::implicit_clone' '--allow=clippy::if_same_then_else' '--warn=clippy::from_iter_instead_of_collect' '--warn=clippy::fn_params_excessive_bools' '--warn=clippy::float_cmp_const' '--warn=clippy::flat_map_option' '--warn=clippy::filter_map_next' '--warn=clippy::fallible_impl_from' '--warn=clippy::explicit_into_iter_loop' '--warn=clippy::explicit_deref_methods' '--warn=clippy::expl_impl_clone_on_copy' '--warn=clippy::enum_glob_use' '--warn=clippy::empty_enums' '--warn=clippy::doc_markdown' '--warn=clippy::debug_assert_with_mut_call' '--warn=clippy::dbg_macro' '--warn=clippy::create_dir' '--allow=clippy::collapsible_else_if' '--warn=clippy::checked_conversions' '--allow=clippy::branches_sharing_code' '--allow=clippy::bool_assert_comparison' --check-cfg 'cfg(docsrs,test)' --check-cfg 'cfg(feature, values("color", "color-auto"))' -C metadata=92f154c81f5018e3 -C extra-filename=-a10a85c86ad62a72 --out-dir /app/target/debug/build/assert_cmd-a10a85c86ad62a72 -L dependency=/app/target/debug/deps --cap-lints allow`
   Compiling normalize-line-endings v0.3.0
     Running `/home/jules/.rustup/toolchains/stable-x86_64-unknown-linux-gnu/bin/rustc --crate-name normalize_line_endings --edition=2015 /home/jules/.cargo/registry/src/index.crates.io-1949cf8c6b5b557f/normalize-line-endings-0.3.0/src/lib.rs --error-format=json --json=diagnostic-rendered-ansi,artifacts,future-incompat --crate-type lib --emit=dep-info,metadata,link -C embed-bitcode=no -C debuginfo=2 --check-cfg 'cfg(docsrs,test)' --check-cfg 'cfg(feature, values())' -C metadata=e1ae18fb1e537f08 -C extra-filename=-46694e3d3658df4d --out-dir /app/target/debug/deps -L dependency=/app/target/debug/deps --cap-lints allow`
   Compiling termtree v0.5.1
     Running `/home/jules/.rustup/toolchains/stable-x86_64-unknown-linux-gnu/bin/rustc --crate-name termtree --edition=2021 /home/jules/.cargo/registry/src/index.crates.io-1949cf8c6b5b557f/termtree-0.5.1/src/lib.rs --error-format=json --json=diagnostic-rendered-ansi,artifacts,future-incompat --crate-type lib --emit=dep-info,metadata,link -C embed-bitcode=no -C debuginfo=2 '--warn=clippy::zero_sized_map_values' '--warn=clippy::wildcard_imports' '--warn=clippy::verbose_file_reads' --warn=unused_qualifications --warn=unused_macro_rules --warn=unused_lifetimes --warn=unsafe_op_in_unsafe_fn --warn=unreachable_pub '--warn=clippy::trait_duplication_in_bounds' '--warn=clippy::todo' '--warn=clippy::string_to_string' '--warn=clippy::string_lit_as_bytes' '--warn=clippy::string_add_assign' '--warn=clippy::string_add' '--warn=clippy::str_to_string' '--warn=clippy::single_match_else' '--warn=clippy::semicolon_if_nothing_returned' '--warn=clippy::self_named_module_files' '--warn=clippy::same_functions_in_if_condition' --warn=rust_2018_idioms '--warn=clippy::rest_pat_in_fully_bound_structs' '--warn=clippy::ref_option_ref' '--warn=clippy::redundant_feature_names' '--warn=clippy::rc_mutex' '--warn=clippy::ptr_as_ptr' '--warn=clippy::path_buf_push_overwrite' '--warn=clippy::negative_feature_names' '--warn=clippy::needless_for_each' '--warn=clippy::needless_continue' '--warn=clippy::mutex_integer' '--warn=clippy::mem_forget' '--warn=clippy::match_wildcard_for_single_variants' '--warn=clippy::macro_use_imports' '--warn=clippy::lossy_float_literal' '--warn=clippy::linkedlist' '--allow=clippy::let_and_return' '--warn=clippy::large_types_passed_by_value' '--warn=clippy::large_stack_arrays' '--warn=clippy::large_digit_groups' '--warn=clippy::items_after_statements' '--warn=clippy::invalid_upcast_comparisons' '--warn=clippy::infinite_loop' '--warn=clippy::inefficient_to_string' '--warn=clippy::inconsistent_struct_constructor' '--warn=clippy::imprecise_flops' '--warn=clippy::implicit_clone' '--allow=clippy::if_same_then_else' '--warn=clippy::from_iter_instead_of_collect' '--warn=clippy::fn_params_excessive_bools' '--warn=clippy::float_cmp_const' '--warn=clippy::flat_map_option' '--warn=clippy::filter_map_next' '--warn=clippy::fallible_impl_from' '--warn=clippy::explicit_into_iter_loop' '--warn=clippy::explicit_deref_methods' '--warn=clippy::expl_impl_clone_on_copy' '--warn=clippy::enum_glob_use' '--warn=clippy::empty_enum' '--warn=clippy::doc_markdown' '--warn=clippy::debug_assert_with_mut_call' '--warn=clippy::dbg_macro' '--warn=clippy::create_dir' '--allow=clippy::collapsible_else_if' '--warn=clippy::checked_conversions' '--allow=clippy::branches_sharing_code' '--allow=clippy::bool_assert_comparison' --check-cfg 'cfg(docsrs,test)' --check-cfg 'cfg(feature, values())' -C metadata=8956d6dbe1cf7369 -C extra-filename=-4799744c57743bce --out-dir /app/target/debug/deps -L dependency=/app/target/debug/deps --cap-lints allow`
       Fresh tokmd-analysis-explain v1.8.1 (/app/crates/tokmd-analysis-explain)
   Compiling predicates-tree v1.0.13
     Running `/home/jules/.rustup/toolchains/stable-x86_64-unknown-linux-gnu/bin/rustc --crate-name predicates_tree --edition=2021 /home/jules/.cargo/registry/src/index.crates.io-1949cf8c6b5b557f/predicates-tree-1.0.13/src/lib.rs --error-format=json --json=diagnostic-rendered-ansi,artifacts,future-incompat --crate-type lib --emit=dep-info,metadata,link -C embed-bitcode=no -C debuginfo=2 --check-cfg 'cfg(docsrs,test)' --check-cfg 'cfg(feature, values())' -C metadata=c70248c5391f517a -C extra-filename=-4a14d436a16b54e0 --out-dir /app/target/debug/deps -L dependency=/app/target/debug/deps --extern predicates_core=/app/target/debug/deps/libpredicates_core-5dec296e26324dca.rmeta --extern termtree=/app/target/debug/deps/libtermtree-4799744c57743bce.rmeta --cap-lints allow`
   Compiling predicates v3.1.4
     Running `/home/jules/.rustup/toolchains/stable-x86_64-unknown-linux-gnu/bin/rustc --crate-name predicates --edition=2021 /home/jules/.cargo/registry/src/index.crates.io-1949cf8c6b5b557f/predicates-3.1.4/src/lib.rs --error-format=json --json=diagnostic-rendered-ansi,artifacts,future-incompat --crate-type lib --emit=dep-info,metadata,link -C embed-bitcode=no -C debuginfo=2 --warn=rust_2018_idioms '--warn=clippy::zero_sized_map_values' '--warn=clippy::wildcard_imports' '--warn=clippy::verbose_file_reads' --warn=unused_qualifications --warn=unused_macro_rules --warn=unused_lifetimes --warn=unsafe_op_in_unsafe_fn --warn=unreachable_pub --warn=unnameable_types '--warn=clippy::uninlined_format_args' '--warn=clippy::trait_duplication_in_bounds' '--warn=clippy::todo' '--warn=clippy::string_lit_as_bytes' '--warn=clippy::string_add_assign' '--warn=clippy::string_add' '--warn=clippy::str_to_string' '--warn=clippy::semicolon_if_nothing_returned' '--warn=clippy::self_named_module_files' '--warn=clippy::same_functions_in_if_condition' '--allow=clippy::result_large_err' '--warn=clippy::rest_pat_in_fully_bound_structs' '--warn=clippy::ref_option_ref' '--warn=clippy::redundant_feature_names' '--warn=clippy::rc_mutex' '--warn=clippy::ptr_as_ptr' '--warn=clippy::path_buf_push_overwrite' '--warn=clippy::negative_feature_names' '--warn=clippy::needless_for_each' '--allow=clippy::needless_continue' '--warn=clippy::mutex_integer' '--warn=clippy::mem_forget' '--warn=clippy::macro_use_imports' '--warn=clippy::lossy_float_literal' '--warn=clippy::linkedlist' '--allow=clippy::let_and_return' '--warn=clippy::large_types_passed_by_value' '--warn=clippy::large_stack_arrays' '--warn=clippy::large_digit_groups' '--warn=clippy::invalid_upcast_comparisons' '--warn=clippy::infinite_loop' '--warn=clippy::inefficient_to_string' '--warn=clippy::inconsistent_struct_constructor' '--warn=clippy::imprecise_flops' '--warn=clippy::implicit_clone' '--allow=clippy::if_same_then_else' '--warn=clippy::from_iter_instead_of_collect' '--warn=clippy::fn_params_excessive_bools' '--warn=clippy::float_cmp_const' '--warn=clippy::flat_map_option' '--warn=clippy::filter_map_next' '--warn=clippy::fallible_impl_from' '--warn=clippy::explicit_into_iter_loop' '--warn=clippy::explicit_deref_methods' '--warn=clippy::expl_impl_clone_on_copy' '--warn=clippy::enum_glob_use' '--warn=clippy::empty_enums' '--warn=clippy::doc_markdown' '--warn=clippy::debug_assert_with_mut_call' '--warn=clippy::dbg_macro' '--warn=clippy::create_dir' '--allow=clippy::collapsible_else_if' '--warn=clippy::checked_conversions' '--allow=clippy::branches_sharing_code' '--allow=clippy::bool_assert_comparison' --cfg 'feature="color"' --cfg 'feature="default"' --cfg 'feature="diff"' --cfg 'feature="float-cmp"' --cfg 'feature="normalize-line-endings"' --cfg 'feature="regex"' --check-cfg 'cfg(docsrs,test)' --check-cfg 'cfg(feature, values("color", "default", "diff", "float-cmp", "normalize-line-endings", "regex", "unstable"))' -C metadata=459eba02c5b452f4 -C extra-filename=-dace89ab8e90f707 --out-dir /app/target/debug/deps -L dependency=/app/target/debug/deps --extern anstyle=/app/target/debug/deps/libanstyle-4dea62ac8b01cfc5.rmeta --extern difflib=/app/target/debug/deps/libdifflib-05712752e52dcfa4.rmeta --extern float_cmp=/app/target/debug/deps/libfloat_cmp-57f7049c552c5d9b.rmeta --extern normalize_line_endings=/app/target/debug/deps/libnormalize_line_endings-46694e3d3658df4d.rmeta --extern predicates_core=/app/target/debug/deps/libpredicates_core-5dec296e26324dca.rmeta --extern regex=/app/target/debug/deps/libregex-aae23aa183aca753.rmeta --cap-lints allow`
     Running `/app/target/debug/build/assert_cmd-a10a85c86ad62a72/build-script-build`
   Compiling rusty-fork v0.3.1
     Running `/home/jules/.rustup/toolchains/stable-x86_64-unknown-linux-gnu/bin/rustc --crate-name rusty_fork --edition=2018 /home/jules/.cargo/registry/src/index.crates.io-1949cf8c6b5b557f/rusty-fork-0.3.1/src/lib.rs --error-format=json --json=diagnostic-rendered-ansi,artifacts,future-incompat --crate-type lib --emit=dep-info,metadata,link -C embed-bitcode=no -C debuginfo=2 --cfg 'feature="timeout"' --cfg 'feature="wait-timeout"' --check-cfg 'cfg(docsrs,test)' --check-cfg 'cfg(feature, values("default", "timeout", "wait-timeout"))' -C metadata=65e33dcc6244e60a -C extra-filename=-61b1b1c0a1fda67a --out-dir /app/target/debug/deps -L dependency=/app/target/debug/deps --extern fnv=/app/target/debug/deps/libfnv-1e77ae8f0484c8fd.rmeta --extern quick_error=/app/target/debug/deps/libquick_error-d07b82ff5e154d70.rmeta --extern tempfile=/app/target/debug/deps/libtempfile-f51a2aafe76acb83.rmeta --extern wait_timeout=/app/target/debug/deps/libwait_timeout-05c0669f3a315b95.rmeta --cap-lints allow`
   Compiling uuid-simd v0.8.0
     Running `/home/jules/.rustup/toolchains/stable-x86_64-unknown-linux-gnu/bin/rustc --crate-name uuid_simd --edition=2021 /home/jules/.cargo/registry/src/index.crates.io-1949cf8c6b5b557f/uuid-simd-0.8.0/src/lib.rs --error-format=json --json=diagnostic-rendered-ansi,artifacts,future-incompat --crate-type lib --emit=dep-info,metadata,link -C embed-bitcode=no -C debuginfo=2 --cfg 'feature="alloc"' --cfg 'feature="detect"' --cfg 'feature="std"' --check-cfg 'cfg(docsrs,test)' --check-cfg 'cfg(feature, values("alloc", "default", "detect", "std", "unstable", "uuid"))' -C metadata=38b126eee7e215f8 -C extra-filename=-333c09428c0978c8 --out-dir /app/target/debug/deps -L dependency=/app/target/debug/deps --extern outref=/app/target/debug/deps/liboutref-527206fc3c044e54.rmeta --extern vsimd=/app/target/debug/deps/libvsimd-9103578ee473d239.rmeta --cap-lints allow`
   Compiling rand_chacha v0.9.0
     Running `/home/jules/.rustup/toolchains/stable-x86_64-unknown-linux-gnu/bin/rustc --crate-name rand_chacha --edition=2021 /home/jules/.cargo/registry/src/index.crates.io-1949cf8c6b5b557f/rand_chacha-0.9.0/src/lib.rs --error-format=json --json=diagnostic-rendered-ansi,artifacts,future-incompat --crate-type lib --emit=dep-info,metadata,link -C embed-bitcode=no -C debuginfo=2 --check-cfg 'cfg(docsrs,test)' --check-cfg 'cfg(feature, values("default", "os_rng", "serde", "std"))' -C metadata=fbb5870d778d7e8b -C extra-filename=-f170d23e4fbc6883 --out-dir /app/target/debug/deps -L dependency=/app/target/debug/deps --extern ppv_lite86=/app/target/debug/deps/libppv_lite86-86978af368a71734.rmeta --extern rand_core=/app/target/debug/deps/librand_core-22725ecb9ae7f59a.rmeta --cap-lints allow`
   Compiling reqwest v0.13.2
     Running `/home/jules/.rustup/toolchains/stable-x86_64-unknown-linux-gnu/bin/rustc --crate-name reqwest --edition=2021 /home/jules/.cargo/registry/src/index.crates.io-1949cf8c6b5b557f/reqwest-0.13.2/src/lib.rs --error-format=json --json=diagnostic-rendered-ansi,artifacts,future-incompat --crate-type lib --emit=dep-info,metadata,link -C embed-bitcode=no -C debuginfo=2 --warn=unexpected_cfgs --check-cfg 'cfg(reqwest_unstable)' --cfg 'feature="__rustls"' --cfg 'feature="__tls"' --cfg 'feature="blocking"' --cfg 'feature="http2"' --cfg 'feature="json"' --cfg 'feature="rustls-no-provider"' --check-cfg 'cfg(docsrs,test)' --check-cfg 'cfg(feature, values("__native-tls", "__native-tls-alpn", "__rustls", "__rustls-aws-lc-rs", "__tls", "blocking", "brotli", "charset", "cookies", "default", "default-tls", "deflate", "form", "gzip", "hickory-dns", "http2", "http3", "json", "multipart", "native-tls", "native-tls-no-alpn", "native-tls-vendored", "native-tls-vendored-no-alpn", "query", "rustls", "rustls-no-provider", "socks", "stream", "system-proxy", "zstd"))' -C metadata=4c435c99d7504958 -C extra-filename=-e797ce108652a8aa --out-dir /app/target/debug/deps -L dependency=/app/target/debug/deps --extern base64=/app/target/debug/deps/libbase64-5ec41e4236db44dc.rmeta --extern bytes=/app/target/debug/deps/libbytes-7700b1df813bc0a9.rmeta --extern futures_channel=/app/target/debug/deps/libfutures_channel-75b5d2424142e51e.rmeta --extern futures_core=/app/target/debug/deps/libfutures_core-a6049477db3e920d.rmeta --extern futures_util=/app/target/debug/deps/libfutures_util-68bf32b7e585eeac.rmeta --extern h2=/app/target/debug/deps/libh2-24ec07cd3e335c71.rmeta --extern http=/app/target/debug/deps/libhttp-bd859b3c6ad2874c.rmeta --extern http_body=/app/target/debug/deps/libhttp_body-0b82d526501bf8d0.rmeta --extern http_body_util=/app/target/debug/deps/libhttp_body_util-a836d4c17666b5a9.rmeta --extern hyper=/app/target/debug/deps/libhyper-3d00d56e24d411fb.rmeta --extern hyper_rustls=/app/target/debug/deps/libhyper_rustls-6b59281d11c7e4da.rmeta --extern hyper_util=/app/target/debug/deps/libhyper_util-6362aac5846a40d6.rmeta --extern log=/app/target/debug/deps/liblog-408c38338ce1a0e5.rmeta --extern percent_encoding=/app/target/debug/deps/libpercent_encoding-59af404988bd156b.rmeta --extern pin_project_lite=/app/target/debug/deps/libpin_project_lite-3d1e25234effa67a.rmeta --extern rustls=/app/target/debug/deps/librustls-19b1f5d656603c35.rmeta --extern rustls_pki_types=/app/target/debug/deps/librustls_pki_types-30b00bdbcf8c70b4.rmeta --extern rustls_platform_verifier=/app/target/debug/deps/librustls_platform_verifier-5f070fbfb052321f.rmeta --extern serde=/app/target/debug/deps/libserde-2ddf37aa57423e14.rmeta --extern serde_json=/app/target/debug/deps/libserde_json-02554ac7efa4e2d5.rmeta --extern sync_wrapper=/app/target/debug/deps/libsync_wrapper-a379a15ef926ba37.rmeta --extern tokio=/app/target/debug/deps/libtokio-2aeedef1a36ad1fc.rmeta --extern tokio_rustls=/app/target/debug/deps/libtokio_rustls-bf444f4bcef4b764.rmeta --extern tower=/app/target/debug/deps/libtower-27ac46d94d15a3b5.rmeta --extern tower_http=/app/target/debug/deps/libtower_http-c743eb27a13b12cf.rmeta --extern tower_service=/app/target/debug/deps/libtower_service-7154d326c7b14509.rmeta --extern url=/app/target/debug/deps/liburl-04b9c6f3c477444a.rmeta --cap-lints allow -L native=/app/target/debug/build/ring-7e163c8f3c6760a9/out`
   Compiling referencing v0.45.0
     Running `/home/jules/.rustup/toolchains/stable-x86_64-unknown-linux-gnu/bin/rustc --crate-name referencing --edition=2021 /home/jules/.cargo/registry/src/index.crates.io-1949cf8c6b5b557f/referencing-0.45.0/src/lib.rs --error-format=json --json=diagnostic-rendered-ansi,artifacts,future-incompat --crate-type lib --emit=dep-info,metadata,link -C embed-bitcode=no -C debuginfo=2 '--warn=clippy::pedantic' --warn=unsafe_code --warn=unreachable_pub '--allow=clippy::too_many_lines' '--allow=clippy::too_many_arguments' '--allow=clippy::similar_names' '--warn=clippy::rest_pat_in_fully_bound_structs' '--warn=clippy::rc_mutex' '--warn=clippy::rc_buffer' '--warn=clippy::print_stdout' '--warn=clippy::print_stderr' '--allow=clippy::module_name_repetitions' '--warn=clippy::get_unwrap' '--warn=clippy::exit' '--warn=clippy::empty_structs_with_brackets' '--warn=clippy::empty_drop' '--warn=clippy::dbg_macro' --cfg 'feature="default"' --check-cfg 'cfg(docsrs,test)' --check-cfg 'cfg(feature, values("default", "retrieve-async"))' -C metadata=65b1ffc6ac490eb1 -C extra-filename=-81bcd24fa8ab346f --out-dir /app/target/debug/deps -L dependency=/app/target/debug/deps --extern ahash=/app/target/debug/deps/libahash-7882d4676b43b00d.rmeta --extern fluent_uri=/app/target/debug/deps/libfluent_uri-4bea2ddb67195048.rmeta --extern hashbrown=/app/target/debug/deps/libhashbrown-a4a46c898a33305f.rmeta --extern parking_lot=/app/target/debug/deps/libparking_lot-b5b0603ee1b81198.rmeta --extern percent_encoding=/app/target/debug/deps/libpercent_encoding-59af404988bd156b.rmeta --extern serde_json=/app/target/debug/deps/libserde_json-02554ac7efa4e2d5.rmeta --cap-lints allow`
   Compiling fraction v0.15.3
     Running `/home/jules/.rustup/toolchains/stable-x86_64-unknown-linux-gnu/bin/rustc --crate-name fraction --edition=2015 /home/jules/.cargo/registry/src/index.crates.io-1949cf8c6b5b557f/fraction-0.15.3/src/lib.rs --error-format=json --json=diagnostic-rendered-ansi,artifacts,future-incompat --crate-type lib --emit=dep-info,metadata,link -C embed-bitcode=no -C debuginfo=2 --cfg 'feature="lazy_static"' --cfg 'feature="with-bigint"' --check-cfg 'cfg(docsrs,test)' --check-cfg 'cfg(feature, values("byteorder", "bytes", "default", "juniper", "lazy_static", "postgres-types", "serde", "serde_derive", "with-approx", "with-bigint", "with-decimal", "with-dynaint", "with-juniper-support", "with-postgres-support", "with-serde-support", "with-unicode"))' -C metadata=d0d146a0bf36d423 -C extra-filename=-6a87b2522c3582e4 --out-dir /app/target/debug/deps -L dependency=/app/target/debug/deps --extern lazy_static=/app/target/debug/deps/liblazy_static-a0a87489f2e1a5ba.rmeta --extern num=/app/target/debug/deps/libnum-59377593ccc525ed.rmeta --cap-lints allow`
     Running `/home/jules/.rustup/toolchains/stable-x86_64-unknown-linux-gnu/bin/rustc --crate-name unicode_general_category --edition=2018 /home/jules/.cargo/registry/src/index.crates.io-1949cf8c6b5b557f/unicode-general-category-1.1.0/src/lib.rs --error-format=json --json=diagnostic-rendered-ansi,artifacts,future-incompat --crate-type lib --emit=dep-info,metadata,link -C embed-bitcode=no -C debuginfo=2 --check-cfg 'cfg(docsrs,test)' --check-cfg 'cfg(feature, values())' -C metadata=75a395b3b656a29b -C extra-filename=-b49cbec6a36e6603 --out-dir /app/target/debug/deps -L dependency=/app/target/debug/deps --cap-lints allow`
   Compiling fancy-regex v0.17.0
     Running `/home/jules/.rustup/toolchains/stable-x86_64-unknown-linux-gnu/bin/rustc --crate-name fancy_regex --edition=2018 /home/jules/.cargo/registry/src/index.crates.io-1949cf8c6b5b557f/fancy-regex-0.17.0/src/lib.rs --error-format=json --json=diagnostic-rendered-ansi,artifacts,future-incompat --crate-type lib --emit=dep-info,metadata,link -C embed-bitcode=no -C debuginfo=2 --cfg 'feature="default"' --cfg 'feature="perf"' --cfg 'feature="std"' --cfg 'feature="unicode"' --cfg 'feature="variable-lookbehinds"' --check-cfg 'cfg(docsrs,test)' --check-cfg 'cfg(feature, values("default", "perf", "std", "track_caller", "unicode", "variable-lookbehinds"))' -C metadata=fc9ede82fa6f9197 -C extra-filename=-08f81e08057633e9 --out-dir /app/target/debug/deps -L dependency=/app/target/debug/deps --extern bit_set=/app/target/debug/deps/libbit_set-248f2d1f1efbd76b.rmeta --extern regex_automata=/app/target/debug/deps/libregex_automata-5030333a6cbc36ca.rmeta --extern regex_syntax=/app/target/debug/deps/libregex_syntax-abe2ba1672407809.rmeta --cap-lints allow`
   Compiling rand v0.9.2
     Running `/home/jules/.rustup/toolchains/stable-x86_64-unknown-linux-gnu/bin/rustc --crate-name rand --edition=2021 /home/jules/.cargo/registry/src/index.crates.io-1949cf8c6b5b557f/rand-0.9.2/src/lib.rs --error-format=json --json=diagnostic-rendered-ansi,artifacts,future-incompat --crate-type lib --emit=dep-info,metadata,link -C embed-bitcode=no -C debuginfo=2 --cfg 'feature="alloc"' --cfg 'feature="os_rng"' --cfg 'feature="std"' --check-cfg 'cfg(docsrs,test)' --check-cfg 'cfg(feature, values("alloc", "default", "log", "nightly", "os_rng", "serde", "simd_support", "small_rng", "std", "std_rng", "thread_rng", "unbiased"))' -C metadata=93b274739a4f7590 -C extra-filename=-72bd4ef3c53585b0 --out-dir /app/target/debug/deps -L dependency=/app/target/debug/deps --extern rand_core=/app/target/debug/deps/librand_core-22725ecb9ae7f59a.rmeta --cap-lints allow`
   Compiling rand_xorshift v0.4.0
     Running `/home/jules/.rustup/toolchains/stable-x86_64-unknown-linux-gnu/bin/rustc --crate-name rand_xorshift --edition=2021 /home/jules/.cargo/registry/src/index.crates.io-1949cf8c6b5b557f/rand_xorshift-0.4.0/src/lib.rs --error-format=json --json=diagnostic-rendered-ansi,artifacts,future-incompat --crate-type lib --emit=dep-info,metadata,link -C embed-bitcode=no -C debuginfo=2 --check-cfg 'cfg(docsrs,test)' --check-cfg 'cfg(feature, values("serde"))' -C metadata=fce9a17b1cb7fbaf -C extra-filename=-bfe3697b6c0e918e --out-dir /app/target/debug/deps -L dependency=/app/target/debug/deps --extern rand_core=/app/target/debug/deps/librand_core-22725ecb9ae7f59a.rmeta --cap-lints allow`
   Compiling email_address v0.2.9
     Running `/home/jules/.rustup/toolchains/stable-x86_64-unknown-linux-gnu/bin/rustc --crate-name email_address --edition=2018 /home/jules/.cargo/registry/src/index.crates.io-1949cf8c6b5b557f/email_address-0.2.9/src/lib.rs --error-format=json --json=diagnostic-rendered-ansi,artifacts,future-incompat --crate-type lib --emit=dep-info,metadata,link -C embed-bitcode=no -C debuginfo=2 --cfg 'feature="default"' --cfg 'feature="serde"' --cfg 'feature="serde_support"' --check-cfg 'cfg(docsrs,test)' --check-cfg 'cfg(feature, values("default", "serde", "serde_support"))' -C metadata=3deafaedf39743d6 -C extra-filename=-00d9b45952353110 --out-dir /app/target/debug/deps -L dependency=/app/target/debug/deps --extern serde=/app/target/debug/deps/libserde-2ddf37aa57423e14.rmeta --cap-lints allow`
   Compiling console v0.15.11
     Running `/home/jules/.rustup/toolchains/stable-x86_64-unknown-linux-gnu/bin/rustc --crate-name console --edition=2021 /home/jules/.cargo/registry/src/index.crates.io-1949cf8c6b5b557f/console-0.15.11/src/lib.rs --error-format=json --json=diagnostic-rendered-ansi,artifacts,future-incompat --crate-type lib --emit=dep-info,metadata,link -C embed-bitcode=no -C debuginfo=2 --check-cfg 'cfg(docsrs,test)' --check-cfg 'cfg(feature, values("ansi-parsing", "default", "unicode-width", "windows-console-colors"))' -C metadata=2eda5fd49add02ad -C extra-filename=-76a8b97ba61c1eec --out-dir /app/target/debug/deps -L dependency=/app/target/debug/deps --extern libc=/app/target/debug/deps/liblibc-3a1e456fed0d9fcc.rmeta --extern once_cell=/app/target/debug/deps/libonce_cell-62dad8624c32d39d.rmeta --cap-lints allow`
   Compiling similar v2.7.0
     Running `/home/jules/.rustup/toolchains/stable-x86_64-unknown-linux-gnu/bin/rustc --crate-name similar --edition=2018 /home/jules/.cargo/registry/src/index.crates.io-1949cf8c6b5b557f/similar-2.7.0/src/lib.rs --error-format=json --json=diagnostic-rendered-ansi,artifacts,future-incompat --crate-type lib --emit=dep-info,metadata,link -C embed-bitcode=no -C debuginfo=2 --cfg 'feature="default"' --cfg 'feature="inline"' --cfg 'feature="text"' --check-cfg 'cfg(docsrs,test)' --check-cfg 'cfg(feature, values("bstr", "bytes", "default", "inline", "serde", "text", "unicode", "unicode-segmentation", "wasm32_web_time", "web-time"))' -C metadata=214c551e2eb37f9a -C extra-filename=-2e43390cc7d78d4b --out-dir /app/target/debug/deps -L dependency=/app/target/debug/deps --cap-lints allow`
   Compiling bytecount v0.6.9
     Running `/home/jules/.rustup/toolchains/stable-x86_64-unknown-linux-gnu/bin/rustc --crate-name bytecount --edition=2018 /home/jules/.cargo/registry/src/index.crates.io-1949cf8c6b5b557f/bytecount-0.6.9/src/lib.rs --error-format=json --json=diagnostic-rendered-ansi,artifacts,future-incompat --crate-type lib --emit=dep-info,metadata,link -C embed-bitcode=no -C debuginfo=2 --cfg 'feature="runtime-dispatch-simd"' --check-cfg 'cfg(docsrs,test)' --check-cfg 'cfg(feature, values("generic-simd", "html_report", "runtime-dispatch-simd"))' -C metadata=b1cf0351f3dd45bc -C extra-filename=-570639107f873638 --out-dir /app/target/debug/deps -L dependency=/app/target/debug/deps --cap-lints allow`
   Compiling data-encoding v2.10.0
     Running `/home/jules/.rustup/toolchains/stable-x86_64-unknown-linux-gnu/bin/rustc --crate-name data_encoding --edition=2018 /home/jules/.cargo/registry/src/index.crates.io-1949cf8c6b5b557f/data-encoding-2.10.0/src/lib.rs --error-format=json --json=diagnostic-rendered-ansi,artifacts,future-incompat --crate-type lib --emit=dep-info,metadata,link -C embed-bitcode=no -C debuginfo=2 --warn=unused-results --warn=unsafe-op-in-unsafe-fn --warn=unreachable-pub '--warn=clippy::undocumented-unsafe-blocks' --warn=missing-docs --warn=missing-debug-implementations --warn=let-underscore-drop --warn=elided-lifetimes-in-paths --cfg 'feature="alloc"' --cfg 'feature="default"' --cfg 'feature="std"' --check-cfg 'cfg(docsrs,test)' --check-cfg 'cfg(feature, values("alloc", "default", "std"))' -C metadata=77a5c3597d397446 -C extra-filename=-311e5a719cc23f86 --out-dir /app/target/debug/deps -L dependency=/app/target/debug/deps --cap-lints allow`
   Compiling unarray v0.1.4
     Running `/home/jules/.rustup/toolchains/stable-x86_64-unknown-linux-gnu/bin/rustc --crate-name unarray --edition=2018 /home/jules/.cargo/registry/src/index.crates.io-1949cf8c6b5b557f/unarray-0.1.4/src/lib.rs --error-format=json --json=diagnostic-rendered-ansi,artifacts,future-incompat --crate-type lib --emit=dep-info,metadata,link -C embed-bitcode=no -C debuginfo=2 --check-cfg 'cfg(docsrs,test)' --check-cfg 'cfg(feature, values())' -C metadata=7a5d86a126ec12a4 -C extra-filename=-13071c3ccdbc289d --out-dir /app/target/debug/deps -L dependency=/app/target/debug/deps --cap-lints allow`
   Compiling num-cmp v0.1.0
     Running `/home/jules/.rustup/toolchains/stable-x86_64-unknown-linux-gnu/bin/rustc --crate-name num_cmp --edition=2015 /home/jules/.cargo/registry/src/index.crates.io-1949cf8c6b5b557f/num-cmp-0.1.0/src/lib.rs --error-format=json --json=diagnostic-rendered-ansi,artifacts,future-incompat --crate-type lib --emit=dep-info,metadata,link -C embed-bitcode=no -C debuginfo=2 --check-cfg 'cfg(docsrs,test)' --check-cfg 'cfg(feature, values("i128"))' -C metadata=4f8be668062c8b87 -C extra-filename=-856f1be21f89d522 --out-dir /app/target/debug/deps -L dependency=/app/target/debug/deps --cap-lints allow`
   Compiling jsonschema v0.45.0
     Running `/home/jules/.rustup/toolchains/stable-x86_64-unknown-linux-gnu/bin/rustc --crate-name jsonschema --edition=2021 /home/jules/.cargo/registry/src/index.crates.io-1949cf8c6b5b557f/jsonschema-0.45.0/src/lib.rs --error-format=json --json=diagnostic-rendered-ansi,artifacts,future-incompat --crate-type lib --emit=dep-info,metadata,link -C embed-bitcode=no -C debuginfo=2 '--warn=clippy::pedantic' --warn=unsafe_code --warn=unreachable_pub '--allow=clippy::too_many_lines' '--allow=clippy::too_many_arguments' '--allow=clippy::similar_names' '--warn=clippy::rest_pat_in_fully_bound_structs' '--warn=clippy::rc_mutex' '--warn=clippy::rc_buffer' '--warn=clippy::print_stdout' '--warn=clippy::print_stderr' '--allow=clippy::module_name_repetitions' '--warn=clippy::get_unwrap' '--warn=clippy::exit' '--warn=clippy::empty_structs_with_brackets' '--warn=clippy::empty_drop' '--warn=clippy::dbg_macro' --cfg 'feature="reqwest"' --cfg 'feature="resolve-file"' --cfg 'feature="resolve-http"' --cfg 'feature="tls-ring"' --check-cfg 'cfg(docsrs,test)' --check-cfg 'cfg(feature, values("arbitrary-precision", "default", "reqwest", "resolve-async", "resolve-file", "resolve-http", "tls-aws-lc-rs", "tls-ring"))' -C metadata=7535f1bada95acd7 -C extra-filename=-0cead2da86f5cca7 --out-dir /app/target/debug/deps -L dependency=/app/target/debug/deps --extern ahash=/app/target/debug/deps/libahash-7882d4676b43b00d.rmeta --extern bytecount=/app/target/debug/deps/libbytecount-570639107f873638.rmeta --extern data_encoding=/app/target/debug/deps/libdata_encoding-311e5a719cc23f86.rmeta --extern email_address=/app/target/debug/deps/libemail_address-00d9b45952353110.rmeta --extern fancy_regex=/app/target/debug/deps/libfancy_regex-08f81e08057633e9.rmeta --extern fraction=/app/target/debug/deps/libfraction-6a87b2522c3582e4.rmeta --extern idna=/app/target/debug/deps/libidna-6ac9e8b9d693dbe7.rmeta --extern itoa=/app/target/debug/deps/libitoa-c718f49b83cc3644.rmeta --extern num_cmp=/app/target/debug/deps/libnum_cmp-856f1be21f89d522.rmeta --extern num_traits=/app/target/debug/deps/libnum_traits-f44bd77d245e0ec0.rmeta --extern percent_encoding=/app/target/debug/deps/libpercent_encoding-59af404988bd156b.rmeta --extern referencing=/app/target/debug/deps/libreferencing-81bcd24fa8ab346f.rmeta --extern regex=/app/target/debug/deps/libregex-aae23aa183aca753.rmeta --extern regex_syntax=/app/target/debug/deps/libregex_syntax-abe2ba1672407809.rmeta --extern reqwest=/app/target/debug/deps/libreqwest-e797ce108652a8aa.rmeta --extern rustls=/app/target/debug/deps/librustls-19b1f5d656603c35.rmeta --extern serde=/app/target/debug/deps/libserde-2ddf37aa57423e14.rmeta --extern serde_json=/app/target/debug/deps/libserde_json-02554ac7efa4e2d5.rmeta --extern unicode_general_category=/app/target/debug/deps/libunicode_general_category-b49cbec6a36e6603.rmeta --extern uuid_simd=/app/target/debug/deps/libuuid_simd-333c09428c0978c8.rmeta --cap-lints allow -L native=/app/target/debug/build/ring-7e163c8f3c6760a9/out`
   Compiling insta v1.46.3
     Running `/home/jules/.rustup/toolchains/stable-x86_64-unknown-linux-gnu/bin/rustc --crate-name insta --edition=2021 /home/jules/.cargo/registry/src/index.crates.io-1949cf8c6b5b557f/insta-1.46.3/src/lib.rs --error-format=json --json=diagnostic-rendered-ansi,artifacts,future-incompat --crate-type lib --emit=dep-info,metadata,link -C embed-bitcode=no -C debuginfo=2 --cfg 'feature="colors"' --cfg 'feature="console"' --cfg 'feature="default"' --cfg 'feature="json"' --cfg 'feature="serde"' --check-cfg 'cfg(docsrs,test)' --check-cfg 'cfg(feature, values("_cargo_insta_internal", "clap", "colors", "console", "csv", "default", "filters", "glob", "globset", "json", "pest", "pest_derive", "redactions", "regex", "ron", "serde", "toml", "walkdir", "yaml"))' -C metadata=b3970ac7c680f16d -C extra-filename=-fc65e2965aec3cf0 --out-dir /app/target/debug/deps -L dependency=/app/target/debug/deps --extern console=/app/target/debug/deps/libconsole-76a8b97ba61c1eec.rmeta --extern once_cell=/app/target/debug/deps/libonce_cell-62dad8624c32d39d.rmeta --extern serde=/app/target/debug/deps/libserde-2ddf37aa57423e14.rmeta --extern similar=/app/target/debug/deps/libsimilar-2e43390cc7d78d4b.rmeta --extern tempfile=/app/target/debug/deps/libtempfile-f51a2aafe76acb83.rmeta --cap-lints allow`
   Compiling proptest v1.10.0
     Running `/home/jules/.rustup/toolchains/stable-x86_64-unknown-linux-gnu/bin/rustc --crate-name proptest --edition=2021 /home/jules/.cargo/registry/src/index.crates.io-1949cf8c6b5b557f/proptest-1.10.0/src/lib.rs --error-format=json --json=diagnostic-rendered-ansi,artifacts,future-incompat --crate-type lib --emit=dep-info,metadata,link -C embed-bitcode=no -C debuginfo=2 --cfg 'feature="bit-set"' --cfg 'feature="default"' --cfg 'feature="fork"' --cfg 'feature="regex-syntax"' --cfg 'feature="rusty-fork"' --cfg 'feature="std"' --cfg 'feature="tempfile"' --cfg 'feature="timeout"' --check-cfg 'cfg(docsrs,test)' --check-cfg 'cfg(feature, values("alloc", "atomic64bit", "attr-macro", "bit-set", "default", "default-code-coverage", "fork", "handle-panics", "hardware-rng", "no_std", "proptest-macro", "regex-syntax", "rusty-fork", "std", "tempfile", "timeout", "unstable", "x86"))' -C metadata=813d50e0d986c5dd -C extra-filename=-d6b499a49d724fc5 --out-dir /app/target/debug/deps -L dependency=/app/target/debug/deps --extern bit_set=/app/target/debug/deps/libbit_set-248f2d1f1efbd76b.rmeta --extern bit_vec=/app/target/debug/deps/libbit_vec-bcfd2c47e4b75695.rmeta --extern bitflags=/app/target/debug/deps/libbitflags-4c22fbc3fb575483.rmeta --extern num_traits=/app/target/debug/deps/libnum_traits-f44bd77d245e0ec0.rmeta --extern rand=/app/target/debug/deps/librand-72bd4ef3c53585b0.rmeta --extern rand_chacha=/app/target/debug/deps/librand_chacha-f170d23e4fbc6883.rmeta --extern rand_xorshift=/app/target/debug/deps/librand_xorshift-bfe3697b6c0e918e.rmeta --extern regex_syntax=/app/target/debug/deps/libregex_syntax-abe2ba1672407809.rmeta --extern rusty_fork=/app/target/debug/deps/librusty_fork-61b1b1c0a1fda67a.rmeta --extern tempfile=/app/target/debug/deps/libtempfile-f51a2aafe76acb83.rmeta --extern unarray=/app/target/debug/deps/libunarray-13071c3ccdbc289d.rmeta --cap-lints allow`
     Running `/home/jules/.rustup/toolchains/stable-x86_64-unknown-linux-gnu/bin/rustc --crate-name assert_cmd --edition=2024 /home/jules/.cargo/registry/src/index.crates.io-1949cf8c6b5b557f/assert_cmd-2.2.0/src/lib.rs --error-format=json --json=diagnostic-rendered-ansi,artifacts,future-incompat --crate-type lib --emit=dep-info,metadata,link -C embed-bitcode=no -C debuginfo=2 --warn=rust_2018_idioms '--warn=clippy::zero_sized_map_values' '--warn=clippy::wildcard_imports' '--warn=clippy::verbose_file_reads' --warn=unused_qualifications --warn=unused_macro_rules --warn=unused_lifetimes --warn=unsafe_op_in_unsafe_fn --warn=unreachable_pub --warn=unnameable_types '--warn=clippy::uninlined_format_args' '--warn=clippy::trait_duplication_in_bounds' '--warn=clippy::todo' '--warn=clippy::string_lit_as_bytes' '--warn=clippy::string_add_assign' '--warn=clippy::string_add' '--warn=clippy::str_to_string' '--warn=clippy::semicolon_if_nothing_returned' '--warn=clippy::self_named_module_files' '--warn=clippy::same_functions_in_if_condition' '--allow=clippy::result_large_err' '--warn=clippy::rest_pat_in_fully_bound_structs' '--warn=clippy::ref_option_ref' '--warn=clippy::redundant_feature_names' '--warn=clippy::rc_mutex' '--warn=clippy::ptr_as_ptr' '--warn=clippy::path_buf_push_overwrite' '--warn=clippy::negative_feature_names' '--warn=clippy::needless_for_each' '--allow=clippy::needless_continue' '--warn=clippy::mutex_integer' '--warn=clippy::mem_forget' '--warn=clippy::macro_use_imports' '--warn=clippy::lossy_float_literal' '--warn=clippy::linkedlist' '--allow=clippy::let_and_return' '--warn=clippy::large_types_passed_by_value' '--warn=clippy::large_stack_arrays' '--warn=clippy::large_digit_groups' '--warn=clippy::invalid_upcast_comparisons' '--warn=clippy::infinite_loop' '--warn=clippy::inefficient_to_string' '--warn=clippy::inconsistent_struct_constructor' '--warn=clippy::imprecise_flops' '--warn=clippy::implicit_clone' '--allow=clippy::if_same_then_else' '--warn=clippy::from_iter_instead_of_collect' '--warn=clippy::fn_params_excessive_bools' '--warn=clippy::float_cmp_const' '--warn=clippy::flat_map_option' '--warn=clippy::filter_map_next' '--warn=clippy::fallible_impl_from' '--warn=clippy::explicit_into_iter_loop' '--warn=clippy::explicit_deref_methods' '--warn=clippy::expl_impl_clone_on_copy' '--warn=clippy::enum_glob_use' '--warn=clippy::empty_enums' '--warn=clippy::doc_markdown' '--warn=clippy::debug_assert_with_mut_call' '--warn=clippy::dbg_macro' '--warn=clippy::create_dir' '--allow=clippy::collapsible_else_if' '--warn=clippy::checked_conversions' '--allow=clippy::branches_sharing_code' '--allow=clippy::bool_assert_comparison' --check-cfg 'cfg(docsrs,test)' --check-cfg 'cfg(feature, values("color", "color-auto"))' -C metadata=b95b539968e96864 -C extra-filename=-627e2edf13bfe3f8 --out-dir /app/target/debug/deps -L dependency=/app/target/debug/deps --extern anstyle=/app/target/debug/deps/libanstyle-4dea62ac8b01cfc5.rmeta --extern bstr=/app/target/debug/deps/libbstr-6a9c22be5ffbbab8.rmeta --extern predicates=/app/target/debug/deps/libpredicates-dace89ab8e90f707.rmeta --extern predicates_core=/app/target/debug/deps/libpredicates_core-5dec296e26324dca.rmeta --extern predicates_tree=/app/target/debug/deps/libpredicates_tree-4a14d436a16b54e0.rmeta --extern wait_timeout=/app/target/debug/deps/libwait_timeout-05c0669f3a315b95.rmeta --cap-lints allow`
   Compiling tokmd v1.8.1 (/app/crates/tokmd)
     Running `/home/jules/.rustup/toolchains/stable-x86_64-unknown-linux-gnu/bin/rustc --crate-name tokmd --edition=2024 crates/tokmd/src/lib.rs --error-format=json --json=diagnostic-rendered-ansi,artifacts,future-incompat --crate-type lib --emit=dep-info,metadata,link -C embed-bitcode=no -C debuginfo=2 --cfg 'feature="archetype"' --cfg 'feature="content"' --cfg 'feature="default"' --cfg 'feature="fun"' --cfg 'feature="git"' --cfg 'feature="topics"' --cfg 'feature="ui"' --cfg 'feature="walk"' --check-cfg 'cfg(docsrs,test)' --check-cfg 'cfg(feature, values("alias-tok", "archetype", "content", "default", "fun", "git", "topics", "ui", "walk"))' -C metadata=74a1d45ab972c6c0 -C extra-filename=-f0692a71f65efafb --out-dir /app/target/debug/deps -C incremental=/app/target/debug/incremental -L dependency=/app/target/debug/deps --extern anyhow=/app/target/debug/deps/libanyhow-1c897acad9a38b79.rmeta --extern blake3=/app/target/debug/deps/libblake3-ba57c91f91dea2f8.rmeta --extern clap=/app/target/debug/deps/libclap-37855d5caa945650.rmeta --extern clap_complete=/app/target/debug/deps/libclap_complete-c53597c9a8376dfd.rmeta --extern console=/app/target/debug/deps/libconsole-082fb92185463311.rmeta --extern dialoguer=/app/target/debug/deps/libdialoguer-21a6fbd0d024b082.rmeta --extern dirs=/app/target/debug/deps/libdirs-e2cb4f3a84b5aae4.rmeta --extern serde=/app/target/debug/deps/libserde-2ddf37aa57423e14.rmeta --extern serde_json=/app/target/debug/deps/libserde_json-02554ac7efa4e2d5.rmeta --extern time=/app/target/debug/deps/libtime-ff5916d77934ff1e.rmeta --extern tokmd_analysis=/app/target/debug/deps/libtokmd_analysis-287e2b5f1e68be70.rmeta --extern tokmd_analysis_explain=/app/target/debug/deps/libtokmd_analysis_explain-105437a229df030b.rmeta --extern tokmd_analysis_format=/app/target/debug/deps/libtokmd_analysis_format-9faa09db3b8778a0.rmeta --extern tokmd_analysis_grid=/app/target/debug/deps/libtokmd_analysis_grid-da610605172fdcbc.rmeta --extern tokmd_analysis_types=/app/target/debug/deps/libtokmd_analysis_types-b8471925ca3eea4f.rmeta --extern tokmd_badge=/app/target/debug/deps/libtokmd_badge-a3692bda83121bee.rmeta --extern tokmd_cockpit=/app/target/debug/deps/libtokmd_cockpit-d6755e701929fa0f.rmeta --extern tokmd_config=/app/target/debug/deps/libtokmd_config-907d875de830b68a.rmeta --extern tokmd_context_git=/app/target/debug/deps/libtokmd_context_git-8f6572e04bf8d3d8.rmeta --extern tokmd_context_policy=/app/target/debug/deps/libtokmd_context_policy-66a5cfc2cb52e0e0.rmeta --extern tokmd_envelope=/app/target/debug/deps/libtokmd_envelope-9bbe3b42791e10c2.rmeta --extern tokmd_exclude=/app/target/debug/deps/libtokmd_exclude-ed7ad8c9ce3cb6a5.rmeta --extern tokmd_export_tree=/app/target/debug/deps/libtokmd_export_tree-393431f45ac57c2b.rmeta --extern tokmd_format=/app/target/debug/deps/libtokmd_format-ab3491f51dc38631.rmeta --extern tokmd_gate=/app/target/debug/deps/libtokmd_gate-3d049ed137b3d469.rmeta --extern tokmd_git=/app/target/debug/deps/libtokmd_git-b3c6d5e93cb11ab2.rmeta --extern tokmd_model=/app/target/debug/deps/libtokmd_model-5caf4eb9b674e831.rmeta --extern tokmd_path=/app/target/debug/deps/libtokmd_path-87b15609bfd71d35.rmeta --extern tokmd_progress=/app/target/debug/deps/libtokmd_progress-4c3f56b438105d35.rmeta --extern tokmd_scan=/app/target/debug/deps/libtokmd_scan-c5d50a4874764658.rmeta --extern tokmd_settings=/app/target/debug/deps/libtokmd_settings-a376241a548bc356.rmeta --extern tokmd_tokeignore=/app/target/debug/deps/libtokmd_tokeignore-b17e42e8f7d6ccb6.rmeta --extern tokmd_tool_schema=/app/target/debug/deps/libtokmd_tool_schema-750660505fe02567.rmeta --extern tokmd_types=/app/target/debug/deps/libtokmd_types-e5279a60750fb027.rmeta --extern toml=/app/target/debug/deps/libtoml-416a762657a99d87.rmeta -L native=/app/target/debug/build/blake3-12e682763928d5d8/out -L native=/app/target/debug/build/blake3-12e682763928d5d8/out`
     Running `/home/jules/.rustup/toolchains/stable-x86_64-unknown-linux-gnu/bin/rustc --crate-name tokmd --edition=2024 crates/tokmd/src/lib.rs --error-format=json --json=diagnostic-rendered-ansi,artifacts,future-incompat --emit=dep-info,link -C embed-bitcode=no -C debuginfo=2 --test --cfg 'feature="archetype"' --cfg 'feature="content"' --cfg 'feature="default"' --cfg 'feature="fun"' --cfg 'feature="git"' --cfg 'feature="topics"' --cfg 'feature="ui"' --cfg 'feature="walk"' --check-cfg 'cfg(docsrs,test)' --check-cfg 'cfg(feature, values("alias-tok", "archetype", "content", "default", "fun", "git", "topics", "ui", "walk"))' -C metadata=59c86d426526b442 -C extra-filename=-86ccc8823e42af55 --out-dir /app/target/debug/deps -C incremental=/app/target/debug/incremental -L dependency=/app/target/debug/deps --extern anyhow=/app/target/debug/deps/libanyhow-1c897acad9a38b79.rlib --extern assert_cmd=/app/target/debug/deps/libassert_cmd-627e2edf13bfe3f8.rlib --extern blake3=/app/target/debug/deps/libblake3-ba57c91f91dea2f8.rlib --extern clap=/app/target/debug/deps/libclap-37855d5caa945650.rlib --extern clap_complete=/app/target/debug/deps/libclap_complete-c53597c9a8376dfd.rlib --extern console=/app/target/debug/deps/libconsole-082fb92185463311.rlib --extern dialoguer=/app/target/debug/deps/libdialoguer-21a6fbd0d024b082.rlib --extern dirs=/app/target/debug/deps/libdirs-e2cb4f3a84b5aae4.rlib --extern insta=/app/target/debug/deps/libinsta-fc65e2965aec3cf0.rlib --extern jsonschema=/app/target/debug/deps/libjsonschema-0cead2da86f5cca7.rlib --extern predicates=/app/target/debug/deps/libpredicates-dace89ab8e90f707.rlib --extern proptest=/app/target/debug/deps/libproptest-d6b499a49d724fc5.rlib --extern regex=/app/target/debug/deps/libregex-aae23aa183aca753.rlib --extern serde=/app/target/debug/deps/libserde-2ddf37aa57423e14.rlib --extern serde_json=/app/target/debug/deps/libserde_json-02554ac7efa4e2d5.rlib --extern tempfile=/app/target/debug/deps/libtempfile-f51a2aafe76acb83.rlib --extern time=/app/target/debug/deps/libtime-ff5916d77934ff1e.rlib --extern tokmd_analysis=/app/target/debug/deps/libtokmd_analysis-287e2b5f1e68be70.rlib --extern tokmd_analysis_derived=/app/target/debug/deps/libtokmd_analysis_derived-0238f5588105f72f.rlib --extern tokmd_analysis_explain=/app/target/debug/deps/libtokmd_analysis_explain-105437a229df030b.rlib --extern tokmd_analysis_format=/app/target/debug/deps/libtokmd_analysis_format-9faa09db3b8778a0.rlib --extern tokmd_analysis_grid=/app/target/debug/deps/libtokmd_analysis_grid-da610605172fdcbc.rlib --extern tokmd_analysis_types=/app/target/debug/deps/libtokmd_analysis_types-b8471925ca3eea4f.rlib --extern tokmd_badge=/app/target/debug/deps/libtokmd_badge-a3692bda83121bee.rlib --extern tokmd_cockpit=/app/target/debug/deps/libtokmd_cockpit-d6755e701929fa0f.rlib --extern tokmd_config=/app/target/debug/deps/libtokmd_config-907d875de830b68a.rlib --extern tokmd_context_git=/app/target/debug/deps/libtokmd_context_git-8f6572e04bf8d3d8.rlib --extern tokmd_context_policy=/app/target/debug/deps/libtokmd_context_policy-66a5cfc2cb52e0e0.rlib --extern tokmd_envelope=/app/target/debug/deps/libtokmd_envelope-9bbe3b42791e10c2.rlib --extern tokmd_exclude=/app/target/debug/deps/libtokmd_exclude-ed7ad8c9ce3cb6a5.rlib --extern tokmd_export_tree=/app/target/debug/deps/libtokmd_export_tree-393431f45ac57c2b.rlib --extern tokmd_format=/app/target/debug/deps/libtokmd_format-ab3491f51dc38631.rlib --extern tokmd_gate=/app/target/debug/deps/libtokmd_gate-3d049ed137b3d469.rlib --extern tokmd_git=/app/target/debug/deps/libtokmd_git-b3c6d5e93cb11ab2.rlib --extern tokmd_model=/app/target/debug/deps/libtokmd_model-5caf4eb9b674e831.rlib --extern tokmd_path=/app/target/debug/deps/libtokmd_path-87b15609bfd71d35.rlib --extern tokmd_progress=/app/target/debug/deps/libtokmd_progress-4c3f56b438105d35.rlib --extern tokmd_scan=/app/target/debug/deps/libtokmd_scan-c5d50a4874764658.rlib --extern tokmd_settings=/app/target/debug/deps/libtokmd_settings-a376241a548bc356.rlib --extern tokmd_tokeignore=/app/target/debug/deps/libtokmd_tokeignore-b17e42e8f7d6ccb6.rlib --extern tokmd_tool_schema=/app/target/debug/deps/libtokmd_tool_schema-750660505fe02567.rlib --extern tokmd_types=/app/target/debug/deps/libtokmd_types-e5279a60750fb027.rlib --extern toml=/app/target/debug/deps/libtoml-416a762657a99d87.rlib -L native=/app/target/debug/build/blake3-12e682763928d5d8/out -L native=/app/target/debug/build/blake3-12e682763928d5d8/out -L native=/app/target/debug/build/ring-7e163c8f3c6760a9/out`
     Running `/home/jules/.rustup/toolchains/stable-x86_64-unknown-linux-gnu/bin/rustc --crate-name cli_errors_w66 --edition=2024 crates/tokmd/tests/cli_errors_w66.rs --error-format=json --json=diagnostic-rendered-ansi,artifacts,future-incompat --emit=dep-info,link -C embed-bitcode=no -C debuginfo=2 --test --cfg 'feature="archetype"' --cfg 'feature="content"' --cfg 'feature="default"' --cfg 'feature="fun"' --cfg 'feature="git"' --cfg 'feature="topics"' --cfg 'feature="ui"' --cfg 'feature="walk"' --check-cfg 'cfg(docsrs,test)' --check-cfg 'cfg(feature, values("alias-tok", "archetype", "content", "default", "fun", "git", "topics", "ui", "walk"))' -C metadata=e98428b928aadd5d -C extra-filename=-a9508d609255ad6a --out-dir /app/target/debug/deps -C incremental=/app/target/debug/incremental -L dependency=/app/target/debug/deps --extern anyhow=/app/target/debug/deps/libanyhow-1c897acad9a38b79.rlib --extern assert_cmd=/app/target/debug/deps/libassert_cmd-627e2edf13bfe3f8.rlib --extern blake3=/app/target/debug/deps/libblake3-ba57c91f91dea2f8.rlib --extern clap=/app/target/debug/deps/libclap-37855d5caa945650.rlib --extern clap_complete=/app/target/debug/deps/libclap_complete-c53597c9a8376dfd.rlib --extern console=/app/target/debug/deps/libconsole-082fb92185463311.rlib --extern dialoguer=/app/target/debug/deps/libdialoguer-21a6fbd0d024b082.rlib --extern dirs=/app/target/debug/deps/libdirs-e2cb4f3a84b5aae4.rlib --extern insta=/app/target/debug/deps/libinsta-fc65e2965aec3cf0.rlib --extern jsonschema=/app/target/debug/deps/libjsonschema-0cead2da86f5cca7.rlib --extern predicates=/app/target/debug/deps/libpredicates-dace89ab8e90f707.rlib --extern proptest=/app/target/debug/deps/libproptest-d6b499a49d724fc5.rlib --extern regex=/app/target/debug/deps/libregex-aae23aa183aca753.rlib --extern serde=/app/target/debug/deps/libserde-2ddf37aa57423e14.rlib --extern serde_json=/app/target/debug/deps/libserde_json-02554ac7efa4e2d5.rlib --extern tempfile=/app/target/debug/deps/libtempfile-f51a2aafe76acb83.rlib --extern time=/app/target/debug/deps/libtime-ff5916d77934ff1e.rlib --extern tokmd=/app/target/debug/deps/libtokmd-f0692a71f65efafb.rlib --extern tokmd_analysis=/app/target/debug/deps/libtokmd_analysis-287e2b5f1e68be70.rlib --extern tokmd_analysis_derived=/app/target/debug/deps/libtokmd_analysis_derived-0238f5588105f72f.rlib --extern tokmd_analysis_explain=/app/target/debug/deps/libtokmd_analysis_explain-105437a229df030b.rlib --extern tokmd_analysis_format=/app/target/debug/deps/libtokmd_analysis_format-9faa09db3b8778a0.rlib --extern tokmd_analysis_grid=/app/target/debug/deps/libtokmd_analysis_grid-da610605172fdcbc.rlib --extern tokmd_analysis_types=/app/target/debug/deps/libtokmd_analysis_types-b8471925ca3eea4f.rlib --extern tokmd_badge=/app/target/debug/deps/libtokmd_badge-a3692bda83121bee.rlib --extern tokmd_cockpit=/app/target/debug/deps/libtokmd_cockpit-d6755e701929fa0f.rlib --extern tokmd_config=/app/target/debug/deps/libtokmd_config-907d875de830b68a.rlib --extern tokmd_context_git=/app/target/debug/deps/libtokmd_context_git-8f6572e04bf8d3d8.rlib --extern tokmd_context_policy=/app/target/debug/deps/libtokmd_context_policy-66a5cfc2cb52e0e0.rlib --extern tokmd_envelope=/app/target/debug/deps/libtokmd_envelope-9bbe3b42791e10c2.rlib --extern tokmd_exclude=/app/target/debug/deps/libtokmd_exclude-ed7ad8c9ce3cb6a5.rlib --extern tokmd_export_tree=/app/target/debug/deps/libtokmd_export_tree-393431f45ac57c2b.rlib --extern tokmd_format=/app/target/debug/deps/libtokmd_format-ab3491f51dc38631.rlib --extern tokmd_gate=/app/target/debug/deps/libtokmd_gate-3d049ed137b3d469.rlib --extern tokmd_git=/app/target/debug/deps/libtokmd_git-b3c6d5e93cb11ab2.rlib --extern tokmd_model=/app/target/debug/deps/libtokmd_model-5caf4eb9b674e831.rlib --extern tokmd_path=/app/target/debug/deps/libtokmd_path-87b15609bfd71d35.rlib --extern tokmd_progress=/app/target/debug/deps/libtokmd_progress-4c3f56b438105d35.rlib --extern tokmd_scan=/app/target/debug/deps/libtokmd_scan-c5d50a4874764658.rlib --extern tokmd_settings=/app/target/debug/deps/libtokmd_settings-a376241a548bc356.rlib --extern tokmd_tokeignore=/app/target/debug/deps/libtokmd_tokeignore-b17e42e8f7d6ccb6.rlib --extern tokmd_tool_schema=/app/target/debug/deps/libtokmd_tool_schema-750660505fe02567.rlib --extern tokmd_types=/app/target/debug/deps/libtokmd_types-e5279a60750fb027.rlib --extern toml=/app/target/debug/deps/libtoml-416a762657a99d87.rlib -L native=/app/target/debug/build/blake3-12e682763928d5d8/out -L native=/app/target/debug/build/blake3-12e682763928d5d8/out -L native=/app/target/debug/build/ring-7e163c8f3c6760a9/out`
     Running `/home/jules/.rustup/toolchains/stable-x86_64-unknown-linux-gnu/bin/rustc --crate-name cli_error_paths_w51 --edition=2024 crates/tokmd/tests/cli_error_paths_w51.rs --error-format=json --json=diagnostic-rendered-ansi,artifacts,future-incompat --emit=dep-info,link -C embed-bitcode=no -C debuginfo=2 --test --cfg 'feature="archetype"' --cfg 'feature="content"' --cfg 'feature="default"' --cfg 'feature="fun"' --cfg 'feature="git"' --cfg 'feature="topics"' --cfg 'feature="ui"' --cfg 'feature="walk"' --check-cfg 'cfg(docsrs,test)' --check-cfg 'cfg(feature, values("alias-tok", "archetype", "content", "default", "fun", "git", "topics", "ui", "walk"))' -C metadata=a340708dfe192ffc -C extra-filename=-65de253ebaad4d5a --out-dir /app/target/debug/deps -C incremental=/app/target/debug/incremental -L dependency=/app/target/debug/deps --extern anyhow=/app/target/debug/deps/libanyhow-1c897acad9a38b79.rlib --extern assert_cmd=/app/target/debug/deps/libassert_cmd-627e2edf13bfe3f8.rlib --extern blake3=/app/target/debug/deps/libblake3-ba57c91f91dea2f8.rlib --extern clap=/app/target/debug/deps/libclap-37855d5caa945650.rlib --extern clap_complete=/app/target/debug/deps/libclap_complete-c53597c9a8376dfd.rlib --extern console=/app/target/debug/deps/libconsole-082fb92185463311.rlib --extern dialoguer=/app/target/debug/deps/libdialoguer-21a6fbd0d024b082.rlib --extern dirs=/app/target/debug/deps/libdirs-e2cb4f3a84b5aae4.rlib --extern insta=/app/target/debug/deps/libinsta-fc65e2965aec3cf0.rlib --extern jsonschema=/app/target/debug/deps/libjsonschema-0cead2da86f5cca7.rlib --extern predicates=/app/target/debug/deps/libpredicates-dace89ab8e90f707.rlib --extern proptest=/app/target/debug/deps/libproptest-d6b499a49d724fc5.rlib --extern regex=/app/target/debug/deps/libregex-aae23aa183aca753.rlib --extern serde=/app/target/debug/deps/libserde-2ddf37aa57423e14.rlib --extern serde_json=/app/target/debug/deps/libserde_json-02554ac7efa4e2d5.rlib --extern tempfile=/app/target/debug/deps/libtempfile-f51a2aafe76acb83.rlib --extern time=/app/target/debug/deps/libtime-ff5916d77934ff1e.rlib --extern tokmd=/app/target/debug/deps/libtokmd-f0692a71f65efafb.rlib --extern tokmd_analysis=/app/target/debug/deps/libtokmd_analysis-287e2b5f1e68be70.rlib --extern tokmd_analysis_derived=/app/target/debug/deps/libtokmd_analysis_derived-0238f5588105f72f.rlib --extern tokmd_analysis_explain=/app/target/debug/deps/libtokmd_analysis_explain-105437a229df030b.rlib --extern tokmd_analysis_format=/app/target/debug/deps/libtokmd_analysis_format-9faa09db3b8778a0.rlib --extern tokmd_analysis_grid=/app/target/debug/deps/libtokmd_analysis_grid-da610605172fdcbc.rlib --extern tokmd_analysis_types=/app/target/debug/deps/libtokmd_analysis_types-b8471925ca3eea4f.rlib --extern tokmd_badge=/app/target/debug/deps/libtokmd_badge-a3692bda83121bee.rlib --extern tokmd_cockpit=/app/target/debug/deps/libtokmd_cockpit-d6755e701929fa0f.rlib --extern tokmd_config=/app/target/debug/deps/libtokmd_config-907d875de830b68a.rlib --extern tokmd_context_git=/app/target/debug/deps/libtokmd_context_git-8f6572e04bf8d3d8.rlib --extern tokmd_context_policy=/app/target/debug/deps/libtokmd_context_policy-66a5cfc2cb52e0e0.rlib --extern tokmd_envelope=/app/target/debug/deps/libtokmd_envelope-9bbe3b42791e10c2.rlib --extern tokmd_exclude=/app/target/debug/deps/libtokmd_exclude-ed7ad8c9ce3cb6a5.rlib --extern tokmd_export_tree=/app/target/debug/deps/libtokmd_export_tree-393431f45ac57c2b.rlib --extern tokmd_format=/app/target/debug/deps/libtokmd_format-ab3491f51dc38631.rlib --extern tokmd_gate=/app/target/debug/deps/libtokmd_gate-3d049ed137b3d469.rlib --extern tokmd_git=/app/target/debug/deps/libtokmd_git-b3c6d5e93cb11ab2.rlib --extern tokmd_model=/app/target/debug/deps/libtokmd_model-5caf4eb9b674e831.rlib --extern tokmd_path=/app/target/debug/deps/libtokmd_path-87b15609bfd71d35.rlib --extern tokmd_progress=/app/target/debug/deps/libtokmd_progress-4c3f56b438105d35.rlib --extern tokmd_scan=/app/target/debug/deps/libtokmd_scan-c5d50a4874764658.rlib --extern tokmd_settings=/app/target/debug/deps/libtokmd_settings-a376241a548bc356.rlib --extern tokmd_tokeignore=/app/target/debug/deps/libtokmd_tokeignore-b17e42e8f7d6ccb6.rlib --extern tokmd_tool_schema=/app/target/debug/deps/libtokmd_tool_schema-750660505fe02567.rlib --extern tokmd_types=/app/target/debug/deps/libtokmd_types-e5279a60750fb027.rlib --extern toml=/app/target/debug/deps/libtoml-416a762657a99d87.rlib -L native=/app/target/debug/build/blake3-12e682763928d5d8/out -L native=/app/target/debug/build/blake3-12e682763928d5d8/out -L native=/app/target/debug/build/ring-7e163c8f3c6760a9/out`
     Running `/home/jules/.rustup/toolchains/stable-x86_64-unknown-linux-gnu/bin/rustc --crate-name receipt_contracts_w72 --edition=2024 crates/tokmd/tests/receipt_contracts_w72.rs --error-format=json --json=diagnostic-rendered-ansi,artifacts,future-incompat --emit=dep-info,link -C embed-bitcode=no -C debuginfo=2 --test --cfg 'feature="archetype"' --cfg 'feature="content"' --cfg 'feature="default"' --cfg 'feature="fun"' --cfg 'feature="git"' --cfg 'feature="topics"' --cfg 'feature="ui"' --cfg 'feature="walk"' --check-cfg 'cfg(docsrs,test)' --check-cfg 'cfg(feature, values("alias-tok", "archetype", "content", "default", "fun", "git", "topics", "ui", "walk"))' -C metadata=d16e3ea7d7cab32a -C extra-filename=-6e35ba238da828b9 --out-dir /app/target/debug/deps -C incremental=/app/target/debug/incremental -L dependency=/app/target/debug/deps --extern anyhow=/app/target/debug/deps/libanyhow-1c897acad9a38b79.rlib --extern assert_cmd=/app/target/debug/deps/libassert_cmd-627e2edf13bfe3f8.rlib --extern blake3=/app/target/debug/deps/libblake3-ba57c91f91dea2f8.rlib --extern clap=/app/target/debug/deps/libclap-37855d5caa945650.rlib --extern clap_complete=/app/target/debug/deps/libclap_complete-c53597c9a8376dfd.rlib --extern console=/app/target/debug/deps/libconsole-082fb92185463311.rlib --extern dialoguer=/app/target/debug/deps/libdialoguer-21a6fbd0d024b082.rlib --extern dirs=/app/target/debug/deps/libdirs-e2cb4f3a84b5aae4.rlib --extern insta=/app/target/debug/deps/libinsta-fc65e2965aec3cf0.rlib --extern jsonschema=/app/target/debug/deps/libjsonschema-0cead2da86f5cca7.rlib --extern predicates=/app/target/debug/deps/libpredicates-dace89ab8e90f707.rlib --extern proptest=/app/target/debug/deps/libproptest-d6b499a49d724fc5.rlib --extern regex=/app/target/debug/deps/libregex-aae23aa183aca753.rlib --extern serde=/app/target/debug/deps/libserde-2ddf37aa57423e14.rlib --extern serde_json=/app/target/debug/deps/libserde_json-02554ac7efa4e2d5.rlib --extern tempfile=/app/target/debug/deps/libtempfile-f51a2aafe76acb83.rlib --extern time=/app/target/debug/deps/libtime-ff5916d77934ff1e.rlib --extern tokmd=/app/target/debug/deps/libtokmd-f0692a71f65efafb.rlib --extern tokmd_analysis=/app/target/debug/deps/libtokmd_analysis-287e2b5f1e68be70.rlib --extern tokmd_analysis_derived=/app/target/debug/deps/libtokmd_analysis_derived-0238f5588105f72f.rlib --extern tokmd_analysis_explain=/app/target/debug/deps/libtokmd_analysis_explain-105437a229df030b.rlib --extern tokmd_analysis_format=/app/target/debug/deps/libtokmd_analysis_format-9faa09db3b8778a0.rlib --extern tokmd_analysis_grid=/app/target/debug/deps/libtokmd_analysis_grid-da610605172fdcbc.rlib --extern tokmd_analysis_types=/app/target/debug/deps/libtokmd_analysis_types-b8471925ca3eea4f.rlib --extern tokmd_badge=/app/target/debug/deps/libtokmd_badge-a3692bda83121bee.rlib --extern tokmd_cockpit=/app/target/debug/deps/libtokmd_cockpit-d6755e701929fa0f.rlib --extern tokmd_config=/app/target/debug/deps/libtokmd_config-907d875de830b68a.rlib --extern tokmd_context_git=/app/target/debug/deps/libtokmd_context_git-8f6572e04bf8d3d8.rlib --extern tokmd_context_policy=/app/target/debug/deps/libtokmd_context_policy-66a5cfc2cb52e0e0.rlib --extern tokmd_envelope=/app/target/debug/deps/libtokmd_envelope-9bbe3b42791e10c2.rlib --extern tokmd_exclude=/app/target/debug/deps/libtokmd_exclude-ed7ad8c9ce3cb6a5.rlib --extern tokmd_export_tree=/app/target/debug/deps/libtokmd_export_tree-393431f45ac57c2b.rlib --extern tokmd_format=/app/target/debug/deps/libtokmd_format-ab3491f51dc38631.rlib --extern tokmd_gate=/app/target/debug/deps/libtokmd_gate-3d049ed137b3d469.rlib --extern tokmd_git=/app/target/debug/deps/libtokmd_git-b3c6d5e93cb11ab2.rlib --extern tokmd_model=/app/target/debug/deps/libtokmd_model-5caf4eb9b674e831.rlib --extern tokmd_path=/app/target/debug/deps/libtokmd_path-87b15609bfd71d35.rlib --extern tokmd_progress=/app/target/debug/deps/libtokmd_progress-4c3f56b438105d35.rlib --extern tokmd_scan=/app/target/debug/deps/libtokmd_scan-c5d50a4874764658.rlib --extern tokmd_settings=/app/target/debug/deps/libtokmd_settings-a376241a548bc356.rlib --extern tokmd_tokeignore=/app/target/debug/deps/libtokmd_tokeignore-b17e42e8f7d6ccb6.rlib --extern tokmd_tool_schema=/app/target/debug/deps/libtokmd_tool_schema-750660505fe02567.rlib --extern tokmd_types=/app/target/debug/deps/libtokmd_types-e5279a60750fb027.rlib --extern toml=/app/target/debug/deps/libtoml-416a762657a99d87.rlib -L native=/app/target/debug/build/blake3-12e682763928d5d8/out -L native=/app/target/debug/build/blake3-12e682763928d5d8/out -L native=/app/target/debug/build/ring-7e163c8f3c6760a9/out`
     Running `/home/jules/.rustup/toolchains/stable-x86_64-unknown-linux-gnu/bin/rustc --crate-name cli_init_e2e --edition=2024 crates/tokmd/tests/cli_init_e2e.rs --error-format=json --json=diagnostic-rendered-ansi,artifacts,future-incompat --emit=dep-info,link -C embed-bitcode=no -C debuginfo=2 --test --cfg 'feature="archetype"' --cfg 'feature="content"' --cfg 'feature="default"' --cfg 'feature="fun"' --cfg 'feature="git"' --cfg 'feature="topics"' --cfg 'feature="ui"' --cfg 'feature="walk"' --check-cfg 'cfg(docsrs,test)' --check-cfg 'cfg(feature, values("alias-tok", "archetype", "content", "default", "fun", "git", "topics", "ui", "walk"))' -C metadata=8321f89fbe682c00 -C extra-filename=-ff52764b51ac5349 --out-dir /app/target/debug/deps -C incremental=/app/target/debug/incremental -L dependency=/app/target/debug/deps --extern anyhow=/app/target/debug/deps/libanyhow-1c897acad9a38b79.rlib --extern assert_cmd=/app/target/debug/deps/libassert_cmd-627e2edf13bfe3f8.rlib --extern blake3=/app/target/debug/deps/libblake3-ba57c91f91dea2f8.rlib --extern clap=/app/target/debug/deps/libclap-37855d5caa945650.rlib --extern clap_complete=/app/target/debug/deps/libclap_complete-c53597c9a8376dfd.rlib --extern console=/app/target/debug/deps/libconsole-082fb92185463311.rlib --extern dialoguer=/app/target/debug/deps/libdialoguer-21a6fbd0d024b082.rlib --extern dirs=/app/target/debug/deps/libdirs-e2cb4f3a84b5aae4.rlib --extern insta=/app/target/debug/deps/libinsta-fc65e2965aec3cf0.rlib --extern jsonschema=/app/target/debug/deps/libjsonschema-0cead2da86f5cca7.rlib --extern predicates=/app/target/debug/deps/libpredicates-dace89ab8e90f707.rlib --extern proptest=/app/target/debug/deps/libproptest-d6b499a49d724fc5.rlib --extern regex=/app/target/debug/deps/libregex-aae23aa183aca753.rlib --extern serde=/app/target/debug/deps/libserde-2ddf37aa57423e14.rlib --extern serde_json=/app/target/debug/deps/libserde_json-02554ac7efa4e2d5.rlib --extern tempfile=/app/target/debug/deps/libtempfile-f51a2aafe76acb83.rlib --extern time=/app/target/debug/deps/libtime-ff5916d77934ff1e.rlib --extern tokmd=/app/target/debug/deps/libtokmd-f0692a71f65efafb.rlib --extern tokmd_analysis=/app/target/debug/deps/libtokmd_analysis-287e2b5f1e68be70.rlib --extern tokmd_analysis_derived=/app/target/debug/deps/libtokmd_analysis_derived-0238f5588105f72f.rlib --extern tokmd_analysis_explain=/app/target/debug/deps/libtokmd_analysis_explain-105437a229df030b.rlib --extern tokmd_analysis_format=/app/target/debug/deps/libtokmd_analysis_format-9faa09db3b8778a0.rlib --extern tokmd_analysis_grid=/app/target/debug/deps/libtokmd_analysis_grid-da610605172fdcbc.rlib --extern tokmd_analysis_types=/app/target/debug/deps/libtokmd_analysis_types-b8471925ca3eea4f.rlib --extern tokmd_badge=/app/target/debug/deps/libtokmd_badge-a3692bda83121bee.rlib --extern tokmd_cockpit=/app/target/debug/deps/libtokmd_cockpit-d6755e701929fa0f.rlib --extern tokmd_config=/app/target/debug/deps/libtokmd_config-907d875de830b68a.rlib --extern tokmd_context_git=/app/target/debug/deps/libtokmd_context_git-8f6572e04bf8d3d8.rlib --extern tokmd_context_policy=/app/target/debug/deps/libtokmd_context_policy-66a5cfc2cb52e0e0.rlib --extern tokmd_envelope=/app/target/debug/deps/libtokmd_envelope-9bbe3b42791e10c2.rlib --extern tokmd_exclude=/app/target/debug/deps/libtokmd_exclude-ed7ad8c9ce3cb6a5.rlib --extern tokmd_export_tree=/app/target/debug/deps/libtokmd_export_tree-393431f45ac57c2b.rlib --extern tokmd_format=/app/target/debug/deps/libtokmd_format-ab3491f51dc38631.rlib --extern tokmd_gate=/app/target/debug/deps/libtokmd_gate-3d049ed137b3d469.rlib --extern tokmd_git=/app/target/debug/deps/libtokmd_git-b3c6d5e93cb11ab2.rlib --extern tokmd_model=/app/target/debug/deps/libtokmd_model-5caf4eb9b674e831.rlib --extern tokmd_path=/app/target/debug/deps/libtokmd_path-87b15609bfd71d35.rlib --extern tokmd_progress=/app/target/debug/deps/libtokmd_progress-4c3f56b438105d35.rlib --extern tokmd_scan=/app/target/debug/deps/libtokmd_scan-c5d50a4874764658.rlib --extern tokmd_settings=/app/target/debug/deps/libtokmd_settings-a376241a548bc356.rlib --extern tokmd_tokeignore=/app/target/debug/deps/libtokmd_tokeignore-b17e42e8f7d6ccb6.rlib --extern tokmd_tool_schema=/app/target/debug/deps/libtokmd_tool_schema-750660505fe02567.rlib --extern tokmd_types=/app/target/debug/deps/libtokmd_types-e5279a60750fb027.rlib --extern toml=/app/target/debug/deps/libtoml-416a762657a99d87.rlib -L native=/app/target/debug/build/blake3-12e682763928d5d8/out -L native=/app/target/debug/build/blake3-12e682763928d5d8/out -L native=/app/target/debug/build/ring-7e163c8f3c6760a9/out`
     Running `/home/jules/.rustup/toolchains/stable-x86_64-unknown-linux-gnu/bin/rustc --crate-name deep_cli_complex_w48 --edition=2024 crates/tokmd/tests/deep_cli_complex_w48.rs --error-format=json --json=diagnostic-rendered-ansi,artifacts,future-incompat --emit=dep-info,link -C embed-bitcode=no -C debuginfo=2 --test --cfg 'feature="archetype"' --cfg 'feature="content"' --cfg 'feature="default"' --cfg 'feature="fun"' --cfg 'feature="git"' --cfg 'feature="topics"' --cfg 'feature="ui"' --cfg 'feature="walk"' --check-cfg 'cfg(docsrs,test)' --check-cfg 'cfg(feature, values("alias-tok", "archetype", "content", "default", "fun", "git", "topics", "ui", "walk"))' -C metadata=94fc6ff3d2785eb6 -C extra-filename=-646bdddf14a80831 --out-dir /app/target/debug/deps -C incremental=/app/target/debug/incremental -L dependency=/app/target/debug/deps --extern anyhow=/app/target/debug/deps/libanyhow-1c897acad9a38b79.rlib --extern assert_cmd=/app/target/debug/deps/libassert_cmd-627e2edf13bfe3f8.rlib --extern blake3=/app/target/debug/deps/libblake3-ba57c91f91dea2f8.rlib --extern clap=/app/target/debug/deps/libclap-37855d5caa945650.rlib --extern clap_complete=/app/target/debug/deps/libclap_complete-c53597c9a8376dfd.rlib --extern console=/app/target/debug/deps/libconsole-082fb92185463311.rlib --extern dialoguer=/app/target/debug/deps/libdialoguer-21a6fbd0d024b082.rlib --extern dirs=/app/target/debug/deps/libdirs-e2cb4f3a84b5aae4.rlib --extern insta=/app/target/debug/deps/libinsta-fc65e2965aec3cf0.rlib --extern jsonschema=/app/target/debug/deps/libjsonschema-0cead2da86f5cca7.rlib --extern predicates=/app/target/debug/deps/libpredicates-dace89ab8e90f707.rlib --extern proptest=/app/target/debug/deps/libproptest-d6b499a49d724fc5.rlib --extern regex=/app/target/debug/deps/libregex-aae23aa183aca753.rlib --extern serde=/app/target/debug/deps/libserde-2ddf37aa57423e14.rlib --extern serde_json=/app/target/debug/deps/libserde_json-02554ac7efa4e2d5.rlib --extern tempfile=/app/target/debug/deps/libtempfile-f51a2aafe76acb83.rlib --extern time=/app/target/debug/deps/libtime-ff5916d77934ff1e.rlib --extern tokmd=/app/target/debug/deps/libtokmd-f0692a71f65efafb.rlib --extern tokmd_analysis=/app/target/debug/deps/libtokmd_analysis-287e2b5f1e68be70.rlib --extern tokmd_analysis_derived=/app/target/debug/deps/libtokmd_analysis_derived-0238f5588105f72f.rlib --extern tokmd_analysis_explain=/app/target/debug/deps/libtokmd_analysis_explain-105437a229df030b.rlib --extern tokmd_analysis_format=/app/target/debug/deps/libtokmd_analysis_format-9faa09db3b8778a0.rlib --extern tokmd_analysis_grid=/app/target/debug/deps/libtokmd_analysis_grid-da610605172fdcbc.rlib --extern tokmd_analysis_types=/app/target/debug/deps/libtokmd_analysis_types-b8471925ca3eea4f.rlib --extern tokmd_badge=/app/target/debug/deps/libtokmd_badge-a3692bda83121bee.rlib --extern tokmd_cockpit=/app/target/debug/deps/libtokmd_cockpit-d6755e701929fa0f.rlib --extern tokmd_config=/app/target/debug/deps/libtokmd_config-907d875de830b68a.rlib --extern tokmd_context_git=/app/target/debug/deps/libtokmd_context_git-8f6572e04bf8d3d8.rlib --extern tokmd_context_policy=/app/target/debug/deps/libtokmd_context_policy-66a5cfc2cb52e0e0.rlib --extern tokmd_envelope=/app/target/debug/deps/libtokmd_envelope-9bbe3b42791e10c2.rlib --extern tokmd_exclude=/app/target/debug/deps/libtokmd_exclude-ed7ad8c9ce3cb6a5.rlib --extern tokmd_export_tree=/app/target/debug/deps/libtokmd_export_tree-393431f45ac57c2b.rlib --extern tokmd_format=/app/target/debug/deps/libtokmd_format-ab3491f51dc38631.rlib --extern tokmd_gate=/app/target/debug/deps/libtokmd_gate-3d049ed137b3d469.rlib --extern tokmd_git=/app/target/debug/deps/libtokmd_git-b3c6d5e93cb11ab2.rlib --extern tokmd_model=/app/target/debug/deps/libtokmd_model-5caf4eb9b674e831.rlib --extern tokmd_path=/app/target/debug/deps/libtokmd_path-87b15609bfd71d35.rlib --extern tokmd_progress=/app/target/debug/deps/libtokmd_progress-4c3f56b438105d35.rlib --extern tokmd_scan=/app/target/debug/deps/libtokmd_scan-c5d50a4874764658.rlib --extern tokmd_settings=/app/target/debug/deps/libtokmd_settings-a376241a548bc356.rlib --extern tokmd_tokeignore=/app/target/debug/deps/libtokmd_tokeignore-b17e42e8f7d6ccb6.rlib --extern tokmd_tool_schema=/app/target/debug/deps/libtokmd_tool_schema-750660505fe02567.rlib --extern tokmd_types=/app/target/debug/deps/libtokmd_types-e5279a60750fb027.rlib --extern toml=/app/target/debug/deps/libtoml-416a762657a99d87.rlib -L native=/app/target/debug/build/blake3-12e682763928d5d8/out -L native=/app/target/debug/build/blake3-12e682763928d5d8/out -L native=/app/target/debug/build/ring-7e163c8f3c6760a9/out`
     Running `/home/jules/.rustup/toolchains/stable-x86_64-unknown-linux-gnu/bin/rustc --crate-name edge_cases_cli_w50 --edition=2024 crates/tokmd/tests/edge_cases_cli_w50.rs --error-format=json --json=diagnostic-rendered-ansi,artifacts,future-incompat --emit=dep-info,link -C embed-bitcode=no -C debuginfo=2 --test --cfg 'feature="archetype"' --cfg 'feature="content"' --cfg 'feature="default"' --cfg 'feature="fun"' --cfg 'feature="git"' --cfg 'feature="topics"' --cfg 'feature="ui"' --cfg 'feature="walk"' --check-cfg 'cfg(docsrs,test)' --check-cfg 'cfg(feature, values("alias-tok", "archetype", "content", "default", "fun", "git", "topics", "ui", "walk"))' -C metadata=1a11ba8129748080 -C extra-filename=-6ec9b2180ddf9174 --out-dir /app/target/debug/deps -C incremental=/app/target/debug/incremental -L dependency=/app/target/debug/deps --extern anyhow=/app/target/debug/deps/libanyhow-1c897acad9a38b79.rlib --extern assert_cmd=/app/target/debug/deps/libassert_cmd-627e2edf13bfe3f8.rlib --extern blake3=/app/target/debug/deps/libblake3-ba57c91f91dea2f8.rlib --extern clap=/app/target/debug/deps/libclap-37855d5caa945650.rlib --extern clap_complete=/app/target/debug/deps/libclap_complete-c53597c9a8376dfd.rlib --extern console=/app/target/debug/deps/libconsole-082fb92185463311.rlib --extern dialoguer=/app/target/debug/deps/libdialoguer-21a6fbd0d024b082.rlib --extern dirs=/app/target/debug/deps/libdirs-e2cb4f3a84b5aae4.rlib --extern insta=/app/target/debug/deps/libinsta-fc65e2965aec3cf0.rlib --extern jsonschema=/app/target/debug/deps/libjsonschema-0cead2da86f5cca7.rlib --extern predicates=/app/target/debug/deps/libpredicates-dace89ab8e90f707.rlib --extern proptest=/app/target/debug/deps/libproptest-d6b499a49d724fc5.rlib --extern regex=/app/target/debug/deps/libregex-aae23aa183aca753.rlib --extern serde=/app/target/debug/deps/libserde-2ddf37aa57423e14.rlib --extern serde_json=/app/target/debug/deps/libserde_json-02554ac7efa4e2d5.rlib --extern tempfile=/app/target/debug/deps/libtempfile-f51a2aafe76acb83.rlib --extern time=/app/target/debug/deps/libtime-ff5916d77934ff1e.rlib --extern tokmd=/app/target/debug/deps/libtokmd-f0692a71f65efafb.rlib --extern tokmd_analysis=/app/target/debug/deps/libtokmd_analysis-287e2b5f1e68be70.rlib --extern tokmd_analysis_derived=/app/target/debug/deps/libtokmd_analysis_derived-0238f5588105f72f.rlib --extern tokmd_analysis_explain=/app/target/debug/deps/libtokmd_analysis_explain-105437a229df030b.rlib --extern tokmd_analysis_format=/app/target/debug/deps/libtokmd_analysis_format-9faa09db3b8778a0.rlib --extern tokmd_analysis_grid=/app/target/debug/deps/libtokmd_analysis_grid-da610605172fdcbc.rlib --extern tokmd_analysis_types=/app/target/debug/deps/libtokmd_analysis_types-b8471925ca3eea4f.rlib --extern tokmd_badge=/app/target/debug/deps/libtokmd_badge-a3692bda83121bee.rlib --extern tokmd_cockpit=/app/target/debug/deps/libtokmd_cockpit-d6755e701929fa0f.rlib --extern tokmd_config=/app/target/debug/deps/libtokmd_config-907d875de830b68a.rlib --extern tokmd_context_git=/app/target/debug/deps/libtokmd_context_git-8f6572e04bf8d3d8.rlib --extern tokmd_context_policy=/app/target/debug/deps/libtokmd_context_policy-66a5cfc2cb52e0e0.rlib --extern tokmd_envelope=/app/target/debug/deps/libtokmd_envelope-9bbe3b42791e10c2.rlib --extern tokmd_exclude=/app/target/debug/deps/libtokmd_exclude-ed7ad8c9ce3cb6a5.rlib --extern tokmd_export_tree=/app/target/debug/deps/libtokmd_export_tree-393431f45ac57c2b.rlib --extern tokmd_format=/app/target/debug/deps/libtokmd_format-ab3491f51dc38631.rlib --extern tokmd_gate=/app/target/debug/deps/libtokmd_gate-3d049ed137b3d469.rlib --extern tokmd_git=/app/target/debug/deps/libtokmd_git-b3c6d5e93cb11ab2.rlib --extern tokmd_model=/app/target/debug/deps/libtokmd_model-5caf4eb9b674e831.rlib --extern tokmd_path=/app/target/debug/deps/libtokmd_path-87b15609bfd71d35.rlib --extern tokmd_progress=/app/target/debug/deps/libtokmd_progress-4c3f56b438105d35.rlib --extern tokmd_scan=/app/target/debug/deps/libtokmd_scan-c5d50a4874764658.rlib --extern tokmd_settings=/app/target/debug/deps/libtokmd_settings-a376241a548bc356.rlib --extern tokmd_tokeignore=/app/target/debug/deps/libtokmd_tokeignore-b17e42e8f7d6ccb6.rlib --extern tokmd_tool_schema=/app/target/debug/deps/libtokmd_tool_schema-750660505fe02567.rlib --extern tokmd_types=/app/target/debug/deps/libtokmd_types-e5279a60750fb027.rlib --extern toml=/app/target/debug/deps/libtoml-416a762657a99d87.rlib -L native=/app/target/debug/build/blake3-12e682763928d5d8/out -L native=/app/target/debug/build/blake3-12e682763928d5d8/out -L native=/app/target/debug/build/ring-7e163c8f3c6760a9/out`
     Running `/home/jules/.rustup/toolchains/stable-x86_64-unknown-linux-gnu/bin/rustc --crate-name cli_completions_e2e --edition=2024 crates/tokmd/tests/cli_completions_e2e.rs --error-format=json --json=diagnostic-rendered-ansi,artifacts,future-incompat --emit=dep-info,link -C embed-bitcode=no -C debuginfo=2 --test --cfg 'feature="archetype"' --cfg 'feature="content"' --cfg 'feature="default"' --cfg 'feature="fun"' --cfg 'feature="git"' --cfg 'feature="topics"' --cfg 'feature="ui"' --cfg 'feature="walk"' --check-cfg 'cfg(docsrs,test)' --check-cfg 'cfg(feature, values("alias-tok", "archetype", "content", "default", "fun", "git", "topics", "ui", "walk"))' -C metadata=0f6ed0028b5a7d86 -C extra-filename=-a704ef546c01f1dc --out-dir /app/target/debug/deps -C incremental=/app/target/debug/incremental -L dependency=/app/target/debug/deps --extern anyhow=/app/target/debug/deps/libanyhow-1c897acad9a38b79.rlib --extern assert_cmd=/app/target/debug/deps/libassert_cmd-627e2edf13bfe3f8.rlib --extern blake3=/app/target/debug/deps/libblake3-ba57c91f91dea2f8.rlib --extern clap=/app/target/debug/deps/libclap-37855d5caa945650.rlib --extern clap_complete=/app/target/debug/deps/libclap_complete-c53597c9a8376dfd.rlib --extern console=/app/target/debug/deps/libconsole-082fb92185463311.rlib --extern dialoguer=/app/target/debug/deps/libdialoguer-21a6fbd0d024b082.rlib --extern dirs=/app/target/debug/deps/libdirs-e2cb4f3a84b5aae4.rlib --extern insta=/app/target/debug/deps/libinsta-fc65e2965aec3cf0.rlib --extern jsonschema=/app/target/debug/deps/libjsonschema-0cead2da86f5cca7.rlib --extern predicates=/app/target/debug/deps/libpredicates-dace89ab8e90f707.rlib --extern proptest=/app/target/debug/deps/libproptest-d6b499a49d724fc5.rlib --extern regex=/app/target/debug/deps/libregex-aae23aa183aca753.rlib --extern serde=/app/target/debug/deps/libserde-2ddf37aa57423e14.rlib --extern serde_json=/app/target/debug/deps/libserde_json-02554ac7efa4e2d5.rlib --extern tempfile=/app/target/debug/deps/libtempfile-f51a2aafe76acb83.rlib --extern time=/app/target/debug/deps/libtime-ff5916d77934ff1e.rlib --extern tokmd=/app/target/debug/deps/libtokmd-f0692a71f65efafb.rlib --extern tokmd_analysis=/app/target/debug/deps/libtokmd_analysis-287e2b5f1e68be70.rlib --extern tokmd_analysis_derived=/app/target/debug/deps/libtokmd_analysis_derived-0238f5588105f72f.rlib --extern tokmd_analysis_explain=/app/target/debug/deps/libtokmd_analysis_explain-105437a229df030b.rlib --extern tokmd_analysis_format=/app/target/debug/deps/libtokmd_analysis_format-9faa09db3b8778a0.rlib --extern tokmd_analysis_grid=/app/target/debug/deps/libtokmd_analysis_grid-da610605172fdcbc.rlib --extern tokmd_analysis_types=/app/target/debug/deps/libtokmd_analysis_types-b8471925ca3eea4f.rlib --extern tokmd_badge=/app/target/debug/deps/libtokmd_badge-a3692bda83121bee.rlib --extern tokmd_cockpit=/app/target/debug/deps/libtokmd_cockpit-d6755e701929fa0f.rlib --extern tokmd_config=/app/target/debug/deps/libtokmd_config-907d875de830b68a.rlib --extern tokmd_context_git=/app/target/debug/deps/libtokmd_context_git-8f6572e04bf8d3d8.rlib --extern tokmd_context_policy=/app/target/debug/deps/libtokmd_context_policy-66a5cfc2cb52e0e0.rlib --extern tokmd_envelope=/app/target/debug/deps/libtokmd_envelope-9bbe3b42791e10c2.rlib --extern tokmd_exclude=/app/target/debug/deps/libtokmd_exclude-ed7ad8c9ce3cb6a5.rlib --extern tokmd_export_tree=/app/target/debug/deps/libtokmd_export_tree-393431f45ac57c2b.rlib --extern tokmd_format=/app/target/debug/deps/libtokmd_format-ab3491f51dc38631.rlib --extern tokmd_gate=/app/target/debug/deps/libtokmd_gate-3d049ed137b3d469.rlib --extern tokmd_git=/app/target/debug/deps/libtokmd_git-b3c6d5e93cb11ab2.rlib --extern tokmd_model=/app/target/debug/deps/libtokmd_model-5caf4eb9b674e831.rlib --extern tokmd_path=/app/target/debug/deps/libtokmd_path-87b15609bfd71d35.rlib --extern tokmd_progress=/app/target/debug/deps/libtokmd_progress-4c3f56b438105d35.rlib --extern tokmd_scan=/app/target/debug/deps/libtokmd_scan-c5d50a4874764658.rlib --extern tokmd_settings=/app/target/debug/deps/libtokmd_settings-a376241a548bc356.rlib --extern tokmd_tokeignore=/app/target/debug/deps/libtokmd_tokeignore-b17e42e8f7d6ccb6.rlib --extern tokmd_tool_schema=/app/target/debug/deps/libtokmd_tool_schema-750660505fe02567.rlib --extern tokmd_types=/app/target/debug/deps/libtokmd_types-e5279a60750fb027.rlib --extern toml=/app/target/debug/deps/libtoml-416a762657a99d87.rlib -L native=/app/target/debug/build/blake3-12e682763928d5d8/out -L native=/app/target/debug/build/blake3-12e682763928d5d8/out -L native=/app/target/debug/build/ring-7e163c8f3c6760a9/out`
     Running `/home/jules/.rustup/toolchains/stable-x86_64-unknown-linux-gnu/bin/rustc --crate-name run_diff --edition=2024 crates/tokmd/tests/run_diff.rs --error-format=json --json=diagnostic-rendered-ansi,artifacts,future-incompat --emit=dep-info,link -C embed-bitcode=no -C debuginfo=2 --test --cfg 'feature="archetype"' --cfg 'feature="content"' --cfg 'feature="default"' --cfg 'feature="fun"' --cfg 'feature="git"' --cfg 'feature="topics"' --cfg 'feature="ui"' --cfg 'feature="walk"' --check-cfg 'cfg(docsrs,test)' --check-cfg 'cfg(feature, values("alias-tok", "archetype", "content", "default", "fun", "git", "topics", "ui", "walk"))' -C metadata=3dfe81cd289f2b41 -C extra-filename=-80b4532f9f1eee5a --out-dir /app/target/debug/deps -C incremental=/app/target/debug/incremental -L dependency=/app/target/debug/deps --extern anyhow=/app/target/debug/deps/libanyhow-1c897acad9a38b79.rlib --extern assert_cmd=/app/target/debug/deps/libassert_cmd-627e2edf13bfe3f8.rlib --extern blake3=/app/target/debug/deps/libblake3-ba57c91f91dea2f8.rlib --extern clap=/app/target/debug/deps/libclap-37855d5caa945650.rlib --extern clap_complete=/app/target/debug/deps/libclap_complete-c53597c9a8376dfd.rlib --extern console=/app/target/debug/deps/libconsole-082fb92185463311.rlib --extern dialoguer=/app/target/debug/deps/libdialoguer-21a6fbd0d024b082.rlib --extern dirs=/app/target/debug/deps/libdirs-e2cb4f3a84b5aae4.rlib --extern insta=/app/target/debug/deps/libinsta-fc65e2965aec3cf0.rlib --extern jsonschema=/app/target/debug/deps/libjsonschema-0cead2da86f5cca7.rlib --extern predicates=/app/target/debug/deps/libpredicates-dace89ab8e90f707.rlib --extern proptest=/app/target/debug/deps/libproptest-d6b499a49d724fc5.rlib --extern regex=/app/target/debug/deps/libregex-aae23aa183aca753.rlib --extern serde=/app/target/debug/deps/libserde-2ddf37aa57423e14.rlib --extern serde_json=/app/target/debug/deps/libserde_json-02554ac7efa4e2d5.rlib --extern tempfile=/app/target/debug/deps/libtempfile-f51a2aafe76acb83.rlib --extern time=/app/target/debug/deps/libtime-ff5916d77934ff1e.rlib --extern tokmd=/app/target/debug/deps/libtokmd-f0692a71f65efafb.rlib --extern tokmd_analysis=/app/target/debug/deps/libtokmd_analysis-287e2b5f1e68be70.rlib --extern tokmd_analysis_derived=/app/target/debug/deps/libtokmd_analysis_derived-0238f5588105f72f.rlib --extern tokmd_analysis_explain=/app/target/debug/deps/libtokmd_analysis_explain-105437a229df030b.rlib --extern tokmd_analysis_format=/app/target/debug/deps/libtokmd_analysis_format-9faa09db3b8778a0.rlib --extern tokmd_analysis_grid=/app/target/debug/deps/libtokmd_analysis_grid-da610605172fdcbc.rlib --extern tokmd_analysis_types=/app/target/debug/deps/libtokmd_analysis_types-b8471925ca3eea4f.rlib --extern tokmd_badge=/app/target/debug/deps/libtokmd_badge-a3692bda83121bee.rlib --extern tokmd_cockpit=/app/target/debug/deps/libtokmd_cockpit-d6755e701929fa0f.rlib --extern tokmd_config=/app/target/debug/deps/libtokmd_config-907d875de830b68a.rlib --extern tokmd_context_git=/app/target/debug/deps/libtokmd_context_git-8f6572e04bf8d3d8.rlib --extern tokmd_context_policy=/app/target/debug/deps/libtokmd_context_policy-66a5cfc2cb52e0e0.rlib --extern tokmd_envelope=/app/target/debug/deps/libtokmd_envelope-9bbe3b42791e10c2.rlib --extern tokmd_exclude=/app/target/debug/deps/libtokmd_exclude-ed7ad8c9ce3cb6a5.rlib --extern tokmd_export_tree=/app/target/debug/deps/libtokmd_export_tree-393431f45ac57c2b.rlib --extern tokmd_format=/app/target/debug/deps/libtokmd_format-ab3491f51dc38631.rlib --extern tokmd_gate=/app/target/debug/deps/libtokmd_gate-3d049ed137b3d469.rlib --extern tokmd_git=/app/target/debug/deps/libtokmd_git-b3c6d5e93cb11ab2.rlib --extern tokmd_model=/app/target/debug/deps/libtokmd_model-5caf4eb9b674e831.rlib --extern tokmd_path=/app/target/debug/deps/libtokmd_path-87b15609bfd71d35.rlib --extern tokmd_progress=/app/target/debug/deps/libtokmd_progress-4c3f56b438105d35.rlib --extern tokmd_scan=/app/target/debug/deps/libtokmd_scan-c5d50a4874764658.rlib --extern tokmd_settings=/app/target/debug/deps/libtokmd_settings-a376241a548bc356.rlib --extern tokmd_tokeignore=/app/target/debug/deps/libtokmd_tokeignore-b17e42e8f7d6ccb6.rlib --extern tokmd_tool_schema=/app/target/debug/deps/libtokmd_tool_schema-750660505fe02567.rlib --extern tokmd_types=/app/target/debug/deps/libtokmd_types-e5279a60750fb027.rlib --extern toml=/app/target/debug/deps/libtoml-416a762657a99d87.rlib -L native=/app/target/debug/build/blake3-12e682763928d5d8/out -L native=/app/target/debug/build/blake3-12e682763928d5d8/out -L native=/app/target/debug/build/ring-7e163c8f3c6760a9/out`
     Running `/home/jules/.rustup/toolchains/stable-x86_64-unknown-linux-gnu/bin/rustc --crate-name baseline_w71 --edition=2024 crates/tokmd/tests/baseline_w71.rs --error-format=json --json=diagnostic-rendered-ansi,artifacts,future-incompat --emit=dep-info,link -C embed-bitcode=no -C debuginfo=2 --test --cfg 'feature="archetype"' --cfg 'feature="content"' --cfg 'feature="default"' --cfg 'feature="fun"' --cfg 'feature="git"' --cfg 'feature="topics"' --cfg 'feature="ui"' --cfg 'feature="walk"' --check-cfg 'cfg(docsrs,test)' --check-cfg 'cfg(feature, values("alias-tok", "archetype", "content", "default", "fun", "git", "topics", "ui", "walk"))' -C metadata=1d883ca91cb27194 -C extra-filename=-fd0f280dde80bf0b --out-dir /app/target/debug/deps -C incremental=/app/target/debug/incremental -L dependency=/app/target/debug/deps --extern anyhow=/app/target/debug/deps/libanyhow-1c897acad9a38b79.rlib --extern assert_cmd=/app/target/debug/deps/libassert_cmd-627e2edf13bfe3f8.rlib --extern blake3=/app/target/debug/deps/libblake3-ba57c91f91dea2f8.rlib --extern clap=/app/target/debug/deps/libclap-37855d5caa945650.rlib --extern clap_complete=/app/target/debug/deps/libclap_complete-c53597c9a8376dfd.rlib --extern console=/app/target/debug/deps/libconsole-082fb92185463311.rlib --extern dialoguer=/app/target/debug/deps/libdialoguer-21a6fbd0d024b082.rlib --extern dirs=/app/target/debug/deps/libdirs-e2cb4f3a84b5aae4.rlib --extern insta=/app/target/debug/deps/libinsta-fc65e2965aec3cf0.rlib --extern jsonschema=/app/target/debug/deps/libjsonschema-0cead2da86f5cca7.rlib --extern predicates=/app/target/debug/deps/libpredicates-dace89ab8e90f707.rlib --extern proptest=/app/target/debug/deps/libproptest-d6b499a49d724fc5.rlib --extern regex=/app/target/debug/deps/libregex-aae23aa183aca753.rlib --extern serde=/app/target/debug/deps/libserde-2ddf37aa57423e14.rlib --extern serde_json=/app/target/debug/deps/libserde_json-02554ac7efa4e2d5.rlib --extern tempfile=/app/target/debug/deps/libtempfile-f51a2aafe76acb83.rlib --extern time=/app/target/debug/deps/libtime-ff5916d77934ff1e.rlib --extern tokmd=/app/target/debug/deps/libtokmd-f0692a71f65efafb.rlib --extern tokmd_analysis=/app/target/debug/deps/libtokmd_analysis-287e2b5f1e68be70.rlib --extern tokmd_analysis_derived=/app/target/debug/deps/libtokmd_analysis_derived-0238f5588105f72f.rlib --extern tokmd_analysis_explain=/app/target/debug/deps/libtokmd_analysis_explain-105437a229df030b.rlib --extern tokmd_analysis_format=/app/target/debug/deps/libtokmd_analysis_format-9faa09db3b8778a0.rlib --extern tokmd_analysis_grid=/app/target/debug/deps/libtokmd_analysis_grid-da610605172fdcbc.rlib --extern tokmd_analysis_types=/app/target/debug/deps/libtokmd_analysis_types-b8471925ca3eea4f.rlib --extern tokmd_badge=/app/target/debug/deps/libtokmd_badge-a3692bda83121bee.rlib --extern tokmd_cockpit=/app/target/debug/deps/libtokmd_cockpit-d6755e701929fa0f.rlib --extern tokmd_config=/app/target/debug/deps/libtokmd_config-907d875de830b68a.rlib --extern tokmd_context_git=/app/target/debug/deps/libtokmd_context_git-8f6572e04bf8d3d8.rlib --extern tokmd_context_policy=/app/target/debug/deps/libtokmd_context_policy-66a5cfc2cb52e0e0.rlib --extern tokmd_envelope=/app/target/debug/deps/libtokmd_envelope-9bbe3b42791e10c2.rlib --extern tokmd_exclude=/app/target/debug/deps/libtokmd_exclude-ed7ad8c9ce3cb6a5.rlib --extern tokmd_export_tree=/app/target/debug/deps/libtokmd_export_tree-393431f45ac57c2b.rlib --extern tokmd_format=/app/target/debug/deps/libtokmd_format-ab3491f51dc38631.rlib --extern tokmd_gate=/app/target/debug/deps/libtokmd_gate-3d049ed137b3d469.rlib --extern tokmd_git=/app/target/debug/deps/libtokmd_git-b3c6d5e93cb11ab2.rlib --extern tokmd_model=/app/target/debug/deps/libtokmd_model-5caf4eb9b674e831.rlib --extern tokmd_path=/app/target/debug/deps/libtokmd_path-87b15609bfd71d35.rlib --extern tokmd_progress=/app/target/debug/deps/libtokmd_progress-4c3f56b438105d35.rlib --extern tokmd_scan=/app/target/debug/deps/libtokmd_scan-c5d50a4874764658.rlib --extern tokmd_settings=/app/target/debug/deps/libtokmd_settings-a376241a548bc356.rlib --extern tokmd_tokeignore=/app/target/debug/deps/libtokmd_tokeignore-b17e42e8f7d6ccb6.rlib --extern tokmd_tool_schema=/app/target/debug/deps/libtokmd_tool_schema-750660505fe02567.rlib --extern tokmd_types=/app/target/debug/deps/libtokmd_types-e5279a60750fb027.rlib --extern toml=/app/target/debug/deps/libtoml-416a762657a99d87.rlib -L native=/app/target/debug/build/blake3-12e682763928d5d8/out -L native=/app/target/debug/build/blake3-12e682763928d5d8/out -L native=/app/target/debug/build/ring-7e163c8f3c6760a9/out`
     Running `/home/jules/.rustup/toolchains/stable-x86_64-unknown-linux-gnu/bin/rustc --crate-name error_handling --edition=2024 crates/tokmd/tests/error_handling.rs --error-format=json --json=diagnostic-rendered-ansi,artifacts,future-incompat --emit=dep-info,link -C embed-bitcode=no -C debuginfo=2 --test --cfg 'feature="archetype"' --cfg 'feature="content"' --cfg 'feature="default"' --cfg 'feature="fun"' --cfg 'feature="git"' --cfg 'feature="topics"' --cfg 'feature="ui"' --cfg 'feature="walk"' --check-cfg 'cfg(docsrs,test)' --check-cfg 'cfg(feature, values("alias-tok", "archetype", "content", "default", "fun", "git", "topics", "ui", "walk"))' -C metadata=4808a4febf1c5b20 -C extra-filename=-da44bbac6b1abc09 --out-dir /app/target/debug/deps -C incremental=/app/target/debug/incremental -L dependency=/app/target/debug/deps --extern anyhow=/app/target/debug/deps/libanyhow-1c897acad9a38b79.rlib --extern assert_cmd=/app/target/debug/deps/libassert_cmd-627e2edf13bfe3f8.rlib --extern blake3=/app/target/debug/deps/libblake3-ba57c91f91dea2f8.rlib --extern clap=/app/target/debug/deps/libclap-37855d5caa945650.rlib --extern clap_complete=/app/target/debug/deps/libclap_complete-c53597c9a8376dfd.rlib --extern console=/app/target/debug/deps/libconsole-082fb92185463311.rlib --extern dialoguer=/app/target/debug/deps/libdialoguer-21a6fbd0d024b082.rlib --extern dirs=/app/target/debug/deps/libdirs-e2cb4f3a84b5aae4.rlib --extern insta=/app/target/debug/deps/libinsta-fc65e2965aec3cf0.rlib --extern jsonschema=/app/target/debug/deps/libjsonschema-0cead2da86f5cca7.rlib --extern predicates=/app/target/debug/deps/libpredicates-dace89ab8e90f707.rlib --extern proptest=/app/target/debug/deps/libproptest-d6b499a49d724fc5.rlib --extern regex=/app/target/debug/deps/libregex-aae23aa183aca753.rlib --extern serde=/app/target/debug/deps/libserde-2ddf37aa57423e14.rlib --extern serde_json=/app/target/debug/deps/libserde_json-02554ac7efa4e2d5.rlib --extern tempfile=/app/target/debug/deps/libtempfile-f51a2aafe76acb83.rlib --extern time=/app/target/debug/deps/libtime-ff5916d77934ff1e.rlib --extern tokmd=/app/target/debug/deps/libtokmd-f0692a71f65efafb.rlib --extern tokmd_analysis=/app/target/debug/deps/libtokmd_analysis-287e2b5f1e68be70.rlib --extern tokmd_analysis_derived=/app/target/debug/deps/libtokmd_analysis_derived-0238f5588105f72f.rlib --extern tokmd_analysis_explain=/app/target/debug/deps/libtokmd_analysis_explain-105437a229df030b.rlib --extern tokmd_analysis_format=/app/target/debug/deps/libtokmd_analysis_format-9faa09db3b8778a0.rlib --extern tokmd_analysis_grid=/app/target/debug/deps/libtokmd_analysis_grid-da610605172fdcbc.rlib --extern tokmd_analysis_types=/app/target/debug/deps/libtokmd_analysis_types-b8471925ca3eea4f.rlib --extern tokmd_badge=/app/target/debug/deps/libtokmd_badge-a3692bda83121bee.rlib --extern tokmd_cockpit=/app/target/debug/deps/libtokmd_cockpit-d6755e701929fa0f.rlib --extern tokmd_config=/app/target/debug/deps/libtokmd_config-907d875de830b68a.rlib --extern tokmd_context_git=/app/target/debug/deps/libtokmd_context_git-8f6572e04bf8d3d8.rlib --extern tokmd_context_policy=/app/target/debug/deps/libtokmd_context_policy-66a5cfc2cb52e0e0.rlib --extern tokmd_envelope=/app/target/debug/deps/libtokmd_envelope-9bbe3b42791e10c2.rlib --extern tokmd_exclude=/app/target/debug/deps/libtokmd_exclude-ed7ad8c9ce3cb6a5.rlib --extern tokmd_export_tree=/app/target/debug/deps/libtokmd_export_tree-393431f45ac57c2b.rlib --extern tokmd_format=/app/target/debug/deps/libtokmd_format-ab3491f51dc38631.rlib --extern tokmd_gate=/app/target/debug/deps/libtokmd_gate-3d049ed137b3d469.rlib --extern tokmd_git=/app/target/debug/deps/libtokmd_git-b3c6d5e93cb11ab2.rlib --extern tokmd_model=/app/target/debug/deps/libtokmd_model-5caf4eb9b674e831.rlib --extern tokmd_path=/app/target/debug/deps/libtokmd_path-87b15609bfd71d35.rlib --extern tokmd_progress=/app/target/debug/deps/libtokmd_progress-4c3f56b438105d35.rlib --extern tokmd_scan=/app/target/debug/deps/libtokmd_scan-c5d50a4874764658.rlib --extern tokmd_settings=/app/target/debug/deps/libtokmd_settings-a376241a548bc356.rlib --extern tokmd_tokeignore=/app/target/debug/deps/libtokmd_tokeignore-b17e42e8f7d6ccb6.rlib --extern tokmd_tool_schema=/app/target/debug/deps/libtokmd_tool_schema-750660505fe02567.rlib --extern tokmd_types=/app/target/debug/deps/libtokmd_types-e5279a60750fb027.rlib --extern toml=/app/target/debug/deps/libtoml-416a762657a99d87.rlib -L native=/app/target/debug/build/blake3-12e682763928d5d8/out -L native=/app/target/debug/build/blake3-12e682763928d5d8/out -L native=/app/target/debug/build/ring-7e163c8f3c6760a9/out`
     Running `/home/jules/.rustup/toolchains/stable-x86_64-unknown-linux-gnu/bin/rustc --crate-name sensor_integration --edition=2024 crates/tokmd/tests/sensor_integration.rs --error-format=json --json=diagnostic-rendered-ansi,artifacts,future-incompat --emit=dep-info,link -C embed-bitcode=no -C debuginfo=2 --test --cfg 'feature="archetype"' --cfg 'feature="content"' --cfg 'feature="default"' --cfg 'feature="fun"' --cfg 'feature="git"' --cfg 'feature="topics"' --cfg 'feature="ui"' --cfg 'feature="walk"' --check-cfg 'cfg(docsrs,test)' --check-cfg 'cfg(feature, values("alias-tok", "archetype", "content", "default", "fun", "git", "topics", "ui", "walk"))' -C metadata=a4a2a6ee2b602733 -C extra-filename=-16e3df86820a4edf --out-dir /app/target/debug/deps -C incremental=/app/target/debug/incremental -L dependency=/app/target/debug/deps --extern anyhow=/app/target/debug/deps/libanyhow-1c897acad9a38b79.rlib --extern assert_cmd=/app/target/debug/deps/libassert_cmd-627e2edf13bfe3f8.rlib --extern blake3=/app/target/debug/deps/libblake3-ba57c91f91dea2f8.rlib --extern clap=/app/target/debug/deps/libclap-37855d5caa945650.rlib --extern clap_complete=/app/target/debug/deps/libclap_complete-c53597c9a8376dfd.rlib --extern console=/app/target/debug/deps/libconsole-082fb92185463311.rlib --extern dialoguer=/app/target/debug/deps/libdialoguer-21a6fbd0d024b082.rlib --extern dirs=/app/target/debug/deps/libdirs-e2cb4f3a84b5aae4.rlib --extern insta=/app/target/debug/deps/libinsta-fc65e2965aec3cf0.rlib --extern jsonschema=/app/target/debug/deps/libjsonschema-0cead2da86f5cca7.rlib --extern predicates=/app/target/debug/deps/libpredicates-dace89ab8e90f707.rlib --extern proptest=/app/target/debug/deps/libproptest-d6b499a49d724fc5.rlib --extern regex=/app/target/debug/deps/libregex-aae23aa183aca753.rlib --extern serde=/app/target/debug/deps/libserde-2ddf37aa57423e14.rlib --extern serde_json=/app/target/debug/deps/libserde_json-02554ac7efa4e2d5.rlib --extern tempfile=/app/target/debug/deps/libtempfile-f51a2aafe76acb83.rlib --extern time=/app/target/debug/deps/libtime-ff5916d77934ff1e.rlib --extern tokmd=/app/target/debug/deps/libtokmd-f0692a71f65efafb.rlib --extern tokmd_analysis=/app/target/debug/deps/libtokmd_analysis-287e2b5f1e68be70.rlib --extern tokmd_analysis_derived=/app/target/debug/deps/libtokmd_analysis_derived-0238f5588105f72f.rlib --extern tokmd_analysis_explain=/app/target/debug/deps/libtokmd_analysis_explain-105437a229df030b.rlib --extern tokmd_analysis_format=/app/target/debug/deps/libtokmd_analysis_format-9faa09db3b8778a0.rlib --extern tokmd_analysis_grid=/app/target/debug/deps/libtokmd_analysis_grid-da610605172fdcbc.rlib --extern tokmd_analysis_types=/app/target/debug/deps/libtokmd_analysis_types-b8471925ca3eea4f.rlib --extern tokmd_badge=/app/target/debug/deps/libtokmd_badge-a3692bda83121bee.rlib --extern tokmd_cockpit=/app/target/debug/deps/libtokmd_cockpit-d6755e701929fa0f.rlib --extern tokmd_config=/app/target/debug/deps/libtokmd_config-907d875de830b68a.rlib --extern tokmd_context_git=/app/target/debug/deps/libtokmd_context_git-8f6572e04bf8d3d8.rlib --extern tokmd_context_policy=/app/target/debug/deps/libtokmd_context_policy-66a5cfc2cb52e0e0.rlib --extern tokmd_envelope=/app/target/debug/deps/libtokmd_envelope-9bbe3b42791e10c2.rlib --extern tokmd_exclude=/app/target/debug/deps/libtokmd_exclude-ed7ad8c9ce3cb6a5.rlib --extern tokmd_export_tree=/app/target/debug/deps/libtokmd_export_tree-393431f45ac57c2b.rlib --extern tokmd_format=/app/target/debug/deps/libtokmd_format-ab3491f51dc38631.rlib --extern tokmd_gate=/app/target/debug/deps/libtokmd_gate-3d049ed137b3d469.rlib --extern tokmd_git=/app/target/debug/deps/libtokmd_git-b3c6d5e93cb11ab2.rlib --extern tokmd_model=/app/target/debug/deps/libtokmd_model-5caf4eb9b674e831.rlib --extern tokmd_path=/app/target/debug/deps/libtokmd_path-87b15609bfd71d35.rlib --extern tokmd_progress=/app/target/debug/deps/libtokmd_progress-4c3f56b438105d35.rlib --extern tokmd_scan=/app/target/debug/deps/libtokmd_scan-c5d50a4874764658.rlib --extern tokmd_settings=/app/target/debug/deps/libtokmd_settings-a376241a548bc356.rlib --extern tokmd_tokeignore=/app/target/debug/deps/libtokmd_tokeignore-b17e42e8f7d6ccb6.rlib --extern tokmd_tool_schema=/app/target/debug/deps/libtokmd_tool_schema-750660505fe02567.rlib --extern tokmd_types=/app/target/debug/deps/libtokmd_types-e5279a60750fb027.rlib --extern toml=/app/target/debug/deps/libtoml-416a762657a99d87.rlib -L native=/app/target/debug/build/blake3-12e682763928d5d8/out -L native=/app/target/debug/build/blake3-12e682763928d5d8/out -L native=/app/target/debug/build/ring-7e163c8f3c6760a9/out`
     Running `/home/jules/.rustup/toolchains/stable-x86_64-unknown-linux-gnu/bin/rustc --crate-name bdd_scenarios_w75 --edition=2024 crates/tokmd/tests/bdd_scenarios_w75.rs --error-format=json --json=diagnostic-rendered-ansi,artifacts,future-incompat --emit=dep-info,link -C embed-bitcode=no -C debuginfo=2 --test --cfg 'feature="archetype"' --cfg 'feature="content"' --cfg 'feature="default"' --cfg 'feature="fun"' --cfg 'feature="git"' --cfg 'feature="topics"' --cfg 'feature="ui"' --cfg 'feature="walk"' --check-cfg 'cfg(docsrs,test)' --check-cfg 'cfg(feature, values("alias-tok", "archetype", "content", "default", "fun", "git", "topics", "ui", "walk"))' -C metadata=048cfbac2a6374c0 -C extra-filename=-83d0a600965b712f --out-dir /app/target/debug/deps -C incremental=/app/target/debug/incremental -L dependency=/app/target/debug/deps --extern anyhow=/app/target/debug/deps/libanyhow-1c897acad9a38b79.rlib --extern assert_cmd=/app/target/debug/deps/libassert_cmd-627e2edf13bfe3f8.rlib --extern blake3=/app/target/debug/deps/libblake3-ba57c91f91dea2f8.rlib --extern clap=/app/target/debug/deps/libclap-37855d5caa945650.rlib --extern clap_complete=/app/target/debug/deps/libclap_complete-c53597c9a8376dfd.rlib --extern console=/app/target/debug/deps/libconsole-082fb92185463311.rlib --extern dialoguer=/app/target/debug/deps/libdialoguer-21a6fbd0d024b082.rlib --extern dirs=/app/target/debug/deps/libdirs-e2cb4f3a84b5aae4.rlib --extern insta=/app/target/debug/deps/libinsta-fc65e2965aec3cf0.rlib --extern jsonschema=/app/target/debug/deps/libjsonschema-0cead2da86f5cca7.rlib --extern predicates=/app/target/debug/deps/libpredicates-dace89ab8e90f707.rlib --extern proptest=/app/target/debug/deps/libproptest-d6b499a49d724fc5.rlib --extern regex=/app/target/debug/deps/libregex-aae23aa183aca753.rlib --extern serde=/app/target/debug/deps/libserde-2ddf37aa57423e14.rlib --extern serde_json=/app/target/debug/deps/libserde_json-02554ac7efa4e2d5.rlib --extern tempfile=/app/target/debug/deps/libtempfile-f51a2aafe76acb83.rlib --extern time=/app/target/debug/deps/libtime-ff5916d77934ff1e.rlib --extern tokmd=/app/target/debug/deps/libtokmd-f0692a71f65efafb.rlib --extern tokmd_analysis=/app/target/debug/deps/libtokmd_analysis-287e2b5f1e68be70.rlib --extern tokmd_analysis_derived=/app/target/debug/deps/libtokmd_analysis_derived-0238f5588105f72f.rlib --extern tokmd_analysis_explain=/app/target/debug/deps/libtokmd_analysis_explain-105437a229df030b.rlib --extern tokmd_analysis_format=/app/target/debug/deps/libtokmd_analysis_format-9faa09db3b8778a0.rlib --extern tokmd_analysis_grid=/app/target/debug/deps/libtokmd_analysis_grid-da610605172fdcbc.rlib --extern tokmd_analysis_types=/app/target/debug/deps/libtokmd_analysis_types-b8471925ca3eea4f.rlib --extern tokmd_badge=/app/target/debug/deps/libtokmd_badge-a3692bda83121bee.rlib --extern tokmd_cockpit=/app/target/debug/deps/libtokmd_cockpit-d6755e701929fa0f.rlib --extern tokmd_config=/app/target/debug/deps/libtokmd_config-907d875de830b68a.rlib --extern tokmd_context_git=/app/target/debug/deps/libtokmd_context_git-8f6572e04bf8d3d8.rlib --extern tokmd_context_policy=/app/target/debug/deps/libtokmd_context_policy-66a5cfc2cb52e0e0.rlib --extern tokmd_envelope=/app/target/debug/deps/libtokmd_envelope-9bbe3b42791e10c2.rlib --extern tokmd_exclude=/app/target/debug/deps/libtokmd_exclude-ed7ad8c9ce3cb6a5.rlib --extern tokmd_export_tree=/app/target/debug/deps/libtokmd_export_tree-393431f45ac57c2b.rlib --extern tokmd_format=/app/target/debug/deps/libtokmd_format-ab3491f51dc38631.rlib --extern tokmd_gate=/app/target/debug/deps/libtokmd_gate-3d049ed137b3d469.rlib --extern tokmd_git=/app/target/debug/deps/libtokmd_git-b3c6d5e93cb11ab2.rlib --extern tokmd_model=/app/target/debug/deps/libtokmd_model-5caf4eb9b674e831.rlib --extern tokmd_path=/app/target/debug/deps/libtokmd_path-87b15609bfd71d35.rlib --extern tokmd_progress=/app/target/debug/deps/libtokmd_progress-4c3f56b438105d35.rlib --extern tokmd_scan=/app/target/debug/deps/libtokmd_scan-c5d50a4874764658.rlib --extern tokmd_settings=/app/target/debug/deps/libtokmd_settings-a376241a548bc356.rlib --extern tokmd_tokeignore=/app/target/debug/deps/libtokmd_tokeignore-b17e42e8f7d6ccb6.rlib --extern tokmd_tool_schema=/app/target/debug/deps/libtokmd_tool_schema-750660505fe02567.rlib --extern tokmd_types=/app/target/debug/deps/libtokmd_types-e5279a60750fb027.rlib --extern toml=/app/target/debug/deps/libtoml-416a762657a99d87.rlib -L native=/app/target/debug/build/blake3-12e682763928d5d8/out -L native=/app/target/debug/build/blake3-12e682763928d5d8/out -L native=/app/target/debug/build/ring-7e163c8f3c6760a9/out`
     Running `/home/jules/.rustup/toolchains/stable-x86_64-unknown-linux-gnu/bin/rustc --crate-name cockpit_integration --edition=2024 crates/tokmd/tests/cockpit_integration.rs --error-format=json --json=diagnostic-rendered-ansi,artifacts,future-incompat --emit=dep-info,link -C embed-bitcode=no -C debuginfo=2 --test --cfg 'feature="archetype"' --cfg 'feature="content"' --cfg 'feature="default"' --cfg 'feature="fun"' --cfg 'feature="git"' --cfg 'feature="topics"' --cfg 'feature="ui"' --cfg 'feature="walk"' --check-cfg 'cfg(docsrs,test)' --check-cfg 'cfg(feature, values("alias-tok", "archetype", "content", "default", "fun", "git", "topics", "ui", "walk"))' -C metadata=e21e48501b623120 -C extra-filename=-fdf7b9ef229ca023 --out-dir /app/target/debug/deps -C incremental=/app/target/debug/incremental -L dependency=/app/target/debug/deps --extern anyhow=/app/target/debug/deps/libanyhow-1c897acad9a38b79.rlib --extern assert_cmd=/app/target/debug/deps/libassert_cmd-627e2edf13bfe3f8.rlib --extern blake3=/app/target/debug/deps/libblake3-ba57c91f91dea2f8.rlib --extern clap=/app/target/debug/deps/libclap-37855d5caa945650.rlib --extern clap_complete=/app/target/debug/deps/libclap_complete-c53597c9a8376dfd.rlib --extern console=/app/target/debug/deps/libconsole-082fb92185463311.rlib --extern dialoguer=/app/target/debug/deps/libdialoguer-21a6fbd0d024b082.rlib --extern dirs=/app/target/debug/deps/libdirs-e2cb4f3a84b5aae4.rlib --extern insta=/app/target/debug/deps/libinsta-fc65e2965aec3cf0.rlib --extern jsonschema=/app/target/debug/deps/libjsonschema-0cead2da86f5cca7.rlib --extern predicates=/app/target/debug/deps/libpredicates-dace89ab8e90f707.rlib --extern proptest=/app/target/debug/deps/libproptest-d6b499a49d724fc5.rlib --extern regex=/app/target/debug/deps/libregex-aae23aa183aca753.rlib --extern serde=/app/target/debug/deps/libserde-2ddf37aa57423e14.rlib --extern serde_json=/app/target/debug/deps/libserde_json-02554ac7efa4e2d5.rlib --extern tempfile=/app/target/debug/deps/libtempfile-f51a2aafe76acb83.rlib --extern time=/app/target/debug/deps/libtime-ff5916d77934ff1e.rlib --extern tokmd=/app/target/debug/deps/libtokmd-f0692a71f65efafb.rlib --extern tokmd_analysis=/app/target/debug/deps/libtokmd_analysis-287e2b5f1e68be70.rlib --extern tokmd_analysis_derived=/app/target/debug/deps/libtokmd_analysis_derived-0238f5588105f72f.rlib --extern tokmd_analysis_explain=/app/target/debug/deps/libtokmd_analysis_explain-105437a229df030b.rlib --extern tokmd_analysis_format=/app/target/debug/deps/libtokmd_analysis_format-9faa09db3b8778a0.rlib --extern tokmd_analysis_grid=/app/target/debug/deps/libtokmd_analysis_grid-da610605172fdcbc.rlib --extern tokmd_analysis_types=/app/target/debug/deps/libtokmd_analysis_types-b8471925ca3eea4f.rlib --extern tokmd_badge=/app/target/debug/deps/libtokmd_badge-a3692bda83121bee.rlib --extern tokmd_cockpit=/app/target/debug/deps/libtokmd_cockpit-d6755e701929fa0f.rlib --extern tokmd_config=/app/target/debug/deps/libtokmd_config-907d875de830b68a.rlib --extern tokmd_context_git=/app/target/debug/deps/libtokmd_context_git-8f6572e04bf8d3d8.rlib --extern tokmd_context_policy=/app/target/debug/deps/libtokmd_context_policy-66a5cfc2cb52e0e0.rlib --extern tokmd_envelope=/app/target/debug/deps/libtokmd_envelope-9bbe3b42791e10c2.rlib --extern tokmd_exclude=/app/target/debug/deps/libtokmd_exclude-ed7ad8c9ce3cb6a5.rlib --extern tokmd_export_tree=/app/target/debug/deps/libtokmd_export_tree-393431f45ac57c2b.rlib --extern tokmd_format=/app/target/debug/deps/libtokmd_format-ab3491f51dc38631.rlib --extern tokmd_gate=/app/target/debug/deps/libtokmd_gate-3d049ed137b3d469.rlib --extern tokmd_git=/app/target/debug/deps/libtokmd_git-b3c6d5e93cb11ab2.rlib --extern tokmd_model=/app/target/debug/deps/libtokmd_model-5caf4eb9b674e831.rlib --extern tokmd_path=/app/target/debug/deps/libtokmd_path-87b15609bfd71d35.rlib --extern tokmd_progress=/app/target/debug/deps/libtokmd_progress-4c3f56b438105d35.rlib --extern tokmd_scan=/app/target/debug/deps/libtokmd_scan-c5d50a4874764658.rlib --extern tokmd_settings=/app/target/debug/deps/libtokmd_settings-a376241a548bc356.rlib --extern tokmd_tokeignore=/app/target/debug/deps/libtokmd_tokeignore-b17e42e8f7d6ccb6.rlib --extern tokmd_tool_schema=/app/target/debug/deps/libtokmd_tool_schema-750660505fe02567.rlib --extern tokmd_types=/app/target/debug/deps/libtokmd_types-e5279a60750fb027.rlib --extern toml=/app/target/debug/deps/libtoml-416a762657a99d87.rlib -L native=/app/target/debug/build/blake3-12e682763928d5d8/out -L native=/app/target/debug/build/blake3-12e682763928d5d8/out -L native=/app/target/debug/build/ring-7e163c8f3c6760a9/out`
     Running `/home/jules/.rustup/toolchains/stable-x86_64-unknown-linux-gnu/bin/rustc --crate-name handoff_w71 --edition=2024 crates/tokmd/tests/handoff_w71.rs --error-format=json --json=diagnostic-rendered-ansi,artifacts,future-incompat --emit=dep-info,link -C embed-bitcode=no -C debuginfo=2 --test --cfg 'feature="archetype"' --cfg 'feature="content"' --cfg 'feature="default"' --cfg 'feature="fun"' --cfg 'feature="git"' --cfg 'feature="topics"' --cfg 'feature="ui"' --cfg 'feature="walk"' --check-cfg 'cfg(docsrs,test)' --check-cfg 'cfg(feature, values("alias-tok", "archetype", "content", "default", "fun", "git", "topics", "ui", "walk"))' -C metadata=db1858e2d4ffbb8e -C extra-filename=-6409e272701e75a1 --out-dir /app/target/debug/deps -C incremental=/app/target/debug/incremental -L dependency=/app/target/debug/deps --extern anyhow=/app/target/debug/deps/libanyhow-1c897acad9a38b79.rlib --extern assert_cmd=/app/target/debug/deps/libassert_cmd-627e2edf13bfe3f8.rlib --extern blake3=/app/target/debug/deps/libblake3-ba57c91f91dea2f8.rlib --extern clap=/app/target/debug/deps/libclap-37855d5caa945650.rlib --extern clap_complete=/app/target/debug/deps/libclap_complete-c53597c9a8376dfd.rlib --extern console=/app/target/debug/deps/libconsole-082fb92185463311.rlib --extern dialoguer=/app/target/debug/deps/libdialoguer-21a6fbd0d024b082.rlib --extern dirs=/app/target/debug/deps/libdirs-e2cb4f3a84b5aae4.rlib --extern insta=/app/target/debug/deps/libinsta-fc65e2965aec3cf0.rlib --extern jsonschema=/app/target/debug/deps/libjsonschema-0cead2da86f5cca7.rlib --extern predicates=/app/target/debug/deps/libpredicates-dace89ab8e90f707.rlib --extern proptest=/app/target/debug/deps/libproptest-d6b499a49d724fc5.rlib --extern regex=/app/target/debug/deps/libregex-aae23aa183aca753.rlib --extern serde=/app/target/debug/deps/libserde-2ddf37aa57423e14.rlib --extern serde_json=/app/target/debug/deps/libserde_json-02554ac7efa4e2d5.rlib --extern tempfile=/app/target/debug/deps/libtempfile-f51a2aafe76acb83.rlib --extern time=/app/target/debug/deps/libtime-ff5916d77934ff1e.rlib --extern tokmd=/app/target/debug/deps/libtokmd-f0692a71f65efafb.rlib --extern tokmd_analysis=/app/target/debug/deps/libtokmd_analysis-287e2b5f1e68be70.rlib --extern tokmd_analysis_derived=/app/target/debug/deps/libtokmd_analysis_derived-0238f5588105f72f.rlib --extern tokmd_analysis_explain=/app/target/debug/deps/libtokmd_analysis_explain-105437a229df030b.rlib --extern tokmd_analysis_format=/app/target/debug/deps/libtokmd_analysis_format-9faa09db3b8778a0.rlib --extern tokmd_analysis_grid=/app/target/debug/deps/libtokmd_analysis_grid-da610605172fdcbc.rlib --extern tokmd_analysis_types=/app/target/debug/deps/libtokmd_analysis_types-b8471925ca3eea4f.rlib --extern tokmd_badge=/app/target/debug/deps/libtokmd_badge-a3692bda83121bee.rlib --extern tokmd_cockpit=/app/target/debug/deps/libtokmd_cockpit-d6755e701929fa0f.rlib --extern tokmd_config=/app/target/debug/deps/libtokmd_config-907d875de830b68a.rlib --extern tokmd_context_git=/app/target/debug/deps/libtokmd_context_git-8f6572e04bf8d3d8.rlib --extern tokmd_context_policy=/app/target/debug/deps/libtokmd_context_policy-66a5cfc2cb52e0e0.rlib --extern tokmd_envelope=/app/target/debug/deps/libtokmd_envelope-9bbe3b42791e10c2.rlib --extern tokmd_exclude=/app/target/debug/deps/libtokmd_exclude-ed7ad8c9ce3cb6a5.rlib --extern tokmd_export_tree=/app/target/debug/deps/libtokmd_export_tree-393431f45ac57c2b.rlib --extern tokmd_format=/app/target/debug/deps/libtokmd_format-ab3491f51dc38631.rlib --extern tokmd_gate=/app/target/debug/deps/libtokmd_gate-3d049ed137b3d469.rlib --extern tokmd_git=/app/target/debug/deps/libtokmd_git-b3c6d5e93cb11ab2.rlib --extern tokmd_model=/app/target/debug/deps/libtokmd_model-5caf4eb9b674e831.rlib --extern tokmd_path=/app/target/debug/deps/libtokmd_path-87b15609bfd71d35.rlib --extern tokmd_progress=/app/target/debug/deps/libtokmd_progress-4c3f56b438105d35.rlib --extern tokmd_scan=/app/target/debug/deps/libtokmd_scan-c5d50a4874764658.rlib --extern tokmd_settings=/app/target/debug/deps/libtokmd_settings-a376241a548bc356.rlib --extern tokmd_tokeignore=/app/target/debug/deps/libtokmd_tokeignore-b17e42e8f7d6ccb6.rlib --extern tokmd_tool_schema=/app/target/debug/deps/libtokmd_tool_schema-750660505fe02567.rlib --extern tokmd_types=/app/target/debug/deps/libtokmd_types-e5279a60750fb027.rlib --extern toml=/app/target/debug/deps/libtoml-416a762657a99d87.rlib -L native=/app/target/debug/build/blake3-12e682763928d5d8/out -L native=/app/target/debug/build/blake3-12e682763928d5d8/out -L native=/app/target/debug/build/ring-7e163c8f3c6760a9/out`
     Running `/home/jules/.rustup/toolchains/stable-x86_64-unknown-linux-gnu/bin/rustc --crate-name context_e2e --edition=2024 crates/tokmd/tests/context_e2e.rs --error-format=json --json=diagnostic-rendered-ansi,artifacts,future-incompat --emit=dep-info,link -C embed-bitcode=no -C debuginfo=2 --test --cfg 'feature="archetype"' --cfg 'feature="content"' --cfg 'feature="default"' --cfg 'feature="fun"' --cfg 'feature="git"' --cfg 'feature="topics"' --cfg 'feature="ui"' --cfg 'feature="walk"' --check-cfg 'cfg(docsrs,test)' --check-cfg 'cfg(feature, values("alias-tok", "archetype", "content", "default", "fun", "git", "topics", "ui", "walk"))' -C metadata=26ab3f216290ac72 -C extra-filename=-5922a6a6f19634c5 --out-dir /app/target/debug/deps -C incremental=/app/target/debug/incremental -L dependency=/app/target/debug/deps --extern anyhow=/app/target/debug/deps/libanyhow-1c897acad9a38b79.rlib --extern assert_cmd=/app/target/debug/deps/libassert_cmd-627e2edf13bfe3f8.rlib --extern blake3=/app/target/debug/deps/libblake3-ba57c91f91dea2f8.rlib --extern clap=/app/target/debug/deps/libclap-37855d5caa945650.rlib --extern clap_complete=/app/target/debug/deps/libclap_complete-c53597c9a8376dfd.rlib --extern console=/app/target/debug/deps/libconsole-082fb92185463311.rlib --extern dialoguer=/app/target/debug/deps/libdialoguer-21a6fbd0d024b082.rlib --extern dirs=/app/target/debug/deps/libdirs-e2cb4f3a84b5aae4.rlib --extern insta=/app/target/debug/deps/libinsta-fc65e2965aec3cf0.rlib --extern jsonschema=/app/target/debug/deps/libjsonschema-0cead2da86f5cca7.rlib --extern predicates=/app/target/debug/deps/libpredicates-dace89ab8e90f707.rlib --extern proptest=/app/target/debug/deps/libproptest-d6b499a49d724fc5.rlib --extern regex=/app/target/debug/deps/libregex-aae23aa183aca753.rlib --extern serde=/app/target/debug/deps/libserde-2ddf37aa57423e14.rlib --extern serde_json=/app/target/debug/deps/libserde_json-02554ac7efa4e2d5.rlib --extern tempfile=/app/target/debug/deps/libtempfile-f51a2aafe76acb83.rlib --extern time=/app/target/debug/deps/libtime-ff5916d77934ff1e.rlib --extern tokmd=/app/target/debug/deps/libtokmd-f0692a71f65efafb.rlib --extern tokmd_analysis=/app/target/debug/deps/libtokmd_analysis-287e2b5f1e68be70.rlib --extern tokmd_analysis_derived=/app/target/debug/deps/libtokmd_analysis_derived-0238f5588105f72f.rlib --extern tokmd_analysis_explain=/app/target/debug/deps/libtokmd_analysis_explain-105437a229df030b.rlib --extern tokmd_analysis_format=/app/target/debug/deps/libtokmd_analysis_format-9faa09db3b8778a0.rlib --extern tokmd_analysis_grid=/app/target/debug/deps/libtokmd_analysis_grid-da610605172fdcbc.rlib --extern tokmd_analysis_types=/app/target/debug/deps/libtokmd_analysis_types-b8471925ca3eea4f.rlib --extern tokmd_badge=/app/target/debug/deps/libtokmd_badge-a3692bda83121bee.rlib --extern tokmd_cockpit=/app/target/debug/deps/libtokmd_cockpit-d6755e701929fa0f.rlib --extern tokmd_config=/app/target/debug/deps/libtokmd_config-907d875de830b68a.rlib --extern tokmd_context_git=/app/target/debug/deps/libtokmd_context_git-8f6572e04bf8d3d8.rlib --extern tokmd_context_policy=/app/target/debug/deps/libtokmd_context_policy-66a5cfc2cb52e0e0.rlib --extern tokmd_envelope=/app/target/debug/deps/libtokmd_envelope-9bbe3b42791e10c2.rlib --extern tokmd_exclude=/app/target/debug/deps/libtokmd_exclude-ed7ad8c9ce3cb6a5.rlib --extern tokmd_export_tree=/app/target/debug/deps/libtokmd_export_tree-393431f45ac57c2b.rlib --extern tokmd_format=/app/target/debug/deps/libtokmd_format-ab3491f51dc38631.rlib --extern tokmd_gate=/app/target/debug/deps/libtokmd_gate-3d049ed137b3d469.rlib --extern tokmd_git=/app/target/debug/deps/libtokmd_git-b3c6d5e93cb11ab2.rlib --extern tokmd_model=/app/target/debug/deps/libtokmd_model-5caf4eb9b674e831.rlib --extern tokmd_path=/app/target/debug/deps/libtokmd_path-87b15609bfd71d35.rlib --extern tokmd_progress=/app/target/debug/deps/libtokmd_progress-4c3f56b438105d35.rlib --extern tokmd_scan=/app/target/debug/deps/libtokmd_scan-c5d50a4874764658.rlib --extern tokmd_settings=/app/target/debug/deps/libtokmd_settings-a376241a548bc356.rlib --extern tokmd_tokeignore=/app/target/debug/deps/libtokmd_tokeignore-b17e42e8f7d6ccb6.rlib --extern tokmd_tool_schema=/app/target/debug/deps/libtokmd_tool_schema-750660505fe02567.rlib --extern tokmd_types=/app/target/debug/deps/libtokmd_types-e5279a60750fb027.rlib --extern toml=/app/target/debug/deps/libtoml-416a762657a99d87.rlib -L native=/app/target/debug/build/blake3-12e682763928d5d8/out -L native=/app/target/debug/build/blake3-12e682763928d5d8/out -L native=/app/target/debug/build/ring-7e163c8f3c6760a9/out`
     Running `/home/jules/.rustup/toolchains/stable-x86_64-unknown-linux-gnu/bin/rustc --crate-name integration --edition=2024 crates/tokmd/tests/integration.rs --error-format=json --json=diagnostic-rendered-ansi,artifacts,future-incompat --emit=dep-info,link -C embed-bitcode=no -C debuginfo=2 --test --cfg 'feature="archetype"' --cfg 'feature="content"' --cfg 'feature="default"' --cfg 'feature="fun"' --cfg 'feature="git"' --cfg 'feature="topics"' --cfg 'feature="ui"' --cfg 'feature="walk"' --check-cfg 'cfg(docsrs,test)' --check-cfg 'cfg(feature, values("alias-tok", "archetype", "content", "default", "fun", "git", "topics", "ui", "walk"))' -C metadata=ed61dca2dc1d75cd -C extra-filename=-05918f51f799d776 --out-dir /app/target/debug/deps -C incremental=/app/target/debug/incremental -L dependency=/app/target/debug/deps --extern anyhow=/app/target/debug/deps/libanyhow-1c897acad9a38b79.rlib --extern assert_cmd=/app/target/debug/deps/libassert_cmd-627e2edf13bfe3f8.rlib --extern blake3=/app/target/debug/deps/libblake3-ba57c91f91dea2f8.rlib --extern clap=/app/target/debug/deps/libclap-37855d5caa945650.rlib --extern clap_complete=/app/target/debug/deps/libclap_complete-c53597c9a8376dfd.rlib --extern console=/app/target/debug/deps/libconsole-082fb92185463311.rlib --extern dialoguer=/app/target/debug/deps/libdialoguer-21a6fbd0d024b082.rlib --extern dirs=/app/target/debug/deps/libdirs-e2cb4f3a84b5aae4.rlib --extern insta=/app/target/debug/deps/libinsta-fc65e2965aec3cf0.rlib --extern jsonschema=/app/target/debug/deps/libjsonschema-0cead2da86f5cca7.rlib --extern predicates=/app/target/debug/deps/libpredicates-dace89ab8e90f707.rlib --extern proptest=/app/target/debug/deps/libproptest-d6b499a49d724fc5.rlib --extern regex=/app/target/debug/deps/libregex-aae23aa183aca753.rlib --extern serde=/app/target/debug/deps/libserde-2ddf37aa57423e14.rlib --extern serde_json=/app/target/debug/deps/libserde_json-02554ac7efa4e2d5.rlib --extern tempfile=/app/target/debug/deps/libtempfile-f51a2aafe76acb83.rlib --extern time=/app/target/debug/deps/libtime-ff5916d77934ff1e.rlib --extern tokmd=/app/target/debug/deps/libtokmd-f0692a71f65efafb.rlib --extern tokmd_analysis=/app/target/debug/deps/libtokmd_analysis-287e2b5f1e68be70.rlib --extern tokmd_analysis_derived=/app/target/debug/deps/libtokmd_analysis_derived-0238f5588105f72f.rlib --extern tokmd_analysis_explain=/app/target/debug/deps/libtokmd_analysis_explain-105437a229df030b.rlib --extern tokmd_analysis_format=/app/target/debug/deps/libtokmd_analysis_format-9faa09db3b8778a0.rlib --extern tokmd_analysis_grid=/app/target/debug/deps/libtokmd_analysis_grid-da610605172fdcbc.rlib --extern tokmd_analysis_types=/app/target/debug/deps/libtokmd_analysis_types-b8471925ca3eea4f.rlib --extern tokmd_badge=/app/target/debug/deps/libtokmd_badge-a3692bda83121bee.rlib --extern tokmd_cockpit=/app/target/debug/deps/libtokmd_cockpit-d6755e701929fa0f.rlib --extern tokmd_config=/app/target/debug/deps/libtokmd_config-907d875de830b68a.rlib --extern tokmd_context_git=/app/target/debug/deps/libtokmd_context_git-8f6572e04bf8d3d8.rlib --extern tokmd_context_policy=/app/target/debug/deps/libtokmd_context_policy-66a5cfc2cb52e0e0.rlib --extern tokmd_envelope=/app/target/debug/deps/libtokmd_envelope-9bbe3b42791e10c2.rlib --extern tokmd_exclude=/app/target/debug/deps/libtokmd_exclude-ed7ad8c9ce3cb6a5.rlib --extern tokmd_export_tree=/app/target/debug/deps/libtokmd_export_tree-393431f45ac57c2b.rlib --extern tokmd_format=/app/target/debug/deps/libtokmd_format-ab3491f51dc38631.rlib --extern tokmd_gate=/app/target/debug/deps/libtokmd_gate-3d049ed137b3d469.rlib --extern tokmd_git=/app/target/debug/deps/libtokmd_git-b3c6d5e93cb11ab2.rlib --extern tokmd_model=/app/target/debug/deps/libtokmd_model-5caf4eb9b674e831.rlib --extern tokmd_path=/app/target/debug/deps/libtokmd_path-87b15609bfd71d35.rlib --extern tokmd_progress=/app/target/debug/deps/libtokmd_progress-4c3f56b438105d35.rlib --extern tokmd_scan=/app/target/debug/deps/libtokmd_scan-c5d50a4874764658.rlib --extern tokmd_settings=/app/target/debug/deps/libtokmd_settings-a376241a548bc356.rlib --extern tokmd_tokeignore=/app/target/debug/deps/libtokmd_tokeignore-b17e42e8f7d6ccb6.rlib --extern tokmd_tool_schema=/app/target/debug/deps/libtokmd_tool_schema-750660505fe02567.rlib --extern tokmd_types=/app/target/debug/deps/libtokmd_types-e5279a60750fb027.rlib --extern toml=/app/target/debug/deps/libtoml-416a762657a99d87.rlib -L native=/app/target/debug/build/blake3-12e682763928d5d8/out -L native=/app/target/debug/build/blake3-12e682763928d5d8/out -L native=/app/target/debug/build/ring-7e163c8f3c6760a9/out`
     Running `/home/jules/.rustup/toolchains/stable-x86_64-unknown-linux-gnu/bin/rustc --crate-name json_output --edition=2024 crates/tokmd/tests/json_output.rs --error-format=json --json=diagnostic-rendered-ansi,artifacts,future-incompat --emit=dep-info,link -C embed-bitcode=no -C debuginfo=2 --test --cfg 'feature="archetype"' --cfg 'feature="content"' --cfg 'feature="default"' --cfg 'feature="fun"' --cfg 'feature="git"' --cfg 'feature="topics"' --cfg 'feature="ui"' --cfg 'feature="walk"' --check-cfg 'cfg(docsrs,test)' --check-cfg 'cfg(feature, values("alias-tok", "archetype", "content", "default", "fun", "git", "topics", "ui", "walk"))' -C metadata=9c3c18a84ed99d80 -C extra-filename=-3abf2b55b55a5854 --out-dir /app/target/debug/deps -C incremental=/app/target/debug/incremental -L dependency=/app/target/debug/deps --extern anyhow=/app/target/debug/deps/libanyhow-1c897acad9a38b79.rlib --extern assert_cmd=/app/target/debug/deps/libassert_cmd-627e2edf13bfe3f8.rlib --extern blake3=/app/target/debug/deps/libblake3-ba57c91f91dea2f8.rlib --extern clap=/app/target/debug/deps/libclap-37855d5caa945650.rlib --extern clap_complete=/app/target/debug/deps/libclap_complete-c53597c9a8376dfd.rlib --extern console=/app/target/debug/deps/libconsole-082fb92185463311.rlib --extern dialoguer=/app/target/debug/deps/libdialoguer-21a6fbd0d024b082.rlib --extern dirs=/app/target/debug/deps/libdirs-e2cb4f3a84b5aae4.rlib --extern insta=/app/target/debug/deps/libinsta-fc65e2965aec3cf0.rlib --extern jsonschema=/app/target/debug/deps/libjsonschema-0cead2da86f5cca7.rlib --extern predicates=/app/target/debug/deps/libpredicates-dace89ab8e90f707.rlib --extern proptest=/app/target/debug/deps/libproptest-d6b499a49d724fc5.rlib --extern regex=/app/target/debug/deps/libregex-aae23aa183aca753.rlib --extern serde=/app/target/debug/deps/libserde-2ddf37aa57423e14.rlib --extern serde_json=/app/target/debug/deps/libserde_json-02554ac7efa4e2d5.rlib --extern tempfile=/app/target/debug/deps/libtempfile-f51a2aafe76acb83.rlib --extern time=/app/target/debug/deps/libtime-ff5916d77934ff1e.rlib --extern tokmd=/app/target/debug/deps/libtokmd-f0692a71f65efafb.rlib --extern tokmd_analysis=/app/target/debug/deps/libtokmd_analysis-287e2b5f1e68be70.rlib --extern tokmd_analysis_derived=/app/target/debug/deps/libtokmd_analysis_derived-0238f5588105f72f.rlib --extern tokmd_analysis_explain=/app/target/debug/deps/libtokmd_analysis_explain-105437a229df030b.rlib --extern tokmd_analysis_format=/app/target/debug/deps/libtokmd_analysis_format-9faa09db3b8778a0.rlib --extern tokmd_analysis_grid=/app/target/debug/deps/libtokmd_analysis_grid-da610605172fdcbc.rlib --extern tokmd_analysis_types=/app/target/debug/deps/libtokmd_analysis_types-b8471925ca3eea4f.rlib --extern tokmd_badge=/app/target/debug/deps/libtokmd_badge-a3692bda83121bee.rlib --extern tokmd_cockpit=/app/target/debug/deps/libtokmd_cockpit-d6755e701929fa0f.rlib --extern tokmd_config=/app/target/debug/deps/libtokmd_config-907d875de830b68a.rlib --extern tokmd_context_git=/app/target/debug/deps/libtokmd_context_git-8f6572e04bf8d3d8.rlib --extern tokmd_context_policy=/app/target/debug/deps/libtokmd_context_policy-66a5cfc2cb52e0e0.rlib --extern tokmd_envelope=/app/target/debug/deps/libtokmd_envelope-9bbe3b42791e10c2.rlib --extern tokmd_exclude=/app/target/debug/deps/libtokmd_exclude-ed7ad8c9ce3cb6a5.rlib --extern tokmd_export_tree=/app/target/debug/deps/libtokmd_export_tree-393431f45ac57c2b.rlib --extern tokmd_format=/app/target/debug/deps/libtokmd_format-ab3491f51dc38631.rlib --extern tokmd_gate=/app/target/debug/deps/libtokmd_gate-3d049ed137b3d469.rlib --extern tokmd_git=/app/target/debug/deps/libtokmd_git-b3c6d5e93cb11ab2.rlib --extern tokmd_model=/app/target/debug/deps/libtokmd_model-5caf4eb9b674e831.rlib --extern tokmd_path=/app/target/debug/deps/libtokmd_path-87b15609bfd71d35.rlib --extern tokmd_progress=/app/target/debug/deps/libtokmd_progress-4c3f56b438105d35.rlib --extern tokmd_scan=/app/target/debug/deps/libtokmd_scan-c5d50a4874764658.rlib --extern tokmd_settings=/app/target/debug/deps/libtokmd_settings-a376241a548bc356.rlib --extern tokmd_tokeignore=/app/target/debug/deps/libtokmd_tokeignore-b17e42e8f7d6ccb6.rlib --extern tokmd_tool_schema=/app/target/debug/deps/libtokmd_tool_schema-750660505fe02567.rlib --extern tokmd_types=/app/target/debug/deps/libtokmd_types-e5279a60750fb027.rlib --extern toml=/app/target/debug/deps/libtoml-416a762657a99d87.rlib -L native=/app/target/debug/build/blake3-12e682763928d5d8/out -L native=/app/target/debug/build/blake3-12e682763928d5d8/out -L native=/app/target/debug/build/ring-7e163c8f3c6760a9/out`
     Running `/home/jules/.rustup/toolchains/stable-x86_64-unknown-linux-gnu/bin/rustc --crate-name cockpit_cli_w75 --edition=2024 crates/tokmd/tests/cockpit_cli_w75.rs --error-format=json --json=diagnostic-rendered-ansi,artifacts,future-incompat --emit=dep-info,link -C embed-bitcode=no -C debuginfo=2 --test --cfg 'feature="archetype"' --cfg 'feature="content"' --cfg 'feature="default"' --cfg 'feature="fun"' --cfg 'feature="git"' --cfg 'feature="topics"' --cfg 'feature="ui"' --cfg 'feature="walk"' --check-cfg 'cfg(docsrs,test)' --check-cfg 'cfg(feature, values("alias-tok", "archetype", "content", "default", "fun", "git", "topics", "ui", "walk"))' -C metadata=ce1f6e87f316d2ab -C extra-filename=-b9c37e60b7319a3d --out-dir /app/target/debug/deps -C incremental=/app/target/debug/incremental -L dependency=/app/target/debug/deps --extern anyhow=/app/target/debug/deps/libanyhow-1c897acad9a38b79.rlib --extern assert_cmd=/app/target/debug/deps/libassert_cmd-627e2edf13bfe3f8.rlib --extern blake3=/app/target/debug/deps/libblake3-ba57c91f91dea2f8.rlib --extern clap=/app/target/debug/deps/libclap-37855d5caa945650.rlib --extern clap_complete=/app/target/debug/deps/libclap_complete-c53597c9a8376dfd.rlib --extern console=/app/target/debug/deps/libconsole-082fb92185463311.rlib --extern dialoguer=/app/target/debug/deps/libdialoguer-21a6fbd0d024b082.rlib --extern dirs=/app/target/debug/deps/libdirs-e2cb4f3a84b5aae4.rlib --extern insta=/app/target/debug/deps/libinsta-fc65e2965aec3cf0.rlib --extern jsonschema=/app/target/debug/deps/libjsonschema-0cead2da86f5cca7.rlib --extern predicates=/app/target/debug/deps/libpredicates-dace89ab8e90f707.rlib --extern proptest=/app/target/debug/deps/libproptest-d6b499a49d724fc5.rlib --extern regex=/app/target/debug/deps/libregex-aae23aa183aca753.rlib --extern serde=/app/target/debug/deps/libserde-2ddf37aa57423e14.rlib --extern serde_json=/app/target/debug/deps/libserde_json-02554ac7efa4e2d5.rlib --extern tempfile=/app/target/debug/deps/libtempfile-f51a2aafe76acb83.rlib --extern time=/app/target/debug/deps/libtime-ff5916d77934ff1e.rlib --extern tokmd=/app/target/debug/deps/libtokmd-f0692a71f65efafb.rlib --extern tokmd_analysis=/app/target/debug/deps/libtokmd_analysis-287e2b5f1e68be70.rlib --extern tokmd_analysis_derived=/app/target/debug/deps/libtokmd_analysis_derived-0238f5588105f72f.rlib --extern tokmd_analysis_explain=/app/target/debug/deps/libtokmd_analysis_explain-105437a229df030b.rlib --extern tokmd_analysis_format=/app/target/debug/deps/libtokmd_analysis_format-9faa09db3b8778a0.rlib --extern tokmd_analysis_grid=/app/target/debug/deps/libtokmd_analysis_grid-da610605172fdcbc.rlib --extern tokmd_analysis_types=/app/target/debug/deps/libtokmd_analysis_types-b8471925ca3eea4f.rlib --extern tokmd_badge=/app/target/debug/deps/libtokmd_badge-a3692bda83121bee.rlib --extern tokmd_cockpit=/app/target/debug/deps/libtokmd_cockpit-d6755e701929fa0f.rlib --extern tokmd_config=/app/target/debug/deps/libtokmd_config-907d875de830b68a.rlib --extern tokmd_context_git=/app/target/debug/deps/libtokmd_context_git-8f6572e04bf8d3d8.rlib --extern tokmd_context_policy=/app/target/debug/deps/libtokmd_context_policy-66a5cfc2cb52e0e0.rlib --extern tokmd_envelope=/app/target/debug/deps/libtokmd_envelope-9bbe3b42791e10c2.rlib --extern tokmd_exclude=/app/target/debug/deps/libtokmd_exclude-ed7ad8c9ce3cb6a5.rlib --extern tokmd_export_tree=/app/target/debug/deps/libtokmd_export_tree-393431f45ac57c2b.rlib --extern tokmd_format=/app/target/debug/deps/libtokmd_format-ab3491f51dc38631.rlib --extern tokmd_gate=/app/target/debug/deps/libtokmd_gate-3d049ed137b3d469.rlib --extern tokmd_git=/app/target/debug/deps/libtokmd_git-b3c6d5e93cb11ab2.rlib --extern tokmd_model=/app/target/debug/deps/libtokmd_model-5caf4eb9b674e831.rlib --extern tokmd_path=/app/target/debug/deps/libtokmd_path-87b15609bfd71d35.rlib --extern tokmd_progress=/app/target/debug/deps/libtokmd_progress-4c3f56b438105d35.rlib --extern tokmd_scan=/app/target/debug/deps/libtokmd_scan-c5d50a4874764658.rlib --extern tokmd_settings=/app/target/debug/deps/libtokmd_settings-a376241a548bc356.rlib --extern tokmd_tokeignore=/app/target/debug/deps/libtokmd_tokeignore-b17e42e8f7d6ccb6.rlib --extern tokmd_tool_schema=/app/target/debug/deps/libtokmd_tool_schema-750660505fe02567.rlib --extern tokmd_types=/app/target/debug/deps/libtokmd_types-e5279a60750fb027.rlib --extern toml=/app/target/debug/deps/libtoml-416a762657a99d87.rlib -L native=/app/target/debug/build/blake3-12e682763928d5d8/out -L native=/app/target/debug/build/blake3-12e682763928d5d8/out -L native=/app/target/debug/build/ring-7e163c8f3c6760a9/out`
     Running `/home/jules/.rustup/toolchains/stable-x86_64-unknown-linux-gnu/bin/rustc --crate-name deep_cli_formats_w49 --edition=2024 crates/tokmd/tests/deep_cli_formats_w49.rs --error-format=json --json=diagnostic-rendered-ansi,artifacts,future-incompat --emit=dep-info,link -C embed-bitcode=no -C debuginfo=2 --test --cfg 'feature="archetype"' --cfg 'feature="content"' --cfg 'feature="default"' --cfg 'feature="fun"' --cfg 'feature="git"' --cfg 'feature="topics"' --cfg 'feature="ui"' --cfg 'feature="walk"' --check-cfg 'cfg(docsrs,test)' --check-cfg 'cfg(feature, values("alias-tok", "archetype", "content", "default", "fun", "git", "topics", "ui", "walk"))' -C metadata=202be579582e3625 -C extra-filename=-96eae3597ef8141a --out-dir /app/target/debug/deps -C incremental=/app/target/debug/incremental -L dependency=/app/target/debug/deps --extern anyhow=/app/target/debug/deps/libanyhow-1c897acad9a38b79.rlib --extern assert_cmd=/app/target/debug/deps/libassert_cmd-627e2edf13bfe3f8.rlib --extern blake3=/app/target/debug/deps/libblake3-ba57c91f91dea2f8.rlib --extern clap=/app/target/debug/deps/libclap-37855d5caa945650.rlib --extern clap_complete=/app/target/debug/deps/libclap_complete-c53597c9a8376dfd.rlib --extern console=/app/target/debug/deps/libconsole-082fb92185463311.rlib --extern dialoguer=/app/target/debug/deps/libdialoguer-21a6fbd0d024b082.rlib --extern dirs=/app/target/debug/deps/libdirs-e2cb4f3a84b5aae4.rlib --extern insta=/app/target/debug/deps/libinsta-fc65e2965aec3cf0.rlib --extern jsonschema=/app/target/debug/deps/libjsonschema-0cead2da86f5cca7.rlib --extern predicates=/app/target/debug/deps/libpredicates-dace89ab8e90f707.rlib --extern proptest=/app/target/debug/deps/libproptest-d6b499a49d724fc5.rlib --extern regex=/app/target/debug/deps/libregex-aae23aa183aca753.rlib --extern serde=/app/target/debug/deps/libserde-2ddf37aa57423e14.rlib --extern serde_json=/app/target/debug/deps/libserde_json-02554ac7efa4e2d5.rlib --extern tempfile=/app/target/debug/deps/libtempfile-f51a2aafe76acb83.rlib --extern time=/app/target/debug/deps/libtime-ff5916d77934ff1e.rlib --extern tokmd=/app/target/debug/deps/libtokmd-f0692a71f65efafb.rlib --extern tokmd_analysis=/app/target/debug/deps/libtokmd_analysis-287e2b5f1e68be70.rlib --extern tokmd_analysis_derived=/app/target/debug/deps/libtokmd_analysis_derived-0238f5588105f72f.rlib --extern tokmd_analysis_explain=/app/target/debug/deps/libtokmd_analysis_explain-105437a229df030b.rlib --extern tokmd_analysis_format=/app/target/debug/deps/libtokmd_analysis_format-9faa09db3b8778a0.rlib --extern tokmd_analysis_grid=/app/target/debug/deps/libtokmd_analysis_grid-da610605172fdcbc.rlib --extern tokmd_analysis_types=/app/target/debug/deps/libtokmd_analysis_types-b8471925ca3eea4f.rlib --extern tokmd_badge=/app/target/debug/deps/libtokmd_badge-a3692bda83121bee.rlib --extern tokmd_cockpit=/app/target/debug/deps/libtokmd_cockpit-d6755e701929fa0f.rlib --extern tokmd_config=/app/target/debug/deps/libtokmd_config-907d875de830b68a.rlib --extern tokmd_context_git=/app/target/debug/deps/libtokmd_context_git-8f6572e04bf8d3d8.rlib --extern tokmd_context_policy=/app/target/debug/deps/libtokmd_context_policy-66a5cfc2cb52e0e0.rlib --extern tokmd_envelope=/app/target/debug/deps/libtokmd_envelope-9bbe3b42791e10c2.rlib --extern tokmd_exclude=/app/target/debug/deps/libtokmd_exclude-ed7ad8c9ce3cb6a5.rlib --extern tokmd_export_tree=/app/target/debug/deps/libtokmd_export_tree-393431f45ac57c2b.rlib --extern tokmd_format=/app/target/debug/deps/libtokmd_format-ab3491f51dc38631.rlib --extern tokmd_gate=/app/target/debug/deps/libtokmd_gate-3d049ed137b3d469.rlib --extern tokmd_git=/app/target/debug/deps/libtokmd_git-b3c6d5e93cb11ab2.rlib --extern tokmd_model=/app/target/debug/deps/libtokmd_model-5caf4eb9b674e831.rlib --extern tokmd_path=/app/target/debug/deps/libtokmd_path-87b15609bfd71d35.rlib --extern tokmd_progress=/app/target/debug/deps/libtokmd_progress-4c3f56b438105d35.rlib --extern tokmd_scan=/app/target/debug/deps/libtokmd_scan-c5d50a4874764658.rlib --extern tokmd_settings=/app/target/debug/deps/libtokmd_settings-a376241a548bc356.rlib --extern tokmd_tokeignore=/app/target/debug/deps/libtokmd_tokeignore-b17e42e8f7d6ccb6.rlib --extern tokmd_tool_schema=/app/target/debug/deps/libtokmd_tool_schema-750660505fe02567.rlib --extern tokmd_types=/app/target/debug/deps/libtokmd_types-e5279a60750fb027.rlib --extern toml=/app/target/debug/deps/libtoml-416a762657a99d87.rlib -L native=/app/target/debug/build/blake3-12e682763928d5d8/out -L native=/app/target/debug/build/blake3-12e682763928d5d8/out -L native=/app/target/debug/build/ring-7e163c8f3c6760a9/out`
     Running `/home/jules/.rustup/toolchains/stable-x86_64-unknown-linux-gnu/bin/rustc --crate-name error_handling_w70 --edition=2024 crates/tokmd/tests/error_handling_w70.rs --error-format=json --json=diagnostic-rendered-ansi,artifacts,future-incompat --emit=dep-info,link -C embed-bitcode=no -C debuginfo=2 --test --cfg 'feature="archetype"' --cfg 'feature="content"' --cfg 'feature="default"' --cfg 'feature="fun"' --cfg 'feature="git"' --cfg 'feature="topics"' --cfg 'feature="ui"' --cfg 'feature="walk"' --check-cfg 'cfg(docsrs,test)' --check-cfg 'cfg(feature, values("alias-tok", "archetype", "content", "default", "fun", "git", "topics", "ui", "walk"))' -C metadata=71624d35baf81cb1 -C extra-filename=-65bc9baf511fa85e --out-dir /app/target/debug/deps -C incremental=/app/target/debug/incremental -L dependency=/app/target/debug/deps --extern anyhow=/app/target/debug/deps/libanyhow-1c897acad9a38b79.rlib --extern assert_cmd=/app/target/debug/deps/libassert_cmd-627e2edf13bfe3f8.rlib --extern blake3=/app/target/debug/deps/libblake3-ba57c91f91dea2f8.rlib --extern clap=/app/target/debug/deps/libclap-37855d5caa945650.rlib --extern clap_complete=/app/target/debug/deps/libclap_complete-c53597c9a8376dfd.rlib --extern console=/app/target/debug/deps/libconsole-082fb92185463311.rlib --extern dialoguer=/app/target/debug/deps/libdialoguer-21a6fbd0d024b082.rlib --extern dirs=/app/target/debug/deps/libdirs-e2cb4f3a84b5aae4.rlib --extern insta=/app/target/debug/deps/libinsta-fc65e2965aec3cf0.rlib --extern jsonschema=/app/target/debug/deps/libjsonschema-0cead2da86f5cca7.rlib --extern predicates=/app/target/debug/deps/libpredicates-dace89ab8e90f707.rlib --extern proptest=/app/target/debug/deps/libproptest-d6b499a49d724fc5.rlib --extern regex=/app/target/debug/deps/libregex-aae23aa183aca753.rlib --extern serde=/app/target/debug/deps/libserde-2ddf37aa57423e14.rlib --extern serde_json=/app/target/debug/deps/libserde_json-02554ac7efa4e2d5.rlib --extern tempfile=/app/target/debug/deps/libtempfile-f51a2aafe76acb83.rlib --extern time=/app/target/debug/deps/libtime-ff5916d77934ff1e.rlib --extern tokmd=/app/target/debug/deps/libtokmd-f0692a71f65efafb.rlib --extern tokmd_analysis=/app/target/debug/deps/libtokmd_analysis-287e2b5f1e68be70.rlib --extern tokmd_analysis_derived=/app/target/debug/deps/libtokmd_analysis_derived-0238f5588105f72f.rlib --extern tokmd_analysis_explain=/app/target/debug/deps/libtokmd_analysis_explain-105437a229df030b.rlib --extern tokmd_analysis_format=/app/target/debug/deps/libtokmd_analysis_format-9faa09db3b8778a0.rlib --extern tokmd_analysis_grid=/app/target/debug/deps/libtokmd_analysis_grid-da610605172fdcbc.rlib --extern tokmd_analysis_types=/app/target/debug/deps/libtokmd_analysis_types-b8471925ca3eea4f.rlib --extern tokmd_badge=/app/target/debug/deps/libtokmd_badge-a3692bda83121bee.rlib --extern tokmd_cockpit=/app/target/debug/deps/libtokmd_cockpit-d6755e701929fa0f.rlib --extern tokmd_config=/app/target/debug/deps/libtokmd_config-907d875de830b68a.rlib --extern tokmd_context_git=/app/target/debug/deps/libtokmd_context_git-8f6572e04bf8d3d8.rlib --extern tokmd_context_policy=/app/target/debug/deps/libtokmd_context_policy-66a5cfc2cb52e0e0.rlib --extern tokmd_envelope=/app/target/debug/deps/libtokmd_envelope-9bbe3b42791e10c2.rlib --extern tokmd_exclude=/app/target/debug/deps/libtokmd_exclude-ed7ad8c9ce3cb6a5.rlib --extern tokmd_export_tree=/app/target/debug/deps/libtokmd_export_tree-393431f45ac57c2b.rlib --extern tokmd_format=/app/target/debug/deps/libtokmd_format-ab3491f51dc38631.rlib --extern tokmd_gate=/app/target/debug/deps/libtokmd_gate-3d049ed137b3d469.rlib --extern tokmd_git=/app/target/debug/deps/libtokmd_git-b3c6d5e93cb11ab2.rlib --extern tokmd_model=/app/target/debug/deps/libtokmd_model-5caf4eb9b674e831.rlib --extern tokmd_path=/app/target/debug/deps/libtokmd_path-87b15609bfd71d35.rlib --extern tokmd_progress=/app/target/debug/deps/libtokmd_progress-4c3f56b438105d35.rlib --extern tokmd_scan=/app/target/debug/deps/libtokmd_scan-c5d50a4874764658.rlib --extern tokmd_settings=/app/target/debug/deps/libtokmd_settings-a376241a548bc356.rlib --extern tokmd_tokeignore=/app/target/debug/deps/libtokmd_tokeignore-b17e42e8f7d6ccb6.rlib --extern tokmd_tool_schema=/app/target/debug/deps/libtokmd_tool_schema-750660505fe02567.rlib --extern tokmd_types=/app/target/debug/deps/libtokmd_types-e5279a60750fb027.rlib --extern toml=/app/target/debug/deps/libtoml-416a762657a99d87.rlib -L native=/app/target/debug/build/blake3-12e682763928d5d8/out -L native=/app/target/debug/build/blake3-12e682763928d5d8/out -L native=/app/target/debug/build/ring-7e163c8f3c6760a9/out`
     Running `/home/jules/.rustup/toolchains/stable-x86_64-unknown-linux-gnu/bin/rustc --crate-name context_handoff_deep --edition=2024 crates/tokmd/tests/context_handoff_deep.rs --error-format=json --json=diagnostic-rendered-ansi,artifacts,future-incompat --emit=dep-info,link -C embed-bitcode=no -C debuginfo=2 --test --cfg 'feature="archetype"' --cfg 'feature="content"' --cfg 'feature="default"' --cfg 'feature="fun"' --cfg 'feature="git"' --cfg 'feature="topics"' --cfg 'feature="ui"' --cfg 'feature="walk"' --check-cfg 'cfg(docsrs,test)' --check-cfg 'cfg(feature, values("alias-tok", "archetype", "content", "default", "fun", "git", "topics", "ui", "walk"))' -C metadata=5fc8d7ef6615645a -C extra-filename=-debecbc7d4b1d81d --out-dir /app/target/debug/deps -C incremental=/app/target/debug/incremental -L dependency=/app/target/debug/deps --extern anyhow=/app/target/debug/deps/libanyhow-1c897acad9a38b79.rlib --extern assert_cmd=/app/target/debug/deps/libassert_cmd-627e2edf13bfe3f8.rlib --extern blake3=/app/target/debug/deps/libblake3-ba57c91f91dea2f8.rlib --extern clap=/app/target/debug/deps/libclap-37855d5caa945650.rlib --extern clap_complete=/app/target/debug/deps/libclap_complete-c53597c9a8376dfd.rlib --extern console=/app/target/debug/deps/libconsole-082fb92185463311.rlib --extern dialoguer=/app/target/debug/deps/libdialoguer-21a6fbd0d024b082.rlib --extern dirs=/app/target/debug/deps/libdirs-e2cb4f3a84b5aae4.rlib --extern insta=/app/target/debug/deps/libinsta-fc65e2965aec3cf0.rlib --extern jsonschema=/app/target/debug/deps/libjsonschema-0cead2da86f5cca7.rlib --extern predicates=/app/target/debug/deps/libpredicates-dace89ab8e90f707.rlib --extern proptest=/app/target/debug/deps/libproptest-d6b499a49d724fc5.rlib --extern regex=/app/target/debug/deps/libregex-aae23aa183aca753.rlib --extern serde=/app/target/debug/deps/libserde-2ddf37aa57423e14.rlib --extern serde_json=/app/target/debug/deps/libserde_json-02554ac7efa4e2d5.rlib --extern tempfile=/app/target/debug/deps/libtempfile-f51a2aafe76acb83.rlib --extern time=/app/target/debug/deps/libtime-ff5916d77934ff1e.rlib --extern tokmd=/app/target/debug/deps/libtokmd-f0692a71f65efafb.rlib --extern tokmd_analysis=/app/target/debug/deps/libtokmd_analysis-287e2b5f1e68be70.rlib --extern tokmd_analysis_derived=/app/target/debug/deps/libtokmd_analysis_derived-0238f5588105f72f.rlib --extern tokmd_analysis_explain=/app/target/debug/deps/libtokmd_analysis_explain-105437a229df030b.rlib --extern tokmd_analysis_format=/app/target/debug/deps/libtokmd_analysis_format-9faa09db3b8778a0.rlib --extern tokmd_analysis_grid=/app/target/debug/deps/libtokmd_analysis_grid-da610605172fdcbc.rlib --extern tokmd_analysis_types=/app/target/debug/deps/libtokmd_analysis_types-b8471925ca3eea4f.rlib --extern tokmd_badge=/app/target/debug/deps/libtokmd_badge-a3692bda83121bee.rlib --extern tokmd_cockpit=/app/target/debug/deps/libtokmd_cockpit-d6755e701929fa0f.rlib --extern tokmd_config=/app/target/debug/deps/libtokmd_config-907d875de830b68a.rlib --extern tokmd_context_git=/app/target/debug/deps/libtokmd_context_git-8f6572e04bf8d3d8.rlib --extern tokmd_context_policy=/app/target/debug/deps/libtokmd_context_policy-66a5cfc2cb52e0e0.rlib --extern tokmd_envelope=/app/target/debug/deps/libtokmd_envelope-9bbe3b42791e10c2.rlib --extern tokmd_exclude=/app/target/debug/deps/libtokmd_exclude-ed7ad8c9ce3cb6a5.rlib --extern tokmd_export_tree=/app/target/debug/deps/libtokmd_export_tree-393431f45ac57c2b.rlib --extern tokmd_format=/app/target/debug/deps/libtokmd_format-ab3491f51dc38631.rlib --extern tokmd_gate=/app/target/debug/deps/libtokmd_gate-3d049ed137b3d469.rlib --extern tokmd_git=/app/target/debug/deps/libtokmd_git-b3c6d5e93cb11ab2.rlib --extern tokmd_model=/app/target/debug/deps/libtokmd_model-5caf4eb9b674e831.rlib --extern tokmd_path=/app/target/debug/deps/libtokmd_path-87b15609bfd71d35.rlib --extern tokmd_progress=/app/target/debug/deps/libtokmd_progress-4c3f56b438105d35.rlib --extern tokmd_scan=/app/target/debug/deps/libtokmd_scan-c5d50a4874764658.rlib --extern tokmd_settings=/app/target/debug/deps/libtokmd_settings-a376241a548bc356.rlib --extern tokmd_tokeignore=/app/target/debug/deps/libtokmd_tokeignore-b17e42e8f7d6ccb6.rlib --extern tokmd_tool_schema=/app/target/debug/deps/libtokmd_tool_schema-750660505fe02567.rlib --extern tokmd_types=/app/target/debug/deps/libtokmd_types-e5279a60750fb027.rlib --extern toml=/app/target/debug/deps/libtoml-416a762657a99d87.rlib -L native=/app/target/debug/build/blake3-12e682763928d5d8/out -L native=/app/target/debug/build/blake3-12e682763928d5d8/out -L native=/app/target/debug/build/ring-7e163c8f3c6760a9/out`
     Running `/home/jules/.rustup/toolchains/stable-x86_64-unknown-linux-gnu/bin/rustc --crate-name schema_validation --edition=2024 crates/tokmd/tests/schema_validation.rs --error-format=json --json=diagnostic-rendered-ansi,artifacts,future-incompat --emit=dep-info,link -C embed-bitcode=no -C debuginfo=2 --test --cfg 'feature="archetype"' --cfg 'feature="content"' --cfg 'feature="default"' --cfg 'feature="fun"' --cfg 'feature="git"' --cfg 'feature="topics"' --cfg 'feature="ui"' --cfg 'feature="walk"' --check-cfg 'cfg(docsrs,test)' --check-cfg 'cfg(feature, values("alias-tok", "archetype", "content", "default", "fun", "git", "topics", "ui", "walk"))' -C metadata=0cdd7bec4ddc43e5 -C extra-filename=-8c39cccd8b6291de --out-dir /app/target/debug/deps -C incremental=/app/target/debug/incremental -L dependency=/app/target/debug/deps --extern anyhow=/app/target/debug/deps/libanyhow-1c897acad9a38b79.rlib --extern assert_cmd=/app/target/debug/deps/libassert_cmd-627e2edf13bfe3f8.rlib --extern blake3=/app/target/debug/deps/libblake3-ba57c91f91dea2f8.rlib --extern clap=/app/target/debug/deps/libclap-37855d5caa945650.rlib --extern clap_complete=/app/target/debug/deps/libclap_complete-c53597c9a8376dfd.rlib --extern console=/app/target/debug/deps/libconsole-082fb92185463311.rlib --extern dialoguer=/app/target/debug/deps/libdialoguer-21a6fbd0d024b082.rlib --extern dirs=/app/target/debug/deps/libdirs-e2cb4f3a84b5aae4.rlib --extern insta=/app/target/debug/deps/libinsta-fc65e2965aec3cf0.rlib --extern jsonschema=/app/target/debug/deps/libjsonschema-0cead2da86f5cca7.rlib --extern predicates=/app/target/debug/deps/libpredicates-dace89ab8e90f707.rlib --extern proptest=/app/target/debug/deps/libproptest-d6b499a49d724fc5.rlib --extern regex=/app/target/debug/deps/libregex-aae23aa183aca753.rlib --extern serde=/app/target/debug/deps/libserde-2ddf37aa57423e14.rlib --extern serde_json=/app/target/debug/deps/libserde_json-02554ac7efa4e2d5.rlib --extern tempfile=/app/target/debug/deps/libtempfile-f51a2aafe76acb83.rlib --extern time=/app/target/debug/deps/libtime-ff5916d77934ff1e.rlib --extern tokmd=/app/target/debug/deps/libtokmd-f0692a71f65efafb.rlib --extern tokmd_analysis=/app/target/debug/deps/libtokmd_analysis-287e2b5f1e68be70.rlib --extern tokmd_analysis_derived=/app/target/debug/deps/libtokmd_analysis_derived-0238f5588105f72f.rlib --extern tokmd_analysis_explain=/app/target/debug/deps/libtokmd_analysis_explain-105437a229df030b.rlib --extern tokmd_analysis_format=/app/target/debug/deps/libtokmd_analysis_format-9faa09db3b8778a0.rlib --extern tokmd_analysis_grid=/app/target/debug/deps/libtokmd_analysis_grid-da610605172fdcbc.rlib --extern tokmd_analysis_types=/app/target/debug/deps/libtokmd_analysis_types-b8471925ca3eea4f.rlib --extern tokmd_badge=/app/target/debug/deps/libtokmd_badge-a3692bda83121bee.rlib --extern tokmd_cockpit=/app/target/debug/deps/libtokmd_cockpit-d6755e701929fa0f.rlib --extern tokmd_config=/app/target/debug/deps/libtokmd_config-907d875de830b68a.rlib --extern tokmd_context_git=/app/target/debug/deps/libtokmd_context_git-8f6572e04bf8d3d8.rlib --extern tokmd_context_policy=/app/target/debug/deps/libtokmd_context_policy-66a5cfc2cb52e0e0.rlib --extern tokmd_envelope=/app/target/debug/deps/libtokmd_envelope-9bbe3b42791e10c2.rlib --extern tokmd_exclude=/app/target/debug/deps/libtokmd_exclude-ed7ad8c9ce3cb6a5.rlib --extern tokmd_export_tree=/app/target/debug/deps/libtokmd_export_tree-393431f45ac57c2b.rlib --extern tokmd_format=/app/target/debug/deps/libtokmd_format-ab3491f51dc38631.rlib --extern tokmd_gate=/app/target/debug/deps/libtokmd_gate-3d049ed137b3d469.rlib --extern tokmd_git=/app/target/debug/deps/libtokmd_git-b3c6d5e93cb11ab2.rlib --extern tokmd_model=/app/target/debug/deps/libtokmd_model-5caf4eb9b674e831.rlib --extern tokmd_path=/app/target/debug/deps/libtokmd_path-87b15609bfd71d35.rlib --extern tokmd_progress=/app/target/debug/deps/libtokmd_progress-4c3f56b438105d35.rlib --extern tokmd_scan=/app/target/debug/deps/libtokmd_scan-c5d50a4874764658.rlib --extern tokmd_settings=/app/target/debug/deps/libtokmd_settings-a376241a548bc356.rlib --extern tokmd_tokeignore=/app/target/debug/deps/libtokmd_tokeignore-b17e42e8f7d6ccb6.rlib --extern tokmd_tool_schema=/app/target/debug/deps/libtokmd_tool_schema-750660505fe02567.rlib --extern tokmd_types=/app/target/debug/deps/libtokmd_types-e5279a60750fb027.rlib --extern toml=/app/target/debug/deps/libtoml-416a762657a99d87.rlib -L native=/app/target/debug/build/blake3-12e682763928d5d8/out -L native=/app/target/debug/build/blake3-12e682763928d5d8/out -L native=/app/target/debug/build/ring-7e163c8f3c6760a9/out`
     Running `/home/jules/.rustup/toolchains/stable-x86_64-unknown-linux-gnu/bin/rustc --crate-name cli_pipeline_e2e_w54 --edition=2024 crates/tokmd/tests/cli_pipeline_e2e_w54.rs --error-format=json --json=diagnostic-rendered-ansi,artifacts,future-incompat --emit=dep-info,link -C embed-bitcode=no -C debuginfo=2 --test --cfg 'feature="archetype"' --cfg 'feature="content"' --cfg 'feature="default"' --cfg 'feature="fun"' --cfg 'feature="git"' --cfg 'feature="topics"' --cfg 'feature="ui"' --cfg 'feature="walk"' --check-cfg 'cfg(docsrs,test)' --check-cfg 'cfg(feature, values("alias-tok", "archetype", "content", "default", "fun", "git", "topics", "ui", "walk"))' -C metadata=1404a07b2247a120 -C extra-filename=-78dff4c2ee6c5c33 --out-dir /app/target/debug/deps -C incremental=/app/target/debug/incremental -L dependency=/app/target/debug/deps --extern anyhow=/app/target/debug/deps/libanyhow-1c897acad9a38b79.rlib --extern assert_cmd=/app/target/debug/deps/libassert_cmd-627e2edf13bfe3f8.rlib --extern blake3=/app/target/debug/deps/libblake3-ba57c91f91dea2f8.rlib --extern clap=/app/target/debug/deps/libclap-37855d5caa945650.rlib --extern clap_complete=/app/target/debug/deps/libclap_complete-c53597c9a8376dfd.rlib --extern console=/app/target/debug/deps/libconsole-082fb92185463311.rlib --extern dialoguer=/app/target/debug/deps/libdialoguer-21a6fbd0d024b082.rlib --extern dirs=/app/target/debug/deps/libdirs-e2cb4f3a84b5aae4.rlib --extern insta=/app/target/debug/deps/libinsta-fc65e2965aec3cf0.rlib --extern jsonschema=/app/target/debug/deps/libjsonschema-0cead2da86f5cca7.rlib --extern predicates=/app/target/debug/deps/libpredicates-dace89ab8e90f707.rlib --extern proptest=/app/target/debug/deps/libproptest-d6b499a49d724fc5.rlib --extern regex=/app/target/debug/deps/libregex-aae23aa183aca753.rlib --extern serde=/app/target/debug/deps/libserde-2ddf37aa57423e14.rlib --extern serde_json=/app/target/debug/deps/libserde_json-02554ac7efa4e2d5.rlib --extern tempfile=/app/target/debug/deps/libtempfile-f51a2aafe76acb83.rlib --extern time=/app/target/debug/deps/libtime-ff5916d77934ff1e.rlib --extern tokmd=/app/target/debug/deps/libtokmd-f0692a71f65efafb.rlib --extern tokmd_analysis=/app/target/debug/deps/libtokmd_analysis-287e2b5f1e68be70.rlib --extern tokmd_analysis_derived=/app/target/debug/deps/libtokmd_analysis_derived-0238f5588105f72f.rlib --extern tokmd_analysis_explain=/app/target/debug/deps/libtokmd_analysis_explain-105437a229df030b.rlib --extern tokmd_analysis_format=/app/target/debug/deps/libtokmd_analysis_format-9faa09db3b8778a0.rlib --extern tokmd_analysis_grid=/app/target/debug/deps/libtokmd_analysis_grid-da610605172fdcbc.rlib --extern tokmd_analysis_types=/app/target/debug/deps/libtokmd_analysis_types-b8471925ca3eea4f.rlib --extern tokmd_badge=/app/target/debug/deps/libtokmd_badge-a3692bda83121bee.rlib --extern tokmd_cockpit=/app/target/debug/deps/libtokmd_cockpit-d6755e701929fa0f.rlib --extern tokmd_config=/app/target/debug/deps/libtokmd_config-907d875de830b68a.rlib --extern tokmd_context_git=/app/target/debug/deps/libtokmd_context_git-8f6572e04bf8d3d8.rlib --extern tokmd_context_policy=/app/target/debug/deps/libtokmd_context_policy-66a5cfc2cb52e0e0.rlib --extern tokmd_envelope=/app/target/debug/deps/libtokmd_envelope-9bbe3b42791e10c2.rlib --extern tokmd_exclude=/app/target/debug/deps/libtokmd_exclude-ed7ad8c9ce3cb6a5.rlib --extern tokmd_export_tree=/app/target/debug/deps/libtokmd_export_tree-393431f45ac57c2b.rlib --extern tokmd_format=/app/target/debug/deps/libtokmd_format-ab3491f51dc38631.rlib --extern tokmd_gate=/app/target/debug/deps/libtokmd_gate-3d049ed137b3d469.rlib --extern tokmd_git=/app/target/debug/deps/libtokmd_git-b3c6d5e93cb11ab2.rlib --extern tokmd_model=/app/target/debug/deps/libtokmd_model-5caf4eb9b674e831.rlib --extern tokmd_path=/app/target/debug/deps/libtokmd_path-87b15609bfd71d35.rlib --extern tokmd_progress=/app/target/debug/deps/libtokmd_progress-4c3f56b438105d35.rlib --extern tokmd_scan=/app/target/debug/deps/libtokmd_scan-c5d50a4874764658.rlib --extern tokmd_settings=/app/target/debug/deps/libtokmd_settings-a376241a548bc356.rlib --extern tokmd_tokeignore=/app/target/debug/deps/libtokmd_tokeignore-b17e42e8f7d6ccb6.rlib --extern tokmd_tool_schema=/app/target/debug/deps/libtokmd_tool_schema-750660505fe02567.rlib --extern tokmd_types=/app/target/debug/deps/libtokmd_types-e5279a60750fb027.rlib --extern toml=/app/target/debug/deps/libtoml-416a762657a99d87.rlib -L native=/app/target/debug/build/blake3-12e682763928d5d8/out -L native=/app/target/debug/build/blake3-12e682763928d5d8/out -L native=/app/target/debug/build/ring-7e163c8f3c6760a9/out`
     Running `/home/jules/.rustup/toolchains/stable-x86_64-unknown-linux-gnu/bin/rustc --crate-name bdd_lang_scenarios_w50 --edition=2024 crates/tokmd/tests/bdd_lang_scenarios_w50.rs --error-format=json --json=diagnostic-rendered-ansi,artifacts,future-incompat --emit=dep-info,link -C embed-bitcode=no -C debuginfo=2 --test --cfg 'feature="archetype"' --cfg 'feature="content"' --cfg 'feature="default"' --cfg 'feature="fun"' --cfg 'feature="git"' --cfg 'feature="topics"' --cfg 'feature="ui"' --cfg 'feature="walk"' --check-cfg 'cfg(docsrs,test)' --check-cfg 'cfg(feature, values("alias-tok", "archetype", "content", "default", "fun", "git", "topics", "ui", "walk"))' -C metadata=7a382bb47fdb27d9 -C extra-filename=-194c432469d664bc --out-dir /app/target/debug/deps -C incremental=/app/target/debug/incremental -L dependency=/app/target/debug/deps --extern anyhow=/app/target/debug/deps/libanyhow-1c897acad9a38b79.rlib --extern assert_cmd=/app/target/debug/deps/libassert_cmd-627e2edf13bfe3f8.rlib --extern blake3=/app/target/debug/deps/libblake3-ba57c91f91dea2f8.rlib --extern clap=/app/target/debug/deps/libclap-37855d5caa945650.rlib --extern clap_complete=/app/target/debug/deps/libclap_complete-c53597c9a8376dfd.rlib --extern console=/app/target/debug/deps/libconsole-082fb92185463311.rlib --extern dialoguer=/app/target/debug/deps/libdialoguer-21a6fbd0d024b082.rlib --extern dirs=/app/target/debug/deps/libdirs-e2cb4f3a84b5aae4.rlib --extern insta=/app/target/debug/deps/libinsta-fc65e2965aec3cf0.rlib --extern jsonschema=/app/target/debug/deps/libjsonschema-0cead2da86f5cca7.rlib --extern predicates=/app/target/debug/deps/libpredicates-dace89ab8e90f707.rlib --extern proptest=/app/target/debug/deps/libproptest-d6b499a49d724fc5.rlib --extern regex=/app/target/debug/deps/libregex-aae23aa183aca753.rlib --extern serde=/app/target/debug/deps/libserde-2ddf37aa57423e14.rlib --extern serde_json=/app/target/debug/deps/libserde_json-02554ac7efa4e2d5.rlib --extern tempfile=/app/target/debug/deps/libtempfile-f51a2aafe76acb83.rlib --extern time=/app/target/debug/deps/libtime-ff5916d77934ff1e.rlib --extern tokmd=/app/target/debug/deps/libtokmd-f0692a71f65efafb.rlib --extern tokmd_analysis=/app/target/debug/deps/libtokmd_analysis-287e2b5f1e68be70.rlib --extern tokmd_analysis_derived=/app/target/debug/deps/libtokmd_analysis_derived-0238f5588105f72f.rlib --extern tokmd_analysis_explain=/app/target/debug/deps/libtokmd_analysis_explain-105437a229df030b.rlib --extern tokmd_analysis_format=/app/target/debug/deps/libtokmd_analysis_format-9faa09db3b8778a0.rlib --extern tokmd_analysis_grid=/app/target/debug/deps/libtokmd_analysis_grid-da610605172fdcbc.rlib --extern tokmd_analysis_types=/app/target/debug/deps/libtokmd_analysis_types-b8471925ca3eea4f.rlib --extern tokmd_badge=/app/target/debug/deps/libtokmd_badge-a3692bda83121bee.rlib --extern tokmd_cockpit=/app/target/debug/deps/libtokmd_cockpit-d6755e701929fa0f.rlib --extern tokmd_config=/app/target/debug/deps/libtokmd_config-907d875de830b68a.rlib --extern tokmd_context_git=/app/target/debug/deps/libtokmd_context_git-8f6572e04bf8d3d8.rlib --extern tokmd_context_policy=/app/target/debug/deps/libtokmd_context_policy-66a5cfc2cb52e0e0.rlib --extern tokmd_envelope=/app/target/debug/deps/libtokmd_envelope-9bbe3b42791e10c2.rlib --extern tokmd_exclude=/app/target/debug/deps/libtokmd_exclude-ed7ad8c9ce3cb6a5.rlib --extern tokmd_export_tree=/app/target/debug/deps/libtokmd_export_tree-393431f45ac57c2b.rlib --extern tokmd_format=/app/target/debug/deps/libtokmd_format-ab3491f51dc38631.rlib --extern tokmd_gate=/app/target/debug/deps/libtokmd_gate-3d049ed137b3d469.rlib --extern tokmd_git=/app/target/debug/deps/libtokmd_git-b3c6d5e93cb11ab2.rlib --extern tokmd_model=/app/target/debug/deps/libtokmd_model-5caf4eb9b674e831.rlib --extern tokmd_path=/app/target/debug/deps/libtokmd_path-87b15609bfd71d35.rlib --extern tokmd_progress=/app/target/debug/deps/libtokmd_progress-4c3f56b438105d35.rlib --extern tokmd_scan=/app/target/debug/deps/libtokmd_scan-c5d50a4874764658.rlib --extern tokmd_settings=/app/target/debug/deps/libtokmd_settings-a376241a548bc356.rlib --extern tokmd_tokeignore=/app/target/debug/deps/libtokmd_tokeignore-b17e42e8f7d6ccb6.rlib --extern tokmd_tool_schema=/app/target/debug/deps/libtokmd_tool_schema-750660505fe02567.rlib --extern tokmd_types=/app/target/debug/deps/libtokmd_types-e5279a60750fb027.rlib --extern toml=/app/target/debug/deps/libtoml-416a762657a99d87.rlib -L native=/app/target/debug/build/blake3-12e682763928d5d8/out -L native=/app/target/debug/build/blake3-12e682763928d5d8/out -L native=/app/target/debug/build/ring-7e163c8f3c6760a9/out`
     Running `/home/jules/.rustup/toolchains/stable-x86_64-unknown-linux-gnu/bin/rustc --crate-name diff_deep_w77 --edition=2024 crates/tokmd/tests/diff_deep_w77.rs --error-format=json --json=diagnostic-rendered-ansi,artifacts,future-incompat --emit=dep-info,link -C embed-bitcode=no -C debuginfo=2 --test --cfg 'feature="archetype"' --cfg 'feature="content"' --cfg 'feature="default"' --cfg 'feature="fun"' --cfg 'feature="git"' --cfg 'feature="topics"' --cfg 'feature="ui"' --cfg 'feature="walk"' --check-cfg 'cfg(docsrs,test)' --check-cfg 'cfg(feature, values("alias-tok", "archetype", "content", "default", "fun", "git", "topics", "ui", "walk"))' -C metadata=8cc5a634e5496e48 -C extra-filename=-c502b84d0f639bc3 --out-dir /app/target/debug/deps -C incremental=/app/target/debug/incremental -L dependency=/app/target/debug/deps --extern anyhow=/app/target/debug/deps/libanyhow-1c897acad9a38b79.rlib --extern assert_cmd=/app/target/debug/deps/libassert_cmd-627e2edf13bfe3f8.rlib --extern blake3=/app/target/debug/deps/libblake3-ba57c91f91dea2f8.rlib --extern clap=/app/target/debug/deps/libclap-37855d5caa945650.rlib --extern clap_complete=/app/target/debug/deps/libclap_complete-c53597c9a8376dfd.rlib --extern console=/app/target/debug/deps/libconsole-082fb92185463311.rlib --extern dialoguer=/app/target/debug/deps/libdialoguer-21a6fbd0d024b082.rlib --extern dirs=/app/target/debug/deps/libdirs-e2cb4f3a84b5aae4.rlib --extern insta=/app/target/debug/deps/libinsta-fc65e2965aec3cf0.rlib --extern jsonschema=/app/target/debug/deps/libjsonschema-0cead2da86f5cca7.rlib --extern predicates=/app/target/debug/deps/libpredicates-dace89ab8e90f707.rlib --extern proptest=/app/target/debug/deps/libproptest-d6b499a49d724fc5.rlib --extern regex=/app/target/debug/deps/libregex-aae23aa183aca753.rlib --extern serde=/app/target/debug/deps/libserde-2ddf37aa57423e14.rlib --extern serde_json=/app/target/debug/deps/libserde_json-02554ac7efa4e2d5.rlib --extern tempfile=/app/target/debug/deps/libtempfile-f51a2aafe76acb83.rlib --extern time=/app/target/debug/deps/libtime-ff5916d77934ff1e.rlib --extern tokmd=/app/target/debug/deps/libtokmd-f0692a71f65efafb.rlib --extern tokmd_analysis=/app/target/debug/deps/libtokmd_analysis-287e2b5f1e68be70.rlib --extern tokmd_analysis_derived=/app/target/debug/deps/libtokmd_analysis_derived-0238f5588105f72f.rlib --extern tokmd_analysis_explain=/app/target/debug/deps/libtokmd_analysis_explain-105437a229df030b.rlib --extern tokmd_analysis_format=/app/target/debug/deps/libtokmd_analysis_format-9faa09db3b8778a0.rlib --extern tokmd_analysis_grid=/app/target/debug/deps/libtokmd_analysis_grid-da610605172fdcbc.rlib --extern tokmd_analysis_types=/app/target/debug/deps/libtokmd_analysis_types-b8471925ca3eea4f.rlib --extern tokmd_badge=/app/target/debug/deps/libtokmd_badge-a3692bda83121bee.rlib --extern tokmd_cockpit=/app/target/debug/deps/libtokmd_cockpit-d6755e701929fa0f.rlib --extern tokmd_config=/app/target/debug/deps/libtokmd_config-907d875de830b68a.rlib --extern tokmd_context_git=/app/target/debug/deps/libtokmd_context_git-8f6572e04bf8d3d8.rlib --extern tokmd_context_policy=/app/target/debug/deps/libtokmd_context_policy-66a5cfc2cb52e0e0.rlib --extern tokmd_envelope=/app/target/debug/deps/libtokmd_envelope-9bbe3b42791e10c2.rlib --extern tokmd_exclude=/app/target/debug/deps/libtokmd_exclude-ed7ad8c9ce3cb6a5.rlib --extern tokmd_export_tree=/app/target/debug/deps/libtokmd_export_tree-393431f45ac57c2b.rlib --extern tokmd_format=/app/target/debug/deps/libtokmd_format-ab3491f51dc38631.rlib --extern tokmd_gate=/app/target/debug/deps/libtokmd_gate-3d049ed137b3d469.rlib --extern tokmd_git=/app/target/debug/deps/libtokmd_git-b3c6d5e93cb11ab2.rlib --extern tokmd_model=/app/target/debug/deps/libtokmd_model-5caf4eb9b674e831.rlib --extern tokmd_path=/app/target/debug/deps/libtokmd_path-87b15609bfd71d35.rlib --extern tokmd_progress=/app/target/debug/deps/libtokmd_progress-4c3f56b438105d35.rlib --extern tokmd_scan=/app/target/debug/deps/libtokmd_scan-c5d50a4874764658.rlib --extern tokmd_settings=/app/target/debug/deps/libtokmd_settings-a376241a548bc356.rlib --extern tokmd_tokeignore=/app/target/debug/deps/libtokmd_tokeignore-b17e42e8f7d6ccb6.rlib --extern tokmd_tool_schema=/app/target/debug/deps/libtokmd_tool_schema-750660505fe02567.rlib --extern tokmd_types=/app/target/debug/deps/libtokmd_types-e5279a60750fb027.rlib --extern toml=/app/target/debug/deps/libtoml-416a762657a99d87.rlib -L native=/app/target/debug/build/blake3-12e682763928d5d8/out -L native=/app/target/debug/build/blake3-12e682763928d5d8/out -L native=/app/target/debug/build/ring-7e163c8f3c6760a9/out`
     Running `/home/jules/.rustup/toolchains/stable-x86_64-unknown-linux-gnu/bin/rustc --crate-name baseline_integration --edition=2024 crates/tokmd/tests/baseline_integration.rs --error-format=json --json=diagnostic-rendered-ansi,artifacts,future-incompat --emit=dep-info,link -C embed-bitcode=no -C debuginfo=2 --test --cfg 'feature="archetype"' --cfg 'feature="content"' --cfg 'feature="default"' --cfg 'feature="fun"' --cfg 'feature="git"' --cfg 'feature="topics"' --cfg 'feature="ui"' --cfg 'feature="walk"' --check-cfg 'cfg(docsrs,test)' --check-cfg 'cfg(feature, values("alias-tok", "archetype", "content", "default", "fun", "git", "topics", "ui", "walk"))' -C metadata=6df19dda1c64c013 -C extra-filename=-841cc142c8e4c151 --out-dir /app/target/debug/deps -C incremental=/app/target/debug/incremental -L dependency=/app/target/debug/deps --extern anyhow=/app/target/debug/deps/libanyhow-1c897acad9a38b79.rlib --extern assert_cmd=/app/target/debug/deps/libassert_cmd-627e2edf13bfe3f8.rlib --extern blake3=/app/target/debug/deps/libblake3-ba57c91f91dea2f8.rlib --extern clap=/app/target/debug/deps/libclap-37855d5caa945650.rlib --extern clap_complete=/app/target/debug/deps/libclap_complete-c53597c9a8376dfd.rlib --extern console=/app/target/debug/deps/libconsole-082fb92185463311.rlib --extern dialoguer=/app/target/debug/deps/libdialoguer-21a6fbd0d024b082.rlib --extern dirs=/app/target/debug/deps/libdirs-e2cb4f3a84b5aae4.rlib --extern insta=/app/target/debug/deps/libinsta-fc65e2965aec3cf0.rlib --extern jsonschema=/app/target/debug/deps/libjsonschema-0cead2da86f5cca7.rlib --extern predicates=/app/target/debug/deps/libpredicates-dace89ab8e90f707.rlib --extern proptest=/app/target/debug/deps/libproptest-d6b499a49d724fc5.rlib --extern regex=/app/target/debug/deps/libregex-aae23aa183aca753.rlib --extern serde=/app/target/debug/deps/libserde-2ddf37aa57423e14.rlib --extern serde_json=/app/target/debug/deps/libserde_json-02554ac7efa4e2d5.rlib --extern tempfile=/app/target/debug/deps/libtempfile-f51a2aafe76acb83.rlib --extern time=/app/target/debug/deps/libtime-ff5916d77934ff1e.rlib --extern tokmd=/app/target/debug/deps/libtokmd-f0692a71f65efafb.rlib --extern tokmd_analysis=/app/target/debug/deps/libtokmd_analysis-287e2b5f1e68be70.rlib --extern tokmd_analysis_derived=/app/target/debug/deps/libtokmd_analysis_derived-0238f5588105f72f.rlib --extern tokmd_analysis_explain=/app/target/debug/deps/libtokmd_analysis_explain-105437a229df030b.rlib --extern tokmd_analysis_format=/app/target/debug/deps/libtokmd_analysis_format-9faa09db3b8778a0.rlib --extern tokmd_analysis_grid=/app/target/debug/deps/libtokmd_analysis_grid-da610605172fdcbc.rlib --extern tokmd_analysis_types=/app/target/debug/deps/libtokmd_analysis_types-b8471925ca3eea4f.rlib --extern tokmd_badge=/app/target/debug/deps/libtokmd_badge-a3692bda83121bee.rlib --extern tokmd_cockpit=/app/target/debug/deps/libtokmd_cockpit-d6755e701929fa0f.rlib --extern tokmd_config=/app/target/debug/deps/libtokmd_config-907d875de830b68a.rlib --extern tokmd_context_git=/app/target/debug/deps/libtokmd_context_git-8f6572e04bf8d3d8.rlib --extern tokmd_context_policy=/app/target/debug/deps/libtokmd_context_policy-66a5cfc2cb52e0e0.rlib --extern tokmd_envelope=/app/target/debug/deps/libtokmd_envelope-9bbe3b42791e10c2.rlib --extern tokmd_exclude=/app/target/debug/deps/libtokmd_exclude-ed7ad8c9ce3cb6a5.rlib --extern tokmd_export_tree=/app/target/debug/deps/libtokmd_export_tree-393431f45ac57c2b.rlib --extern tokmd_format=/app/target/debug/deps/libtokmd_format-ab3491f51dc38631.rlib --extern tokmd_gate=/app/target/debug/deps/libtokmd_gate-3d049ed137b3d469.rlib --extern tokmd_git=/app/target/debug/deps/libtokmd_git-b3c6d5e93cb11ab2.rlib --extern tokmd_model=/app/target/debug/deps/libtokmd_model-5caf4eb9b674e831.rlib --extern tokmd_path=/app/target/debug/deps/libtokmd_path-87b15609bfd71d35.rlib --extern tokmd_progress=/app/target/debug/deps/libtokmd_progress-4c3f56b438105d35.rlib --extern tokmd_scan=/app/target/debug/deps/libtokmd_scan-c5d50a4874764658.rlib --extern tokmd_settings=/app/target/debug/deps/libtokmd_settings-a376241a548bc356.rlib --extern tokmd_tokeignore=/app/target/debug/deps/libtokmd_tokeignore-b17e42e8f7d6ccb6.rlib --extern tokmd_tool_schema=/app/target/debug/deps/libtokmd_tool_schema-750660505fe02567.rlib --extern tokmd_types=/app/target/debug/deps/libtokmd_types-e5279a60750fb027.rlib --extern toml=/app/target/debug/deps/libtoml-416a762657a99d87.rlib -L native=/app/target/debug/build/blake3-12e682763928d5d8/out -L native=/app/target/debug/build/blake3-12e682763928d5d8/out -L native=/app/target/debug/build/ring-7e163c8f3c6760a9/out`
     Running `/home/jules/.rustup/toolchains/stable-x86_64-unknown-linux-gnu/bin/rustc --crate-name cli_scan_options_w66 --edition=2024 crates/tokmd/tests/cli_scan_options_w66.rs --error-format=json --json=diagnostic-rendered-ansi,artifacts,future-incompat --emit=dep-info,link -C embed-bitcode=no -C debuginfo=2 --test --cfg 'feature="archetype"' --cfg 'feature="content"' --cfg 'feature="default"' --cfg 'feature="fun"' --cfg 'feature="git"' --cfg 'feature="topics"' --cfg 'feature="ui"' --cfg 'feature="walk"' --check-cfg 'cfg(docsrs,test)' --check-cfg 'cfg(feature, values("alias-tok", "archetype", "content", "default", "fun", "git", "topics", "ui", "walk"))' -C metadata=e377bc8ce18458b6 -C extra-filename=-5cb3d85bca3bad24 --out-dir /app/target/debug/deps -C incremental=/app/target/debug/incremental -L dependency=/app/target/debug/deps --extern anyhow=/app/target/debug/deps/libanyhow-1c897acad9a38b79.rlib --extern assert_cmd=/app/target/debug/deps/libassert_cmd-627e2edf13bfe3f8.rlib --extern blake3=/app/target/debug/deps/libblake3-ba57c91f91dea2f8.rlib --extern clap=/app/target/debug/deps/libclap-37855d5caa945650.rlib --extern clap_complete=/app/target/debug/deps/libclap_complete-c53597c9a8376dfd.rlib --extern console=/app/target/debug/deps/libconsole-082fb92185463311.rlib --extern dialoguer=/app/target/debug/deps/libdialoguer-21a6fbd0d024b082.rlib --extern dirs=/app/target/debug/deps/libdirs-e2cb4f3a84b5aae4.rlib --extern insta=/app/target/debug/deps/libinsta-fc65e2965aec3cf0.rlib --extern jsonschema=/app/target/debug/deps/libjsonschema-0cead2da86f5cca7.rlib --extern predicates=/app/target/debug/deps/libpredicates-dace89ab8e90f707.rlib --extern proptest=/app/target/debug/deps/libproptest-d6b499a49d724fc5.rlib --extern regex=/app/target/debug/deps/libregex-aae23aa183aca753.rlib --extern serde=/app/target/debug/deps/libserde-2ddf37aa57423e14.rlib --extern serde_json=/app/target/debug/deps/libserde_json-02554ac7efa4e2d5.rlib --extern tempfile=/app/target/debug/deps/libtempfile-f51a2aafe76acb83.rlib --extern time=/app/target/debug/deps/libtime-ff5916d77934ff1e.rlib --extern tokmd=/app/target/debug/deps/libtokmd-f0692a71f65efafb.rlib --extern tokmd_analysis=/app/target/debug/deps/libtokmd_analysis-287e2b5f1e68be70.rlib --extern tokmd_analysis_derived=/app/target/debug/deps/libtokmd_analysis_derived-0238f5588105f72f.rlib --extern tokmd_analysis_explain=/app/target/debug/deps/libtokmd_analysis_explain-105437a229df030b.rlib --extern tokmd_analysis_format=/app/target/debug/deps/libtokmd_analysis_format-9faa09db3b8778a0.rlib --extern tokmd_analysis_grid=/app/target/debug/deps/libtokmd_analysis_grid-da610605172fdcbc.rlib --extern tokmd_analysis_types=/app/target/debug/deps/libtokmd_analysis_types-b8471925ca3eea4f.rlib --extern tokmd_badge=/app/target/debug/deps/libtokmd_badge-a3692bda83121bee.rlib --extern tokmd_cockpit=/app/target/debug/deps/libtokmd_cockpit-d6755e701929fa0f.rlib --extern tokmd_config=/app/target/debug/deps/libtokmd_config-907d875de830b68a.rlib --extern tokmd_context_git=/app/target/debug/deps/libtokmd_context_git-8f6572e04bf8d3d8.rlib --extern tokmd_context_policy=/app/target/debug/deps/libtokmd_context_policy-66a5cfc2cb52e0e0.rlib --extern tokmd_envelope=/app/target/debug/deps/libtokmd_envelope-9bbe3b42791e10c2.rlib --extern tokmd_exclude=/app/target/debug/deps/libtokmd_exclude-ed7ad8c9ce3cb6a5.rlib --extern tokmd_export_tree=/app/target/debug/deps/libtokmd_export_tree-393431f45ac57c2b.rlib --extern tokmd_format=/app/target/debug/deps/libtokmd_format-ab3491f51dc38631.rlib --extern tokmd_gate=/app/target/debug/deps/libtokmd_gate-3d049ed137b3d469.rlib --extern tokmd_git=/app/target/debug/deps/libtokmd_git-b3c6d5e93cb11ab2.rlib --extern tokmd_model=/app/target/debug/deps/libtokmd_model-5caf4eb9b674e831.rlib --extern tokmd_path=/app/target/debug/deps/libtokmd_path-87b15609bfd71d35.rlib --extern tokmd_progress=/app/target/debug/deps/libtokmd_progress-4c3f56b438105d35.rlib --extern tokmd_scan=/app/target/debug/deps/libtokmd_scan-c5d50a4874764658.rlib --extern tokmd_settings=/app/target/debug/deps/libtokmd_settings-a376241a548bc356.rlib --extern tokmd_tokeignore=/app/target/debug/deps/libtokmd_tokeignore-b17e42e8f7d6ccb6.rlib --extern tokmd_tool_schema=/app/target/debug/deps/libtokmd_tool_schema-750660505fe02567.rlib --extern tokmd_types=/app/target/debug/deps/libtokmd_types-e5279a60750fb027.rlib --extern toml=/app/target/debug/deps/libtoml-416a762657a99d87.rlib -L native=/app/target/debug/build/blake3-12e682763928d5d8/out -L native=/app/target/debug/build/blake3-12e682763928d5d8/out -L native=/app/target/debug/build/ring-7e163c8f3c6760a9/out`
     Running `/home/jules/.rustup/toolchains/stable-x86_64-unknown-linux-gnu/bin/rustc --crate-name cli_tools_e2e --edition=2024 crates/tokmd/tests/cli_tools_e2e.rs --error-format=json --json=diagnostic-rendered-ansi,artifacts,future-incompat --emit=dep-info,link -C embed-bitcode=no -C debuginfo=2 --test --cfg 'feature="archetype"' --cfg 'feature="content"' --cfg 'feature="default"' --cfg 'feature="fun"' --cfg 'feature="git"' --cfg 'feature="topics"' --cfg 'feature="ui"' --cfg 'feature="walk"' --check-cfg 'cfg(docsrs,test)' --check-cfg 'cfg(feature, values("alias-tok", "archetype", "content", "default", "fun", "git", "topics", "ui", "walk"))' -C metadata=6b73ff2539e56e69 -C extra-filename=-1df457ed660512d0 --out-dir /app/target/debug/deps -C incremental=/app/target/debug/incremental -L dependency=/app/target/debug/deps --extern anyhow=/app/target/debug/deps/libanyhow-1c897acad9a38b79.rlib --extern assert_cmd=/app/target/debug/deps/libassert_cmd-627e2edf13bfe3f8.rlib --extern blake3=/app/target/debug/deps/libblake3-ba57c91f91dea2f8.rlib --extern clap=/app/target/debug/deps/libclap-37855d5caa945650.rlib --extern clap_complete=/app/target/debug/deps/libclap_complete-c53597c9a8376dfd.rlib --extern console=/app/target/debug/deps/libconsole-082fb92185463311.rlib --extern dialoguer=/app/target/debug/deps/libdialoguer-21a6fbd0d024b082.rlib --extern dirs=/app/target/debug/deps/libdirs-e2cb4f3a84b5aae4.rlib --extern insta=/app/target/debug/deps/libinsta-fc65e2965aec3cf0.rlib --extern jsonschema=/app/target/debug/deps/libjsonschema-0cead2da86f5cca7.rlib --extern predicates=/app/target/debug/deps/libpredicates-dace89ab8e90f707.rlib --extern proptest=/app/target/debug/deps/libproptest-d6b499a49d724fc5.rlib --extern regex=/app/target/debug/deps/libregex-aae23aa183aca753.rlib --extern serde=/app/target/debug/deps/libserde-2ddf37aa57423e14.rlib --extern serde_json=/app/target/debug/deps/libserde_json-02554ac7efa4e2d5.rlib --extern tempfile=/app/target/debug/deps/libtempfile-f51a2aafe76acb83.rlib --extern time=/app/target/debug/deps/libtime-ff5916d77934ff1e.rlib --extern tokmd=/app/target/debug/deps/libtokmd-f0692a71f65efafb.rlib --extern tokmd_analysis=/app/target/debug/deps/libtokmd_analysis-287e2b5f1e68be70.rlib --extern tokmd_analysis_derived=/app/target/debug/deps/libtokmd_analysis_derived-0238f5588105f72f.rlib --extern tokmd_analysis_explain=/app/target/debug/deps/libtokmd_analysis_explain-105437a229df030b.rlib --extern tokmd_analysis_format=/app/target/debug/deps/libtokmd_analysis_format-9faa09db3b8778a0.rlib --extern tokmd_analysis_grid=/app/target/debug/deps/libtokmd_analysis_grid-da610605172fdcbc.rlib --extern tokmd_analysis_types=/app/target/debug/deps/libtokmd_analysis_types-b8471925ca3eea4f.rlib --extern tokmd_badge=/app/target/debug/deps/libtokmd_badge-a3692bda83121bee.rlib --extern tokmd_cockpit=/app/target/debug/deps/libtokmd_cockpit-d6755e701929fa0f.rlib --extern tokmd_config=/app/target/debug/deps/libtokmd_config-907d875de830b68a.rlib --extern tokmd_context_git=/app/target/debug/deps/libtokmd_context_git-8f6572e04bf8d3d8.rlib --extern tokmd_context_policy=/app/target/debug/deps/libtokmd_context_policy-66a5cfc2cb52e0e0.rlib --extern tokmd_envelope=/app/target/debug/deps/libtokmd_envelope-9bbe3b42791e10c2.rlib --extern tokmd_exclude=/app/target/debug/deps/libtokmd_exclude-ed7ad8c9ce3cb6a5.rlib --extern tokmd_export_tree=/app/target/debug/deps/libtokmd_export_tree-393431f45ac57c2b.rlib --extern tokmd_format=/app/target/debug/deps/libtokmd_format-ab3491f51dc38631.rlib --extern tokmd_gate=/app/target/debug/deps/libtokmd_gate-3d049ed137b3d469.rlib --extern tokmd_git=/app/target/debug/deps/libtokmd_git-b3c6d5e93cb11ab2.rlib --extern tokmd_model=/app/target/debug/deps/libtokmd_model-5caf4eb9b674e831.rlib --extern tokmd_path=/app/target/debug/deps/libtokmd_path-87b15609bfd71d35.rlib --extern tokmd_progress=/app/target/debug/deps/libtokmd_progress-4c3f56b438105d35.rlib --extern tokmd_scan=/app/target/debug/deps/libtokmd_scan-c5d50a4874764658.rlib --extern tokmd_settings=/app/target/debug/deps/libtokmd_settings-a376241a548bc356.rlib --extern tokmd_tokeignore=/app/target/debug/deps/libtokmd_tokeignore-b17e42e8f7d6ccb6.rlib --extern tokmd_tool_schema=/app/target/debug/deps/libtokmd_tool_schema-750660505fe02567.rlib --extern tokmd_types=/app/target/debug/deps/libtokmd_types-e5279a60750fb027.rlib --extern toml=/app/target/debug/deps/libtoml-416a762657a99d87.rlib -L native=/app/target/debug/build/blake3-12e682763928d5d8/out -L native=/app/target/debug/build/blake3-12e682763928d5d8/out -L native=/app/target/debug/build/ring-7e163c8f3c6760a9/out`
     Running `/home/jules/.rustup/toolchains/stable-x86_64-unknown-linux-gnu/bin/rustc --crate-name determinism_hardening_w51 --edition=2024 crates/tokmd/tests/determinism_hardening_w51.rs --error-format=json --json=diagnostic-rendered-ansi,artifacts,future-incompat --emit=dep-info,link -C embed-bitcode=no -C debuginfo=2 --test --cfg 'feature="archetype"' --cfg 'feature="content"' --cfg 'feature="default"' --cfg 'feature="fun"' --cfg 'feature="git"' --cfg 'feature="topics"' --cfg 'feature="ui"' --cfg 'feature="walk"' --check-cfg 'cfg(docsrs,test)' --check-cfg 'cfg(feature, values("alias-tok", "archetype", "content", "default", "fun", "git", "topics", "ui", "walk"))' -C metadata=1ba8451df563d31a -C extra-filename=-611bcd3e81050a51 --out-dir /app/target/debug/deps -C incremental=/app/target/debug/incremental -L dependency=/app/target/debug/deps --extern anyhow=/app/target/debug/deps/libanyhow-1c897acad9a38b79.rlib --extern assert_cmd=/app/target/debug/deps/libassert_cmd-627e2edf13bfe3f8.rlib --extern blake3=/app/target/debug/deps/libblake3-ba57c91f91dea2f8.rlib --extern clap=/app/target/debug/deps/libclap-37855d5caa945650.rlib --extern clap_complete=/app/target/debug/deps/libclap_complete-c53597c9a8376dfd.rlib --extern console=/app/target/debug/deps/libconsole-082fb92185463311.rlib --extern dialoguer=/app/target/debug/deps/libdialoguer-21a6fbd0d024b082.rlib --extern dirs=/app/target/debug/deps/libdirs-e2cb4f3a84b5aae4.rlib --extern insta=/app/target/debug/deps/libinsta-fc65e2965aec3cf0.rlib --extern jsonschema=/app/target/debug/deps/libjsonschema-0cead2da86f5cca7.rlib --extern predicates=/app/target/debug/deps/libpredicates-dace89ab8e90f707.rlib --extern proptest=/app/target/debug/deps/libproptest-d6b499a49d724fc5.rlib --extern regex=/app/target/debug/deps/libregex-aae23aa183aca753.rlib --extern serde=/app/target/debug/deps/libserde-2ddf37aa57423e14.rlib --extern serde_json=/app/target/debug/deps/libserde_json-02554ac7efa4e2d5.rlib --extern tempfile=/app/target/debug/deps/libtempfile-f51a2aafe76acb83.rlib --extern time=/app/target/debug/deps/libtime-ff5916d77934ff1e.rlib --extern tokmd=/app/target/debug/deps/libtokmd-f0692a71f65efafb.rlib --extern tokmd_analysis=/app/target/debug/deps/libtokmd_analysis-287e2b5f1e68be70.rlib --extern tokmd_analysis_derived=/app/target/debug/deps/libtokmd_analysis_derived-0238f5588105f72f.rlib --extern tokmd_analysis_explain=/app/target/debug/deps/libtokmd_analysis_explain-105437a229df030b.rlib --extern tokmd_analysis_format=/app/target/debug/deps/libtokmd_analysis_format-9faa09db3b8778a0.rlib --extern tokmd_analysis_grid=/app/target/debug/deps/libtokmd_analysis_grid-da610605172fdcbc.rlib --extern tokmd_analysis_types=/app/target/debug/deps/libtokmd_analysis_types-b8471925ca3eea4f.rlib --extern tokmd_badge=/app/target/debug/deps/libtokmd_badge-a3692bda83121bee.rlib --extern tokmd_cockpit=/app/target/debug/deps/libtokmd_cockpit-d6755e701929fa0f.rlib --extern tokmd_config=/app/target/debug/deps/libtokmd_config-907d875de830b68a.rlib --extern tokmd_context_git=/app/target/debug/deps/libtokmd_context_git-8f6572e04bf8d3d8.rlib --extern tokmd_context_policy=/app/target/debug/deps/libtokmd_context_policy-66a5cfc2cb52e0e0.rlib --extern tokmd_envelope=/app/target/debug/deps/libtokmd_envelope-9bbe3b42791e10c2.rlib --extern tokmd_exclude=/app/target/debug/deps/libtokmd_exclude-ed7ad8c9ce3cb6a5.rlib --extern tokmd_export_tree=/app/target/debug/deps/libtokmd_export_tree-393431f45ac57c2b.rlib --extern tokmd_format=/app/target/debug/deps/libtokmd_format-ab3491f51dc38631.rlib --extern tokmd_gate=/app/target/debug/deps/libtokmd_gate-3d049ed137b3d469.rlib --extern tokmd_git=/app/target/debug/deps/libtokmd_git-b3c6d5e93cb11ab2.rlib --extern tokmd_model=/app/target/debug/deps/libtokmd_model-5caf4eb9b674e831.rlib --extern tokmd_path=/app/target/debug/deps/libtokmd_path-87b15609bfd71d35.rlib --extern tokmd_progress=/app/target/debug/deps/libtokmd_progress-4c3f56b438105d35.rlib --extern tokmd_scan=/app/target/debug/deps/libtokmd_scan-c5d50a4874764658.rlib --extern tokmd_settings=/app/target/debug/deps/libtokmd_settings-a376241a548bc356.rlib --extern tokmd_tokeignore=/app/target/debug/deps/libtokmd_tokeignore-b17e42e8f7d6ccb6.rlib --extern tokmd_tool_schema=/app/target/debug/deps/libtokmd_tool_schema-750660505fe02567.rlib --extern tokmd_types=/app/target/debug/deps/libtokmd_types-e5279a60750fb027.rlib --extern toml=/app/target/debug/deps/libtoml-416a762657a99d87.rlib -L native=/app/target/debug/build/blake3-12e682763928d5d8/out -L native=/app/target/debug/build/blake3-12e682763928d5d8/out -L native=/app/target/debug/build/ring-7e163c8f3c6760a9/out`
     Running `/home/jules/.rustup/toolchains/stable-x86_64-unknown-linux-gnu/bin/rustc --crate-name cli_badge_e2e --edition=2024 crates/tokmd/tests/cli_badge_e2e.rs --error-format=json --json=diagnostic-rendered-ansi,artifacts,future-incompat --emit=dep-info,link -C embed-bitcode=no -C debuginfo=2 --test --cfg 'feature="archetype"' --cfg 'feature="content"' --cfg 'feature="default"' --cfg 'feature="fun"' --cfg 'feature="git"' --cfg 'feature="topics"' --cfg 'feature="ui"' --cfg 'feature="walk"' --check-cfg 'cfg(docsrs,test)' --check-cfg 'cfg(feature, values("alias-tok", "archetype", "content", "default", "fun", "git", "topics", "ui", "walk"))' -C metadata=7aea7891ea29612c -C extra-filename=-42d9f4b241a344f0 --out-dir /app/target/debug/deps -C incremental=/app/target/debug/incremental -L dependency=/app/target/debug/deps --extern anyhow=/app/target/debug/deps/libanyhow-1c897acad9a38b79.rlib --extern assert_cmd=/app/target/debug/deps/libassert_cmd-627e2edf13bfe3f8.rlib --extern blake3=/app/target/debug/deps/libblake3-ba57c91f91dea2f8.rlib --extern clap=/app/target/debug/deps/libclap-37855d5caa945650.rlib --extern clap_complete=/app/target/debug/deps/libclap_complete-c53597c9a8376dfd.rlib --extern console=/app/target/debug/deps/libconsole-082fb92185463311.rlib --extern dialoguer=/app/target/debug/deps/libdialoguer-21a6fbd0d024b082.rlib --extern dirs=/app/target/debug/deps/libdirs-e2cb4f3a84b5aae4.rlib --extern insta=/app/target/debug/deps/libinsta-fc65e2965aec3cf0.rlib --extern jsonschema=/app/target/debug/deps/libjsonschema-0cead2da86f5cca7.rlib --extern predicates=/app/target/debug/deps/libpredicates-dace89ab8e90f707.rlib --extern proptest=/app/target/debug/deps/libproptest-d6b499a49d724fc5.rlib --extern regex=/app/target/debug/deps/libregex-aae23aa183aca753.rlib --extern serde=/app/target/debug/deps/libserde-2ddf37aa57423e14.rlib --extern serde_json=/app/target/debug/deps/libserde_json-02554ac7efa4e2d5.rlib --extern tempfile=/app/target/debug/deps/libtempfile-f51a2aafe76acb83.rlib --extern time=/app/target/debug/deps/libtime-ff5916d77934ff1e.rlib --extern tokmd=/app/target/debug/deps/libtokmd-f0692a71f65efafb.rlib --extern tokmd_analysis=/app/target/debug/deps/libtokmd_analysis-287e2b5f1e68be70.rlib --extern tokmd_analysis_derived=/app/target/debug/deps/libtokmd_analysis_derived-0238f5588105f72f.rlib --extern tokmd_analysis_explain=/app/target/debug/deps/libtokmd_analysis_explain-105437a229df030b.rlib --extern tokmd_analysis_format=/app/target/debug/deps/libtokmd_analysis_format-9faa09db3b8778a0.rlib --extern tokmd_analysis_grid=/app/target/debug/deps/libtokmd_analysis_grid-da610605172fdcbc.rlib --extern tokmd_analysis_types=/app/target/debug/deps/libtokmd_analysis_types-b8471925ca3eea4f.rlib --extern tokmd_badge=/app/target/debug/deps/libtokmd_badge-a3692bda83121bee.rlib --extern tokmd_cockpit=/app/target/debug/deps/libtokmd_cockpit-d6755e701929fa0f.rlib --extern tokmd_config=/app/target/debug/deps/libtokmd_config-907d875de830b68a.rlib --extern tokmd_context_git=/app/target/debug/deps/libtokmd_context_git-8f6572e04bf8d3d8.rlib --extern tokmd_context_policy=/app/target/debug/deps/libtokmd_context_policy-66a5cfc2cb52e0e0.rlib --extern tokmd_envelope=/app/target/debug/deps/libtokmd_envelope-9bbe3b42791e10c2.rlib --extern tokmd_exclude=/app/target/debug/deps/libtokmd_exclude-ed7ad8c9ce3cb6a5.rlib --extern tokmd_export_tree=/app/target/debug/deps/libtokmd_export_tree-393431f45ac57c2b.rlib --extern tokmd_format=/app/target/debug/deps/libtokmd_format-ab3491f51dc38631.rlib --extern tokmd_gate=/app/target/debug/deps/libtokmd_gate-3d049ed137b3d469.rlib --extern tokmd_git=/app/target/debug/deps/libtokmd_git-b3c6d5e93cb11ab2.rlib --extern tokmd_model=/app/target/debug/deps/libtokmd_model-5caf4eb9b674e831.rlib --extern tokmd_path=/app/target/debug/deps/libtokmd_path-87b15609bfd71d35.rlib --extern tokmd_progress=/app/target/debug/deps/libtokmd_progress-4c3f56b438105d35.rlib --extern tokmd_scan=/app/target/debug/deps/libtokmd_scan-c5d50a4874764658.rlib --extern tokmd_settings=/app/target/debug/deps/libtokmd_settings-a376241a548bc356.rlib --extern tokmd_tokeignore=/app/target/debug/deps/libtokmd_tokeignore-b17e42e8f7d6ccb6.rlib --extern tokmd_tool_schema=/app/target/debug/deps/libtokmd_tool_schema-750660505fe02567.rlib --extern tokmd_types=/app/target/debug/deps/libtokmd_types-e5279a60750fb027.rlib --extern toml=/app/target/debug/deps/libtoml-416a762657a99d87.rlib -L native=/app/target/debug/build/blake3-12e682763928d5d8/out -L native=/app/target/debug/build/blake3-12e682763928d5d8/out -L native=/app/target/debug/build/ring-7e163c8f3c6760a9/out`
     Running `/home/jules/.rustup/toolchains/stable-x86_64-unknown-linux-gnu/bin/rustc --crate-name regression_prevention_w55 --edition=2024 crates/tokmd/tests/regression_prevention_w55.rs --error-format=json --json=diagnostic-rendered-ansi,artifacts,future-incompat --emit=dep-info,link -C embed-bitcode=no -C debuginfo=2 --test --cfg 'feature="archetype"' --cfg 'feature="content"' --cfg 'feature="default"' --cfg 'feature="fun"' --cfg 'feature="git"' --cfg 'feature="topics"' --cfg 'feature="ui"' --cfg 'feature="walk"' --check-cfg 'cfg(docsrs,test)' --check-cfg 'cfg(feature, values("alias-tok", "archetype", "content", "default", "fun", "git", "topics", "ui", "walk"))' -C metadata=59810f865afbd132 -C extra-filename=-ea9b526ee4d1faf0 --out-dir /app/target/debug/deps -C incremental=/app/target/debug/incremental -L dependency=/app/target/debug/deps --extern anyhow=/app/target/debug/deps/libanyhow-1c897acad9a38b79.rlib --extern assert_cmd=/app/target/debug/deps/libassert_cmd-627e2edf13bfe3f8.rlib --extern blake3=/app/target/debug/deps/libblake3-ba57c91f91dea2f8.rlib --extern clap=/app/target/debug/deps/libclap-37855d5caa945650.rlib --extern clap_complete=/app/target/debug/deps/libclap_complete-c53597c9a8376dfd.rlib --extern console=/app/target/debug/deps/libconsole-082fb92185463311.rlib --extern dialoguer=/app/target/debug/deps/libdialoguer-21a6fbd0d024b082.rlib --extern dirs=/app/target/debug/deps/libdirs-e2cb4f3a84b5aae4.rlib --extern insta=/app/target/debug/deps/libinsta-fc65e2965aec3cf0.rlib --extern jsonschema=/app/target/debug/deps/libjsonschema-0cead2da86f5cca7.rlib --extern predicates=/app/target/debug/deps/libpredicates-dace89ab8e90f707.rlib --extern proptest=/app/target/debug/deps/libproptest-d6b499a49d724fc5.rlib --extern regex=/app/target/debug/deps/libregex-aae23aa183aca753.rlib --extern serde=/app/target/debug/deps/libserde-2ddf37aa57423e14.rlib --extern serde_json=/app/target/debug/deps/libserde_json-02554ac7efa4e2d5.rlib --extern tempfile=/app/target/debug/deps/libtempfile-f51a2aafe76acb83.rlib --extern time=/app/target/debug/deps/libtime-ff5916d77934ff1e.rlib --extern tokmd=/app/target/debug/deps/libtokmd-f0692a71f65efafb.rlib --extern tokmd_analysis=/app/target/debug/deps/libtokmd_analysis-287e2b5f1e68be70.rlib --extern tokmd_analysis_derived=/app/target/debug/deps/libtokmd_analysis_derived-0238f5588105f72f.rlib --extern tokmd_analysis_explain=/app/target/debug/deps/libtokmd_analysis_explain-105437a229df030b.rlib --extern tokmd_analysis_format=/app/target/debug/deps/libtokmd_analysis_format-9faa09db3b8778a0.rlib --extern tokmd_analysis_grid=/app/target/debug/deps/libtokmd_analysis_grid-da610605172fdcbc.rlib --extern tokmd_analysis_types=/app/target/debug/deps/libtokmd_analysis_types-b8471925ca3eea4f.rlib --extern tokmd_badge=/app/target/debug/deps/libtokmd_badge-a3692bda83121bee.rlib --extern tokmd_cockpit=/app/target/debug/deps/libtokmd_cockpit-d6755e701929fa0f.rlib --extern tokmd_config=/app/target/debug/deps/libtokmd_config-907d875de830b68a.rlib --extern tokmd_context_git=/app/target/debug/deps/libtokmd_context_git-8f6572e04bf8d3d8.rlib --extern tokmd_context_policy=/app/target/debug/deps/libtokmd_context_policy-66a5cfc2cb52e0e0.rlib --extern tokmd_envelope=/app/target/debug/deps/libtokmd_envelope-9bbe3b42791e10c2.rlib --extern tokmd_exclude=/app/target/debug/deps/libtokmd_exclude-ed7ad8c9ce3cb6a5.rlib --extern tokmd_export_tree=/app/target/debug/deps/libtokmd_export_tree-393431f45ac57c2b.rlib --extern tokmd_format=/app/target/debug/deps/libtokmd_format-ab3491f51dc38631.rlib --extern tokmd_gate=/app/target/debug/deps/libtokmd_gate-3d049ed137b3d469.rlib --extern tokmd_git=/app/target/debug/deps/libtokmd_git-b3c6d5e93cb11ab2.rlib --extern tokmd_model=/app/target/debug/deps/libtokmd_model-5caf4eb9b674e831.rlib --extern tokmd_path=/app/target/debug/deps/libtokmd_path-87b15609bfd71d35.rlib --extern tokmd_progress=/app/target/debug/deps/libtokmd_progress-4c3f56b438105d35.rlib --extern tokmd_scan=/app/target/debug/deps/libtokmd_scan-c5d50a4874764658.rlib --extern tokmd_settings=/app/target/debug/deps/libtokmd_settings-a376241a548bc356.rlib --extern tokmd_tokeignore=/app/target/debug/deps/libtokmd_tokeignore-b17e42e8f7d6ccb6.rlib --extern tokmd_tool_schema=/app/target/debug/deps/libtokmd_tool_schema-750660505fe02567.rlib --extern tokmd_types=/app/target/debug/deps/libtokmd_types-e5279a60750fb027.rlib --extern toml=/app/target/debug/deps/libtoml-416a762657a99d87.rlib -L native=/app/target/debug/build/blake3-12e682763928d5d8/out -L native=/app/target/debug/build/blake3-12e682763928d5d8/out -L native=/app/target/debug/build/ring-7e163c8f3c6760a9/out`
     Running `/home/jules/.rustup/toolchains/stable-x86_64-unknown-linux-gnu/bin/rustc --crate-name init_cli_w76 --edition=2024 crates/tokmd/tests/init_cli_w76.rs --error-format=json --json=diagnostic-rendered-ansi,artifacts,future-incompat --emit=dep-info,link -C embed-bitcode=no -C debuginfo=2 --test --cfg 'feature="archetype"' --cfg 'feature="content"' --cfg 'feature="default"' --cfg 'feature="fun"' --cfg 'feature="git"' --cfg 'feature="topics"' --cfg 'feature="ui"' --cfg 'feature="walk"' --check-cfg 'cfg(docsrs,test)' --check-cfg 'cfg(feature, values("alias-tok", "archetype", "content", "default", "fun", "git", "topics", "ui", "walk"))' -C metadata=bafd8909b549316c -C extra-filename=-9394c9a4d731c1b2 --out-dir /app/target/debug/deps -C incremental=/app/target/debug/incremental -L dependency=/app/target/debug/deps --extern anyhow=/app/target/debug/deps/libanyhow-1c897acad9a38b79.rlib --extern assert_cmd=/app/target/debug/deps/libassert_cmd-627e2edf13bfe3f8.rlib --extern blake3=/app/target/debug/deps/libblake3-ba57c91f91dea2f8.rlib --extern clap=/app/target/debug/deps/libclap-37855d5caa945650.rlib --extern clap_complete=/app/target/debug/deps/libclap_complete-c53597c9a8376dfd.rlib --extern console=/app/target/debug/deps/libconsole-082fb92185463311.rlib --extern dialoguer=/app/target/debug/deps/libdialoguer-21a6fbd0d024b082.rlib --extern dirs=/app/target/debug/deps/libdirs-e2cb4f3a84b5aae4.rlib --extern insta=/app/target/debug/deps/libinsta-fc65e2965aec3cf0.rlib --extern jsonschema=/app/target/debug/deps/libjsonschema-0cead2da86f5cca7.rlib --extern predicates=/app/target/debug/deps/libpredicates-dace89ab8e90f707.rlib --extern proptest=/app/target/debug/deps/libproptest-d6b499a49d724fc5.rlib --extern regex=/app/target/debug/deps/libregex-aae23aa183aca753.rlib --extern serde=/app/target/debug/deps/libserde-2ddf37aa57423e14.rlib --extern serde_json=/app/target/debug/deps/libserde_json-02554ac7efa4e2d5.rlib --extern tempfile=/app/target/debug/deps/libtempfile-f51a2aafe76acb83.rlib --extern time=/app/target/debug/deps/libtime-ff5916d77934ff1e.rlib --extern tokmd=/app/target/debug/deps/libtokmd-f0692a71f65efafb.rlib --extern tokmd_analysis=/app/target/debug/deps/libtokmd_analysis-287e2b5f1e68be70.rlib --extern tokmd_analysis_derived=/app/target/debug/deps/libtokmd_analysis_derived-0238f5588105f72f.rlib --extern tokmd_analysis_explain=/app/target/debug/deps/libtokmd_analysis_explain-105437a229df030b.rlib --extern tokmd_analysis_format=/app/target/debug/deps/libtokmd_analysis_format-9faa09db3b8778a0.rlib --extern tokmd_analysis_grid=/app/target/debug/deps/libtokmd_analysis_grid-da610605172fdcbc.rlib --extern tokmd_analysis_types=/app/target/debug/deps/libtokmd_analysis_types-b8471925ca3eea4f.rlib --extern tokmd_badge=/app/target/debug/deps/libtokmd_badge-a3692bda83121bee.rlib --extern tokmd_cockpit=/app/target/debug/deps/libtokmd_cockpit-d6755e701929fa0f.rlib --extern tokmd_config=/app/target/debug/deps/libtokmd_config-907d875de830b68a.rlib --extern tokmd_context_git=/app/target/debug/deps/libtokmd_context_git-8f6572e04bf8d3d8.rlib --extern tokmd_context_policy=/app/target/debug/deps/libtokmd_context_policy-66a5cfc2cb52e0e0.rlib --extern tokmd_envelope=/app/target/debug/deps/libtokmd_envelope-9bbe3b42791e10c2.rlib --extern tokmd_exclude=/app/target/debug/deps/libtokmd_exclude-ed7ad8c9ce3cb6a5.rlib --extern tokmd_export_tree=/app/target/debug/deps/libtokmd_export_tree-393431f45ac57c2b.rlib --extern tokmd_format=/app/target/debug/deps/libtokmd_format-ab3491f51dc38631.rlib --extern tokmd_gate=/app/target/debug/deps/libtokmd_gate-3d049ed137b3d469.rlib --extern tokmd_git=/app/target/debug/deps/libtokmd_git-b3c6d5e93cb11ab2.rlib --extern tokmd_model=/app/target/debug/deps/libtokmd_model-5caf4eb9b674e831.rlib --extern tokmd_path=/app/target/debug/deps/libtokmd_path-87b15609bfd71d35.rlib --extern tokmd_progress=/app/target/debug/deps/libtokmd_progress-4c3f56b438105d35.rlib --extern tokmd_scan=/app/target/debug/deps/libtokmd_scan-c5d50a4874764658.rlib --extern tokmd_settings=/app/target/debug/deps/libtokmd_settings-a376241a548bc356.rlib --extern tokmd_tokeignore=/app/target/debug/deps/libtokmd_tokeignore-b17e42e8f7d6ccb6.rlib --extern tokmd_tool_schema=/app/target/debug/deps/libtokmd_tool_schema-750660505fe02567.rlib --extern tokmd_types=/app/target/debug/deps/libtokmd_types-e5279a60750fb027.rlib --extern toml=/app/target/debug/deps/libtoml-416a762657a99d87.rlib -L native=/app/target/debug/build/blake3-12e682763928d5d8/out -L native=/app/target/debug/build/blake3-12e682763928d5d8/out -L native=/app/target/debug/build/ring-7e163c8f3c6760a9/out`
     Running `/home/jules/.rustup/toolchains/stable-x86_64-unknown-linux-gnu/bin/rustc --crate-name tools_integration --edition=2024 crates/tokmd/tests/tools_integration.rs --error-format=json --json=diagnostic-rendered-ansi,artifacts,future-incompat --emit=dep-info,link -C embed-bitcode=no -C debuginfo=2 --test --cfg 'feature="archetype"' --cfg 'feature="content"' --cfg 'feature="default"' --cfg 'feature="fun"' --cfg 'feature="git"' --cfg 'feature="topics"' --cfg 'feature="ui"' --cfg 'feature="walk"' --check-cfg 'cfg(docsrs,test)' --check-cfg 'cfg(feature, values("alias-tok", "archetype", "content", "default", "fun", "git", "topics", "ui", "walk"))' -C metadata=9c1c1120ca1d627f -C extra-filename=-c95fb88a5ce6486d --out-dir /app/target/debug/deps -C incremental=/app/target/debug/incremental -L dependency=/app/target/debug/deps --extern anyhow=/app/target/debug/deps/libanyhow-1c897acad9a38b79.rlib --extern assert_cmd=/app/target/debug/deps/libassert_cmd-627e2edf13bfe3f8.rlib --extern blake3=/app/target/debug/deps/libblake3-ba57c91f91dea2f8.rlib --extern clap=/app/target/debug/deps/libclap-37855d5caa945650.rlib --extern clap_complete=/app/target/debug/deps/libclap_complete-c53597c9a8376dfd.rlib --extern console=/app/target/debug/deps/libconsole-082fb92185463311.rlib --extern dialoguer=/app/target/debug/deps/libdialoguer-21a6fbd0d024b082.rlib --extern dirs=/app/target/debug/deps/libdirs-e2cb4f3a84b5aae4.rlib --extern insta=/app/target/debug/deps/libinsta-fc65e2965aec3cf0.rlib --extern jsonschema=/app/target/debug/deps/libjsonschema-0cead2da86f5cca7.rlib --extern predicates=/app/target/debug/deps/libpredicates-dace89ab8e90f707.rlib --extern proptest=/app/target/debug/deps/libproptest-d6b499a49d724fc5.rlib --extern regex=/app/target/debug/deps/libregex-aae23aa183aca753.rlib --extern serde=/app/target/debug/deps/libserde-2ddf37aa57423e14.rlib --extern serde_json=/app/target/debug/deps/libserde_json-02554ac7efa4e2d5.rlib --extern tempfile=/app/target/debug/deps/libtempfile-f51a2aafe76acb83.rlib --extern time=/app/target/debug/deps/libtime-ff5916d77934ff1e.rlib --extern tokmd=/app/target/debug/deps/libtokmd-f0692a71f65efafb.rlib --extern tokmd_analysis=/app/target/debug/deps/libtokmd_analysis-287e2b5f1e68be70.rlib --extern tokmd_analysis_derived=/app/target/debug/deps/libtokmd_analysis_derived-0238f5588105f72f.rlib --extern tokmd_analysis_explain=/app/target/debug/deps/libtokmd_analysis_explain-105437a229df030b.rlib --extern tokmd_analysis_format=/app/target/debug/deps/libtokmd_analysis_format-9faa09db3b8778a0.rlib --extern tokmd_analysis_grid=/app/target/debug/deps/libtokmd_analysis_grid-da610605172fdcbc.rlib --extern tokmd_analysis_types=/app/target/debug/deps/libtokmd_analysis_types-b8471925ca3eea4f.rlib --extern tokmd_badge=/app/target/debug/deps/libtokmd_badge-a3692bda83121bee.rlib --extern tokmd_cockpit=/app/target/debug/deps/libtokmd_cockpit-d6755e701929fa0f.rlib --extern tokmd_config=/app/target/debug/deps/libtokmd_config-907d875de830b68a.rlib --extern tokmd_context_git=/app/target/debug/deps/libtokmd_context_git-8f6572e04bf8d3d8.rlib --extern tokmd_context_policy=/app/target/debug/deps/libtokmd_context_policy-66a5cfc2cb52e0e0.rlib --extern tokmd_envelope=/app/target/debug/deps/libtokmd_envelope-9bbe3b42791e10c2.rlib --extern tokmd_exclude=/app/target/debug/deps/libtokmd_exclude-ed7ad8c9ce3cb6a5.rlib --extern tokmd_export_tree=/app/target/debug/deps/libtokmd_export_tree-393431f45ac57c2b.rlib --extern tokmd_format=/app/target/debug/deps/libtokmd_format-ab3491f51dc38631.rlib --extern tokmd_gate=/app/target/debug/deps/libtokmd_gate-3d049ed137b3d469.rlib --extern tokmd_git=/app/target/debug/deps/libtokmd_git-b3c6d5e93cb11ab2.rlib --extern tokmd_model=/app/target/debug/deps/libtokmd_model-5caf4eb9b674e831.rlib --extern tokmd_path=/app/target/debug/deps/libtokmd_path-87b15609bfd71d35.rlib --extern tokmd_progress=/app/target/debug/deps/libtokmd_progress-4c3f56b438105d35.rlib --extern tokmd_scan=/app/target/debug/deps/libtokmd_scan-c5d50a4874764658.rlib --extern tokmd_settings=/app/target/debug/deps/libtokmd_settings-a376241a548bc356.rlib --extern tokmd_tokeignore=/app/target/debug/deps/libtokmd_tokeignore-b17e42e8f7d6ccb6.rlib --extern tokmd_tool_schema=/app/target/debug/deps/libtokmd_tool_schema-750660505fe02567.rlib --extern tokmd_types=/app/target/debug/deps/libtokmd_types-e5279a60750fb027.rlib --extern toml=/app/target/debug/deps/libtoml-416a762657a99d87.rlib -L native=/app/target/debug/build/blake3-12e682763928d5d8/out -L native=/app/target/debug/build/blake3-12e682763928d5d8/out -L native=/app/target/debug/build/ring-7e163c8f3c6760a9/out`
     Running `/home/jules/.rustup/toolchains/stable-x86_64-unknown-linux-gnu/bin/rustc --crate-name properties --edition=2024 crates/tokmd/tests/properties.rs --error-format=json --json=diagnostic-rendered-ansi,artifacts,future-incompat --emit=dep-info,link -C embed-bitcode=no -C debuginfo=2 --test --cfg 'feature="archetype"' --cfg 'feature="content"' --cfg 'feature="default"' --cfg 'feature="fun"' --cfg 'feature="git"' --cfg 'feature="topics"' --cfg 'feature="ui"' --cfg 'feature="walk"' --check-cfg 'cfg(docsrs,test)' --check-cfg 'cfg(feature, values("alias-tok", "archetype", "content", "default", "fun", "git", "topics", "ui", "walk"))' -C metadata=1cc3a8cd03c68b95 -C extra-filename=-1658308a73d31d20 --out-dir /app/target/debug/deps -C incremental=/app/target/debug/incremental -L dependency=/app/target/debug/deps --extern anyhow=/app/target/debug/deps/libanyhow-1c897acad9a38b79.rlib --extern assert_cmd=/app/target/debug/deps/libassert_cmd-627e2edf13bfe3f8.rlib --extern blake3=/app/target/debug/deps/libblake3-ba57c91f91dea2f8.rlib --extern clap=/app/target/debug/deps/libclap-37855d5caa945650.rlib --extern clap_complete=/app/target/debug/deps/libclap_complete-c53597c9a8376dfd.rlib --extern console=/app/target/debug/deps/libconsole-082fb92185463311.rlib --extern dialoguer=/app/target/debug/deps/libdialoguer-21a6fbd0d024b082.rlib --extern dirs=/app/target/debug/deps/libdirs-e2cb4f3a84b5aae4.rlib --extern insta=/app/target/debug/deps/libinsta-fc65e2965aec3cf0.rlib --extern jsonschema=/app/target/debug/deps/libjsonschema-0cead2da86f5cca7.rlib --extern predicates=/app/target/debug/deps/libpredicates-dace89ab8e90f707.rlib --extern proptest=/app/target/debug/deps/libproptest-d6b499a49d724fc5.rlib --extern regex=/app/target/debug/deps/libregex-aae23aa183aca753.rlib --extern serde=/app/target/debug/deps/libserde-2ddf37aa57423e14.rlib --extern serde_json=/app/target/debug/deps/libserde_json-02554ac7efa4e2d5.rlib --extern tempfile=/app/target/debug/deps/libtempfile-f51a2aafe76acb83.rlib --extern time=/app/target/debug/deps/libtime-ff5916d77934ff1e.rlib --extern tokmd=/app/target/debug/deps/libtokmd-f0692a71f65efafb.rlib --extern tokmd_analysis=/app/target/debug/deps/libtokmd_analysis-287e2b5f1e68be70.rlib --extern tokmd_analysis_derived=/app/target/debug/deps/libtokmd_analysis_derived-0238f5588105f72f.rlib --extern tokmd_analysis_explain=/app/target/debug/deps/libtokmd_analysis_explain-105437a229df030b.rlib --extern tokmd_analysis_format=/app/target/debug/deps/libtokmd_analysis_format-9faa09db3b8778a0.rlib --extern tokmd_analysis_grid=/app/target/debug/deps/libtokmd_analysis_grid-da610605172fdcbc.rlib --extern tokmd_analysis_types=/app/target/debug/deps/libtokmd_analysis_types-b8471925ca3eea4f.rlib --extern tokmd_badge=/app/target/debug/deps/libtokmd_badge-a3692bda83121bee.rlib --extern tokmd_cockpit=/app/target/debug/deps/libtokmd_cockpit-d6755e701929fa0f.rlib --extern tokmd_config=/app/target/debug/deps/libtokmd_config-907d875de830b68a.rlib --extern tokmd_context_git=/app/target/debug/deps/libtokmd_context_git-8f6572e04bf8d3d8.rlib --extern tokmd_context_policy=/app/target/debug/deps/libtokmd_context_policy-66a5cfc2cb52e0e0.rlib --extern tokmd_envelope=/app/target/debug/deps/libtokmd_envelope-9bbe3b42791e10c2.rlib --extern tokmd_exclude=/app/target/debug/deps/libtokmd_exclude-ed7ad8c9ce3cb6a5.rlib --extern tokmd_export_tree=/app/target/debug/deps/libtokmd_export_tree-393431f45ac57c2b.rlib --extern tokmd_format=/app/target/debug/deps/libtokmd_format-ab3491f51dc38631.rlib --extern tokmd_gate=/app/target/debug/deps/libtokmd_gate-3d049ed137b3d469.rlib --extern tokmd_git=/app/target/debug/deps/libtokmd_git-b3c6d5e93cb11ab2.rlib --extern tokmd_model=/app/target/debug/deps/libtokmd_model-5caf4eb9b674e831.rlib --extern tokmd_path=/app/target/debug/deps/libtokmd_path-87b15609bfd71d35.rlib --extern tokmd_progress=/app/target/debug/deps/libtokmd_progress-4c3f56b438105d35.rlib --extern tokmd_scan=/app/target/debug/deps/libtokmd_scan-c5d50a4874764658.rlib --extern tokmd_settings=/app/target/debug/deps/libtokmd_settings-a376241a548bc356.rlib --extern tokmd_tokeignore=/app/target/debug/deps/libtokmd_tokeignore-b17e42e8f7d6ccb6.rlib --extern tokmd_tool_schema=/app/target/debug/deps/libtokmd_tool_schema-750660505fe02567.rlib --extern tokmd_types=/app/target/debug/deps/libtokmd_types-e5279a60750fb027.rlib --extern toml=/app/target/debug/deps/libtoml-416a762657a99d87.rlib -L native=/app/target/debug/build/blake3-12e682763928d5d8/out -L native=/app/target/debug/build/blake3-12e682763928d5d8/out -L native=/app/target/debug/build/ring-7e163c8f3c6760a9/out`
     Running `/home/jules/.rustup/toolchains/stable-x86_64-unknown-linux-gnu/bin/rustc --crate-name config_resolution --edition=2024 crates/tokmd/tests/config_resolution.rs --error-format=json --json=diagnostic-rendered-ansi,artifacts,future-incompat --emit=dep-info,link -C embed-bitcode=no -C debuginfo=2 --test --cfg 'feature="archetype"' --cfg 'feature="content"' --cfg 'feature="default"' --cfg 'feature="fun"' --cfg 'feature="git"' --cfg 'feature="topics"' --cfg 'feature="ui"' --cfg 'feature="walk"' --check-cfg 'cfg(docsrs,test)' --check-cfg 'cfg(feature, values("alias-tok", "archetype", "content", "default", "fun", "git", "topics", "ui", "walk"))' -C metadata=911b63e13cd39da3 -C extra-filename=-24b5928ec5fee14b --out-dir /app/target/debug/deps -C incremental=/app/target/debug/incremental -L dependency=/app/target/debug/deps --extern anyhow=/app/target/debug/deps/libanyhow-1c897acad9a38b79.rlib --extern assert_cmd=/app/target/debug/deps/libassert_cmd-627e2edf13bfe3f8.rlib --extern blake3=/app/target/debug/deps/libblake3-ba57c91f91dea2f8.rlib --extern clap=/app/target/debug/deps/libclap-37855d5caa945650.rlib --extern clap_complete=/app/target/debug/deps/libclap_complete-c53597c9a8376dfd.rlib --extern console=/app/target/debug/deps/libconsole-082fb92185463311.rlib --extern dialoguer=/app/target/debug/deps/libdialoguer-21a6fbd0d024b082.rlib --extern dirs=/app/target/debug/deps/libdirs-e2cb4f3a84b5aae4.rlib --extern insta=/app/target/debug/deps/libinsta-fc65e2965aec3cf0.rlib --extern jsonschema=/app/target/debug/deps/libjsonschema-0cead2da86f5cca7.rlib --extern predicates=/app/target/debug/deps/libpredicates-dace89ab8e90f707.rlib --extern proptest=/app/target/debug/deps/libproptest-d6b499a49d724fc5.rlib --extern regex=/app/target/debug/deps/libregex-aae23aa183aca753.rlib --extern serde=/app/target/debug/deps/libserde-2ddf37aa57423e14.rlib --extern serde_json=/app/target/debug/deps/libserde_json-02554ac7efa4e2d5.rlib --extern tempfile=/app/target/debug/deps/libtempfile-f51a2aafe76acb83.rlib --extern time=/app/target/debug/deps/libtime-ff5916d77934ff1e.rlib --extern tokmd=/app/target/debug/deps/libtokmd-f0692a71f65efafb.rlib --extern tokmd_analysis=/app/target/debug/deps/libtokmd_analysis-287e2b5f1e68be70.rlib --extern tokmd_analysis_derived=/app/target/debug/deps/libtokmd_analysis_derived-0238f5588105f72f.rlib --extern tokmd_analysis_explain=/app/target/debug/deps/libtokmd_analysis_explain-105437a229df030b.rlib --extern tokmd_analysis_format=/app/target/debug/deps/libtokmd_analysis_format-9faa09db3b8778a0.rlib --extern tokmd_analysis_grid=/app/target/debug/deps/libtokmd_analysis_grid-da610605172fdcbc.rlib --extern tokmd_analysis_types=/app/target/debug/deps/libtokmd_analysis_types-b8471925ca3eea4f.rlib --extern tokmd_badge=/app/target/debug/deps/libtokmd_badge-a3692bda83121bee.rlib --extern tokmd_cockpit=/app/target/debug/deps/libtokmd_cockpit-d6755e701929fa0f.rlib --extern tokmd_config=/app/target/debug/deps/libtokmd_config-907d875de830b68a.rlib --extern tokmd_context_git=/app/target/debug/deps/libtokmd_context_git-8f6572e04bf8d3d8.rlib --extern tokmd_context_policy=/app/target/debug/deps/libtokmd_context_policy-66a5cfc2cb52e0e0.rlib --extern tokmd_envelope=/app/target/debug/deps/libtokmd_envelope-9bbe3b42791e10c2.rlib --extern tokmd_exclude=/app/target/debug/deps/libtokmd_exclude-ed7ad8c9ce3cb6a5.rlib --extern tokmd_export_tree=/app/target/debug/deps/libtokmd_export_tree-393431f45ac57c2b.rlib --extern tokmd_format=/app/target/debug/deps/libtokmd_format-ab3491f51dc38631.rlib --extern tokmd_gate=/app/target/debug/deps/libtokmd_gate-3d049ed137b3d469.rlib --extern tokmd_git=/app/target/debug/deps/libtokmd_git-b3c6d5e93cb11ab2.rlib --extern tokmd_model=/app/target/debug/deps/libtokmd_model-5caf4eb9b674e831.rlib --extern tokmd_path=/app/target/debug/deps/libtokmd_path-87b15609bfd71d35.rlib --extern tokmd_progress=/app/target/debug/deps/libtokmd_progress-4c3f56b438105d35.rlib --extern tokmd_scan=/app/target/debug/deps/libtokmd_scan-c5d50a4874764658.rlib --extern tokmd_settings=/app/target/debug/deps/libtokmd_settings-a376241a548bc356.rlib --extern tokmd_tokeignore=/app/target/debug/deps/libtokmd_tokeignore-b17e42e8f7d6ccb6.rlib --extern tokmd_tool_schema=/app/target/debug/deps/libtokmd_tool_schema-750660505fe02567.rlib --extern tokmd_types=/app/target/debug/deps/libtokmd_types-e5279a60750fb027.rlib --extern toml=/app/target/debug/deps/libtoml-416a762657a99d87.rlib -L native=/app/target/debug/build/blake3-12e682763928d5d8/out -L native=/app/target/debug/build/blake3-12e682763928d5d8/out -L native=/app/target/debug/build/ring-7e163c8f3c6760a9/out`
     Running `/home/jules/.rustup/toolchains/stable-x86_64-unknown-linux-gnu/bin/rustc --crate-name cockpit_cli_w71 --edition=2024 crates/tokmd/tests/cockpit_cli_w71.rs --error-format=json --json=diagnostic-rendered-ansi,artifacts,future-incompat --emit=dep-info,link -C embed-bitcode=no -C debuginfo=2 --test --cfg 'feature="archetype"' --cfg 'feature="content"' --cfg 'feature="default"' --cfg 'feature="fun"' --cfg 'feature="git"' --cfg 'feature="topics"' --cfg 'feature="ui"' --cfg 'feature="walk"' --check-cfg 'cfg(docsrs,test)' --check-cfg 'cfg(feature, values("alias-tok", "archetype", "content", "default", "fun", "git", "topics", "ui", "walk"))' -C metadata=61cc41fc3034cbdc -C extra-filename=-c896a85dfb0c6c03 --out-dir /app/target/debug/deps -C incremental=/app/target/debug/incremental -L dependency=/app/target/debug/deps --extern anyhow=/app/target/debug/deps/libanyhow-1c897acad9a38b79.rlib --extern assert_cmd=/app/target/debug/deps/libassert_cmd-627e2edf13bfe3f8.rlib --extern blake3=/app/target/debug/deps/libblake3-ba57c91f91dea2f8.rlib --extern clap=/app/target/debug/deps/libclap-37855d5caa945650.rlib --extern clap_complete=/app/target/debug/deps/libclap_complete-c53597c9a8376dfd.rlib --extern console=/app/target/debug/deps/libconsole-082fb92185463311.rlib --extern dialoguer=/app/target/debug/deps/libdialoguer-21a6fbd0d024b082.rlib --extern dirs=/app/target/debug/deps/libdirs-e2cb4f3a84b5aae4.rlib --extern insta=/app/target/debug/deps/libinsta-fc65e2965aec3cf0.rlib --extern jsonschema=/app/target/debug/deps/libjsonschema-0cead2da86f5cca7.rlib --extern predicates=/app/target/debug/deps/libpredicates-dace89ab8e90f707.rlib --extern proptest=/app/target/debug/deps/libproptest-d6b499a49d724fc5.rlib --extern regex=/app/target/debug/deps/libregex-aae23aa183aca753.rlib --extern serde=/app/target/debug/deps/libserde-2ddf37aa57423e14.rlib --extern serde_json=/app/target/debug/deps/libserde_json-02554ac7efa4e2d5.rlib --extern tempfile=/app/target/debug/deps/libtempfile-f51a2aafe76acb83.rlib --extern time=/app/target/debug/deps/libtime-ff5916d77934ff1e.rlib --extern tokmd=/app/target/debug/deps/libtokmd-f0692a71f65efafb.rlib --extern tokmd_analysis=/app/target/debug/deps/libtokmd_analysis-287e2b5f1e68be70.rlib --extern tokmd_analysis_derived=/app/target/debug/deps/libtokmd_analysis_derived-0238f5588105f72f.rlib --extern tokmd_analysis_explain=/app/target/debug/deps/libtokmd_analysis_explain-105437a229df030b.rlib --extern tokmd_analysis_format=/app/target/debug/deps/libtokmd_analysis_format-9faa09db3b8778a0.rlib --extern tokmd_analysis_grid=/app/target/debug/deps/libtokmd_analysis_grid-da610605172fdcbc.rlib --extern tokmd_analysis_types=/app/target/debug/deps/libtokmd_analysis_types-b8471925ca3eea4f.rlib --extern tokmd_badge=/app/target/debug/deps/libtokmd_badge-a3692bda83121bee.rlib --extern tokmd_cockpit=/app/target/debug/deps/libtokmd_cockpit-d6755e701929fa0f.rlib --extern tokmd_config=/app/target/debug/deps/libtokmd_config-907d875de830b68a.rlib --extern tokmd_context_git=/app/target/debug/deps/libtokmd_context_git-8f6572e04bf8d3d8.rlib --extern tokmd_context_policy=/app/target/debug/deps/libtokmd_context_policy-66a5cfc2cb52e0e0.rlib --extern tokmd_envelope=/app/target/debug/deps/libtokmd_envelope-9bbe3b42791e10c2.rlib --extern tokmd_exclude=/app/target/debug/deps/libtokmd_exclude-ed7ad8c9ce3cb6a5.rlib --extern tokmd_export_tree=/app/target/debug/deps/libtokmd_export_tree-393431f45ac57c2b.rlib --extern tokmd_format=/app/target/debug/deps/libtokmd_format-ab3491f51dc38631.rlib --extern tokmd_gate=/app/target/debug/deps/libtokmd_gate-3d049ed137b3d469.rlib --extern tokmd_git=/app/target/debug/deps/libtokmd_git-b3c6d5e93cb11ab2.rlib --extern tokmd_model=/app/target/debug/deps/libtokmd_model-5caf4eb9b674e831.rlib --extern tokmd_path=/app/target/debug/deps/libtokmd_path-87b15609bfd71d35.rlib --extern tokmd_progress=/app/target/debug/deps/libtokmd_progress-4c3f56b438105d35.rlib --extern tokmd_scan=/app/target/debug/deps/libtokmd_scan-c5d50a4874764658.rlib --extern tokmd_settings=/app/target/debug/deps/libtokmd_settings-a376241a548bc356.rlib --extern tokmd_tokeignore=/app/target/debug/deps/libtokmd_tokeignore-b17e42e8f7d6ccb6.rlib --extern tokmd_tool_schema=/app/target/debug/deps/libtokmd_tool_schema-750660505fe02567.rlib --extern tokmd_types=/app/target/debug/deps/libtokmd_types-e5279a60750fb027.rlib --extern toml=/app/target/debug/deps/libtoml-416a762657a99d87.rlib -L native=/app/target/debug/build/blake3-12e682763928d5d8/out -L native=/app/target/debug/build/blake3-12e682763928d5d8/out -L native=/app/target/debug/build/ring-7e163c8f3c6760a9/out`
     Running `/home/jules/.rustup/toolchains/stable-x86_64-unknown-linux-gnu/bin/rustc --crate-name markdown_output --edition=2024 crates/tokmd/tests/markdown_output.rs --error-format=json --json=diagnostic-rendered-ansi,artifacts,future-incompat --emit=dep-info,link -C embed-bitcode=no -C debuginfo=2 --test --cfg 'feature="archetype"' --cfg 'feature="content"' --cfg 'feature="default"' --cfg 'feature="fun"' --cfg 'feature="git"' --cfg 'feature="topics"' --cfg 'feature="ui"' --cfg 'feature="walk"' --check-cfg 'cfg(docsrs,test)' --check-cfg 'cfg(feature, values("alias-tok", "archetype", "content", "default", "fun", "git", "topics", "ui", "walk"))' -C metadata=115f4c5d74144c0d -C extra-filename=-1a00a44247ebaef0 --out-dir /app/target/debug/deps -C incremental=/app/target/debug/incremental -L dependency=/app/target/debug/deps --extern anyhow=/app/target/debug/deps/libanyhow-1c897acad9a38b79.rlib --extern assert_cmd=/app/target/debug/deps/libassert_cmd-627e2edf13bfe3f8.rlib --extern blake3=/app/target/debug/deps/libblake3-ba57c91f91dea2f8.rlib --extern clap=/app/target/debug/deps/libclap-37855d5caa945650.rlib --extern clap_complete=/app/target/debug/deps/libclap_complete-c53597c9a8376dfd.rlib --extern console=/app/target/debug/deps/libconsole-082fb92185463311.rlib --extern dialoguer=/app/target/debug/deps/libdialoguer-21a6fbd0d024b082.rlib --extern dirs=/app/target/debug/deps/libdirs-e2cb4f3a84b5aae4.rlib --extern insta=/app/target/debug/deps/libinsta-fc65e2965aec3cf0.rlib --extern jsonschema=/app/target/debug/deps/libjsonschema-0cead2da86f5cca7.rlib --extern predicates=/app/target/debug/deps/libpredicates-dace89ab8e90f707.rlib --extern proptest=/app/target/debug/deps/libproptest-d6b499a49d724fc5.rlib --extern regex=/app/target/debug/deps/libregex-aae23aa183aca753.rlib --extern serde=/app/target/debug/deps/libserde-2ddf37aa57423e14.rlib --extern serde_json=/app/target/debug/deps/libserde_json-02554ac7efa4e2d5.rlib --extern tempfile=/app/target/debug/deps/libtempfile-f51a2aafe76acb83.rlib --extern time=/app/target/debug/deps/libtime-ff5916d77934ff1e.rlib --extern tokmd=/app/target/debug/deps/libtokmd-f0692a71f65efafb.rlib --extern tokmd_analysis=/app/target/debug/deps/libtokmd_analysis-287e2b5f1e68be70.rlib --extern tokmd_analysis_derived=/app/target/debug/deps/libtokmd_analysis_derived-0238f5588105f72f.rlib --extern tokmd_analysis_explain=/app/target/debug/deps/libtokmd_analysis_explain-105437a229df030b.rlib --extern tokmd_analysis_format=/app/target/debug/deps/libtokmd_analysis_format-9faa09db3b8778a0.rlib --extern tokmd_analysis_grid=/app/target/debug/deps/libtokmd_analysis_grid-da610605172fdcbc.rlib --extern tokmd_analysis_types=/app/target/debug/deps/libtokmd_analysis_types-b8471925ca3eea4f.rlib --extern tokmd_badge=/app/target/debug/deps/libtokmd_badge-a3692bda83121bee.rlib --extern tokmd_cockpit=/app/target/debug/deps/libtokmd_cockpit-d6755e701929fa0f.rlib --extern tokmd_config=/app/target/debug/deps/libtokmd_config-907d875de830b68a.rlib --extern tokmd_context_git=/app/target/debug/deps/libtokmd_context_git-8f6572e04bf8d3d8.rlib --extern tokmd_context_policy=/app/target/debug/deps/libtokmd_context_policy-66a5cfc2cb52e0e0.rlib --extern tokmd_envelope=/app/target/debug/deps/libtokmd_envelope-9bbe3b42791e10c2.rlib --extern tokmd_exclude=/app/target/debug/deps/libtokmd_exclude-ed7ad8c9ce3cb6a5.rlib --extern tokmd_export_tree=/app/target/debug/deps/libtokmd_export_tree-393431f45ac57c2b.rlib --extern tokmd_format=/app/target/debug/deps/libtokmd_format-ab3491f51dc38631.rlib --extern tokmd_gate=/app/target/debug/deps/libtokmd_gate-3d049ed137b3d469.rlib --extern tokmd_git=/app/target/debug/deps/libtokmd_git-b3c6d5e93cb11ab2.rlib --extern tokmd_model=/app/target/debug/deps/libtokmd_model-5caf4eb9b674e831.rlib --extern tokmd_path=/app/target/debug/deps/libtokmd_path-87b15609bfd71d35.rlib --extern tokmd_progress=/app/target/debug/deps/libtokmd_progress-4c3f56b438105d35.rlib --extern tokmd_scan=/app/target/debug/deps/libtokmd_scan-c5d50a4874764658.rlib --extern tokmd_settings=/app/target/debug/deps/libtokmd_settings-a376241a548bc356.rlib --extern tokmd_tokeignore=/app/target/debug/deps/libtokmd_tokeignore-b17e42e8f7d6ccb6.rlib --extern tokmd_tool_schema=/app/target/debug/deps/libtokmd_tool_schema-750660505fe02567.rlib --extern tokmd_types=/app/target/debug/deps/libtokmd_types-e5279a60750fb027.rlib --extern toml=/app/target/debug/deps/libtoml-416a762657a99d87.rlib -L native=/app/target/debug/build/blake3-12e682763928d5d8/out -L native=/app/target/debug/build/blake3-12e682763928d5d8/out -L native=/app/target/debug/build/ring-7e163c8f3c6760a9/out`
     Running `/home/jules/.rustup/toolchains/stable-x86_64-unknown-linux-gnu/bin/rustc --crate-name cli_comprehensive --edition=2024 crates/tokmd/tests/cli_comprehensive.rs --error-format=json --json=diagnostic-rendered-ansi,artifacts,future-incompat --emit=dep-info,link -C embed-bitcode=no -C debuginfo=2 --test --cfg 'feature="archetype"' --cfg 'feature="content"' --cfg 'feature="default"' --cfg 'feature="fun"' --cfg 'feature="git"' --cfg 'feature="topics"' --cfg 'feature="ui"' --cfg 'feature="walk"' --check-cfg 'cfg(docsrs,test)' --check-cfg 'cfg(feature, values("alias-tok", "archetype", "content", "default", "fun", "git", "topics", "ui", "walk"))' -C metadata=9ac3e4b979445b6f -C extra-filename=-b4447d205015c606 --out-dir /app/target/debug/deps -C incremental=/app/target/debug/incremental -L dependency=/app/target/debug/deps --extern anyhow=/app/target/debug/deps/libanyhow-1c897acad9a38b79.rlib --extern assert_cmd=/app/target/debug/deps/libassert_cmd-627e2edf13bfe3f8.rlib --extern blake3=/app/target/debug/deps/libblake3-ba57c91f91dea2f8.rlib --extern clap=/app/target/debug/deps/libclap-37855d5caa945650.rlib --extern clap_complete=/app/target/debug/deps/libclap_complete-c53597c9a8376dfd.rlib --extern console=/app/target/debug/deps/libconsole-082fb92185463311.rlib --extern dialoguer=/app/target/debug/deps/libdialoguer-21a6fbd0d024b082.rlib --extern dirs=/app/target/debug/deps/libdirs-e2cb4f3a84b5aae4.rlib --extern insta=/app/target/debug/deps/libinsta-fc65e2965aec3cf0.rlib --extern jsonschema=/app/target/debug/deps/libjsonschema-0cead2da86f5cca7.rlib --extern predicates=/app/target/debug/deps/libpredicates-dace89ab8e90f707.rlib --extern proptest=/app/target/debug/deps/libproptest-d6b499a49d724fc5.rlib --extern regex=/app/target/debug/deps/libregex-aae23aa183aca753.rlib --extern serde=/app/target/debug/deps/libserde-2ddf37aa57423e14.rlib --extern serde_json=/app/target/debug/deps/libserde_json-02554ac7efa4e2d5.rlib --extern tempfile=/app/target/debug/deps/libtempfile-f51a2aafe76acb83.rlib --extern time=/app/target/debug/deps/libtime-ff5916d77934ff1e.rlib --extern tokmd=/app/target/debug/deps/libtokmd-f0692a71f65efafb.rlib --extern tokmd_analysis=/app/target/debug/deps/libtokmd_analysis-287e2b5f1e68be70.rlib --extern tokmd_analysis_derived=/app/target/debug/deps/libtokmd_analysis_derived-0238f5588105f72f.rlib --extern tokmd_analysis_explain=/app/target/debug/deps/libtokmd_analysis_explain-105437a229df030b.rlib --extern tokmd_analysis_format=/app/target/debug/deps/libtokmd_analysis_format-9faa09db3b8778a0.rlib --extern tokmd_analysis_grid=/app/target/debug/deps/libtokmd_analysis_grid-da610605172fdcbc.rlib --extern tokmd_analysis_types=/app/target/debug/deps/libtokmd_analysis_types-b8471925ca3eea4f.rlib --extern tokmd_badge=/app/target/debug/deps/libtokmd_badge-a3692bda83121bee.rlib --extern tokmd_cockpit=/app/target/debug/deps/libtokmd_cockpit-d6755e701929fa0f.rlib --extern tokmd_config=/app/target/debug/deps/libtokmd_config-907d875de830b68a.rlib --extern tokmd_context_git=/app/target/debug/deps/libtokmd_context_git-8f6572e04bf8d3d8.rlib --extern tokmd_context_policy=/app/target/debug/deps/libtokmd_context_policy-66a5cfc2cb52e0e0.rlib --extern tokmd_envelope=/app/target/debug/deps/libtokmd_envelope-9bbe3b42791e10c2.rlib --extern tokmd_exclude=/app/target/debug/deps/libtokmd_exclude-ed7ad8c9ce3cb6a5.rlib --extern tokmd_export_tree=/app/target/debug/deps/libtokmd_export_tree-393431f45ac57c2b.rlib --extern tokmd_format=/app/target/debug/deps/libtokmd_format-ab3491f51dc38631.rlib --extern tokmd_gate=/app/target/debug/deps/libtokmd_gate-3d049ed137b3d469.rlib --extern tokmd_git=/app/target/debug/deps/libtokmd_git-b3c6d5e93cb11ab2.rlib --extern tokmd_model=/app/target/debug/deps/libtokmd_model-5caf4eb9b674e831.rlib --extern tokmd_path=/app/target/debug/deps/libtokmd_path-87b15609bfd71d35.rlib --extern tokmd_progress=/app/target/debug/deps/libtokmd_progress-4c3f56b438105d35.rlib --extern tokmd_scan=/app/target/debug/deps/libtokmd_scan-c5d50a4874764658.rlib --extern tokmd_settings=/app/target/debug/deps/libtokmd_settings-a376241a548bc356.rlib --extern tokmd_tokeignore=/app/target/debug/deps/libtokmd_tokeignore-b17e42e8f7d6ccb6.rlib --extern tokmd_tool_schema=/app/target/debug/deps/libtokmd_tool_schema-750660505fe02567.rlib --extern tokmd_types=/app/target/debug/deps/libtokmd_types-e5279a60750fb027.rlib --extern toml=/app/target/debug/deps/libtoml-416a762657a99d87.rlib -L native=/app/target/debug/build/blake3-12e682763928d5d8/out -L native=/app/target/debug/build/blake3-12e682763928d5d8/out -L native=/app/target/debug/build/ring-7e163c8f3c6760a9/out`
     Running `/home/jules/.rustup/toolchains/stable-x86_64-unknown-linux-gnu/bin/rustc --crate-name output_formats_w76 --edition=2024 crates/tokmd/tests/output_formats_w76.rs --error-format=json --json=diagnostic-rendered-ansi,artifacts,future-incompat --emit=dep-info,link -C embed-bitcode=no -C debuginfo=2 --test --cfg 'feature="archetype"' --cfg 'feature="content"' --cfg 'feature="default"' --cfg 'feature="fun"' --cfg 'feature="git"' --cfg 'feature="topics"' --cfg 'feature="ui"' --cfg 'feature="walk"' --check-cfg 'cfg(docsrs,test)' --check-cfg 'cfg(feature, values("alias-tok", "archetype", "content", "default", "fun", "git", "topics", "ui", "walk"))' -C metadata=239f639b109036da -C extra-filename=-ab905bd8c3215845 --out-dir /app/target/debug/deps -C incremental=/app/target/debug/incremental -L dependency=/app/target/debug/deps --extern anyhow=/app/target/debug/deps/libanyhow-1c897acad9a38b79.rlib --extern assert_cmd=/app/target/debug/deps/libassert_cmd-627e2edf13bfe3f8.rlib --extern blake3=/app/target/debug/deps/libblake3-ba57c91f91dea2f8.rlib --extern clap=/app/target/debug/deps/libclap-37855d5caa945650.rlib --extern clap_complete=/app/target/debug/deps/libclap_complete-c53597c9a8376dfd.rlib --extern console=/app/target/debug/deps/libconsole-082fb92185463311.rlib --extern dialoguer=/app/target/debug/deps/libdialoguer-21a6fbd0d024b082.rlib --extern dirs=/app/target/debug/deps/libdirs-e2cb4f3a84b5aae4.rlib --extern insta=/app/target/debug/deps/libinsta-fc65e2965aec3cf0.rlib --extern jsonschema=/app/target/debug/deps/libjsonschema-0cead2da86f5cca7.rlib --extern predicates=/app/target/debug/deps/libpredicates-dace89ab8e90f707.rlib --extern proptest=/app/target/debug/deps/libproptest-d6b499a49d724fc5.rlib --extern regex=/app/target/debug/deps/libregex-aae23aa183aca753.rlib --extern serde=/app/target/debug/deps/libserde-2ddf37aa57423e14.rlib --extern serde_json=/app/target/debug/deps/libserde_json-02554ac7efa4e2d5.rlib --extern tempfile=/app/target/debug/deps/libtempfile-f51a2aafe76acb83.rlib --extern time=/app/target/debug/deps/libtime-ff5916d77934ff1e.rlib --extern tokmd=/app/target/debug/deps/libtokmd-f0692a71f65efafb.rlib --extern tokmd_analysis=/app/target/debug/deps/libtokmd_analysis-287e2b5f1e68be70.rlib --extern tokmd_analysis_derived=/app/target/debug/deps/libtokmd_analysis_derived-0238f5588105f72f.rlib --extern tokmd_analysis_explain=/app/target/debug/deps/libtokmd_analysis_explain-105437a229df030b.rlib --extern tokmd_analysis_format=/app/target/debug/deps/libtokmd_analysis_format-9faa09db3b8778a0.rlib --extern tokmd_analysis_grid=/app/target/debug/deps/libtokmd_analysis_grid-da610605172fdcbc.rlib --extern tokmd_analysis_types=/app/target/debug/deps/libtokmd_analysis_types-b8471925ca3eea4f.rlib --extern tokmd_badge=/app/target/debug/deps/libtokmd_badge-a3692bda83121bee.rlib --extern tokmd_cockpit=/app/target/debug/deps/libtokmd_cockpit-d6755e701929fa0f.rlib --extern tokmd_config=/app/target/debug/deps/libtokmd_config-907d875de830b68a.rlib --extern tokmd_context_git=/app/target/debug/deps/libtokmd_context_git-8f6572e04bf8d3d8.rlib --extern tokmd_context_policy=/app/target/debug/deps/libtokmd_context_policy-66a5cfc2cb52e0e0.rlib --extern tokmd_envelope=/app/target/debug/deps/libtokmd_envelope-9bbe3b42791e10c2.rlib --extern tokmd_exclude=/app/target/debug/deps/libtokmd_exclude-ed7ad8c9ce3cb6a5.rlib --extern tokmd_export_tree=/app/target/debug/deps/libtokmd_export_tree-393431f45ac57c2b.rlib --extern tokmd_format=/app/target/debug/deps/libtokmd_format-ab3491f51dc38631.rlib --extern tokmd_gate=/app/target/debug/deps/libtokmd_gate-3d049ed137b3d469.rlib --extern tokmd_git=/app/target/debug/deps/libtokmd_git-b3c6d5e93cb11ab2.rlib --extern tokmd_model=/app/target/debug/deps/libtokmd_model-5caf4eb9b674e831.rlib --extern tokmd_path=/app/target/debug/deps/libtokmd_path-87b15609bfd71d35.rlib --extern tokmd_progress=/app/target/debug/deps/libtokmd_progress-4c3f56b438105d35.rlib --extern tokmd_scan=/app/target/debug/deps/libtokmd_scan-c5d50a4874764658.rlib --extern tokmd_settings=/app/target/debug/deps/libtokmd_settings-a376241a548bc356.rlib --extern tokmd_tokeignore=/app/target/debug/deps/libtokmd_tokeignore-b17e42e8f7d6ccb6.rlib --extern tokmd_tool_schema=/app/target/debug/deps/libtokmd_tool_schema-750660505fe02567.rlib --extern tokmd_types=/app/target/debug/deps/libtokmd_types-e5279a60750fb027.rlib --extern toml=/app/target/debug/deps/libtoml-416a762657a99d87.rlib -L native=/app/target/debug/build/blake3-12e682763928d5d8/out -L native=/app/target/debug/build/blake3-12e682763928d5d8/out -L native=/app/target/debug/build/ring-7e163c8f3c6760a9/out`
     Running `/home/jules/.rustup/toolchains/stable-x86_64-unknown-linux-gnu/bin/rustc --crate-name context_cli_w73 --edition=2024 crates/tokmd/tests/context_cli_w73.rs --error-format=json --json=diagnostic-rendered-ansi,artifacts,future-incompat --emit=dep-info,link -C embed-bitcode=no -C debuginfo=2 --test --cfg 'feature="archetype"' --cfg 'feature="content"' --cfg 'feature="default"' --cfg 'feature="fun"' --cfg 'feature="git"' --cfg 'feature="topics"' --cfg 'feature="ui"' --cfg 'feature="walk"' --check-cfg 'cfg(docsrs,test)' --check-cfg 'cfg(feature, values("alias-tok", "archetype", "content", "default", "fun", "git", "topics", "ui", "walk"))' -C metadata=024a55748ecf9ce4 -C extra-filename=-0453c0d6aa1168f8 --out-dir /app/target/debug/deps -C incremental=/app/target/debug/incremental -L dependency=/app/target/debug/deps --extern anyhow=/app/target/debug/deps/libanyhow-1c897acad9a38b79.rlib --extern assert_cmd=/app/target/debug/deps/libassert_cmd-627e2edf13bfe3f8.rlib --extern blake3=/app/target/debug/deps/libblake3-ba57c91f91dea2f8.rlib --extern clap=/app/target/debug/deps/libclap-37855d5caa945650.rlib --extern clap_complete=/app/target/debug/deps/libclap_complete-c53597c9a8376dfd.rlib --extern console=/app/target/debug/deps/libconsole-082fb92185463311.rlib --extern dialoguer=/app/target/debug/deps/libdialoguer-21a6fbd0d024b082.rlib --extern dirs=/app/target/debug/deps/libdirs-e2cb4f3a84b5aae4.rlib --extern insta=/app/target/debug/deps/libinsta-fc65e2965aec3cf0.rlib --extern jsonschema=/app/target/debug/deps/libjsonschema-0cead2da86f5cca7.rlib --extern predicates=/app/target/debug/deps/libpredicates-dace89ab8e90f707.rlib --extern proptest=/app/target/debug/deps/libproptest-d6b499a49d724fc5.rlib --extern regex=/app/target/debug/deps/libregex-aae23aa183aca753.rlib --extern serde=/app/target/debug/deps/libserde-2ddf37aa57423e14.rlib --extern serde_json=/app/target/debug/deps/libserde_json-02554ac7efa4e2d5.rlib --extern tempfile=/app/target/debug/deps/libtempfile-f51a2aafe76acb83.rlib --extern time=/app/target/debug/deps/libtime-ff5916d77934ff1e.rlib --extern tokmd=/app/target/debug/deps/libtokmd-f0692a71f65efafb.rlib --extern tokmd_analysis=/app/target/debug/deps/libtokmd_analysis-287e2b5f1e68be70.rlib --extern tokmd_analysis_derived=/app/target/debug/deps/libtokmd_analysis_derived-0238f5588105f72f.rlib --extern tokmd_analysis_explain=/app/target/debug/deps/libtokmd_analysis_explain-105437a229df030b.rlib --extern tokmd_analysis_format=/app/target/debug/deps/libtokmd_analysis_format-9faa09db3b8778a0.rlib --extern tokmd_analysis_grid=/app/target/debug/deps/libtokmd_analysis_grid-da610605172fdcbc.rlib --extern tokmd_analysis_types=/app/target/debug/deps/libtokmd_analysis_types-b8471925ca3eea4f.rlib --extern tokmd_badge=/app/target/debug/deps/libtokmd_badge-a3692bda83121bee.rlib --extern tokmd_cockpit=/app/target/debug/deps/libtokmd_cockpit-d6755e701929fa0f.rlib --extern tokmd_config=/app/target/debug/deps/libtokmd_config-907d875de830b68a.rlib --extern tokmd_context_git=/app/target/debug/deps/libtokmd_context_git-8f6572e04bf8d3d8.rlib --extern tokmd_context_policy=/app/target/debug/deps/libtokmd_context_policy-66a5cfc2cb52e0e0.rlib --extern tokmd_envelope=/app/target/debug/deps/libtokmd_envelope-9bbe3b42791e10c2.rlib --extern tokmd_exclude=/app/target/debug/deps/libtokmd_exclude-ed7ad8c9ce3cb6a5.rlib --extern tokmd_export_tree=/app/target/debug/deps/libtokmd_export_tree-393431f45ac57c2b.rlib --extern tokmd_format=/app/target/debug/deps/libtokmd_format-ab3491f51dc38631.rlib --extern tokmd_gate=/app/target/debug/deps/libtokmd_gate-3d049ed137b3d469.rlib --extern tokmd_git=/app/target/debug/deps/libtokmd_git-b3c6d5e93cb11ab2.rlib --extern tokmd_model=/app/target/debug/deps/libtokmd_model-5caf4eb9b674e831.rlib --extern tokmd_path=/app/target/debug/deps/libtokmd_path-87b15609bfd71d35.rlib --extern tokmd_progress=/app/target/debug/deps/libtokmd_progress-4c3f56b438105d35.rlib --extern tokmd_scan=/app/target/debug/deps/libtokmd_scan-c5d50a4874764658.rlib --extern tokmd_settings=/app/target/debug/deps/libtokmd_settings-a376241a548bc356.rlib --extern tokmd_tokeignore=/app/target/debug/deps/libtokmd_tokeignore-b17e42e8f7d6ccb6.rlib --extern tokmd_tool_schema=/app/target/debug/deps/libtokmd_tool_schema-750660505fe02567.rlib --extern tokmd_types=/app/target/debug/deps/libtokmd_types-e5279a60750fb027.rlib --extern toml=/app/target/debug/deps/libtoml-416a762657a99d87.rlib -L native=/app/target/debug/build/blake3-12e682763928d5d8/out -L native=/app/target/debug/build/blake3-12e682763928d5d8/out -L native=/app/target/debug/build/ring-7e163c8f3c6760a9/out`
     Running `/home/jules/.rustup/toolchains/stable-x86_64-unknown-linux-gnu/bin/rustc --crate-name diff_w71 --edition=2024 crates/tokmd/tests/diff_w71.rs --error-format=json --json=diagnostic-rendered-ansi,artifacts,future-incompat --emit=dep-info,link -C embed-bitcode=no -C debuginfo=2 --test --cfg 'feature="archetype"' --cfg 'feature="content"' --cfg 'feature="default"' --cfg 'feature="fun"' --cfg 'feature="git"' --cfg 'feature="topics"' --cfg 'feature="ui"' --cfg 'feature="walk"' --check-cfg 'cfg(docsrs,test)' --check-cfg 'cfg(feature, values("alias-tok", "archetype", "content", "default", "fun", "git", "topics", "ui", "walk"))' -C metadata=c59f134f55a716be -C extra-filename=-f347c1b45c7d1d02 --out-dir /app/target/debug/deps -C incremental=/app/target/debug/incremental -L dependency=/app/target/debug/deps --extern anyhow=/app/target/debug/deps/libanyhow-1c897acad9a38b79.rlib --extern assert_cmd=/app/target/debug/deps/libassert_cmd-627e2edf13bfe3f8.rlib --extern blake3=/app/target/debug/deps/libblake3-ba57c91f91dea2f8.rlib --extern clap=/app/target/debug/deps/libclap-37855d5caa945650.rlib --extern clap_complete=/app/target/debug/deps/libclap_complete-c53597c9a8376dfd.rlib --extern console=/app/target/debug/deps/libconsole-082fb92185463311.rlib --extern dialoguer=/app/target/debug/deps/libdialoguer-21a6fbd0d024b082.rlib --extern dirs=/app/target/debug/deps/libdirs-e2cb4f3a84b5aae4.rlib --extern insta=/app/target/debug/deps/libinsta-fc65e2965aec3cf0.rlib --extern jsonschema=/app/target/debug/deps/libjsonschema-0cead2da86f5cca7.rlib --extern predicates=/app/target/debug/deps/libpredicates-dace89ab8e90f707.rlib --extern proptest=/app/target/debug/deps/libproptest-d6b499a49d724fc5.rlib --extern regex=/app/target/debug/deps/libregex-aae23aa183aca753.rlib --extern serde=/app/target/debug/deps/libserde-2ddf37aa57423e14.rlib --extern serde_json=/app/target/debug/deps/libserde_json-02554ac7efa4e2d5.rlib --extern tempfile=/app/target/debug/deps/libtempfile-f51a2aafe76acb83.rlib --extern time=/app/target/debug/deps/libtime-ff5916d77934ff1e.rlib --extern tokmd=/app/target/debug/deps/libtokmd-f0692a71f65efafb.rlib --extern tokmd_analysis=/app/target/debug/deps/libtokmd_analysis-287e2b5f1e68be70.rlib --extern tokmd_analysis_derived=/app/target/debug/deps/libtokmd_analysis_derived-0238f5588105f72f.rlib --extern tokmd_analysis_explain=/app/target/debug/deps/libtokmd_analysis_explain-105437a229df030b.rlib --extern tokmd_analysis_format=/app/target/debug/deps/libtokmd_analysis_format-9faa09db3b8778a0.rlib --extern tokmd_analysis_grid=/app/target/debug/deps/libtokmd_analysis_grid-da610605172fdcbc.rlib --extern tokmd_analysis_types=/app/target/debug/deps/libtokmd_analysis_types-b8471925ca3eea4f.rlib --extern tokmd_badge=/app/target/debug/deps/libtokmd_badge-a3692bda83121bee.rlib --extern tokmd_cockpit=/app/target/debug/deps/libtokmd_cockpit-d6755e701929fa0f.rlib --extern tokmd_config=/app/target/debug/deps/libtokmd_config-907d875de830b68a.rlib --extern tokmd_context_git=/app/target/debug/deps/libtokmd_context_git-8f6572e04bf8d3d8.rlib --extern tokmd_context_policy=/app/target/debug/deps/libtokmd_context_policy-66a5cfc2cb52e0e0.rlib --extern tokmd_envelope=/app/target/debug/deps/libtokmd_envelope-9bbe3b42791e10c2.rlib --extern tokmd_exclude=/app/target/debug/deps/libtokmd_exclude-ed7ad8c9ce3cb6a5.rlib --extern tokmd_export_tree=/app/target/debug/deps/libtokmd_export_tree-393431f45ac57c2b.rlib --extern tokmd_format=/app/target/debug/deps/libtokmd_format-ab3491f51dc38631.rlib --extern tokmd_gate=/app/target/debug/deps/libtokmd_gate-3d049ed137b3d469.rlib --extern tokmd_git=/app/target/debug/deps/libtokmd_git-b3c6d5e93cb11ab2.rlib --extern tokmd_model=/app/target/debug/deps/libtokmd_model-5caf4eb9b674e831.rlib --extern tokmd_path=/app/target/debug/deps/libtokmd_path-87b15609bfd71d35.rlib --extern tokmd_progress=/app/target/debug/deps/libtokmd_progress-4c3f56b438105d35.rlib --extern tokmd_scan=/app/target/debug/deps/libtokmd_scan-c5d50a4874764658.rlib --extern tokmd_settings=/app/target/debug/deps/libtokmd_settings-a376241a548bc356.rlib --extern tokmd_tokeignore=/app/target/debug/deps/libtokmd_tokeignore-b17e42e8f7d6ccb6.rlib --extern tokmd_tool_schema=/app/target/debug/deps/libtokmd_tool_schema-750660505fe02567.rlib --extern tokmd_types=/app/target/debug/deps/libtokmd_types-e5279a60750fb027.rlib --extern toml=/app/target/debug/deps/libtoml-416a762657a99d87.rlib -L native=/app/target/debug/build/blake3-12e682763928d5d8/out -L native=/app/target/debug/build/blake3-12e682763928d5d8/out -L native=/app/target/debug/build/ring-7e163c8f3c6760a9/out`
     Running `/home/jules/.rustup/toolchains/stable-x86_64-unknown-linux-gnu/bin/rustc --crate-name smoke_e2e --edition=2024 crates/tokmd/tests/smoke_e2e.rs --error-format=json --json=diagnostic-rendered-ansi,artifacts,future-incompat --emit=dep-info,link -C embed-bitcode=no -C debuginfo=2 --test --cfg 'feature="archetype"' --cfg 'feature="content"' --cfg 'feature="default"' --cfg 'feature="fun"' --cfg 'feature="git"' --cfg 'feature="topics"' --cfg 'feature="ui"' --cfg 'feature="walk"' --check-cfg 'cfg(docsrs,test)' --check-cfg 'cfg(feature, values("alias-tok", "archetype", "content", "default", "fun", "git", "topics", "ui", "walk"))' -C metadata=4c47f43a15561707 -C extra-filename=-993449db1d3ce1d6 --out-dir /app/target/debug/deps -C incremental=/app/target/debug/incremental -L dependency=/app/target/debug/deps --extern anyhow=/app/target/debug/deps/libanyhow-1c897acad9a38b79.rlib --extern assert_cmd=/app/target/debug/deps/libassert_cmd-627e2edf13bfe3f8.rlib --extern blake3=/app/target/debug/deps/libblake3-ba57c91f91dea2f8.rlib --extern clap=/app/target/debug/deps/libclap-37855d5caa945650.rlib --extern clap_complete=/app/target/debug/deps/libclap_complete-c53597c9a8376dfd.rlib --extern console=/app/target/debug/deps/libconsole-082fb92185463311.rlib --extern dialoguer=/app/target/debug/deps/libdialoguer-21a6fbd0d024b082.rlib --extern dirs=/app/target/debug/deps/libdirs-e2cb4f3a84b5aae4.rlib --extern insta=/app/target/debug/deps/libinsta-fc65e2965aec3cf0.rlib --extern jsonschema=/app/target/debug/deps/libjsonschema-0cead2da86f5cca7.rlib --extern predicates=/app/target/debug/deps/libpredicates-dace89ab8e90f707.rlib --extern proptest=/app/target/debug/deps/libproptest-d6b499a49d724fc5.rlib --extern regex=/app/target/debug/deps/libregex-aae23aa183aca753.rlib --extern serde=/app/target/debug/deps/libserde-2ddf37aa57423e14.rlib --extern serde_json=/app/target/debug/deps/libserde_json-02554ac7efa4e2d5.rlib --extern tempfile=/app/target/debug/deps/libtempfile-f51a2aafe76acb83.rlib --extern time=/app/target/debug/deps/libtime-ff5916d77934ff1e.rlib --extern tokmd=/app/target/debug/deps/libtokmd-f0692a71f65efafb.rlib --extern tokmd_analysis=/app/target/debug/deps/libtokmd_analysis-287e2b5f1e68be70.rlib --extern tokmd_analysis_derived=/app/target/debug/deps/libtokmd_analysis_derived-0238f5588105f72f.rlib --extern tokmd_analysis_explain=/app/target/debug/deps/libtokmd_analysis_explain-105437a229df030b.rlib --extern tokmd_analysis_format=/app/target/debug/deps/libtokmd_analysis_format-9faa09db3b8778a0.rlib --extern tokmd_analysis_grid=/app/target/debug/deps/libtokmd_analysis_grid-da610605172fdcbc.rlib --extern tokmd_analysis_types=/app/target/debug/deps/libtokmd_analysis_types-b8471925ca3eea4f.rlib --extern tokmd_badge=/app/target/debug/deps/libtokmd_badge-a3692bda83121bee.rlib --extern tokmd_cockpit=/app/target/debug/deps/libtokmd_cockpit-d6755e701929fa0f.rlib --extern tokmd_config=/app/target/debug/deps/libtokmd_config-907d875de830b68a.rlib --extern tokmd_context_git=/app/target/debug/deps/libtokmd_context_git-8f6572e04bf8d3d8.rlib --extern tokmd_context_policy=/app/target/debug/deps/libtokmd_context_policy-66a5cfc2cb52e0e0.rlib --extern tokmd_envelope=/app/target/debug/deps/libtokmd_envelope-9bbe3b42791e10c2.rlib --extern tokmd_exclude=/app/target/debug/deps/libtokmd_exclude-ed7ad8c9ce3cb6a5.rlib --extern tokmd_export_tree=/app/target/debug/deps/libtokmd_export_tree-393431f45ac57c2b.rlib --extern tokmd_format=/app/target/debug/deps/libtokmd_format-ab3491f51dc38631.rlib --extern tokmd_gate=/app/target/debug/deps/libtokmd_gate-3d049ed137b3d469.rlib --extern tokmd_git=/app/target/debug/deps/libtokmd_git-b3c6d5e93cb11ab2.rlib --extern tokmd_model=/app/target/debug/deps/libtokmd_model-5caf4eb9b674e831.rlib --extern tokmd_path=/app/target/debug/deps/libtokmd_path-87b15609bfd71d35.rlib --extern tokmd_progress=/app/target/debug/deps/libtokmd_progress-4c3f56b438105d35.rlib --extern tokmd_scan=/app/target/debug/deps/libtokmd_scan-c5d50a4874764658.rlib --extern tokmd_settings=/app/target/debug/deps/libtokmd_settings-a376241a548bc356.rlib --extern tokmd_tokeignore=/app/target/debug/deps/libtokmd_tokeignore-b17e42e8f7d6ccb6.rlib --extern tokmd_tool_schema=/app/target/debug/deps/libtokmd_tool_schema-750660505fe02567.rlib --extern tokmd_types=/app/target/debug/deps/libtokmd_types-e5279a60750fb027.rlib --extern toml=/app/target/debug/deps/libtoml-416a762657a99d87.rlib -L native=/app/target/debug/build/blake3-12e682763928d5d8/out -L native=/app/target/debug/build/blake3-12e682763928d5d8/out -L native=/app/target/debug/build/ring-7e163c8f3c6760a9/out`
     Running `/home/jules/.rustup/toolchains/stable-x86_64-unknown-linux-gnu/bin/rustc --crate-name integration_w70 --edition=2024 crates/tokmd/tests/integration_w70.rs --error-format=json --json=diagnostic-rendered-ansi,artifacts,future-incompat --emit=dep-info,link -C embed-bitcode=no -C debuginfo=2 --test --cfg 'feature="archetype"' --cfg 'feature="content"' --cfg 'feature="default"' --cfg 'feature="fun"' --cfg 'feature="git"' --cfg 'feature="topics"' --cfg 'feature="ui"' --cfg 'feature="walk"' --check-cfg 'cfg(docsrs,test)' --check-cfg 'cfg(feature, values("alias-tok", "archetype", "content", "default", "fun", "git", "topics", "ui", "walk"))' -C metadata=e41ead05e3b8445c -C extra-filename=-8c6784c4a83fa7f8 --out-dir /app/target/debug/deps -C incremental=/app/target/debug/incremental -L dependency=/app/target/debug/deps --extern anyhow=/app/target/debug/deps/libanyhow-1c897acad9a38b79.rlib --extern assert_cmd=/app/target/debug/deps/libassert_cmd-627e2edf13bfe3f8.rlib --extern blake3=/app/target/debug/deps/libblake3-ba57c91f91dea2f8.rlib --extern clap=/app/target/debug/deps/libclap-37855d5caa945650.rlib --extern clap_complete=/app/target/debug/deps/libclap_complete-c53597c9a8376dfd.rlib --extern console=/app/target/debug/deps/libconsole-082fb92185463311.rlib --extern dialoguer=/app/target/debug/deps/libdialoguer-21a6fbd0d024b082.rlib --extern dirs=/app/target/debug/deps/libdirs-e2cb4f3a84b5aae4.rlib --extern insta=/app/target/debug/deps/libinsta-fc65e2965aec3cf0.rlib --extern jsonschema=/app/target/debug/deps/libjsonschema-0cead2da86f5cca7.rlib --extern predicates=/app/target/debug/deps/libpredicates-dace89ab8e90f707.rlib --extern proptest=/app/target/debug/deps/libproptest-d6b499a49d724fc5.rlib --extern regex=/app/target/debug/deps/libregex-aae23aa183aca753.rlib --extern serde=/app/target/debug/deps/libserde-2ddf37aa57423e14.rlib --extern serde_json=/app/target/debug/deps/libserde_json-02554ac7efa4e2d5.rlib --extern tempfile=/app/target/debug/deps/libtempfile-f51a2aafe76acb83.rlib --extern time=/app/target/debug/deps/libtime-ff5916d77934ff1e.rlib --extern tokmd=/app/target/debug/deps/libtokmd-f0692a71f65efafb.rlib --extern tokmd_analysis=/app/target/debug/deps/libtokmd_analysis-287e2b5f1e68be70.rlib --extern tokmd_analysis_derived=/app/target/debug/deps/libtokmd_analysis_derived-0238f5588105f72f.rlib --extern tokmd_analysis_explain=/app/target/debug/deps/libtokmd_analysis_explain-105437a229df030b.rlib --extern tokmd_analysis_format=/app/target/debug/deps/libtokmd_analysis_format-9faa09db3b8778a0.rlib --extern tokmd_analysis_grid=/app/target/debug/deps/libtokmd_analysis_grid-da610605172fdcbc.rlib --extern tokmd_analysis_types=/app/target/debug/deps/libtokmd_analysis_types-b8471925ca3eea4f.rlib --extern tokmd_badge=/app/target/debug/deps/libtokmd_badge-a3692bda83121bee.rlib --extern tokmd_cockpit=/app/target/debug/deps/libtokmd_cockpit-d6755e701929fa0f.rlib --extern tokmd_config=/app/target/debug/deps/libtokmd_config-907d875de830b68a.rlib --extern tokmd_context_git=/app/target/debug/deps/libtokmd_context_git-8f6572e04bf8d3d8.rlib --extern tokmd_context_policy=/app/target/debug/deps/libtokmd_context_policy-66a5cfc2cb52e0e0.rlib --extern tokmd_envelope=/app/target/debug/deps/libtokmd_envelope-9bbe3b42791e10c2.rlib --extern tokmd_exclude=/app/target/debug/deps/libtokmd_exclude-ed7ad8c9ce3cb6a5.rlib --extern tokmd_export_tree=/app/target/debug/deps/libtokmd_export_tree-393431f45ac57c2b.rlib --extern tokmd_format=/app/target/debug/deps/libtokmd_format-ab3491f51dc38631.rlib --extern tokmd_gate=/app/target/debug/deps/libtokmd_gate-3d049ed137b3d469.rlib --extern tokmd_git=/app/target/debug/deps/libtokmd_git-b3c6d5e93cb11ab2.rlib --extern tokmd_model=/app/target/debug/deps/libtokmd_model-5caf4eb9b674e831.rlib --extern tokmd_path=/app/target/debug/deps/libtokmd_path-87b15609bfd71d35.rlib --extern tokmd_progress=/app/target/debug/deps/libtokmd_progress-4c3f56b438105d35.rlib --extern tokmd_scan=/app/target/debug/deps/libtokmd_scan-c5d50a4874764658.rlib --extern tokmd_settings=/app/target/debug/deps/libtokmd_settings-a376241a548bc356.rlib --extern tokmd_tokeignore=/app/target/debug/deps/libtokmd_tokeignore-b17e42e8f7d6ccb6.rlib --extern tokmd_tool_schema=/app/target/debug/deps/libtokmd_tool_schema-750660505fe02567.rlib --extern tokmd_types=/app/target/debug/deps/libtokmd_types-e5279a60750fb027.rlib --extern toml=/app/target/debug/deps/libtoml-416a762657a99d87.rlib -L native=/app/target/debug/build/blake3-12e682763928d5d8/out -L native=/app/target/debug/build/blake3-12e682763928d5d8/out -L native=/app/target/debug/build/ring-7e163c8f3c6760a9/out`
     Running `/home/jules/.rustup/toolchains/stable-x86_64-unknown-linux-gnu/bin/rustc --crate-name integration_w40 --edition=2024 crates/tokmd/tests/integration_w40.rs --error-format=json --json=diagnostic-rendered-ansi,artifacts,future-incompat --emit=dep-info,link -C embed-bitcode=no -C debuginfo=2 --test --cfg 'feature="archetype"' --cfg 'feature="content"' --cfg 'feature="default"' --cfg 'feature="fun"' --cfg 'feature="git"' --cfg 'feature="topics"' --cfg 'feature="ui"' --cfg 'feature="walk"' --check-cfg 'cfg(docsrs,test)' --check-cfg 'cfg(feature, values("alias-tok", "archetype", "content", "default", "fun", "git", "topics", "ui", "walk"))' -C metadata=dd0fe618e049321d -C extra-filename=-fa8aaa0a78199ebe --out-dir /app/target/debug/deps -C incremental=/app/target/debug/incremental -L dependency=/app/target/debug/deps --extern anyhow=/app/target/debug/deps/libanyhow-1c897acad9a38b79.rlib --extern assert_cmd=/app/target/debug/deps/libassert_cmd-627e2edf13bfe3f8.rlib --extern blake3=/app/target/debug/deps/libblake3-ba57c91f91dea2f8.rlib --extern clap=/app/target/debug/deps/libclap-37855d5caa945650.rlib --extern clap_complete=/app/target/debug/deps/libclap_complete-c53597c9a8376dfd.rlib --extern console=/app/target/debug/deps/libconsole-082fb92185463311.rlib --extern dialoguer=/app/target/debug/deps/libdialoguer-21a6fbd0d024b082.rlib --extern dirs=/app/target/debug/deps/libdirs-e2cb4f3a84b5aae4.rlib --extern insta=/app/target/debug/deps/libinsta-fc65e2965aec3cf0.rlib --extern jsonschema=/app/target/debug/deps/libjsonschema-0cead2da86f5cca7.rlib --extern predicates=/app/target/debug/deps/libpredicates-dace89ab8e90f707.rlib --extern proptest=/app/target/debug/deps/libproptest-d6b499a49d724fc5.rlib --extern regex=/app/target/debug/deps/libregex-aae23aa183aca753.rlib --extern serde=/app/target/debug/deps/libserde-2ddf37aa57423e14.rlib --extern serde_json=/app/target/debug/deps/libserde_json-02554ac7efa4e2d5.rlib --extern tempfile=/app/target/debug/deps/libtempfile-f51a2aafe76acb83.rlib --extern time=/app/target/debug/deps/libtime-ff5916d77934ff1e.rlib --extern tokmd=/app/target/debug/deps/libtokmd-f0692a71f65efafb.rlib --extern tokmd_analysis=/app/target/debug/deps/libtokmd_analysis-287e2b5f1e68be70.rlib --extern tokmd_analysis_derived=/app/target/debug/deps/libtokmd_analysis_derived-0238f5588105f72f.rlib --extern tokmd_analysis_explain=/app/target/debug/deps/libtokmd_analysis_explain-105437a229df030b.rlib --extern tokmd_analysis_format=/app/target/debug/deps/libtokmd_analysis_format-9faa09db3b8778a0.rlib --extern tokmd_analysis_grid=/app/target/debug/deps/libtokmd_analysis_grid-da610605172fdcbc.rlib --extern tokmd_analysis_types=/app/target/debug/deps/libtokmd_analysis_types-b8471925ca3eea4f.rlib --extern tokmd_badge=/app/target/debug/deps/libtokmd_badge-a3692bda83121bee.rlib --extern tokmd_cockpit=/app/target/debug/deps/libtokmd_cockpit-d6755e701929fa0f.rlib --extern tokmd_config=/app/target/debug/deps/libtokmd_config-907d875de830b68a.rlib --extern tokmd_context_git=/app/target/debug/deps/libtokmd_context_git-8f6572e04bf8d3d8.rlib --extern tokmd_context_policy=/app/target/debug/deps/libtokmd_context_policy-66a5cfc2cb52e0e0.rlib --extern tokmd_envelope=/app/target/debug/deps/libtokmd_envelope-9bbe3b42791e10c2.rlib --extern tokmd_exclude=/app/target/debug/deps/libtokmd_exclude-ed7ad8c9ce3cb6a5.rlib --extern tokmd_export_tree=/app/target/debug/deps/libtokmd_export_tree-393431f45ac57c2b.rlib --extern tokmd_format=/app/target/debug/deps/libtokmd_format-ab3491f51dc38631.rlib --extern tokmd_gate=/app/target/debug/deps/libtokmd_gate-3d049ed137b3d469.rlib --extern tokmd_git=/app/target/debug/deps/libtokmd_git-b3c6d5e93cb11ab2.rlib --extern tokmd_model=/app/target/debug/deps/libtokmd_model-5caf4eb9b674e831.rlib --extern tokmd_path=/app/target/debug/deps/libtokmd_path-87b15609bfd71d35.rlib --extern tokmd_progress=/app/target/debug/deps/libtokmd_progress-4c3f56b438105d35.rlib --extern tokmd_scan=/app/target/debug/deps/libtokmd_scan-c5d50a4874764658.rlib --extern tokmd_settings=/app/target/debug/deps/libtokmd_settings-a376241a548bc356.rlib --extern tokmd_tokeignore=/app/target/debug/deps/libtokmd_tokeignore-b17e42e8f7d6ccb6.rlib --extern tokmd_tool_schema=/app/target/debug/deps/libtokmd_tool_schema-750660505fe02567.rlib --extern tokmd_types=/app/target/debug/deps/libtokmd_types-e5279a60750fb027.rlib --extern toml=/app/target/debug/deps/libtoml-416a762657a99d87.rlib -L native=/app/target/debug/build/blake3-12e682763928d5d8/out -L native=/app/target/debug/build/blake3-12e682763928d5d8/out -L native=/app/target/debug/build/ring-7e163c8f3c6760a9/out`
     Running `/home/jules/.rustup/toolchains/stable-x86_64-unknown-linux-gnu/bin/rustc --crate-name determinism_hardening --edition=2024 crates/tokmd/tests/determinism_hardening.rs --error-format=json --json=diagnostic-rendered-ansi,artifacts,future-incompat --emit=dep-info,link -C embed-bitcode=no -C debuginfo=2 --test --cfg 'feature="archetype"' --cfg 'feature="content"' --cfg 'feature="default"' --cfg 'feature="fun"' --cfg 'feature="git"' --cfg 'feature="topics"' --cfg 'feature="ui"' --cfg 'feature="walk"' --check-cfg 'cfg(docsrs,test)' --check-cfg 'cfg(feature, values("alias-tok", "archetype", "content", "default", "fun", "git", "topics", "ui", "walk"))' -C metadata=7c085d374d16bbd9 -C extra-filename=-07398712dde5e359 --out-dir /app/target/debug/deps -C incremental=/app/target/debug/incremental -L dependency=/app/target/debug/deps --extern anyhow=/app/target/debug/deps/libanyhow-1c897acad9a38b79.rlib --extern assert_cmd=/app/target/debug/deps/libassert_cmd-627e2edf13bfe3f8.rlib --extern blake3=/app/target/debug/deps/libblake3-ba57c91f91dea2f8.rlib --extern clap=/app/target/debug/deps/libclap-37855d5caa945650.rlib --extern clap_complete=/app/target/debug/deps/libclap_complete-c53597c9a8376dfd.rlib --extern console=/app/target/debug/deps/libconsole-082fb92185463311.rlib --extern dialoguer=/app/target/debug/deps/libdialoguer-21a6fbd0d024b082.rlib --extern dirs=/app/target/debug/deps/libdirs-e2cb4f3a84b5aae4.rlib --extern insta=/app/target/debug/deps/libinsta-fc65e2965aec3cf0.rlib --extern jsonschema=/app/target/debug/deps/libjsonschema-0cead2da86f5cca7.rlib --extern predicates=/app/target/debug/deps/libpredicates-dace89ab8e90f707.rlib --extern proptest=/app/target/debug/deps/libproptest-d6b499a49d724fc5.rlib --extern regex=/app/target/debug/deps/libregex-aae23aa183aca753.rlib --extern serde=/app/target/debug/deps/libserde-2ddf37aa57423e14.rlib --extern serde_json=/app/target/debug/deps/libserde_json-02554ac7efa4e2d5.rlib --extern tempfile=/app/target/debug/deps/libtempfile-f51a2aafe76acb83.rlib --extern time=/app/target/debug/deps/libtime-ff5916d77934ff1e.rlib --extern tokmd=/app/target/debug/deps/libtokmd-f0692a71f65efafb.rlib --extern tokmd_analysis=/app/target/debug/deps/libtokmd_analysis-287e2b5f1e68be70.rlib --extern tokmd_analysis_derived=/app/target/debug/deps/libtokmd_analysis_derived-0238f5588105f72f.rlib --extern tokmd_analysis_explain=/app/target/debug/deps/libtokmd_analysis_explain-105437a229df030b.rlib --extern tokmd_analysis_format=/app/target/debug/deps/libtokmd_analysis_format-9faa09db3b8778a0.rlib --extern tokmd_analysis_grid=/app/target/debug/deps/libtokmd_analysis_grid-da610605172fdcbc.rlib --extern tokmd_analysis_types=/app/target/debug/deps/libtokmd_analysis_types-b8471925ca3eea4f.rlib --extern tokmd_badge=/app/target/debug/deps/libtokmd_badge-a3692bda83121bee.rlib --extern tokmd_cockpit=/app/target/debug/deps/libtokmd_cockpit-d6755e701929fa0f.rlib --extern tokmd_config=/app/target/debug/deps/libtokmd_config-907d875de830b68a.rlib --extern tokmd_context_git=/app/target/debug/deps/libtokmd_context_git-8f6572e04bf8d3d8.rlib --extern tokmd_context_policy=/app/target/debug/deps/libtokmd_context_policy-66a5cfc2cb52e0e0.rlib --extern tokmd_envelope=/app/target/debug/deps/libtokmd_envelope-9bbe3b42791e10c2.rlib --extern tokmd_exclude=/app/target/debug/deps/libtokmd_exclude-ed7ad8c9ce3cb6a5.rlib --extern tokmd_export_tree=/app/target/debug/deps/libtokmd_export_tree-393431f45ac57c2b.rlib --extern tokmd_format=/app/target/debug/deps/libtokmd_format-ab3491f51dc38631.rlib --extern tokmd_gate=/app/target/debug/deps/libtokmd_gate-3d049ed137b3d469.rlib --extern tokmd_git=/app/target/debug/deps/libtokmd_git-b3c6d5e93cb11ab2.rlib --extern tokmd_model=/app/target/debug/deps/libtokmd_model-5caf4eb9b674e831.rlib --extern tokmd_path=/app/target/debug/deps/libtokmd_path-87b15609bfd71d35.rlib --extern tokmd_progress=/app/target/debug/deps/libtokmd_progress-4c3f56b438105d35.rlib --extern tokmd_scan=/app/target/debug/deps/libtokmd_scan-c5d50a4874764658.rlib --extern tokmd_settings=/app/target/debug/deps/libtokmd_settings-a376241a548bc356.rlib --extern tokmd_tokeignore=/app/target/debug/deps/libtokmd_tokeignore-b17e42e8f7d6ccb6.rlib --extern tokmd_tool_schema=/app/target/debug/deps/libtokmd_tool_schema-750660505fe02567.rlib --extern tokmd_types=/app/target/debug/deps/libtokmd_types-e5279a60750fb027.rlib --extern toml=/app/target/debug/deps/libtoml-416a762657a99d87.rlib -L native=/app/target/debug/build/blake3-12e682763928d5d8/out -L native=/app/target/debug/build/blake3-12e682763928d5d8/out -L native=/app/target/debug/build/ring-7e163c8f3c6760a9/out`
     Running `/home/jules/.rustup/toolchains/stable-x86_64-unknown-linux-gnu/bin/rustc --crate-name cli_e2e_w65 --edition=2024 crates/tokmd/tests/cli_e2e_w65.rs --error-format=json --json=diagnostic-rendered-ansi,artifacts,future-incompat --emit=dep-info,link -C embed-bitcode=no -C debuginfo=2 --test --cfg 'feature="archetype"' --cfg 'feature="content"' --cfg 'feature="default"' --cfg 'feature="fun"' --cfg 'feature="git"' --cfg 'feature="topics"' --cfg 'feature="ui"' --cfg 'feature="walk"' --check-cfg 'cfg(docsrs,test)' --check-cfg 'cfg(feature, values("alias-tok", "archetype", "content", "default", "fun", "git", "topics", "ui", "walk"))' -C metadata=3d66a1e187debd15 -C extra-filename=-ce0224298af7bf3c --out-dir /app/target/debug/deps -C incremental=/app/target/debug/incremental -L dependency=/app/target/debug/deps --extern anyhow=/app/target/debug/deps/libanyhow-1c897acad9a38b79.rlib --extern assert_cmd=/app/target/debug/deps/libassert_cmd-627e2edf13bfe3f8.rlib --extern blake3=/app/target/debug/deps/libblake3-ba57c91f91dea2f8.rlib --extern clap=/app/target/debug/deps/libclap-37855d5caa945650.rlib --extern clap_complete=/app/target/debug/deps/libclap_complete-c53597c9a8376dfd.rlib --extern console=/app/target/debug/deps/libconsole-082fb92185463311.rlib --extern dialoguer=/app/target/debug/deps/libdialoguer-21a6fbd0d024b082.rlib --extern dirs=/app/target/debug/deps/libdirs-e2cb4f3a84b5aae4.rlib --extern insta=/app/target/debug/deps/libinsta-fc65e2965aec3cf0.rlib --extern jsonschema=/app/target/debug/deps/libjsonschema-0cead2da86f5cca7.rlib --extern predicates=/app/target/debug/deps/libpredicates-dace89ab8e90f707.rlib --extern proptest=/app/target/debug/deps/libproptest-d6b499a49d724fc5.rlib --extern regex=/app/target/debug/deps/libregex-aae23aa183aca753.rlib --extern serde=/app/target/debug/deps/libserde-2ddf37aa57423e14.rlib --extern serde_json=/app/target/debug/deps/libserde_json-02554ac7efa4e2d5.rlib --extern tempfile=/app/target/debug/deps/libtempfile-f51a2aafe76acb83.rlib --extern time=/app/target/debug/deps/libtime-ff5916d77934ff1e.rlib --extern tokmd=/app/target/debug/deps/libtokmd-f0692a71f65efafb.rlib --extern tokmd_analysis=/app/target/debug/deps/libtokmd_analysis-287e2b5f1e68be70.rlib --extern tokmd_analysis_derived=/app/target/debug/deps/libtokmd_analysis_derived-0238f5588105f72f.rlib --extern tokmd_analysis_explain=/app/target/debug/deps/libtokmd_analysis_explain-105437a229df030b.rlib --extern tokmd_analysis_format=/app/target/debug/deps/libtokmd_analysis_format-9faa09db3b8778a0.rlib --extern tokmd_analysis_grid=/app/target/debug/deps/libtokmd_analysis_grid-da610605172fdcbc.rlib --extern tokmd_analysis_types=/app/target/debug/deps/libtokmd_analysis_types-b8471925ca3eea4f.rlib --extern tokmd_badge=/app/target/debug/deps/libtokmd_badge-a3692bda83121bee.rlib --extern tokmd_cockpit=/app/target/debug/deps/libtokmd_cockpit-d6755e701929fa0f.rlib --extern tokmd_config=/app/target/debug/deps/libtokmd_config-907d875de830b68a.rlib --extern tokmd_context_git=/app/target/debug/deps/libtokmd_context_git-8f6572e04bf8d3d8.rlib --extern tokmd_context_policy=/app/target/debug/deps/libtokmd_context_policy-66a5cfc2cb52e0e0.rlib --extern tokmd_envelope=/app/target/debug/deps/libtokmd_envelope-9bbe3b42791e10c2.rlib --extern tokmd_exclude=/app/target/debug/deps/libtokmd_exclude-ed7ad8c9ce3cb6a5.rlib --extern tokmd_export_tree=/app/target/debug/deps/libtokmd_export_tree-393431f45ac57c2b.rlib --extern tokmd_format=/app/target/debug/deps/libtokmd_format-ab3491f51dc38631.rlib --extern tokmd_gate=/app/target/debug/deps/libtokmd_gate-3d049ed137b3d469.rlib --extern tokmd_git=/app/target/debug/deps/libtokmd_git-b3c6d5e93cb11ab2.rlib --extern tokmd_model=/app/target/debug/deps/libtokmd_model-5caf4eb9b674e831.rlib --extern tokmd_path=/app/target/debug/deps/libtokmd_path-87b15609bfd71d35.rlib --extern tokmd_progress=/app/target/debug/deps/libtokmd_progress-4c3f56b438105d35.rlib --extern tokmd_scan=/app/target/debug/deps/libtokmd_scan-c5d50a4874764658.rlib --extern tokmd_settings=/app/target/debug/deps/libtokmd_settings-a376241a548bc356.rlib --extern tokmd_tokeignore=/app/target/debug/deps/libtokmd_tokeignore-b17e42e8f7d6ccb6.rlib --extern tokmd_tool_schema=/app/target/debug/deps/libtokmd_tool_schema-750660505fe02567.rlib --extern tokmd_types=/app/target/debug/deps/libtokmd_types-e5279a60750fb027.rlib --extern toml=/app/target/debug/deps/libtoml-416a762657a99d87.rlib -L native=/app/target/debug/build/blake3-12e682763928d5d8/out -L native=/app/target/debug/build/blake3-12e682763928d5d8/out -L native=/app/target/debug/build/ring-7e163c8f3c6760a9/out`
     Running `/home/jules/.rustup/toolchains/stable-x86_64-unknown-linux-gnu/bin/rustc --crate-name cyclonedx_integration --edition=2024 crates/tokmd/tests/cyclonedx_integration.rs --error-format=json --json=diagnostic-rendered-ansi,artifacts,future-incompat --emit=dep-info,link -C embed-bitcode=no -C debuginfo=2 --test --cfg 'feature="archetype"' --cfg 'feature="content"' --cfg 'feature="default"' --cfg 'feature="fun"' --cfg 'feature="git"' --cfg 'feature="topics"' --cfg 'feature="ui"' --cfg 'feature="walk"' --check-cfg 'cfg(docsrs,test)' --check-cfg 'cfg(feature, values("alias-tok", "archetype", "content", "default", "fun", "git", "topics", "ui", "walk"))' -C metadata=6996525fb457f213 -C extra-filename=-151881ba43a6a22b --out-dir /app/target/debug/deps -C incremental=/app/target/debug/incremental -L dependency=/app/target/debug/deps --extern anyhow=/app/target/debug/deps/libanyhow-1c897acad9a38b79.rlib --extern assert_cmd=/app/target/debug/deps/libassert_cmd-627e2edf13bfe3f8.rlib --extern blake3=/app/target/debug/deps/libblake3-ba57c91f91dea2f8.rlib --extern clap=/app/target/debug/deps/libclap-37855d5caa945650.rlib --extern clap_complete=/app/target/debug/deps/libclap_complete-c53597c9a8376dfd.rlib --extern console=/app/target/debug/deps/libconsole-082fb92185463311.rlib --extern dialoguer=/app/target/debug/deps/libdialoguer-21a6fbd0d024b082.rlib --extern dirs=/app/target/debug/deps/libdirs-e2cb4f3a84b5aae4.rlib --extern insta=/app/target/debug/deps/libinsta-fc65e2965aec3cf0.rlib --extern jsonschema=/app/target/debug/deps/libjsonschema-0cead2da86f5cca7.rlib --extern predicates=/app/target/debug/deps/libpredicates-dace89ab8e90f707.rlib --extern proptest=/app/target/debug/deps/libproptest-d6b499a49d724fc5.rlib --extern regex=/app/target/debug/deps/libregex-aae23aa183aca753.rlib --extern serde=/app/target/debug/deps/libserde-2ddf37aa57423e14.rlib --extern serde_json=/app/target/debug/deps/libserde_json-02554ac7efa4e2d5.rlib --extern tempfile=/app/target/debug/deps/libtempfile-f51a2aafe76acb83.rlib --extern time=/app/target/debug/deps/libtime-ff5916d77934ff1e.rlib --extern tokmd=/app/target/debug/deps/libtokmd-f0692a71f65efafb.rlib --extern tokmd_analysis=/app/target/debug/deps/libtokmd_analysis-287e2b5f1e68be70.rlib --extern tokmd_analysis_derived=/app/target/debug/deps/libtokmd_analysis_derived-0238f5588105f72f.rlib --extern tokmd_analysis_explain=/app/target/debug/deps/libtokmd_analysis_explain-105437a229df030b.rlib --extern tokmd_analysis_format=/app/target/debug/deps/libtokmd_analysis_format-9faa09db3b8778a0.rlib --extern tokmd_analysis_grid=/app/target/debug/deps/libtokmd_analysis_grid-da610605172fdcbc.rlib --extern tokmd_analysis_types=/app/target/debug/deps/libtokmd_analysis_types-b8471925ca3eea4f.rlib --extern tokmd_badge=/app/target/debug/deps/libtokmd_badge-a3692bda83121bee.rlib --extern tokmd_cockpit=/app/target/debug/deps/libtokmd_cockpit-d6755e701929fa0f.rlib --extern tokmd_config=/app/target/debug/deps/libtokmd_config-907d875de830b68a.rlib --extern tokmd_context_git=/app/target/debug/deps/libtokmd_context_git-8f6572e04bf8d3d8.rlib --extern tokmd_context_policy=/app/target/debug/deps/libtokmd_context_policy-66a5cfc2cb52e0e0.rlib --extern tokmd_envelope=/app/target/debug/deps/libtokmd_envelope-9bbe3b42791e10c2.rlib --extern tokmd_exclude=/app/target/debug/deps/libtokmd_exclude-ed7ad8c9ce3cb6a5.rlib --extern tokmd_export_tree=/app/target/debug/deps/libtokmd_export_tree-393431f45ac57c2b.rlib --extern tokmd_format=/app/target/debug/deps/libtokmd_format-ab3491f51dc38631.rlib --extern tokmd_gate=/app/target/debug/deps/libtokmd_gate-3d049ed137b3d469.rlib --extern tokmd_git=/app/target/debug/deps/libtokmd_git-b3c6d5e93cb11ab2.rlib --extern tokmd_model=/app/target/debug/deps/libtokmd_model-5caf4eb9b674e831.rlib --extern tokmd_path=/app/target/debug/deps/libtokmd_path-87b15609bfd71d35.rlib --extern tokmd_progress=/app/target/debug/deps/libtokmd_progress-4c3f56b438105d35.rlib --extern tokmd_scan=/app/target/debug/deps/libtokmd_scan-c5d50a4874764658.rlib --extern tokmd_settings=/app/target/debug/deps/libtokmd_settings-a376241a548bc356.rlib --extern tokmd_tokeignore=/app/target/debug/deps/libtokmd_tokeignore-b17e42e8f7d6ccb6.rlib --extern tokmd_tool_schema=/app/target/debug/deps/libtokmd_tool_schema-750660505fe02567.rlib --extern tokmd_types=/app/target/debug/deps/libtokmd_types-e5279a60750fb027.rlib --extern toml=/app/target/debug/deps/libtoml-416a762657a99d87.rlib -L native=/app/target/debug/build/blake3-12e682763928d5d8/out -L native=/app/target/debug/build/blake3-12e682763928d5d8/out -L native=/app/target/debug/build/ring-7e163c8f3c6760a9/out`
     Running `/home/jules/.rustup/toolchains/stable-x86_64-unknown-linux-gnu/bin/rustc --crate-name cli_e2e --edition=2024 crates/tokmd/tests/cli_e2e.rs --error-format=json --json=diagnostic-rendered-ansi,artifacts,future-incompat --emit=dep-info,link -C embed-bitcode=no -C debuginfo=2 --test --cfg 'feature="archetype"' --cfg 'feature="content"' --cfg 'feature="default"' --cfg 'feature="fun"' --cfg 'feature="git"' --cfg 'feature="topics"' --cfg 'feature="ui"' --cfg 'feature="walk"' --check-cfg 'cfg(docsrs,test)' --check-cfg 'cfg(feature, values("alias-tok", "archetype", "content", "default", "fun", "git", "topics", "ui", "walk"))' -C metadata=ad4364f5d7e8c7cf -C extra-filename=-647c49c73f9e52cd --out-dir /app/target/debug/deps -C incremental=/app/target/debug/incremental -L dependency=/app/target/debug/deps --extern anyhow=/app/target/debug/deps/libanyhow-1c897acad9a38b79.rlib --extern assert_cmd=/app/target/debug/deps/libassert_cmd-627e2edf13bfe3f8.rlib --extern blake3=/app/target/debug/deps/libblake3-ba57c91f91dea2f8.rlib --extern clap=/app/target/debug/deps/libclap-37855d5caa945650.rlib --extern clap_complete=/app/target/debug/deps/libclap_complete-c53597c9a8376dfd.rlib --extern console=/app/target/debug/deps/libconsole-082fb92185463311.rlib --extern dialoguer=/app/target/debug/deps/libdialoguer-21a6fbd0d024b082.rlib --extern dirs=/app/target/debug/deps/libdirs-e2cb4f3a84b5aae4.rlib --extern insta=/app/target/debug/deps/libinsta-fc65e2965aec3cf0.rlib --extern jsonschema=/app/target/debug/deps/libjsonschema-0cead2da86f5cca7.rlib --extern predicates=/app/target/debug/deps/libpredicates-dace89ab8e90f707.rlib --extern proptest=/app/target/debug/deps/libproptest-d6b499a49d724fc5.rlib --extern regex=/app/target/debug/deps/libregex-aae23aa183aca753.rlib --extern serde=/app/target/debug/deps/libserde-2ddf37aa57423e14.rlib --extern serde_json=/app/target/debug/deps/libserde_json-02554ac7efa4e2d5.rlib --extern tempfile=/app/target/debug/deps/libtempfile-f51a2aafe76acb83.rlib --extern time=/app/target/debug/deps/libtime-ff5916d77934ff1e.rlib --extern tokmd=/app/target/debug/deps/libtokmd-f0692a71f65efafb.rlib --extern tokmd_analysis=/app/target/debug/deps/libtokmd_analysis-287e2b5f1e68be70.rlib --extern tokmd_analysis_derived=/app/target/debug/deps/libtokmd_analysis_derived-0238f5588105f72f.rlib --extern tokmd_analysis_explain=/app/target/debug/deps/libtokmd_analysis_explain-105437a229df030b.rlib --extern tokmd_analysis_format=/app/target/debug/deps/libtokmd_analysis_format-9faa09db3b8778a0.rlib --extern tokmd_analysis_grid=/app/target/debug/deps/libtokmd_analysis_grid-da610605172fdcbc.rlib --extern tokmd_analysis_types=/app/target/debug/deps/libtokmd_analysis_types-b8471925ca3eea4f.rlib --extern tokmd_badge=/app/target/debug/deps/libtokmd_badge-a3692bda83121bee.rlib --extern tokmd_cockpit=/app/target/debug/deps/libtokmd_cockpit-d6755e701929fa0f.rlib --extern tokmd_config=/app/target/debug/deps/libtokmd_config-907d875de830b68a.rlib --extern tokmd_context_git=/app/target/debug/deps/libtokmd_context_git-8f6572e04bf8d3d8.rlib --extern tokmd_context_policy=/app/target/debug/deps/libtokmd_context_policy-66a5cfc2cb52e0e0.rlib --extern tokmd_envelope=/app/target/debug/deps/libtokmd_envelope-9bbe3b42791e10c2.rlib --extern tokmd_exclude=/app/target/debug/deps/libtokmd_exclude-ed7ad8c9ce3cb6a5.rlib --extern tokmd_export_tree=/app/target/debug/deps/libtokmd_export_tree-393431f45ac57c2b.rlib --extern tokmd_format=/app/target/debug/deps/libtokmd_format-ab3491f51dc38631.rlib --extern tokmd_gate=/app/target/debug/deps/libtokmd_gate-3d049ed137b3d469.rlib --extern tokmd_git=/app/target/debug/deps/libtokmd_git-b3c6d5e93cb11ab2.rlib --extern tokmd_model=/app/target/debug/deps/libtokmd_model-5caf4eb9b674e831.rlib --extern tokmd_path=/app/target/debug/deps/libtokmd_path-87b15609bfd71d35.rlib --extern tokmd_progress=/app/target/debug/deps/libtokmd_progress-4c3f56b438105d35.rlib --extern tokmd_scan=/app/target/debug/deps/libtokmd_scan-c5d50a4874764658.rlib --extern tokmd_settings=/app/target/debug/deps/libtokmd_settings-a376241a548bc356.rlib --extern tokmd_tokeignore=/app/target/debug/deps/libtokmd_tokeignore-b17e42e8f7d6ccb6.rlib --extern tokmd_tool_schema=/app/target/debug/deps/libtokmd_tool_schema-750660505fe02567.rlib --extern tokmd_types=/app/target/debug/deps/libtokmd_types-e5279a60750fb027.rlib --extern toml=/app/target/debug/deps/libtoml-416a762657a99d87.rlib -L native=/app/target/debug/build/blake3-12e682763928d5d8/out -L native=/app/target/debug/build/blake3-12e682763928d5d8/out -L native=/app/target/debug/build/ring-7e163c8f3c6760a9/out`
     Running `/home/jules/.rustup/toolchains/stable-x86_64-unknown-linux-gnu/bin/rustc --crate-name context_w71 --edition=2024 crates/tokmd/tests/context_w71.rs --error-format=json --json=diagnostic-rendered-ansi,artifacts,future-incompat --emit=dep-info,link -C embed-bitcode=no -C debuginfo=2 --test --cfg 'feature="archetype"' --cfg 'feature="content"' --cfg 'feature="default"' --cfg 'feature="fun"' --cfg 'feature="git"' --cfg 'feature="topics"' --cfg 'feature="ui"' --cfg 'feature="walk"' --check-cfg 'cfg(docsrs,test)' --check-cfg 'cfg(feature, values("alias-tok", "archetype", "content", "default", "fun", "git", "topics", "ui", "walk"))' -C metadata=c6e15df3ea0fa4b9 -C extra-filename=-5d757d0e9d97d677 --out-dir /app/target/debug/deps -C incremental=/app/target/debug/incremental -L dependency=/app/target/debug/deps --extern anyhow=/app/target/debug/deps/libanyhow-1c897acad9a38b79.rlib --extern assert_cmd=/app/target/debug/deps/libassert_cmd-627e2edf13bfe3f8.rlib --extern blake3=/app/target/debug/deps/libblake3-ba57c91f91dea2f8.rlib --extern clap=/app/target/debug/deps/libclap-37855d5caa945650.rlib --extern clap_complete=/app/target/debug/deps/libclap_complete-c53597c9a8376dfd.rlib --extern console=/app/target/debug/deps/libconsole-082fb92185463311.rlib --extern dialoguer=/app/target/debug/deps/libdialoguer-21a6fbd0d024b082.rlib --extern dirs=/app/target/debug/deps/libdirs-e2cb4f3a84b5aae4.rlib --extern insta=/app/target/debug/deps/libinsta-fc65e2965aec3cf0.rlib --extern jsonschema=/app/target/debug/deps/libjsonschema-0cead2da86f5cca7.rlib --extern predicates=/app/target/debug/deps/libpredicates-dace89ab8e90f707.rlib --extern proptest=/app/target/debug/deps/libproptest-d6b499a49d724fc5.rlib --extern regex=/app/target/debug/deps/libregex-aae23aa183aca753.rlib --extern serde=/app/target/debug/deps/libserde-2ddf37aa57423e14.rlib --extern serde_json=/app/target/debug/deps/libserde_json-02554ac7efa4e2d5.rlib --extern tempfile=/app/target/debug/deps/libtempfile-f51a2aafe76acb83.rlib --extern time=/app/target/debug/deps/libtime-ff5916d77934ff1e.rlib --extern tokmd=/app/target/debug/deps/libtokmd-f0692a71f65efafb.rlib --extern tokmd_analysis=/app/target/debug/deps/libtokmd_analysis-287e2b5f1e68be70.rlib --extern tokmd_analysis_derived=/app/target/debug/deps/libtokmd_analysis_derived-0238f5588105f72f.rlib --extern tokmd_analysis_explain=/app/target/debug/deps/libtokmd_analysis_explain-105437a229df030b.rlib --extern tokmd_analysis_format=/app/target/debug/deps/libtokmd_analysis_format-9faa09db3b8778a0.rlib --extern tokmd_analysis_grid=/app/target/debug/deps/libtokmd_analysis_grid-da610605172fdcbc.rlib --extern tokmd_analysis_types=/app/target/debug/deps/libtokmd_analysis_types-b8471925ca3eea4f.rlib --extern tokmd_badge=/app/target/debug/deps/libtokmd_badge-a3692bda83121bee.rlib --extern tokmd_cockpit=/app/target/debug/deps/libtokmd_cockpit-d6755e701929fa0f.rlib --extern tokmd_config=/app/target/debug/deps/libtokmd_config-907d875de830b68a.rlib --extern tokmd_context_git=/app/target/debug/deps/libtokmd_context_git-8f6572e04bf8d3d8.rlib --extern tokmd_context_policy=/app/target/debug/deps/libtokmd_context_policy-66a5cfc2cb52e0e0.rlib --extern tokmd_envelope=/app/target/debug/deps/libtokmd_envelope-9bbe3b42791e10c2.rlib --extern tokmd_exclude=/app/target/debug/deps/libtokmd_exclude-ed7ad8c9ce3cb6a5.rlib --extern tokmd_export_tree=/app/target/debug/deps/libtokmd_export_tree-393431f45ac57c2b.rlib --extern tokmd_format=/app/target/debug/deps/libtokmd_format-ab3491f51dc38631.rlib --extern tokmd_gate=/app/target/debug/deps/libtokmd_gate-3d049ed137b3d469.rlib --extern tokmd_git=/app/target/debug/deps/libtokmd_git-b3c6d5e93cb11ab2.rlib --extern tokmd_model=/app/target/debug/deps/libtokmd_model-5caf4eb9b674e831.rlib --extern tokmd_path=/app/target/debug/deps/libtokmd_path-87b15609bfd71d35.rlib --extern tokmd_progress=/app/target/debug/deps/libtokmd_progress-4c3f56b438105d35.rlib --extern tokmd_scan=/app/target/debug/deps/libtokmd_scan-c5d50a4874764658.rlib --extern tokmd_settings=/app/target/debug/deps/libtokmd_settings-a376241a548bc356.rlib --extern tokmd_tokeignore=/app/target/debug/deps/libtokmd_tokeignore-b17e42e8f7d6ccb6.rlib --extern tokmd_tool_schema=/app/target/debug/deps/libtokmd_tool_schema-750660505fe02567.rlib --extern tokmd_types=/app/target/debug/deps/libtokmd_types-e5279a60750fb027.rlib --extern toml=/app/target/debug/deps/libtoml-416a762657a99d87.rlib -L native=/app/target/debug/build/blake3-12e682763928d5d8/out -L native=/app/target/debug/build/blake3-12e682763928d5d8/out -L native=/app/target/debug/build/ring-7e163c8f3c6760a9/out`
     Running `/home/jules/.rustup/toolchains/stable-x86_64-unknown-linux-gnu/bin/rustc --crate-name gate_integration --edition=2024 crates/tokmd/tests/gate_integration.rs --error-format=json --json=diagnostic-rendered-ansi,artifacts,future-incompat --emit=dep-info,link -C embed-bitcode=no -C debuginfo=2 --test --cfg 'feature="archetype"' --cfg 'feature="content"' --cfg 'feature="default"' --cfg 'feature="fun"' --cfg 'feature="git"' --cfg 'feature="topics"' --cfg 'feature="ui"' --cfg 'feature="walk"' --check-cfg 'cfg(docsrs,test)' --check-cfg 'cfg(feature, values("alias-tok", "archetype", "content", "default", "fun", "git", "topics", "ui", "walk"))' -C metadata=c3669b37e3ec66e2 -C extra-filename=-a595a0089a19c961 --out-dir /app/target/debug/deps -C incremental=/app/target/debug/incremental -L dependency=/app/target/debug/deps --extern anyhow=/app/target/debug/deps/libanyhow-1c897acad9a38b79.rlib --extern assert_cmd=/app/target/debug/deps/libassert_cmd-627e2edf13bfe3f8.rlib --extern blake3=/app/target/debug/deps/libblake3-ba57c91f91dea2f8.rlib --extern clap=/app/target/debug/deps/libclap-37855d5caa945650.rlib --extern clap_complete=/app/target/debug/deps/libclap_complete-c53597c9a8376dfd.rlib --extern console=/app/target/debug/deps/libconsole-082fb92185463311.rlib --extern dialoguer=/app/target/debug/deps/libdialoguer-21a6fbd0d024b082.rlib --extern dirs=/app/target/debug/deps/libdirs-e2cb4f3a84b5aae4.rlib --extern insta=/app/target/debug/deps/libinsta-fc65e2965aec3cf0.rlib --extern jsonschema=/app/target/debug/deps/libjsonschema-0cead2da86f5cca7.rlib --extern predicates=/app/target/debug/deps/libpredicates-dace89ab8e90f707.rlib --extern proptest=/app/target/debug/deps/libproptest-d6b499a49d724fc5.rlib --extern regex=/app/target/debug/deps/libregex-aae23aa183aca753.rlib --extern serde=/app/target/debug/deps/libserde-2ddf37aa57423e14.rlib --extern serde_json=/app/target/debug/deps/libserde_json-02554ac7efa4e2d5.rlib --extern tempfile=/app/target/debug/deps/libtempfile-f51a2aafe76acb83.rlib --extern time=/app/target/debug/deps/libtime-ff5916d77934ff1e.rlib --extern tokmd=/app/target/debug/deps/libtokmd-f0692a71f65efafb.rlib --extern tokmd_analysis=/app/target/debug/deps/libtokmd_analysis-287e2b5f1e68be70.rlib --extern tokmd_analysis_derived=/app/target/debug/deps/libtokmd_analysis_derived-0238f5588105f72f.rlib --extern tokmd_analysis_explain=/app/target/debug/deps/libtokmd_analysis_explain-105437a229df030b.rlib --extern tokmd_analysis_format=/app/target/debug/deps/libtokmd_analysis_format-9faa09db3b8778a0.rlib --extern tokmd_analysis_grid=/app/target/debug/deps/libtokmd_analysis_grid-da610605172fdcbc.rlib --extern tokmd_analysis_types=/app/target/debug/deps/libtokmd_analysis_types-b8471925ca3eea4f.rlib --extern tokmd_badge=/app/target/debug/deps/libtokmd_badge-a3692bda83121bee.rlib --extern tokmd_cockpit=/app/target/debug/deps/libtokmd_cockpit-d6755e701929fa0f.rlib --extern tokmd_config=/app/target/debug/deps/libtokmd_config-907d875de830b68a.rlib --extern tokmd_context_git=/app/target/debug/deps/libtokmd_context_git-8f6572e04bf8d3d8.rlib --extern tokmd_context_policy=/app/target/debug/deps/libtokmd_context_policy-66a5cfc2cb52e0e0.rlib --extern tokmd_envelope=/app/target/debug/deps/libtokmd_envelope-9bbe3b42791e10c2.rlib --extern tokmd_exclude=/app/target/debug/deps/libtokmd_exclude-ed7ad8c9ce3cb6a5.rlib --extern tokmd_export_tree=/app/target/debug/deps/libtokmd_export_tree-393431f45ac57c2b.rlib --extern tokmd_format=/app/target/debug/deps/libtokmd_format-ab3491f51dc38631.rlib --extern tokmd_gate=/app/target/debug/deps/libtokmd_gate-3d049ed137b3d469.rlib --extern tokmd_git=/app/target/debug/deps/libtokmd_git-b3c6d5e93cb11ab2.rlib --extern tokmd_model=/app/target/debug/deps/libtokmd_model-5caf4eb9b674e831.rlib --extern tokmd_path=/app/target/debug/deps/libtokmd_path-87b15609bfd71d35.rlib --extern tokmd_progress=/app/target/debug/deps/libtokmd_progress-4c3f56b438105d35.rlib --extern tokmd_scan=/app/target/debug/deps/libtokmd_scan-c5d50a4874764658.rlib --extern tokmd_settings=/app/target/debug/deps/libtokmd_settings-a376241a548bc356.rlib --extern tokmd_tokeignore=/app/target/debug/deps/libtokmd_tokeignore-b17e42e8f7d6ccb6.rlib --extern tokmd_tool_schema=/app/target/debug/deps/libtokmd_tool_schema-750660505fe02567.rlib --extern tokmd_types=/app/target/debug/deps/libtokmd_types-e5279a60750fb027.rlib --extern toml=/app/target/debug/deps/libtoml-416a762657a99d87.rlib -L native=/app/target/debug/build/blake3-12e682763928d5d8/out -L native=/app/target/debug/build/blake3-12e682763928d5d8/out -L native=/app/target/debug/build/ring-7e163c8f3c6760a9/out`
     Running `/home/jules/.rustup/toolchains/stable-x86_64-unknown-linux-gnu/bin/rustc --crate-name completions_integration --edition=2024 crates/tokmd/tests/completions_integration.rs --error-format=json --json=diagnostic-rendered-ansi,artifacts,future-incompat --emit=dep-info,link -C embed-bitcode=no -C debuginfo=2 --test --cfg 'feature="archetype"' --cfg 'feature="content"' --cfg 'feature="default"' --cfg 'feature="fun"' --cfg 'feature="git"' --cfg 'feature="topics"' --cfg 'feature="ui"' --cfg 'feature="walk"' --check-cfg 'cfg(docsrs,test)' --check-cfg 'cfg(feature, values("alias-tok", "archetype", "content", "default", "fun", "git", "topics", "ui", "walk"))' -C metadata=16b5b695e772bfc2 -C extra-filename=-906973016ec12712 --out-dir /app/target/debug/deps -C incremental=/app/target/debug/incremental -L dependency=/app/target/debug/deps --extern anyhow=/app/target/debug/deps/libanyhow-1c897acad9a38b79.rlib --extern assert_cmd=/app/target/debug/deps/libassert_cmd-627e2edf13bfe3f8.rlib --extern blake3=/app/target/debug/deps/libblake3-ba57c91f91dea2f8.rlib --extern clap=/app/target/debug/deps/libclap-37855d5caa945650.rlib --extern clap_complete=/app/target/debug/deps/libclap_complete-c53597c9a8376dfd.rlib --extern console=/app/target/debug/deps/libconsole-082fb92185463311.rlib --extern dialoguer=/app/target/debug/deps/libdialoguer-21a6fbd0d024b082.rlib --extern dirs=/app/target/debug/deps/libdirs-e2cb4f3a84b5aae4.rlib --extern insta=/app/target/debug/deps/libinsta-fc65e2965aec3cf0.rlib --extern jsonschema=/app/target/debug/deps/libjsonschema-0cead2da86f5cca7.rlib --extern predicates=/app/target/debug/deps/libpredicates-dace89ab8e90f707.rlib --extern proptest=/app/target/debug/deps/libproptest-d6b499a49d724fc5.rlib --extern regex=/app/target/debug/deps/libregex-aae23aa183aca753.rlib --extern serde=/app/target/debug/deps/libserde-2ddf37aa57423e14.rlib --extern serde_json=/app/target/debug/deps/libserde_json-02554ac7efa4e2d5.rlib --extern tempfile=/app/target/debug/deps/libtempfile-f51a2aafe76acb83.rlib --extern time=/app/target/debug/deps/libtime-ff5916d77934ff1e.rlib --extern tokmd=/app/target/debug/deps/libtokmd-f0692a71f65efafb.rlib --extern tokmd_analysis=/app/target/debug/deps/libtokmd_analysis-287e2b5f1e68be70.rlib --extern tokmd_analysis_derived=/app/target/debug/deps/libtokmd_analysis_derived-0238f5588105f72f.rlib --extern tokmd_analysis_explain=/app/target/debug/deps/libtokmd_analysis_explain-105437a229df030b.rlib --extern tokmd_analysis_format=/app/target/debug/deps/libtokmd_analysis_format-9faa09db3b8778a0.rlib --extern tokmd_analysis_grid=/app/target/debug/deps/libtokmd_analysis_grid-da610605172fdcbc.rlib --extern tokmd_analysis_types=/app/target/debug/deps/libtokmd_analysis_types-b8471925ca3eea4f.rlib --extern tokmd_badge=/app/target/debug/deps/libtokmd_badge-a3692bda83121bee.rlib --extern tokmd_cockpit=/app/target/debug/deps/libtokmd_cockpit-d6755e701929fa0f.rlib --extern tokmd_config=/app/target/debug/deps/libtokmd_config-907d875de830b68a.rlib --extern tokmd_context_git=/app/target/debug/deps/libtokmd_context_git-8f6572e04bf8d3d8.rlib --extern tokmd_context_policy=/app/target/debug/deps/libtokmd_context_policy-66a5cfc2cb52e0e0.rlib --extern tokmd_envelope=/app/target/debug/deps/libtokmd_envelope-9bbe3b42791e10c2.rlib --extern tokmd_exclude=/app/target/debug/deps/libtokmd_exclude-ed7ad8c9ce3cb6a5.rlib --extern tokmd_export_tree=/app/target/debug/deps/libtokmd_export_tree-393431f45ac57c2b.rlib --extern tokmd_format=/app/target/debug/deps/libtokmd_format-ab3491f51dc38631.rlib --extern tokmd_gate=/app/target/debug/deps/libtokmd_gate-3d049ed137b3d469.rlib --extern tokmd_git=/app/target/debug/deps/libtokmd_git-b3c6d5e93cb11ab2.rlib --extern tokmd_model=/app/target/debug/deps/libtokmd_model-5caf4eb9b674e831.rlib --extern tokmd_path=/app/target/debug/deps/libtokmd_path-87b15609bfd71d35.rlib --extern tokmd_progress=/app/target/debug/deps/libtokmd_progress-4c3f56b438105d35.rlib --extern tokmd_scan=/app/target/debug/deps/libtokmd_scan-c5d50a4874764658.rlib --extern tokmd_settings=/app/target/debug/deps/libtokmd_settings-a376241a548bc356.rlib --extern tokmd_tokeignore=/app/target/debug/deps/libtokmd_tokeignore-b17e42e8f7d6ccb6.rlib --extern tokmd_tool_schema=/app/target/debug/deps/libtokmd_tool_schema-750660505fe02567.rlib --extern tokmd_types=/app/target/debug/deps/libtokmd_types-e5279a60750fb027.rlib --extern toml=/app/target/debug/deps/libtoml-416a762657a99d87.rlib -L native=/app/target/debug/build/blake3-12e682763928d5d8/out -L native=/app/target/debug/build/blake3-12e682763928d5d8/out -L native=/app/target/debug/build/ring-7e163c8f3c6760a9/out`
     Running `/home/jules/.rustup/toolchains/stable-x86_64-unknown-linux-gnu/bin/rustc --crate-name bdd_module_scenarios_w50 --edition=2024 crates/tokmd/tests/bdd_module_scenarios_w50.rs --error-format=json --json=diagnostic-rendered-ansi,artifacts,future-incompat --emit=dep-info,link -C embed-bitcode=no -C debuginfo=2 --test --cfg 'feature="archetype"' --cfg 'feature="content"' --cfg 'feature="default"' --cfg 'feature="fun"' --cfg 'feature="git"' --cfg 'feature="topics"' --cfg 'feature="ui"' --cfg 'feature="walk"' --check-cfg 'cfg(docsrs,test)' --check-cfg 'cfg(feature, values("alias-tok", "archetype", "content", "default", "fun", "git", "topics", "ui", "walk"))' -C metadata=9e7c90eff1f81155 -C extra-filename=-2170ebe0a18d6410 --out-dir /app/target/debug/deps -C incremental=/app/target/debug/incremental -L dependency=/app/target/debug/deps --extern anyhow=/app/target/debug/deps/libanyhow-1c897acad9a38b79.rlib --extern assert_cmd=/app/target/debug/deps/libassert_cmd-627e2edf13bfe3f8.rlib --extern blake3=/app/target/debug/deps/libblake3-ba57c91f91dea2f8.rlib --extern clap=/app/target/debug/deps/libclap-37855d5caa945650.rlib --extern clap_complete=/app/target/debug/deps/libclap_complete-c53597c9a8376dfd.rlib --extern console=/app/target/debug/deps/libconsole-082fb92185463311.rlib --extern dialoguer=/app/target/debug/deps/libdialoguer-21a6fbd0d024b082.rlib --extern dirs=/app/target/debug/deps/libdirs-e2cb4f3a84b5aae4.rlib --extern insta=/app/target/debug/deps/libinsta-fc65e2965aec3cf0.rlib --extern jsonschema=/app/target/debug/deps/libjsonschema-0cead2da86f5cca7.rlib --extern predicates=/app/target/debug/deps/libpredicates-dace89ab8e90f707.rlib --extern proptest=/app/target/debug/deps/libproptest-d6b499a49d724fc5.rlib --extern regex=/app/target/debug/deps/libregex-aae23aa183aca753.rlib --extern serde=/app/target/debug/deps/libserde-2ddf37aa57423e14.rlib --extern serde_json=/app/target/debug/deps/libserde_json-02554ac7efa4e2d5.rlib --extern tempfile=/app/target/debug/deps/libtempfile-f51a2aafe76acb83.rlib --extern time=/app/target/debug/deps/libtime-ff5916d77934ff1e.rlib --extern tokmd=/app/target/debug/deps/libtokmd-f0692a71f65efafb.rlib --extern tokmd_analysis=/app/target/debug/deps/libtokmd_analysis-287e2b5f1e68be70.rlib --extern tokmd_analysis_derived=/app/target/debug/deps/libtokmd_analysis_derived-0238f5588105f72f.rlib --extern tokmd_analysis_explain=/app/target/debug/deps/libtokmd_analysis_explain-105437a229df030b.rlib --extern tokmd_analysis_format=/app/target/debug/deps/libtokmd_analysis_format-9faa09db3b8778a0.rlib --extern tokmd_analysis_grid=/app/target/debug/deps/libtokmd_analysis_grid-da610605172fdcbc.rlib --extern tokmd_analysis_types=/app/target/debug/deps/libtokmd_analysis_types-b8471925ca3eea4f.rlib --extern tokmd_badge=/app/target/debug/deps/libtokmd_badge-a3692bda83121bee.rlib --extern tokmd_cockpit=/app/target/debug/deps/libtokmd_cockpit-d6755e701929fa0f.rlib --extern tokmd_config=/app/target/debug/deps/libtokmd_config-907d875de830b68a.rlib --extern tokmd_context_git=/app/target/debug/deps/libtokmd_context_git-8f6572e04bf8d3d8.rlib --extern tokmd_context_policy=/app/target/debug/deps/libtokmd_context_policy-66a5cfc2cb52e0e0.rlib --extern tokmd_envelope=/app/target/debug/deps/libtokmd_envelope-9bbe3b42791e10c2.rlib --extern tokmd_exclude=/app/target/debug/deps/libtokmd_exclude-ed7ad8c9ce3cb6a5.rlib --extern tokmd_export_tree=/app/target/debug/deps/libtokmd_export_tree-393431f45ac57c2b.rlib --extern tokmd_format=/app/target/debug/deps/libtokmd_format-ab3491f51dc38631.rlib --extern tokmd_gate=/app/target/debug/deps/libtokmd_gate-3d049ed137b3d469.rlib --extern tokmd_git=/app/target/debug/deps/libtokmd_git-b3c6d5e93cb11ab2.rlib --extern tokmd_model=/app/target/debug/deps/libtokmd_model-5caf4eb9b674e831.rlib --extern tokmd_path=/app/target/debug/deps/libtokmd_path-87b15609bfd71d35.rlib --extern tokmd_progress=/app/target/debug/deps/libtokmd_progress-4c3f56b438105d35.rlib --extern tokmd_scan=/app/target/debug/deps/libtokmd_scan-c5d50a4874764658.rlib --extern tokmd_settings=/app/target/debug/deps/libtokmd_settings-a376241a548bc356.rlib --extern tokmd_tokeignore=/app/target/debug/deps/libtokmd_tokeignore-b17e42e8f7d6ccb6.rlib --extern tokmd_tool_schema=/app/target/debug/deps/libtokmd_tool_schema-750660505fe02567.rlib --extern tokmd_types=/app/target/debug/deps/libtokmd_types-e5279a60750fb027.rlib --extern toml=/app/target/debug/deps/libtoml-416a762657a99d87.rlib -L native=/app/target/debug/build/blake3-12e682763928d5d8/out -L native=/app/target/debug/build/blake3-12e682763928d5d8/out -L native=/app/target/debug/build/ring-7e163c8f3c6760a9/out`
     Running `/home/jules/.rustup/toolchains/stable-x86_64-unknown-linux-gnu/bin/rustc --crate-name boundary_verification --edition=2024 crates/tokmd/tests/boundary_verification.rs --error-format=json --json=diagnostic-rendered-ansi,artifacts,future-incompat --emit=dep-info,link -C embed-bitcode=no -C debuginfo=2 --test --cfg 'feature="archetype"' --cfg 'feature="content"' --cfg 'feature="default"' --cfg 'feature="fun"' --cfg 'feature="git"' --cfg 'feature="topics"' --cfg 'feature="ui"' --cfg 'feature="walk"' --check-cfg 'cfg(docsrs,test)' --check-cfg 'cfg(feature, values("alias-tok", "archetype", "content", "default", "fun", "git", "topics", "ui", "walk"))' -C metadata=00682168cdf5ec75 -C extra-filename=-d73cc9c7ebbe36fc --out-dir /app/target/debug/deps -C incremental=/app/target/debug/incremental -L dependency=/app/target/debug/deps --extern anyhow=/app/target/debug/deps/libanyhow-1c897acad9a38b79.rlib --extern assert_cmd=/app/target/debug/deps/libassert_cmd-627e2edf13bfe3f8.rlib --extern blake3=/app/target/debug/deps/libblake3-ba57c91f91dea2f8.rlib --extern clap=/app/target/debug/deps/libclap-37855d5caa945650.rlib --extern clap_complete=/app/target/debug/deps/libclap_complete-c53597c9a8376dfd.rlib --extern console=/app/target/debug/deps/libconsole-082fb92185463311.rlib --extern dialoguer=/app/target/debug/deps/libdialoguer-21a6fbd0d024b082.rlib --extern dirs=/app/target/debug/deps/libdirs-e2cb4f3a84b5aae4.rlib --extern insta=/app/target/debug/deps/libinsta-fc65e2965aec3cf0.rlib --extern jsonschema=/app/target/debug/deps/libjsonschema-0cead2da86f5cca7.rlib --extern predicates=/app/target/debug/deps/libpredicates-dace89ab8e90f707.rlib --extern proptest=/app/target/debug/deps/libproptest-d6b499a49d724fc5.rlib --extern regex=/app/target/debug/deps/libregex-aae23aa183aca753.rlib --extern serde=/app/target/debug/deps/libserde-2ddf37aa57423e14.rlib --extern serde_json=/app/target/debug/deps/libserde_json-02554ac7efa4e2d5.rlib --extern tempfile=/app/target/debug/deps/libtempfile-f51a2aafe76acb83.rlib --extern time=/app/target/debug/deps/libtime-ff5916d77934ff1e.rlib --extern tokmd=/app/target/debug/deps/libtokmd-f0692a71f65efafb.rlib --extern tokmd_analysis=/app/target/debug/deps/libtokmd_analysis-287e2b5f1e68be70.rlib --extern tokmd_analysis_derived=/app/target/debug/deps/libtokmd_analysis_derived-0238f5588105f72f.rlib --extern tokmd_analysis_explain=/app/target/debug/deps/libtokmd_analysis_explain-105437a229df030b.rlib --extern tokmd_analysis_format=/app/target/debug/deps/libtokmd_analysis_format-9faa09db3b8778a0.rlib --extern tokmd_analysis_grid=/app/target/debug/deps/libtokmd_analysis_grid-da610605172fdcbc.rlib --extern tokmd_analysis_types=/app/target/debug/deps/libtokmd_analysis_types-b8471925ca3eea4f.rlib --extern tokmd_badge=/app/target/debug/deps/libtokmd_badge-a3692bda83121bee.rlib --extern tokmd_cockpit=/app/target/debug/deps/libtokmd_cockpit-d6755e701929fa0f.rlib --extern tokmd_config=/app/target/debug/deps/libtokmd_config-907d875de830b68a.rlib --extern tokmd_context_git=/app/target/debug/deps/libtokmd_context_git-8f6572e04bf8d3d8.rlib --extern tokmd_context_policy=/app/target/debug/deps/libtokmd_context_policy-66a5cfc2cb52e0e0.rlib --extern tokmd_envelope=/app/target/debug/deps/libtokmd_envelope-9bbe3b42791e10c2.rlib --extern tokmd_exclude=/app/target/debug/deps/libtokmd_exclude-ed7ad8c9ce3cb6a5.rlib --extern tokmd_export_tree=/app/target/debug/deps/libtokmd_export_tree-393431f45ac57c2b.rlib --extern tokmd_format=/app/target/debug/deps/libtokmd_format-ab3491f51dc38631.rlib --extern tokmd_gate=/app/target/debug/deps/libtokmd_gate-3d049ed137b3d469.rlib --extern tokmd_git=/app/target/debug/deps/libtokmd_git-b3c6d5e93cb11ab2.rlib --extern tokmd_model=/app/target/debug/deps/libtokmd_model-5caf4eb9b674e831.rlib --extern tokmd_path=/app/target/debug/deps/libtokmd_path-87b15609bfd71d35.rlib --extern tokmd_progress=/app/target/debug/deps/libtokmd_progress-4c3f56b438105d35.rlib --extern tokmd_scan=/app/target/debug/deps/libtokmd_scan-c5d50a4874764658.rlib --extern tokmd_settings=/app/target/debug/deps/libtokmd_settings-a376241a548bc356.rlib --extern tokmd_tokeignore=/app/target/debug/deps/libtokmd_tokeignore-b17e42e8f7d6ccb6.rlib --extern tokmd_tool_schema=/app/target/debug/deps/libtokmd_tool_schema-750660505fe02567.rlib --extern tokmd_types=/app/target/debug/deps/libtokmd_types-e5279a60750fb027.rlib --extern toml=/app/target/debug/deps/libtoml-416a762657a99d87.rlib -L native=/app/target/debug/build/blake3-12e682763928d5d8/out -L native=/app/target/debug/build/blake3-12e682763928d5d8/out -L native=/app/target/debug/build/ring-7e163c8f3c6760a9/out`
     Running `/home/jules/.rustup/toolchains/stable-x86_64-unknown-linux-gnu/bin/rustc --crate-name cli_output_formats --edition=2024 crates/tokmd/tests/cli_output_formats.rs --error-format=json --json=diagnostic-rendered-ansi,artifacts,future-incompat --emit=dep-info,link -C embed-bitcode=no -C debuginfo=2 --test --cfg 'feature="archetype"' --cfg 'feature="content"' --cfg 'feature="default"' --cfg 'feature="fun"' --cfg 'feature="git"' --cfg 'feature="topics"' --cfg 'feature="ui"' --cfg 'feature="walk"' --check-cfg 'cfg(docsrs,test)' --check-cfg 'cfg(feature, values("alias-tok", "archetype", "content", "default", "fun", "git", "topics", "ui", "walk"))' -C metadata=b351074f9062102b -C extra-filename=-2b7bd6ef99fba6ae --out-dir /app/target/debug/deps -C incremental=/app/target/debug/incremental -L dependency=/app/target/debug/deps --extern anyhow=/app/target/debug/deps/libanyhow-1c897acad9a38b79.rlib --extern assert_cmd=/app/target/debug/deps/libassert_cmd-627e2edf13bfe3f8.rlib --extern blake3=/app/target/debug/deps/libblake3-ba57c91f91dea2f8.rlib --extern clap=/app/target/debug/deps/libclap-37855d5caa945650.rlib --extern clap_complete=/app/target/debug/deps/libclap_complete-c53597c9a8376dfd.rlib --extern console=/app/target/debug/deps/libconsole-082fb92185463311.rlib --extern dialoguer=/app/target/debug/deps/libdialoguer-21a6fbd0d024b082.rlib --extern dirs=/app/target/debug/deps/libdirs-e2cb4f3a84b5aae4.rlib --extern insta=/app/target/debug/deps/libinsta-fc65e2965aec3cf0.rlib --extern jsonschema=/app/target/debug/deps/libjsonschema-0cead2da86f5cca7.rlib --extern predicates=/app/target/debug/deps/libpredicates-dace89ab8e90f707.rlib --extern proptest=/app/target/debug/deps/libproptest-d6b499a49d724fc5.rlib --extern regex=/app/target/debug/deps/libregex-aae23aa183aca753.rlib --extern serde=/app/target/debug/deps/libserde-2ddf37aa57423e14.rlib --extern serde_json=/app/target/debug/deps/libserde_json-02554ac7efa4e2d5.rlib --extern tempfile=/app/target/debug/deps/libtempfile-f51a2aafe76acb83.rlib --extern time=/app/target/debug/deps/libtime-ff5916d77934ff1e.rlib --extern tokmd=/app/target/debug/deps/libtokmd-f0692a71f65efafb.rlib --extern tokmd_analysis=/app/target/debug/deps/libtokmd_analysis-287e2b5f1e68be70.rlib --extern tokmd_analysis_derived=/app/target/debug/deps/libtokmd_analysis_derived-0238f5588105f72f.rlib --extern tokmd_analysis_explain=/app/target/debug/deps/libtokmd_analysis_explain-105437a229df030b.rlib --extern tokmd_analysis_format=/app/target/debug/deps/libtokmd_analysis_format-9faa09db3b8778a0.rlib --extern tokmd_analysis_grid=/app/target/debug/deps/libtokmd_analysis_grid-da610605172fdcbc.rlib --extern tokmd_analysis_types=/app/target/debug/deps/libtokmd_analysis_types-b8471925ca3eea4f.rlib --extern tokmd_badge=/app/target/debug/deps/libtokmd_badge-a3692bda83121bee.rlib --extern tokmd_cockpit=/app/target/debug/deps/libtokmd_cockpit-d6755e701929fa0f.rlib --extern tokmd_config=/app/target/debug/deps/libtokmd_config-907d875de830b68a.rlib --extern tokmd_context_git=/app/target/debug/deps/libtokmd_context_git-8f6572e04bf8d3d8.rlib --extern tokmd_context_policy=/app/target/debug/deps/libtokmd_context_policy-66a5cfc2cb52e0e0.rlib --extern tokmd_envelope=/app/target/debug/deps/libtokmd_envelope-9bbe3b42791e10c2.rlib --extern tokmd_exclude=/app/target/debug/deps/libtokmd_exclude-ed7ad8c9ce3cb6a5.rlib --extern tokmd_export_tree=/app/target/debug/deps/libtokmd_export_tree-393431f45ac57c2b.rlib --extern tokmd_format=/app/target/debug/deps/libtokmd_format-ab3491f51dc38631.rlib --extern tokmd_gate=/app/target/debug/deps/libtokmd_gate-3d049ed137b3d469.rlib --extern tokmd_git=/app/target/debug/deps/libtokmd_git-b3c6d5e93cb11ab2.rlib --extern tokmd_model=/app/target/debug/deps/libtokmd_model-5caf4eb9b674e831.rlib --extern tokmd_path=/app/target/debug/deps/libtokmd_path-87b15609bfd71d35.rlib --extern tokmd_progress=/app/target/debug/deps/libtokmd_progress-4c3f56b438105d35.rlib --extern tokmd_scan=/app/target/debug/deps/libtokmd_scan-c5d50a4874764658.rlib --extern tokmd_settings=/app/target/debug/deps/libtokmd_settings-a376241a548bc356.rlib --extern tokmd_tokeignore=/app/target/debug/deps/libtokmd_tokeignore-b17e42e8f7d6ccb6.rlib --extern tokmd_tool_schema=/app/target/debug/deps/libtokmd_tool_schema-750660505fe02567.rlib --extern tokmd_types=/app/target/debug/deps/libtokmd_types-e5279a60750fb027.rlib --extern toml=/app/target/debug/deps/libtoml-416a762657a99d87.rlib -L native=/app/target/debug/build/blake3-12e682763928d5d8/out -L native=/app/target/debug/build/blake3-12e682763928d5d8/out -L native=/app/target/debug/build/ring-7e163c8f3c6760a9/out`
     Running `/home/jules/.rustup/toolchains/stable-x86_64-unknown-linux-gnu/bin/rustc --crate-name cli_snapshot_golden --edition=2024 crates/tokmd/tests/cli_snapshot_golden.rs --error-format=json --json=diagnostic-rendered-ansi,artifacts,future-incompat --emit=dep-info,link -C embed-bitcode=no -C debuginfo=2 --test --cfg 'feature="archetype"' --cfg 'feature="content"' --cfg 'feature="default"' --cfg 'feature="fun"' --cfg 'feature="git"' --cfg 'feature="topics"' --cfg 'feature="ui"' --cfg 'feature="walk"' --check-cfg 'cfg(docsrs,test)' --check-cfg 'cfg(feature, values("alias-tok", "archetype", "content", "default", "fun", "git", "topics", "ui", "walk"))' -C metadata=3fc650dc2f124230 -C extra-filename=-8984342fbce1bf6b --out-dir /app/target/debug/deps -C incremental=/app/target/debug/incremental -L dependency=/app/target/debug/deps --extern anyhow=/app/target/debug/deps/libanyhow-1c897acad9a38b79.rlib --extern assert_cmd=/app/target/debug/deps/libassert_cmd-627e2edf13bfe3f8.rlib --extern blake3=/app/target/debug/deps/libblake3-ba57c91f91dea2f8.rlib --extern clap=/app/target/debug/deps/libclap-37855d5caa945650.rlib --extern clap_complete=/app/target/debug/deps/libclap_complete-c53597c9a8376dfd.rlib --extern console=/app/target/debug/deps/libconsole-082fb92185463311.rlib --extern dialoguer=/app/target/debug/deps/libdialoguer-21a6fbd0d024b082.rlib --extern dirs=/app/target/debug/deps/libdirs-e2cb4f3a84b5aae4.rlib --extern insta=/app/target/debug/deps/libinsta-fc65e2965aec3cf0.rlib --extern jsonschema=/app/target/debug/deps/libjsonschema-0cead2da86f5cca7.rlib --extern predicates=/app/target/debug/deps/libpredicates-dace89ab8e90f707.rlib --extern proptest=/app/target/debug/deps/libproptest-d6b499a49d724fc5.rlib --extern regex=/app/target/debug/deps/libregex-aae23aa183aca753.rlib --extern serde=/app/target/debug/deps/libserde-2ddf37aa57423e14.rlib --extern serde_json=/app/target/debug/deps/libserde_json-02554ac7efa4e2d5.rlib --extern tempfile=/app/target/debug/deps/libtempfile-f51a2aafe76acb83.rlib --extern time=/app/target/debug/deps/libtime-ff5916d77934ff1e.rlib --extern tokmd=/app/target/debug/deps/libtokmd-f0692a71f65efafb.rlib --extern tokmd_analysis=/app/target/debug/deps/libtokmd_analysis-287e2b5f1e68be70.rlib --extern tokmd_analysis_derived=/app/target/debug/deps/libtokmd_analysis_derived-0238f5588105f72f.rlib --extern tokmd_analysis_explain=/app/target/debug/deps/libtokmd_analysis_explain-105437a229df030b.rlib --extern tokmd_analysis_format=/app/target/debug/deps/libtokmd_analysis_format-9faa09db3b8778a0.rlib --extern tokmd_analysis_grid=/app/target/debug/deps/libtokmd_analysis_grid-da610605172fdcbc.rlib --extern tokmd_analysis_types=/app/target/debug/deps/libtokmd_analysis_types-b8471925ca3eea4f.rlib --extern tokmd_badge=/app/target/debug/deps/libtokmd_badge-a3692bda83121bee.rlib --extern tokmd_cockpit=/app/target/debug/deps/libtokmd_cockpit-d6755e701929fa0f.rlib --extern tokmd_config=/app/target/debug/deps/libtokmd_config-907d875de830b68a.rlib --extern tokmd_context_git=/app/target/debug/deps/libtokmd_context_git-8f6572e04bf8d3d8.rlib --extern tokmd_context_policy=/app/target/debug/deps/libtokmd_context_policy-66a5cfc2cb52e0e0.rlib --extern tokmd_envelope=/app/target/debug/deps/libtokmd_envelope-9bbe3b42791e10c2.rlib --extern tokmd_exclude=/app/target/debug/deps/libtokmd_exclude-ed7ad8c9ce3cb6a5.rlib --extern tokmd_export_tree=/app/target/debug/deps/libtokmd_export_tree-393431f45ac57c2b.rlib --extern tokmd_format=/app/target/debug/deps/libtokmd_format-ab3491f51dc38631.rlib --extern tokmd_gate=/app/target/debug/deps/libtokmd_gate-3d049ed137b3d469.rlib --extern tokmd_git=/app/target/debug/deps/libtokmd_git-b3c6d5e93cb11ab2.rlib --extern tokmd_model=/app/target/debug/deps/libtokmd_model-5caf4eb9b674e831.rlib --extern tokmd_path=/app/target/debug/deps/libtokmd_path-87b15609bfd71d35.rlib --extern tokmd_progress=/app/target/debug/deps/libtokmd_progress-4c3f56b438105d35.rlib --extern tokmd_scan=/app/target/debug/deps/libtokmd_scan-c5d50a4874764658.rlib --extern tokmd_settings=/app/target/debug/deps/libtokmd_settings-a376241a548bc356.rlib --extern tokmd_tokeignore=/app/target/debug/deps/libtokmd_tokeignore-b17e42e8f7d6ccb6.rlib --extern tokmd_tool_schema=/app/target/debug/deps/libtokmd_tool_schema-750660505fe02567.rlib --extern tokmd_types=/app/target/debug/deps/libtokmd_types-e5279a60750fb027.rlib --extern toml=/app/target/debug/deps/libtoml-416a762657a99d87.rlib -L native=/app/target/debug/build/blake3-12e682763928d5d8/out -L native=/app/target/debug/build/blake3-12e682763928d5d8/out -L native=/app/target/debug/build/ring-7e163c8f3c6760a9/out`
     Running `/home/jules/.rustup/toolchains/stable-x86_64-unknown-linux-gnu/bin/rustc --crate-name cross_crate_w58 --edition=2024 crates/tokmd/tests/cross_crate_w58.rs --error-format=json --json=diagnostic-rendered-ansi,artifacts,future-incompat --emit=dep-info,link -C embed-bitcode=no -C debuginfo=2 --test --cfg 'feature="archetype"' --cfg 'feature="content"' --cfg 'feature="default"' --cfg 'feature="fun"' --cfg 'feature="git"' --cfg 'feature="topics"' --cfg 'feature="ui"' --cfg 'feature="walk"' --check-cfg 'cfg(docsrs,test)' --check-cfg 'cfg(feature, values("alias-tok", "archetype", "content", "default", "fun", "git", "topics", "ui", "walk"))' -C metadata=4cf63bca085b6f45 -C extra-filename=-b7cfe9154043ab07 --out-dir /app/target/debug/deps -C incremental=/app/target/debug/incremental -L dependency=/app/target/debug/deps --extern anyhow=/app/target/debug/deps/libanyhow-1c897acad9a38b79.rlib --extern assert_cmd=/app/target/debug/deps/libassert_cmd-627e2edf13bfe3f8.rlib --extern blake3=/app/target/debug/deps/libblake3-ba57c91f91dea2f8.rlib --extern clap=/app/target/debug/deps/libclap-37855d5caa945650.rlib --extern clap_complete=/app/target/debug/deps/libclap_complete-c53597c9a8376dfd.rlib --extern console=/app/target/debug/deps/libconsole-082fb92185463311.rlib --extern dialoguer=/app/target/debug/deps/libdialoguer-21a6fbd0d024b082.rlib --extern dirs=/app/target/debug/deps/libdirs-e2cb4f3a84b5aae4.rlib --extern insta=/app/target/debug/deps/libinsta-fc65e2965aec3cf0.rlib --extern jsonschema=/app/target/debug/deps/libjsonschema-0cead2da86f5cca7.rlib --extern predicates=/app/target/debug/deps/libpredicates-dace89ab8e90f707.rlib --extern proptest=/app/target/debug/deps/libproptest-d6b499a49d724fc5.rlib --extern regex=/app/target/debug/deps/libregex-aae23aa183aca753.rlib --extern serde=/app/target/debug/deps/libserde-2ddf37aa57423e14.rlib --extern serde_json=/app/target/debug/deps/libserde_json-02554ac7efa4e2d5.rlib --extern tempfile=/app/target/debug/deps/libtempfile-f51a2aafe76acb83.rlib --extern time=/app/target/debug/deps/libtime-ff5916d77934ff1e.rlib --extern tokmd=/app/target/debug/deps/libtokmd-f0692a71f65efafb.rlib --extern tokmd_analysis=/app/target/debug/deps/libtokmd_analysis-287e2b5f1e68be70.rlib --extern tokmd_analysis_derived=/app/target/debug/deps/libtokmd_analysis_derived-0238f5588105f72f.rlib --extern tokmd_analysis_explain=/app/target/debug/deps/libtokmd_analysis_explain-105437a229df030b.rlib --extern tokmd_analysis_format=/app/target/debug/deps/libtokmd_analysis_format-9faa09db3b8778a0.rlib --extern tokmd_analysis_grid=/app/target/debug/deps/libtokmd_analysis_grid-da610605172fdcbc.rlib --extern tokmd_analysis_types=/app/target/debug/deps/libtokmd_analysis_types-b8471925ca3eea4f.rlib --extern tokmd_badge=/app/target/debug/deps/libtokmd_badge-a3692bda83121bee.rlib --extern tokmd_cockpit=/app/target/debug/deps/libtokmd_cockpit-d6755e701929fa0f.rlib --extern tokmd_config=/app/target/debug/deps/libtokmd_config-907d875de830b68a.rlib --extern tokmd_context_git=/app/target/debug/deps/libtokmd_context_git-8f6572e04bf8d3d8.rlib --extern tokmd_context_policy=/app/target/debug/deps/libtokmd_context_policy-66a5cfc2cb52e0e0.rlib --extern tokmd_envelope=/app/target/debug/deps/libtokmd_envelope-9bbe3b42791e10c2.rlib --extern tokmd_exclude=/app/target/debug/deps/libtokmd_exclude-ed7ad8c9ce3cb6a5.rlib --extern tokmd_export_tree=/app/target/debug/deps/libtokmd_export_tree-393431f45ac57c2b.rlib --extern tokmd_format=/app/target/debug/deps/libtokmd_format-ab3491f51dc38631.rlib --extern tokmd_gate=/app/target/debug/deps/libtokmd_gate-3d049ed137b3d469.rlib --extern tokmd_git=/app/target/debug/deps/libtokmd_git-b3c6d5e93cb11ab2.rlib --extern tokmd_model=/app/target/debug/deps/libtokmd_model-5caf4eb9b674e831.rlib --extern tokmd_path=/app/target/debug/deps/libtokmd_path-87b15609bfd71d35.rlib --extern tokmd_progress=/app/target/debug/deps/libtokmd_progress-4c3f56b438105d35.rlib --extern tokmd_scan=/app/target/debug/deps/libtokmd_scan-c5d50a4874764658.rlib --extern tokmd_settings=/app/target/debug/deps/libtokmd_settings-a376241a548bc356.rlib --extern tokmd_tokeignore=/app/target/debug/deps/libtokmd_tokeignore-b17e42e8f7d6ccb6.rlib --extern tokmd_tool_schema=/app/target/debug/deps/libtokmd_tool_schema-750660505fe02567.rlib --extern tokmd_types=/app/target/debug/deps/libtokmd_types-e5279a60750fb027.rlib --extern toml=/app/target/debug/deps/libtoml-416a762657a99d87.rlib -L native=/app/target/debug/build/blake3-12e682763928d5d8/out -L native=/app/target/debug/build/blake3-12e682763928d5d8/out -L native=/app/target/debug/build/ring-7e163c8f3c6760a9/out`
     Running `/home/jules/.rustup/toolchains/stable-x86_64-unknown-linux-gnu/bin/rustc --crate-name determinism_w70 --edition=2024 crates/tokmd/tests/determinism_w70.rs --error-format=json --json=diagnostic-rendered-ansi,artifacts,future-incompat --emit=dep-info,link -C embed-bitcode=no -C debuginfo=2 --test --cfg 'feature="archetype"' --cfg 'feature="content"' --cfg 'feature="default"' --cfg 'feature="fun"' --cfg 'feature="git"' --cfg 'feature="topics"' --cfg 'feature="ui"' --cfg 'feature="walk"' --check-cfg 'cfg(docsrs,test)' --check-cfg 'cfg(feature, values("alias-tok", "archetype", "content", "default", "fun", "git", "topics", "ui", "walk"))' -C metadata=e8b0c7adc24b1601 -C extra-filename=-2e54243dc87e9311 --out-dir /app/target/debug/deps -C incremental=/app/target/debug/incremental -L dependency=/app/target/debug/deps --extern anyhow=/app/target/debug/deps/libanyhow-1c897acad9a38b79.rlib --extern assert_cmd=/app/target/debug/deps/libassert_cmd-627e2edf13bfe3f8.rlib --extern blake3=/app/target/debug/deps/libblake3-ba57c91f91dea2f8.rlib --extern clap=/app/target/debug/deps/libclap-37855d5caa945650.rlib --extern clap_complete=/app/target/debug/deps/libclap_complete-c53597c9a8376dfd.rlib --extern console=/app/target/debug/deps/libconsole-082fb92185463311.rlib --extern dialoguer=/app/target/debug/deps/libdialoguer-21a6fbd0d024b082.rlib --extern dirs=/app/target/debug/deps/libdirs-e2cb4f3a84b5aae4.rlib --extern insta=/app/target/debug/deps/libinsta-fc65e2965aec3cf0.rlib --extern jsonschema=/app/target/debug/deps/libjsonschema-0cead2da86f5cca7.rlib --extern predicates=/app/target/debug/deps/libpredicates-dace89ab8e90f707.rlib --extern proptest=/app/target/debug/deps/libproptest-d6b499a49d724fc5.rlib --extern regex=/app/target/debug/deps/libregex-aae23aa183aca753.rlib --extern serde=/app/target/debug/deps/libserde-2ddf37aa57423e14.rlib --extern serde_json=/app/target/debug/deps/libserde_json-02554ac7efa4e2d5.rlib --extern tempfile=/app/target/debug/deps/libtempfile-f51a2aafe76acb83.rlib --extern time=/app/target/debug/deps/libtime-ff5916d77934ff1e.rlib --extern tokmd=/app/target/debug/deps/libtokmd-f0692a71f65efafb.rlib --extern tokmd_analysis=/app/target/debug/deps/libtokmd_analysis-287e2b5f1e68be70.rlib --extern tokmd_analysis_derived=/app/target/debug/deps/libtokmd_analysis_derived-0238f5588105f72f.rlib --extern tokmd_analysis_explain=/app/target/debug/deps/libtokmd_analysis_explain-105437a229df030b.rlib --extern tokmd_analysis_format=/app/target/debug/deps/libtokmd_analysis_format-9faa09db3b8778a0.rlib --extern tokmd_analysis_grid=/app/target/debug/deps/libtokmd_analysis_grid-da610605172fdcbc.rlib --extern tokmd_analysis_types=/app/target/debug/deps/libtokmd_analysis_types-b8471925ca3eea4f.rlib --extern tokmd_badge=/app/target/debug/deps/libtokmd_badge-a3692bda83121bee.rlib --extern tokmd_cockpit=/app/target/debug/deps/libtokmd_cockpit-d6755e701929fa0f.rlib --extern tokmd_config=/app/target/debug/deps/libtokmd_config-907d875de830b68a.rlib --extern tokmd_context_git=/app/target/debug/deps/libtokmd_context_git-8f6572e04bf8d3d8.rlib --extern tokmd_context_policy=/app/target/debug/deps/libtokmd_context_policy-66a5cfc2cb52e0e0.rlib --extern tokmd_envelope=/app/target/debug/deps/libtokmd_envelope-9bbe3b42791e10c2.rlib --extern tokmd_exclude=/app/target/debug/deps/libtokmd_exclude-ed7ad8c9ce3cb6a5.rlib --extern tokmd_export_tree=/app/target/debug/deps/libtokmd_export_tree-393431f45ac57c2b.rlib --extern tokmd_format=/app/target/debug/deps/libtokmd_format-ab3491f51dc38631.rlib --extern tokmd_gate=/app/target/debug/deps/libtokmd_gate-3d049ed137b3d469.rlib --extern tokmd_git=/app/target/debug/deps/libtokmd_git-b3c6d5e93cb11ab2.rlib --extern tokmd_model=/app/target/debug/deps/libtokmd_model-5caf4eb9b674e831.rlib --extern tokmd_path=/app/target/debug/deps/libtokmd_path-87b15609bfd71d35.rlib --extern tokmd_progress=/app/target/debug/deps/libtokmd_progress-4c3f56b438105d35.rlib --extern tokmd_scan=/app/target/debug/deps/libtokmd_scan-c5d50a4874764658.rlib --extern tokmd_settings=/app/target/debug/deps/libtokmd_settings-a376241a548bc356.rlib --extern tokmd_tokeignore=/app/target/debug/deps/libtokmd_tokeignore-b17e42e8f7d6ccb6.rlib --extern tokmd_tool_schema=/app/target/debug/deps/libtokmd_tool_schema-750660505fe02567.rlib --extern tokmd_types=/app/target/debug/deps/libtokmd_types-e5279a60750fb027.rlib --extern toml=/app/target/debug/deps/libtoml-416a762657a99d87.rlib -L native=/app/target/debug/build/blake3-12e682763928d5d8/out -L native=/app/target/debug/build/blake3-12e682763928d5d8/out -L native=/app/target/debug/build/ring-7e163c8f3c6760a9/out`
     Running `/home/jules/.rustup/toolchains/stable-x86_64-unknown-linux-gnu/bin/rustc --crate-name tok_integration --edition=2024 crates/tokmd/tests/tok_integration.rs --error-format=json --json=diagnostic-rendered-ansi,artifacts,future-incompat --emit=dep-info,link -C embed-bitcode=no -C debuginfo=2 --test --cfg 'feature="archetype"' --cfg 'feature="content"' --cfg 'feature="default"' --cfg 'feature="fun"' --cfg 'feature="git"' --cfg 'feature="topics"' --cfg 'feature="ui"' --cfg 'feature="walk"' --check-cfg 'cfg(docsrs,test)' --check-cfg 'cfg(feature, values("alias-tok", "archetype", "content", "default", "fun", "git", "topics", "ui", "walk"))' -C metadata=e767ff154df0ea37 -C extra-filename=-a832dbde9251e4d5 --out-dir /app/target/debug/deps -C incremental=/app/target/debug/incremental -L dependency=/app/target/debug/deps --extern anyhow=/app/target/debug/deps/libanyhow-1c897acad9a38b79.rlib --extern assert_cmd=/app/target/debug/deps/libassert_cmd-627e2edf13bfe3f8.rlib --extern blake3=/app/target/debug/deps/libblake3-ba57c91f91dea2f8.rlib --extern clap=/app/target/debug/deps/libclap-37855d5caa945650.rlib --extern clap_complete=/app/target/debug/deps/libclap_complete-c53597c9a8376dfd.rlib --extern console=/app/target/debug/deps/libconsole-082fb92185463311.rlib --extern dialoguer=/app/target/debug/deps/libdialoguer-21a6fbd0d024b082.rlib --extern dirs=/app/target/debug/deps/libdirs-e2cb4f3a84b5aae4.rlib --extern insta=/app/target/debug/deps/libinsta-fc65e2965aec3cf0.rlib --extern jsonschema=/app/target/debug/deps/libjsonschema-0cead2da86f5cca7.rlib --extern predicates=/app/target/debug/deps/libpredicates-dace89ab8e90f707.rlib --extern proptest=/app/target/debug/deps/libproptest-d6b499a49d724fc5.rlib --extern regex=/app/target/debug/deps/libregex-aae23aa183aca753.rlib --extern serde=/app/target/debug/deps/libserde-2ddf37aa57423e14.rlib --extern serde_json=/app/target/debug/deps/libserde_json-02554ac7efa4e2d5.rlib --extern tempfile=/app/target/debug/deps/libtempfile-f51a2aafe76acb83.rlib --extern time=/app/target/debug/deps/libtime-ff5916d77934ff1e.rlib --extern tokmd=/app/target/debug/deps/libtokmd-f0692a71f65efafb.rlib --extern tokmd_analysis=/app/target/debug/deps/libtokmd_analysis-287e2b5f1e68be70.rlib --extern tokmd_analysis_derived=/app/target/debug/deps/libtokmd_analysis_derived-0238f5588105f72f.rlib --extern tokmd_analysis_explain=/app/target/debug/deps/libtokmd_analysis_explain-105437a229df030b.rlib --extern tokmd_analysis_format=/app/target/debug/deps/libtokmd_analysis_format-9faa09db3b8778a0.rlib --extern tokmd_analysis_grid=/app/target/debug/deps/libtokmd_analysis_grid-da610605172fdcbc.rlib --extern tokmd_analysis_types=/app/target/debug/deps/libtokmd_analysis_types-b8471925ca3eea4f.rlib --extern tokmd_badge=/app/target/debug/deps/libtokmd_badge-a3692bda83121bee.rlib --extern tokmd_cockpit=/app/target/debug/deps/libtokmd_cockpit-d6755e701929fa0f.rlib --extern tokmd_config=/app/target/debug/deps/libtokmd_config-907d875de830b68a.rlib --extern tokmd_context_git=/app/target/debug/deps/libtokmd_context_git-8f6572e04bf8d3d8.rlib --extern tokmd_context_policy=/app/target/debug/deps/libtokmd_context_policy-66a5cfc2cb52e0e0.rlib --extern tokmd_envelope=/app/target/debug/deps/libtokmd_envelope-9bbe3b42791e10c2.rlib --extern tokmd_exclude=/app/target/debug/deps/libtokmd_exclude-ed7ad8c9ce3cb6a5.rlib --extern tokmd_export_tree=/app/target/debug/deps/libtokmd_export_tree-393431f45ac57c2b.rlib --extern tokmd_format=/app/target/debug/deps/libtokmd_format-ab3491f51dc38631.rlib --extern tokmd_gate=/app/target/debug/deps/libtokmd_gate-3d049ed137b3d469.rlib --extern tokmd_git=/app/target/debug/deps/libtokmd_git-b3c6d5e93cb11ab2.rlib --extern tokmd_model=/app/target/debug/deps/libtokmd_model-5caf4eb9b674e831.rlib --extern tokmd_path=/app/target/debug/deps/libtokmd_path-87b15609bfd71d35.rlib --extern tokmd_progress=/app/target/debug/deps/libtokmd_progress-4c3f56b438105d35.rlib --extern tokmd_scan=/app/target/debug/deps/libtokmd_scan-c5d50a4874764658.rlib --extern tokmd_settings=/app/target/debug/deps/libtokmd_settings-a376241a548bc356.rlib --extern tokmd_tokeignore=/app/target/debug/deps/libtokmd_tokeignore-b17e42e8f7d6ccb6.rlib --extern tokmd_tool_schema=/app/target/debug/deps/libtokmd_tool_schema-750660505fe02567.rlib --extern tokmd_types=/app/target/debug/deps/libtokmd_types-e5279a60750fb027.rlib --extern toml=/app/target/debug/deps/libtoml-416a762657a99d87.rlib -L native=/app/target/debug/build/blake3-12e682763928d5d8/out -L native=/app/target/debug/build/blake3-12e682763928d5d8/out -L native=/app/target/debug/build/ring-7e163c8f3c6760a9/out`
     Running `/home/jules/.rustup/toolchains/stable-x86_64-unknown-linux-gnu/bin/rustc --crate-name cli_determinism_e2e_w54 --edition=2024 crates/tokmd/tests/cli_determinism_e2e_w54.rs --error-format=json --json=diagnostic-rendered-ansi,artifacts,future-incompat --emit=dep-info,link -C embed-bitcode=no -C debuginfo=2 --test --cfg 'feature="archetype"' --cfg 'feature="content"' --cfg 'feature="default"' --cfg 'feature="fun"' --cfg 'feature="git"' --cfg 'feature="topics"' --cfg 'feature="ui"' --cfg 'feature="walk"' --check-cfg 'cfg(docsrs,test)' --check-cfg 'cfg(feature, values("alias-tok", "archetype", "content", "default", "fun", "git", "topics", "ui", "walk"))' -C metadata=fa7b0e14f20ce33e -C extra-filename=-1967d52d0cd85db8 --out-dir /app/target/debug/deps -C incremental=/app/target/debug/incremental -L dependency=/app/target/debug/deps --extern anyhow=/app/target/debug/deps/libanyhow-1c897acad9a38b79.rlib --extern assert_cmd=/app/target/debug/deps/libassert_cmd-627e2edf13bfe3f8.rlib --extern blake3=/app/target/debug/deps/libblake3-ba57c91f91dea2f8.rlib --extern clap=/app/target/debug/deps/libclap-37855d5caa945650.rlib --extern clap_complete=/app/target/debug/deps/libclap_complete-c53597c9a8376dfd.rlib --extern console=/app/target/debug/deps/libconsole-082fb92185463311.rlib --extern dialoguer=/app/target/debug/deps/libdialoguer-21a6fbd0d024b082.rlib --extern dirs=/app/target/debug/deps/libdirs-e2cb4f3a84b5aae4.rlib --extern insta=/app/target/debug/deps/libinsta-fc65e2965aec3cf0.rlib --extern jsonschema=/app/target/debug/deps/libjsonschema-0cead2da86f5cca7.rlib --extern predicates=/app/target/debug/deps/libpredicates-dace89ab8e90f707.rlib --extern proptest=/app/target/debug/deps/libproptest-d6b499a49d724fc5.rlib --extern regex=/app/target/debug/deps/libregex-aae23aa183aca753.rlib --extern serde=/app/target/debug/deps/libserde-2ddf37aa57423e14.rlib --extern serde_json=/app/target/debug/deps/libserde_json-02554ac7efa4e2d5.rlib --extern tempfile=/app/target/debug/deps/libtempfile-f51a2aafe76acb83.rlib --extern time=/app/target/debug/deps/libtime-ff5916d77934ff1e.rlib --extern tokmd=/app/target/debug/deps/libtokmd-f0692a71f65efafb.rlib --extern tokmd_analysis=/app/target/debug/deps/libtokmd_analysis-287e2b5f1e68be70.rlib --extern tokmd_analysis_derived=/app/target/debug/deps/libtokmd_analysis_derived-0238f5588105f72f.rlib --extern tokmd_analysis_explain=/app/target/debug/deps/libtokmd_analysis_explain-105437a229df030b.rlib --extern tokmd_analysis_format=/app/target/debug/deps/libtokmd_analysis_format-9faa09db3b8778a0.rlib --extern tokmd_analysis_grid=/app/target/debug/deps/libtokmd_analysis_grid-da610605172fdcbc.rlib --extern tokmd_analysis_types=/app/target/debug/deps/libtokmd_analysis_types-b8471925ca3eea4f.rlib --extern tokmd_badge=/app/target/debug/deps/libtokmd_badge-a3692bda83121bee.rlib --extern tokmd_cockpit=/app/target/debug/deps/libtokmd_cockpit-d6755e701929fa0f.rlib --extern tokmd_config=/app/target/debug/deps/libtokmd_config-907d875de830b68a.rlib --extern tokmd_context_git=/app/target/debug/deps/libtokmd_context_git-8f6572e04bf8d3d8.rlib --extern tokmd_context_policy=/app/target/debug/deps/libtokmd_context_policy-66a5cfc2cb52e0e0.rlib --extern tokmd_envelope=/app/target/debug/deps/libtokmd_envelope-9bbe3b42791e10c2.rlib --extern tokmd_exclude=/app/target/debug/deps/libtokmd_exclude-ed7ad8c9ce3cb6a5.rlib --extern tokmd_export_tree=/app/target/debug/deps/libtokmd_export_tree-393431f45ac57c2b.rlib --extern tokmd_format=/app/target/debug/deps/libtokmd_format-ab3491f51dc38631.rlib --extern tokmd_gate=/app/target/debug/deps/libtokmd_gate-3d049ed137b3d469.rlib --extern tokmd_git=/app/target/debug/deps/libtokmd_git-b3c6d5e93cb11ab2.rlib --extern tokmd_model=/app/target/debug/deps/libtokmd_model-5caf4eb9b674e831.rlib --extern tokmd_path=/app/target/debug/deps/libtokmd_path-87b15609bfd71d35.rlib --extern tokmd_progress=/app/target/debug/deps/libtokmd_progress-4c3f56b438105d35.rlib --extern tokmd_scan=/app/target/debug/deps/libtokmd_scan-c5d50a4874764658.rlib --extern tokmd_settings=/app/target/debug/deps/libtokmd_settings-a376241a548bc356.rlib --extern tokmd_tokeignore=/app/target/debug/deps/libtokmd_tokeignore-b17e42e8f7d6ccb6.rlib --extern tokmd_tool_schema=/app/target/debug/deps/libtokmd_tool_schema-750660505fe02567.rlib --extern tokmd_types=/app/target/debug/deps/libtokmd_types-e5279a60750fb027.rlib --extern toml=/app/target/debug/deps/libtoml-416a762657a99d87.rlib -L native=/app/target/debug/build/blake3-12e682763928d5d8/out -L native=/app/target/debug/build/blake3-12e682763928d5d8/out -L native=/app/target/debug/build/ring-7e163c8f3c6760a9/out`
     Running `/home/jules/.rustup/toolchains/stable-x86_64-unknown-linux-gnu/bin/rustc --crate-name deep_context_handoff_w51 --edition=2024 crates/tokmd/tests/deep_context_handoff_w51.rs --error-format=json --json=diagnostic-rendered-ansi,artifacts,future-incompat --emit=dep-info,link -C embed-bitcode=no -C debuginfo=2 --test --cfg 'feature="archetype"' --cfg 'feature="content"' --cfg 'feature="default"' --cfg 'feature="fun"' --cfg 'feature="git"' --cfg 'feature="topics"' --cfg 'feature="ui"' --cfg 'feature="walk"' --check-cfg 'cfg(docsrs,test)' --check-cfg 'cfg(feature, values("alias-tok", "archetype", "content", "default", "fun", "git", "topics", "ui", "walk"))' -C metadata=8a349a8e6b12d889 -C extra-filename=-3c71d138f9a4f0a9 --out-dir /app/target/debug/deps -C incremental=/app/target/debug/incremental -L dependency=/app/target/debug/deps --extern anyhow=/app/target/debug/deps/libanyhow-1c897acad9a38b79.rlib --extern assert_cmd=/app/target/debug/deps/libassert_cmd-627e2edf13bfe3f8.rlib --extern blake3=/app/target/debug/deps/libblake3-ba57c91f91dea2f8.rlib --extern clap=/app/target/debug/deps/libclap-37855d5caa945650.rlib --extern clap_complete=/app/target/debug/deps/libclap_complete-c53597c9a8376dfd.rlib --extern console=/app/target/debug/deps/libconsole-082fb92185463311.rlib --extern dialoguer=/app/target/debug/deps/libdialoguer-21a6fbd0d024b082.rlib --extern dirs=/app/target/debug/deps/libdirs-e2cb4f3a84b5aae4.rlib --extern insta=/app/target/debug/deps/libinsta-fc65e2965aec3cf0.rlib --extern jsonschema=/app/target/debug/deps/libjsonschema-0cead2da86f5cca7.rlib --extern predicates=/app/target/debug/deps/libpredicates-dace89ab8e90f707.rlib --extern proptest=/app/target/debug/deps/libproptest-d6b499a49d724fc5.rlib --extern regex=/app/target/debug/deps/libregex-aae23aa183aca753.rlib --extern serde=/app/target/debug/deps/libserde-2ddf37aa57423e14.rlib --extern serde_json=/app/target/debug/deps/libserde_json-02554ac7efa4e2d5.rlib --extern tempfile=/app/target/debug/deps/libtempfile-f51a2aafe76acb83.rlib --extern time=/app/target/debug/deps/libtime-ff5916d77934ff1e.rlib --extern tokmd=/app/target/debug/deps/libtokmd-f0692a71f65efafb.rlib --extern tokmd_analysis=/app/target/debug/deps/libtokmd_analysis-287e2b5f1e68be70.rlib --extern tokmd_analysis_derived=/app/target/debug/deps/libtokmd_analysis_derived-0238f5588105f72f.rlib --extern tokmd_analysis_explain=/app/target/debug/deps/libtokmd_analysis_explain-105437a229df030b.rlib --extern tokmd_analysis_format=/app/target/debug/deps/libtokmd_analysis_format-9faa09db3b8778a0.rlib --extern tokmd_analysis_grid=/app/target/debug/deps/libtokmd_analysis_grid-da610605172fdcbc.rlib --extern tokmd_analysis_types=/app/target/debug/deps/libtokmd_analysis_types-b8471925ca3eea4f.rlib --extern tokmd_badge=/app/target/debug/deps/libtokmd_badge-a3692bda83121bee.rlib --extern tokmd_cockpit=/app/target/debug/deps/libtokmd_cockpit-d6755e701929fa0f.rlib --extern tokmd_config=/app/target/debug/deps/libtokmd_config-907d875de830b68a.rlib --extern tokmd_context_git=/app/target/debug/deps/libtokmd_context_git-8f6572e04bf8d3d8.rlib --extern tokmd_context_policy=/app/target/debug/deps/libtokmd_context_policy-66a5cfc2cb52e0e0.rlib --extern tokmd_envelope=/app/target/debug/deps/libtokmd_envelope-9bbe3b42791e10c2.rlib --extern tokmd_exclude=/app/target/debug/deps/libtokmd_exclude-ed7ad8c9ce3cb6a5.rlib --extern tokmd_export_tree=/app/target/debug/deps/libtokmd_export_tree-393431f45ac57c2b.rlib --extern tokmd_format=/app/target/debug/deps/libtokmd_format-ab3491f51dc38631.rlib --extern tokmd_gate=/app/target/debug/deps/libtokmd_gate-3d049ed137b3d469.rlib --extern tokmd_git=/app/target/debug/deps/libtokmd_git-b3c6d5e93cb11ab2.rlib --extern tokmd_model=/app/target/debug/deps/libtokmd_model-5caf4eb9b674e831.rlib --extern tokmd_path=/app/target/debug/deps/libtokmd_path-87b15609bfd71d35.rlib --extern tokmd_progress=/app/target/debug/deps/libtokmd_progress-4c3f56b438105d35.rlib --extern tokmd_scan=/app/target/debug/deps/libtokmd_scan-c5d50a4874764658.rlib --extern tokmd_settings=/app/target/debug/deps/libtokmd_settings-a376241a548bc356.rlib --extern tokmd_tokeignore=/app/target/debug/deps/libtokmd_tokeignore-b17e42e8f7d6ccb6.rlib --extern tokmd_tool_schema=/app/target/debug/deps/libtokmd_tool_schema-750660505fe02567.rlib --extern tokmd_types=/app/target/debug/deps/libtokmd_types-e5279a60750fb027.rlib --extern toml=/app/target/debug/deps/libtoml-416a762657a99d87.rlib -L native=/app/target/debug/build/blake3-12e682763928d5d8/out -L native=/app/target/debug/build/blake3-12e682763928d5d8/out -L native=/app/target/debug/build/ring-7e163c8f3c6760a9/out`
     Running `/home/jules/.rustup/toolchains/stable-x86_64-unknown-linux-gnu/bin/rustc --crate-name bdd_scenarios_w71 --edition=2024 crates/tokmd/tests/bdd_scenarios_w71.rs --error-format=json --json=diagnostic-rendered-ansi,artifacts,future-incompat --emit=dep-info,link -C embed-bitcode=no -C debuginfo=2 --test --cfg 'feature="archetype"' --cfg 'feature="content"' --cfg 'feature="default"' --cfg 'feature="fun"' --cfg 'feature="git"' --cfg 'feature="topics"' --cfg 'feature="ui"' --cfg 'feature="walk"' --check-cfg 'cfg(docsrs,test)' --check-cfg 'cfg(feature, values("alias-tok", "archetype", "content", "default", "fun", "git", "topics", "ui", "walk"))' -C metadata=f9971b21688cca56 -C extra-filename=-7bb6f3af057eaf47 --out-dir /app/target/debug/deps -C incremental=/app/target/debug/incremental -L dependency=/app/target/debug/deps --extern anyhow=/app/target/debug/deps/libanyhow-1c897acad9a38b79.rlib --extern assert_cmd=/app/target/debug/deps/libassert_cmd-627e2edf13bfe3f8.rlib --extern blake3=/app/target/debug/deps/libblake3-ba57c91f91dea2f8.rlib --extern clap=/app/target/debug/deps/libclap-37855d5caa945650.rlib --extern clap_complete=/app/target/debug/deps/libclap_complete-c53597c9a8376dfd.rlib --extern console=/app/target/debug/deps/libconsole-082fb92185463311.rlib --extern dialoguer=/app/target/debug/deps/libdialoguer-21a6fbd0d024b082.rlib --extern dirs=/app/target/debug/deps/libdirs-e2cb4f3a84b5aae4.rlib --extern insta=/app/target/debug/deps/libinsta-fc65e2965aec3cf0.rlib --extern jsonschema=/app/target/debug/deps/libjsonschema-0cead2da86f5cca7.rlib --extern predicates=/app/target/debug/deps/libpredicates-dace89ab8e90f707.rlib --extern proptest=/app/target/debug/deps/libproptest-d6b499a49d724fc5.rlib --extern regex=/app/target/debug/deps/libregex-aae23aa183aca753.rlib --extern serde=/app/target/debug/deps/libserde-2ddf37aa57423e14.rlib --extern serde_json=/app/target/debug/deps/libserde_json-02554ac7efa4e2d5.rlib --extern tempfile=/app/target/debug/deps/libtempfile-f51a2aafe76acb83.rlib --extern time=/app/target/debug/deps/libtime-ff5916d77934ff1e.rlib --extern tokmd=/app/target/debug/deps/libtokmd-f0692a71f65efafb.rlib --extern tokmd_analysis=/app/target/debug/deps/libtokmd_analysis-287e2b5f1e68be70.rlib --extern tokmd_analysis_derived=/app/target/debug/deps/libtokmd_analysis_derived-0238f5588105f72f.rlib --extern tokmd_analysis_explain=/app/target/debug/deps/libtokmd_analysis_explain-105437a229df030b.rlib --extern tokmd_analysis_format=/app/target/debug/deps/libtokmd_analysis_format-9faa09db3b8778a0.rlib --extern tokmd_analysis_grid=/app/target/debug/deps/libtokmd_analysis_grid-da610605172fdcbc.rlib --extern tokmd_analysis_types=/app/target/debug/deps/libtokmd_analysis_types-b8471925ca3eea4f.rlib --extern tokmd_badge=/app/target/debug/deps/libtokmd_badge-a3692bda83121bee.rlib --extern tokmd_cockpit=/app/target/debug/deps/libtokmd_cockpit-d6755e701929fa0f.rlib --extern tokmd_config=/app/target/debug/deps/libtokmd_config-907d875de830b68a.rlib --extern tokmd_context_git=/app/target/debug/deps/libtokmd_context_git-8f6572e04bf8d3d8.rlib --extern tokmd_context_policy=/app/target/debug/deps/libtokmd_context_policy-66a5cfc2cb52e0e0.rlib --extern tokmd_envelope=/app/target/debug/deps/libtokmd_envelope-9bbe3b42791e10c2.rlib --extern tokmd_exclude=/app/target/debug/deps/libtokmd_exclude-ed7ad8c9ce3cb6a5.rlib --extern tokmd_export_tree=/app/target/debug/deps/libtokmd_export_tree-393431f45ac57c2b.rlib --extern tokmd_format=/app/target/debug/deps/libtokmd_format-ab3491f51dc38631.rlib --extern tokmd_gate=/app/target/debug/deps/libtokmd_gate-3d049ed137b3d469.rlib --extern tokmd_git=/app/target/debug/deps/libtokmd_git-b3c6d5e93cb11ab2.rlib --extern tokmd_model=/app/target/debug/deps/libtokmd_model-5caf4eb9b674e831.rlib --extern tokmd_path=/app/target/debug/deps/libtokmd_path-87b15609bfd71d35.rlib --extern tokmd_progress=/app/target/debug/deps/libtokmd_progress-4c3f56b438105d35.rlib --extern tokmd_scan=/app/target/debug/deps/libtokmd_scan-c5d50a4874764658.rlib --extern tokmd_settings=/app/target/debug/deps/libtokmd_settings-a376241a548bc356.rlib --extern tokmd_tokeignore=/app/target/debug/deps/libtokmd_tokeignore-b17e42e8f7d6ccb6.rlib --extern tokmd_tool_schema=/app/target/debug/deps/libtokmd_tool_schema-750660505fe02567.rlib --extern tokmd_types=/app/target/debug/deps/libtokmd_types-e5279a60750fb027.rlib --extern toml=/app/target/debug/deps/libtoml-416a762657a99d87.rlib -L native=/app/target/debug/build/blake3-12e682763928d5d8/out -L native=/app/target/debug/build/blake3-12e682763928d5d8/out -L native=/app/target/debug/build/ring-7e163c8f3c6760a9/out`
     Running `/home/jules/.rustup/toolchains/stable-x86_64-unknown-linux-gnu/bin/rustc --crate-name feature_gate_cli_w53 --edition=2024 crates/tokmd/tests/feature_gate_cli_w53.rs --error-format=json --json=diagnostic-rendered-ansi,artifacts,future-incompat --emit=dep-info,link -C embed-bitcode=no -C debuginfo=2 --test --cfg 'feature="archetype"' --cfg 'feature="content"' --cfg 'feature="default"' --cfg 'feature="fun"' --cfg 'feature="git"' --cfg 'feature="topics"' --cfg 'feature="ui"' --cfg 'feature="walk"' --check-cfg 'cfg(docsrs,test)' --check-cfg 'cfg(feature, values("alias-tok", "archetype", "content", "default", "fun", "git", "topics", "ui", "walk"))' -C metadata=021632c71103faf3 -C extra-filename=-c6d5696420eae746 --out-dir /app/target/debug/deps -C incremental=/app/target/debug/incremental -L dependency=/app/target/debug/deps --extern anyhow=/app/target/debug/deps/libanyhow-1c897acad9a38b79.rlib --extern assert_cmd=/app/target/debug/deps/libassert_cmd-627e2edf13bfe3f8.rlib --extern blake3=/app/target/debug/deps/libblake3-ba57c91f91dea2f8.rlib --extern clap=/app/target/debug/deps/libclap-37855d5caa945650.rlib --extern clap_complete=/app/target/debug/deps/libclap_complete-c53597c9a8376dfd.rlib --extern console=/app/target/debug/deps/libconsole-082fb92185463311.rlib --extern dialoguer=/app/target/debug/deps/libdialoguer-21a6fbd0d024b082.rlib --extern dirs=/app/target/debug/deps/libdirs-e2cb4f3a84b5aae4.rlib --extern insta=/app/target/debug/deps/libinsta-fc65e2965aec3cf0.rlib --extern jsonschema=/app/target/debug/deps/libjsonschema-0cead2da86f5cca7.rlib --extern predicates=/app/target/debug/deps/libpredicates-dace89ab8e90f707.rlib --extern proptest=/app/target/debug/deps/libproptest-d6b499a49d724fc5.rlib --extern regex=/app/target/debug/deps/libregex-aae23aa183aca753.rlib --extern serde=/app/target/debug/deps/libserde-2ddf37aa57423e14.rlib --extern serde_json=/app/target/debug/deps/libserde_json-02554ac7efa4e2d5.rlib --extern tempfile=/app/target/debug/deps/libtempfile-f51a2aafe76acb83.rlib --extern time=/app/target/debug/deps/libtime-ff5916d77934ff1e.rlib --extern tokmd=/app/target/debug/deps/libtokmd-f0692a71f65efafb.rlib --extern tokmd_analysis=/app/target/debug/deps/libtokmd_analysis-287e2b5f1e68be70.rlib --extern tokmd_analysis_derived=/app/target/debug/deps/libtokmd_analysis_derived-0238f5588105f72f.rlib --extern tokmd_analysis_explain=/app/target/debug/deps/libtokmd_analysis_explain-105437a229df030b.rlib --extern tokmd_analysis_format=/app/target/debug/deps/libtokmd_analysis_format-9faa09db3b8778a0.rlib --extern tokmd_analysis_grid=/app/target/debug/deps/libtokmd_analysis_grid-da610605172fdcbc.rlib --extern tokmd_analysis_types=/app/target/debug/deps/libtokmd_analysis_types-b8471925ca3eea4f.rlib --extern tokmd_badge=/app/target/debug/deps/libtokmd_badge-a3692bda83121bee.rlib --extern tokmd_cockpit=/app/target/debug/deps/libtokmd_cockpit-d6755e701929fa0f.rlib --extern tokmd_config=/app/target/debug/deps/libtokmd_config-907d875de830b68a.rlib --extern tokmd_context_git=/app/target/debug/deps/libtokmd_context_git-8f6572e04bf8d3d8.rlib --extern tokmd_context_policy=/app/target/debug/deps/libtokmd_context_policy-66a5cfc2cb52e0e0.rlib --extern tokmd_envelope=/app/target/debug/deps/libtokmd_envelope-9bbe3b42791e10c2.rlib --extern tokmd_exclude=/app/target/debug/deps/libtokmd_exclude-ed7ad8c9ce3cb6a5.rlib --extern tokmd_export_tree=/app/target/debug/deps/libtokmd_export_tree-393431f45ac57c2b.rlib --extern tokmd_format=/app/target/debug/deps/libtokmd_format-ab3491f51dc38631.rlib --extern tokmd_gate=/app/target/debug/deps/libtokmd_gate-3d049ed137b3d469.rlib --extern tokmd_git=/app/target/debug/deps/libtokmd_git-b3c6d5e93cb11ab2.rlib --extern tokmd_model=/app/target/debug/deps/libtokmd_model-5caf4eb9b674e831.rlib --extern tokmd_path=/app/target/debug/deps/libtokmd_path-87b15609bfd71d35.rlib --extern tokmd_progress=/app/target/debug/deps/libtokmd_progress-4c3f56b438105d35.rlib --extern tokmd_scan=/app/target/debug/deps/libtokmd_scan-c5d50a4874764658.rlib --extern tokmd_settings=/app/target/debug/deps/libtokmd_settings-a376241a548bc356.rlib --extern tokmd_tokeignore=/app/target/debug/deps/libtokmd_tokeignore-b17e42e8f7d6ccb6.rlib --extern tokmd_tool_schema=/app/target/debug/deps/libtokmd_tool_schema-750660505fe02567.rlib --extern tokmd_types=/app/target/debug/deps/libtokmd_types-e5279a60750fb027.rlib --extern toml=/app/target/debug/deps/libtoml-416a762657a99d87.rlib -L native=/app/target/debug/build/blake3-12e682763928d5d8/out -L native=/app/target/debug/build/blake3-12e682763928d5d8/out -L native=/app/target/debug/build/ring-7e163c8f3c6760a9/out`
     Running `/home/jules/.rustup/toolchains/stable-x86_64-unknown-linux-gnu/bin/rustc --crate-name determinism --edition=2024 crates/tokmd/tests/determinism.rs --error-format=json --json=diagnostic-rendered-ansi,artifacts,future-incompat --emit=dep-info,link -C embed-bitcode=no -C debuginfo=2 --test --cfg 'feature="archetype"' --cfg 'feature="content"' --cfg 'feature="default"' --cfg 'feature="fun"' --cfg 'feature="git"' --cfg 'feature="topics"' --cfg 'feature="ui"' --cfg 'feature="walk"' --check-cfg 'cfg(docsrs,test)' --check-cfg 'cfg(feature, values("alias-tok", "archetype", "content", "default", "fun", "git", "topics", "ui", "walk"))' -C metadata=51058a0e624950d9 -C extra-filename=-0ca96b4155929094 --out-dir /app/target/debug/deps -C incremental=/app/target/debug/incremental -L dependency=/app/target/debug/deps --extern anyhow=/app/target/debug/deps/libanyhow-1c897acad9a38b79.rlib --extern assert_cmd=/app/target/debug/deps/libassert_cmd-627e2edf13bfe3f8.rlib --extern blake3=/app/target/debug/deps/libblake3-ba57c91f91dea2f8.rlib --extern clap=/app/target/debug/deps/libclap-37855d5caa945650.rlib --extern clap_complete=/app/target/debug/deps/libclap_complete-c53597c9a8376dfd.rlib --extern console=/app/target/debug/deps/libconsole-082fb92185463311.rlib --extern dialoguer=/app/target/debug/deps/libdialoguer-21a6fbd0d024b082.rlib --extern dirs=/app/target/debug/deps/libdirs-e2cb4f3a84b5aae4.rlib --extern insta=/app/target/debug/deps/libinsta-fc65e2965aec3cf0.rlib --extern jsonschema=/app/target/debug/deps/libjsonschema-0cead2da86f5cca7.rlib --extern predicates=/app/target/debug/deps/libpredicates-dace89ab8e90f707.rlib --extern proptest=/app/target/debug/deps/libproptest-d6b499a49d724fc5.rlib --extern regex=/app/target/debug/deps/libregex-aae23aa183aca753.rlib --extern serde=/app/target/debug/deps/libserde-2ddf37aa57423e14.rlib --extern serde_json=/app/target/debug/deps/libserde_json-02554ac7efa4e2d5.rlib --extern tempfile=/app/target/debug/deps/libtempfile-f51a2aafe76acb83.rlib --extern time=/app/target/debug/deps/libtime-ff5916d77934ff1e.rlib --extern tokmd=/app/target/debug/deps/libtokmd-f0692a71f65efafb.rlib --extern tokmd_analysis=/app/target/debug/deps/libtokmd_analysis-287e2b5f1e68be70.rlib --extern tokmd_analysis_derived=/app/target/debug/deps/libtokmd_analysis_derived-0238f5588105f72f.rlib --extern tokmd_analysis_explain=/app/target/debug/deps/libtokmd_analysis_explain-105437a229df030b.rlib --extern tokmd_analysis_format=/app/target/debug/deps/libtokmd_analysis_format-9faa09db3b8778a0.rlib --extern tokmd_analysis_grid=/app/target/debug/deps/libtokmd_analysis_grid-da610605172fdcbc.rlib --extern tokmd_analysis_types=/app/target/debug/deps/libtokmd_analysis_types-b8471925ca3eea4f.rlib --extern tokmd_badge=/app/target/debug/deps/libtokmd_badge-a3692bda83121bee.rlib --extern tokmd_cockpit=/app/target/debug/deps/libtokmd_cockpit-d6755e701929fa0f.rlib --extern tokmd_config=/app/target/debug/deps/libtokmd_config-907d875de830b68a.rlib --extern tokmd_context_git=/app/target/debug/deps/libtokmd_context_git-8f6572e04bf8d3d8.rlib --extern tokmd_context_policy=/app/target/debug/deps/libtokmd_context_policy-66a5cfc2cb52e0e0.rlib --extern tokmd_envelope=/app/target/debug/deps/libtokmd_envelope-9bbe3b42791e10c2.rlib --extern tokmd_exclude=/app/target/debug/deps/libtokmd_exclude-ed7ad8c9ce3cb6a5.rlib --extern tokmd_export_tree=/app/target/debug/deps/libtokmd_export_tree-393431f45ac57c2b.rlib --extern tokmd_format=/app/target/debug/deps/libtokmd_format-ab3491f51dc38631.rlib --extern tokmd_gate=/app/target/debug/deps/libtokmd_gate-3d049ed137b3d469.rlib --extern tokmd_git=/app/target/debug/deps/libtokmd_git-b3c6d5e93cb11ab2.rlib --extern tokmd_model=/app/target/debug/deps/libtokmd_model-5caf4eb9b674e831.rlib --extern tokmd_path=/app/target/debug/deps/libtokmd_path-87b15609bfd71d35.rlib --extern tokmd_progress=/app/target/debug/deps/libtokmd_progress-4c3f56b438105d35.rlib --extern tokmd_scan=/app/target/debug/deps/libtokmd_scan-c5d50a4874764658.rlib --extern tokmd_settings=/app/target/debug/deps/libtokmd_settings-a376241a548bc356.rlib --extern tokmd_tokeignore=/app/target/debug/deps/libtokmd_tokeignore-b17e42e8f7d6ccb6.rlib --extern tokmd_tool_schema=/app/target/debug/deps/libtokmd_tool_schema-750660505fe02567.rlib --extern tokmd_types=/app/target/debug/deps/libtokmd_types-e5279a60750fb027.rlib --extern toml=/app/target/debug/deps/libtoml-416a762657a99d87.rlib -L native=/app/target/debug/build/blake3-12e682763928d5d8/out -L native=/app/target/debug/build/blake3-12e682763928d5d8/out -L native=/app/target/debug/build/ring-7e163c8f3c6760a9/out`
     Running `/home/jules/.rustup/toolchains/stable-x86_64-unknown-linux-gnu/bin/rustc --crate-name cli_output_formats_w66 --edition=2024 crates/tokmd/tests/cli_output_formats_w66.rs --error-format=json --json=diagnostic-rendered-ansi,artifacts,future-incompat --emit=dep-info,link -C embed-bitcode=no -C debuginfo=2 --test --cfg 'feature="archetype"' --cfg 'feature="content"' --cfg 'feature="default"' --cfg 'feature="fun"' --cfg 'feature="git"' --cfg 'feature="topics"' --cfg 'feature="ui"' --cfg 'feature="walk"' --check-cfg 'cfg(docsrs,test)' --check-cfg 'cfg(feature, values("alias-tok", "archetype", "content", "default", "fun", "git", "topics", "ui", "walk"))' -C metadata=da5433c1a16dfb51 -C extra-filename=-f04e0e4766437e2c --out-dir /app/target/debug/deps -C incremental=/app/target/debug/incremental -L dependency=/app/target/debug/deps --extern anyhow=/app/target/debug/deps/libanyhow-1c897acad9a38b79.rlib --extern assert_cmd=/app/target/debug/deps/libassert_cmd-627e2edf13bfe3f8.rlib --extern blake3=/app/target/debug/deps/libblake3-ba57c91f91dea2f8.rlib --extern clap=/app/target/debug/deps/libclap-37855d5caa945650.rlib --extern clap_complete=/app/target/debug/deps/libclap_complete-c53597c9a8376dfd.rlib --extern console=/app/target/debug/deps/libconsole-082fb92185463311.rlib --extern dialoguer=/app/target/debug/deps/libdialoguer-21a6fbd0d024b082.rlib --extern dirs=/app/target/debug/deps/libdirs-e2cb4f3a84b5aae4.rlib --extern insta=/app/target/debug/deps/libinsta-fc65e2965aec3cf0.rlib --extern jsonschema=/app/target/debug/deps/libjsonschema-0cead2da86f5cca7.rlib --extern predicates=/app/target/debug/deps/libpredicates-dace89ab8e90f707.rlib --extern proptest=/app/target/debug/deps/libproptest-d6b499a49d724fc5.rlib --extern regex=/app/target/debug/deps/libregex-aae23aa183aca753.rlib --extern serde=/app/target/debug/deps/libserde-2ddf37aa57423e14.rlib --extern serde_json=/app/target/debug/deps/libserde_json-02554ac7efa4e2d5.rlib --extern tempfile=/app/target/debug/deps/libtempfile-f51a2aafe76acb83.rlib --extern time=/app/target/debug/deps/libtime-ff5916d77934ff1e.rlib --extern tokmd=/app/target/debug/deps/libtokmd-f0692a71f65efafb.rlib --extern tokmd_analysis=/app/target/debug/deps/libtokmd_analysis-287e2b5f1e68be70.rlib --extern tokmd_analysis_derived=/app/target/debug/deps/libtokmd_analysis_derived-0238f5588105f72f.rlib --extern tokmd_analysis_explain=/app/target/debug/deps/libtokmd_analysis_explain-105437a229df030b.rlib --extern tokmd_analysis_format=/app/target/debug/deps/libtokmd_analysis_format-9faa09db3b8778a0.rlib --extern tokmd_analysis_grid=/app/target/debug/deps/libtokmd_analysis_grid-da610605172fdcbc.rlib --extern tokmd_analysis_types=/app/target/debug/deps/libtokmd_analysis_types-b8471925ca3eea4f.rlib --extern tokmd_badge=/app/target/debug/deps/libtokmd_badge-a3692bda83121bee.rlib --extern tokmd_cockpit=/app/target/debug/deps/libtokmd_cockpit-d6755e701929fa0f.rlib --extern tokmd_config=/app/target/debug/deps/libtokmd_config-907d875de830b68a.rlib --extern tokmd_context_git=/app/target/debug/deps/libtokmd_context_git-8f6572e04bf8d3d8.rlib --extern tokmd_context_policy=/app/target/debug/deps/libtokmd_context_policy-66a5cfc2cb52e0e0.rlib --extern tokmd_envelope=/app/target/debug/deps/libtokmd_envelope-9bbe3b42791e10c2.rlib --extern tokmd_exclude=/app/target/debug/deps/libtokmd_exclude-ed7ad8c9ce3cb6a5.rlib --extern tokmd_export_tree=/app/target/debug/deps/libtokmd_export_tree-393431f45ac57c2b.rlib --extern tokmd_format=/app/target/debug/deps/libtokmd_format-ab3491f51dc38631.rlib --extern tokmd_gate=/app/target/debug/deps/libtokmd_gate-3d049ed137b3d469.rlib --extern tokmd_git=/app/target/debug/deps/libtokmd_git-b3c6d5e93cb11ab2.rlib --extern tokmd_model=/app/target/debug/deps/libtokmd_model-5caf4eb9b674e831.rlib --extern tokmd_path=/app/target/debug/deps/libtokmd_path-87b15609bfd71d35.rlib --extern tokmd_progress=/app/target/debug/deps/libtokmd_progress-4c3f56b438105d35.rlib --extern tokmd_scan=/app/target/debug/deps/libtokmd_scan-c5d50a4874764658.rlib --extern tokmd_settings=/app/target/debug/deps/libtokmd_settings-a376241a548bc356.rlib --extern tokmd_tokeignore=/app/target/debug/deps/libtokmd_tokeignore-b17e42e8f7d6ccb6.rlib --extern tokmd_tool_schema=/app/target/debug/deps/libtokmd_tool_schema-750660505fe02567.rlib --extern tokmd_types=/app/target/debug/deps/libtokmd_types-e5279a60750fb027.rlib --extern toml=/app/target/debug/deps/libtoml-416a762657a99d87.rlib -L native=/app/target/debug/build/blake3-12e682763928d5d8/out -L native=/app/target/debug/build/blake3-12e682763928d5d8/out -L native=/app/target/debug/build/ring-7e163c8f3c6760a9/out`
     Running `/home/jules/.rustup/toolchains/stable-x86_64-unknown-linux-gnu/bin/rustc --crate-name cli_e2e_w58 --edition=2024 crates/tokmd/tests/cli_e2e_w58.rs --error-format=json --json=diagnostic-rendered-ansi,artifacts,future-incompat --emit=dep-info,link -C embed-bitcode=no -C debuginfo=2 --test --cfg 'feature="archetype"' --cfg 'feature="content"' --cfg 'feature="default"' --cfg 'feature="fun"' --cfg 'feature="git"' --cfg 'feature="topics"' --cfg 'feature="ui"' --cfg 'feature="walk"' --check-cfg 'cfg(docsrs,test)' --check-cfg 'cfg(feature, values("alias-tok", "archetype", "content", "default", "fun", "git", "topics", "ui", "walk"))' -C metadata=77c48e05c857363d -C extra-filename=-ac6a8e1e1cda430a --out-dir /app/target/debug/deps -C incremental=/app/target/debug/incremental -L dependency=/app/target/debug/deps --extern anyhow=/app/target/debug/deps/libanyhow-1c897acad9a38b79.rlib --extern assert_cmd=/app/target/debug/deps/libassert_cmd-627e2edf13bfe3f8.rlib --extern blake3=/app/target/debug/deps/libblake3-ba57c91f91dea2f8.rlib --extern clap=/app/target/debug/deps/libclap-37855d5caa945650.rlib --extern clap_complete=/app/target/debug/deps/libclap_complete-c53597c9a8376dfd.rlib --extern console=/app/target/debug/deps/libconsole-082fb92185463311.rlib --extern dialoguer=/app/target/debug/deps/libdialoguer-21a6fbd0d024b082.rlib --extern dirs=/app/target/debug/deps/libdirs-e2cb4f3a84b5aae4.rlib --extern insta=/app/target/debug/deps/libinsta-fc65e2965aec3cf0.rlib --extern jsonschema=/app/target/debug/deps/libjsonschema-0cead2da86f5cca7.rlib --extern predicates=/app/target/debug/deps/libpredicates-dace89ab8e90f707.rlib --extern proptest=/app/target/debug/deps/libproptest-d6b499a49d724fc5.rlib --extern regex=/app/target/debug/deps/libregex-aae23aa183aca753.rlib --extern serde=/app/target/debug/deps/libserde-2ddf37aa57423e14.rlib --extern serde_json=/app/target/debug/deps/libserde_json-02554ac7efa4e2d5.rlib --extern tempfile=/app/target/debug/deps/libtempfile-f51a2aafe76acb83.rlib --extern time=/app/target/debug/deps/libtime-ff5916d77934ff1e.rlib --extern tokmd=/app/target/debug/deps/libtokmd-f0692a71f65efafb.rlib --extern tokmd_analysis=/app/target/debug/deps/libtokmd_analysis-287e2b5f1e68be70.rlib --extern tokmd_analysis_derived=/app/target/debug/deps/libtokmd_analysis_derived-0238f5588105f72f.rlib --extern tokmd_analysis_explain=/app/target/debug/deps/libtokmd_analysis_explain-105437a229df030b.rlib --extern tokmd_analysis_format=/app/target/debug/deps/libtokmd_analysis_format-9faa09db3b8778a0.rlib --extern tokmd_analysis_grid=/app/target/debug/deps/libtokmd_analysis_grid-da610605172fdcbc.rlib --extern tokmd_analysis_types=/app/target/debug/deps/libtokmd_analysis_types-b8471925ca3eea4f.rlib --extern tokmd_badge=/app/target/debug/deps/libtokmd_badge-a3692bda83121bee.rlib --extern tokmd_cockpit=/app/target/debug/deps/libtokmd_cockpit-d6755e701929fa0f.rlib --extern tokmd_config=/app/target/debug/deps/libtokmd_config-907d875de830b68a.rlib --extern tokmd_context_git=/app/target/debug/deps/libtokmd_context_git-8f6572e04bf8d3d8.rlib --extern tokmd_context_policy=/app/target/debug/deps/libtokmd_context_policy-66a5cfc2cb52e0e0.rlib --extern tokmd_envelope=/app/target/debug/deps/libtokmd_envelope-9bbe3b42791e10c2.rlib --extern tokmd_exclude=/app/target/debug/deps/libtokmd_exclude-ed7ad8c9ce3cb6a5.rlib --extern tokmd_export_tree=/app/target/debug/deps/libtokmd_export_tree-393431f45ac57c2b.rlib --extern tokmd_format=/app/target/debug/deps/libtokmd_format-ab3491f51dc38631.rlib --extern tokmd_gate=/app/target/debug/deps/libtokmd_gate-3d049ed137b3d469.rlib --extern tokmd_git=/app/target/debug/deps/libtokmd_git-b3c6d5e93cb11ab2.rlib --extern tokmd_model=/app/target/debug/deps/libtokmd_model-5caf4eb9b674e831.rlib --extern tokmd_path=/app/target/debug/deps/libtokmd_path-87b15609bfd71d35.rlib --extern tokmd_progress=/app/target/debug/deps/libtokmd_progress-4c3f56b438105d35.rlib --extern tokmd_scan=/app/target/debug/deps/libtokmd_scan-c5d50a4874764658.rlib --extern tokmd_settings=/app/target/debug/deps/libtokmd_settings-a376241a548bc356.rlib --extern tokmd_tokeignore=/app/target/debug/deps/libtokmd_tokeignore-b17e42e8f7d6ccb6.rlib --extern tokmd_tool_schema=/app/target/debug/deps/libtokmd_tool_schema-750660505fe02567.rlib --extern tokmd_types=/app/target/debug/deps/libtokmd_types-e5279a60750fb027.rlib --extern toml=/app/target/debug/deps/libtoml-416a762657a99d87.rlib -L native=/app/target/debug/build/blake3-12e682763928d5d8/out -L native=/app/target/debug/build/blake3-12e682763928d5d8/out -L native=/app/target/debug/build/ring-7e163c8f3c6760a9/out`
     Running `/home/jules/.rustup/toolchains/stable-x86_64-unknown-linux-gnu/bin/rustc --crate-name tokmd --edition=2024 crates/tokmd/src/bin/tokmd.rs --error-format=json --json=diagnostic-rendered-ansi,artifacts,future-incompat --emit=dep-info,link -C embed-bitcode=no -C debuginfo=2 --test --cfg 'feature="archetype"' --cfg 'feature="content"' --cfg 'feature="default"' --cfg 'feature="fun"' --cfg 'feature="git"' --cfg 'feature="topics"' --cfg 'feature="ui"' --cfg 'feature="walk"' --check-cfg 'cfg(docsrs,test)' --check-cfg 'cfg(feature, values("alias-tok", "archetype", "content", "default", "fun", "git", "topics", "ui", "walk"))' -C metadata=83f7139cfef145f1 -C extra-filename=-de5ad3aee98853b2 --out-dir /app/target/debug/deps -C incremental=/app/target/debug/incremental -L dependency=/app/target/debug/deps --extern anyhow=/app/target/debug/deps/libanyhow-1c897acad9a38b79.rlib --extern assert_cmd=/app/target/debug/deps/libassert_cmd-627e2edf13bfe3f8.rlib --extern blake3=/app/target/debug/deps/libblake3-ba57c91f91dea2f8.rlib --extern clap=/app/target/debug/deps/libclap-37855d5caa945650.rlib --extern clap_complete=/app/target/debug/deps/libclap_complete-c53597c9a8376dfd.rlib --extern console=/app/target/debug/deps/libconsole-082fb92185463311.rlib --extern dialoguer=/app/target/debug/deps/libdialoguer-21a6fbd0d024b082.rlib --extern dirs=/app/target/debug/deps/libdirs-e2cb4f3a84b5aae4.rlib --extern insta=/app/target/debug/deps/libinsta-fc65e2965aec3cf0.rlib --extern jsonschema=/app/target/debug/deps/libjsonschema-0cead2da86f5cca7.rlib --extern predicates=/app/target/debug/deps/libpredicates-dace89ab8e90f707.rlib --extern proptest=/app/target/debug/deps/libproptest-d6b499a49d724fc5.rlib --extern regex=/app/target/debug/deps/libregex-aae23aa183aca753.rlib --extern serde=/app/target/debug/deps/libserde-2ddf37aa57423e14.rlib --extern serde_json=/app/target/debug/deps/libserde_json-02554ac7efa4e2d5.rlib --extern tempfile=/app/target/debug/deps/libtempfile-f51a2aafe76acb83.rlib --extern time=/app/target/debug/deps/libtime-ff5916d77934ff1e.rlib --extern tokmd=/app/target/debug/deps/libtokmd-f0692a71f65efafb.rlib --extern tokmd_analysis=/app/target/debug/deps/libtokmd_analysis-287e2b5f1e68be70.rlib --extern tokmd_analysis_derived=/app/target/debug/deps/libtokmd_analysis_derived-0238f5588105f72f.rlib --extern tokmd_analysis_explain=/app/target/debug/deps/libtokmd_analysis_explain-105437a229df030b.rlib --extern tokmd_analysis_format=/app/target/debug/deps/libtokmd_analysis_format-9faa09db3b8778a0.rlib --extern tokmd_analysis_grid=/app/target/debug/deps/libtokmd_analysis_grid-da610605172fdcbc.rlib --extern tokmd_analysis_types=/app/target/debug/deps/libtokmd_analysis_types-b8471925ca3eea4f.rlib --extern tokmd_badge=/app/target/debug/deps/libtokmd_badge-a3692bda83121bee.rlib --extern tokmd_cockpit=/app/target/debug/deps/libtokmd_cockpit-d6755e701929fa0f.rlib --extern tokmd_config=/app/target/debug/deps/libtokmd_config-907d875de830b68a.rlib --extern tokmd_context_git=/app/target/debug/deps/libtokmd_context_git-8f6572e04bf8d3d8.rlib --extern tokmd_context_policy=/app/target/debug/deps/libtokmd_context_policy-66a5cfc2cb52e0e0.rlib --extern tokmd_envelope=/app/target/debug/deps/libtokmd_envelope-9bbe3b42791e10c2.rlib --extern tokmd_exclude=/app/target/debug/deps/libtokmd_exclude-ed7ad8c9ce3cb6a5.rlib --extern tokmd_export_tree=/app/target/debug/deps/libtokmd_export_tree-393431f45ac57c2b.rlib --extern tokmd_format=/app/target/debug/deps/libtokmd_format-ab3491f51dc38631.rlib --extern tokmd_gate=/app/target/debug/deps/libtokmd_gate-3d049ed137b3d469.rlib --extern tokmd_git=/app/target/debug/deps/libtokmd_git-b3c6d5e93cb11ab2.rlib --extern tokmd_model=/app/target/debug/deps/libtokmd_model-5caf4eb9b674e831.rlib --extern tokmd_path=/app/target/debug/deps/libtokmd_path-87b15609bfd71d35.rlib --extern tokmd_progress=/app/target/debug/deps/libtokmd_progress-4c3f56b438105d35.rlib --extern tokmd_scan=/app/target/debug/deps/libtokmd_scan-c5d50a4874764658.rlib --extern tokmd_settings=/app/target/debug/deps/libtokmd_settings-a376241a548bc356.rlib --extern tokmd_tokeignore=/app/target/debug/deps/libtokmd_tokeignore-b17e42e8f7d6ccb6.rlib --extern tokmd_tool_schema=/app/target/debug/deps/libtokmd_tool_schema-750660505fe02567.rlib --extern tokmd_types=/app/target/debug/deps/libtokmd_types-e5279a60750fb027.rlib --extern toml=/app/target/debug/deps/libtoml-416a762657a99d87.rlib -L native=/app/target/debug/build/blake3-12e682763928d5d8/out -L native=/app/target/debug/build/blake3-12e682763928d5d8/out -L native=/app/target/debug/build/ring-7e163c8f3c6760a9/out`
     Running `/home/jules/.rustup/toolchains/stable-x86_64-unknown-linux-gnu/bin/rustc --crate-name cli_error_help_w73 --edition=2024 crates/tokmd/tests/cli_error_help_w73.rs --error-format=json --json=diagnostic-rendered-ansi,artifacts,future-incompat --emit=dep-info,link -C embed-bitcode=no -C debuginfo=2 --test --cfg 'feature="archetype"' --cfg 'feature="content"' --cfg 'feature="default"' --cfg 'feature="fun"' --cfg 'feature="git"' --cfg 'feature="topics"' --cfg 'feature="ui"' --cfg 'feature="walk"' --check-cfg 'cfg(docsrs,test)' --check-cfg 'cfg(feature, values("alias-tok", "archetype", "content", "default", "fun", "git", "topics", "ui", "walk"))' -C metadata=8ca222ed70520fa5 -C extra-filename=-012499a9c8951e4b --out-dir /app/target/debug/deps -C incremental=/app/target/debug/incremental -L dependency=/app/target/debug/deps --extern anyhow=/app/target/debug/deps/libanyhow-1c897acad9a38b79.rlib --extern assert_cmd=/app/target/debug/deps/libassert_cmd-627e2edf13bfe3f8.rlib --extern blake3=/app/target/debug/deps/libblake3-ba57c91f91dea2f8.rlib --extern clap=/app/target/debug/deps/libclap-37855d5caa945650.rlib --extern clap_complete=/app/target/debug/deps/libclap_complete-c53597c9a8376dfd.rlib --extern console=/app/target/debug/deps/libconsole-082fb92185463311.rlib --extern dialoguer=/app/target/debug/deps/libdialoguer-21a6fbd0d024b082.rlib --extern dirs=/app/target/debug/deps/libdirs-e2cb4f3a84b5aae4.rlib --extern insta=/app/target/debug/deps/libinsta-fc65e2965aec3cf0.rlib --extern jsonschema=/app/target/debug/deps/libjsonschema-0cead2da86f5cca7.rlib --extern predicates=/app/target/debug/deps/libpredicates-dace89ab8e90f707.rlib --extern proptest=/app/target/debug/deps/libproptest-d6b499a49d724fc5.rlib --extern regex=/app/target/debug/deps/libregex-aae23aa183aca753.rlib --extern serde=/app/target/debug/deps/libserde-2ddf37aa57423e14.rlib --extern serde_json=/app/target/debug/deps/libserde_json-02554ac7efa4e2d5.rlib --extern tempfile=/app/target/debug/deps/libtempfile-f51a2aafe76acb83.rlib --extern time=/app/target/debug/deps/libtime-ff5916d77934ff1e.rlib --extern tokmd=/app/target/debug/deps/libtokmd-f0692a71f65efafb.rlib --extern tokmd_analysis=/app/target/debug/deps/libtokmd_analysis-287e2b5f1e68be70.rlib --extern tokmd_analysis_derived=/app/target/debug/deps/libtokmd_analysis_derived-0238f5588105f72f.rlib --extern tokmd_analysis_explain=/app/target/debug/deps/libtokmd_analysis_explain-105437a229df030b.rlib --extern tokmd_analysis_format=/app/target/debug/deps/libtokmd_analysis_format-9faa09db3b8778a0.rlib --extern tokmd_analysis_grid=/app/target/debug/deps/libtokmd_analysis_grid-da610605172fdcbc.rlib --extern tokmd_analysis_types=/app/target/debug/deps/libtokmd_analysis_types-b8471925ca3eea4f.rlib --extern tokmd_badge=/app/target/debug/deps/libtokmd_badge-a3692bda83121bee.rlib --extern tokmd_cockpit=/app/target/debug/deps/libtokmd_cockpit-d6755e701929fa0f.rlib --extern tokmd_config=/app/target/debug/deps/libtokmd_config-907d875de830b68a.rlib --extern tokmd_context_git=/app/target/debug/deps/libtokmd_context_git-8f6572e04bf8d3d8.rlib --extern tokmd_context_policy=/app/target/debug/deps/libtokmd_context_policy-66a5cfc2cb52e0e0.rlib --extern tokmd_envelope=/app/target/debug/deps/libtokmd_envelope-9bbe3b42791e10c2.rlib --extern tokmd_exclude=/app/target/debug/deps/libtokmd_exclude-ed7ad8c9ce3cb6a5.rlib --extern tokmd_export_tree=/app/target/debug/deps/libtokmd_export_tree-393431f45ac57c2b.rlib --extern tokmd_format=/app/target/debug/deps/libtokmd_format-ab3491f51dc38631.rlib --extern tokmd_gate=/app/target/debug/deps/libtokmd_gate-3d049ed137b3d469.rlib --extern tokmd_git=/app/target/debug/deps/libtokmd_git-b3c6d5e93cb11ab2.rlib --extern tokmd_model=/app/target/debug/deps/libtokmd_model-5caf4eb9b674e831.rlib --extern tokmd_path=/app/target/debug/deps/libtokmd_path-87b15609bfd71d35.rlib --extern tokmd_progress=/app/target/debug/deps/libtokmd_progress-4c3f56b438105d35.rlib --extern tokmd_scan=/app/target/debug/deps/libtokmd_scan-c5d50a4874764658.rlib --extern tokmd_settings=/app/target/debug/deps/libtokmd_settings-a376241a548bc356.rlib --extern tokmd_tokeignore=/app/target/debug/deps/libtokmd_tokeignore-b17e42e8f7d6ccb6.rlib --extern tokmd_tool_schema=/app/target/debug/deps/libtokmd_tool_schema-750660505fe02567.rlib --extern tokmd_types=/app/target/debug/deps/libtokmd_types-e5279a60750fb027.rlib --extern toml=/app/target/debug/deps/libtoml-416a762657a99d87.rlib -L native=/app/target/debug/build/blake3-12e682763928d5d8/out -L native=/app/target/debug/build/blake3-12e682763928d5d8/out -L native=/app/target/debug/build/ring-7e163c8f3c6760a9/out`
     Running `/home/jules/.rustup/toolchains/stable-x86_64-unknown-linux-gnu/bin/rustc --crate-name badge_integration --edition=2024 crates/tokmd/tests/badge_integration.rs --error-format=json --json=diagnostic-rendered-ansi,artifacts,future-incompat --emit=dep-info,link -C embed-bitcode=no -C debuginfo=2 --test --cfg 'feature="archetype"' --cfg 'feature="content"' --cfg 'feature="default"' --cfg 'feature="fun"' --cfg 'feature="git"' --cfg 'feature="topics"' --cfg 'feature="ui"' --cfg 'feature="walk"' --check-cfg 'cfg(docsrs,test)' --check-cfg 'cfg(feature, values("alias-tok", "archetype", "content", "default", "fun", "git", "topics", "ui", "walk"))' -C metadata=1226ff4c2715a5c2 -C extra-filename=-788ce11cd77ce246 --out-dir /app/target/debug/deps -C incremental=/app/target/debug/incremental -L dependency=/app/target/debug/deps --extern anyhow=/app/target/debug/deps/libanyhow-1c897acad9a38b79.rlib --extern assert_cmd=/app/target/debug/deps/libassert_cmd-627e2edf13bfe3f8.rlib --extern blake3=/app/target/debug/deps/libblake3-ba57c91f91dea2f8.rlib --extern clap=/app/target/debug/deps/libclap-37855d5caa945650.rlib --extern clap_complete=/app/target/debug/deps/libclap_complete-c53597c9a8376dfd.rlib --extern console=/app/target/debug/deps/libconsole-082fb92185463311.rlib --extern dialoguer=/app/target/debug/deps/libdialoguer-21a6fbd0d024b082.rlib --extern dirs=/app/target/debug/deps/libdirs-e2cb4f3a84b5aae4.rlib --extern insta=/app/target/debug/deps/libinsta-fc65e2965aec3cf0.rlib --extern jsonschema=/app/target/debug/deps/libjsonschema-0cead2da86f5cca7.rlib --extern predicates=/app/target/debug/deps/libpredicates-dace89ab8e90f707.rlib --extern proptest=/app/target/debug/deps/libproptest-d6b499a49d724fc5.rlib --extern regex=/app/target/debug/deps/libregex-aae23aa183aca753.rlib --extern serde=/app/target/debug/deps/libserde-2ddf37aa57423e14.rlib --extern serde_json=/app/target/debug/deps/libserde_json-02554ac7efa4e2d5.rlib --extern tempfile=/app/target/debug/deps/libtempfile-f51a2aafe76acb83.rlib --extern time=/app/target/debug/deps/libtime-ff5916d77934ff1e.rlib --extern tokmd=/app/target/debug/deps/libtokmd-f0692a71f65efafb.rlib --extern tokmd_analysis=/app/target/debug/deps/libtokmd_analysis-287e2b5f1e68be70.rlib --extern tokmd_analysis_derived=/app/target/debug/deps/libtokmd_analysis_derived-0238f5588105f72f.rlib --extern tokmd_analysis_explain=/app/target/debug/deps/libtokmd_analysis_explain-105437a229df030b.rlib --extern tokmd_analysis_format=/app/target/debug/deps/libtokmd_analysis_format-9faa09db3b8778a0.rlib --extern tokmd_analysis_grid=/app/target/debug/deps/libtokmd_analysis_grid-da610605172fdcbc.rlib --extern tokmd_analysis_types=/app/target/debug/deps/libtokmd_analysis_types-b8471925ca3eea4f.rlib --extern tokmd_badge=/app/target/debug/deps/libtokmd_badge-a3692bda83121bee.rlib --extern tokmd_cockpit=/app/target/debug/deps/libtokmd_cockpit-d6755e701929fa0f.rlib --extern tokmd_config=/app/target/debug/deps/libtokmd_config-907d875de830b68a.rlib --extern tokmd_context_git=/app/target/debug/deps/libtokmd_context_git-8f6572e04bf8d3d8.rlib --extern tokmd_context_policy=/app/target/debug/deps/libtokmd_context_policy-66a5cfc2cb52e0e0.rlib --extern tokmd_envelope=/app/target/debug/deps/libtokmd_envelope-9bbe3b42791e10c2.rlib --extern tokmd_exclude=/app/target/debug/deps/libtokmd_exclude-ed7ad8c9ce3cb6a5.rlib --extern tokmd_export_tree=/app/target/debug/deps/libtokmd_export_tree-393431f45ac57c2b.rlib --extern tokmd_format=/app/target/debug/deps/libtokmd_format-ab3491f51dc38631.rlib --extern tokmd_gate=/app/target/debug/deps/libtokmd_gate-3d049ed137b3d469.rlib --extern tokmd_git=/app/target/debug/deps/libtokmd_git-b3c6d5e93cb11ab2.rlib --extern tokmd_model=/app/target/debug/deps/libtokmd_model-5caf4eb9b674e831.rlib --extern tokmd_path=/app/target/debug/deps/libtokmd_path-87b15609bfd71d35.rlib --extern tokmd_progress=/app/target/debug/deps/libtokmd_progress-4c3f56b438105d35.rlib --extern tokmd_scan=/app/target/debug/deps/libtokmd_scan-c5d50a4874764658.rlib --extern tokmd_settings=/app/target/debug/deps/libtokmd_settings-a376241a548bc356.rlib --extern tokmd_tokeignore=/app/target/debug/deps/libtokmd_tokeignore-b17e42e8f7d6ccb6.rlib --extern tokmd_tool_schema=/app/target/debug/deps/libtokmd_tool_schema-750660505fe02567.rlib --extern tokmd_types=/app/target/debug/deps/libtokmd_types-e5279a60750fb027.rlib --extern toml=/app/target/debug/deps/libtoml-416a762657a99d87.rlib -L native=/app/target/debug/build/blake3-12e682763928d5d8/out -L native=/app/target/debug/build/blake3-12e682763928d5d8/out -L native=/app/target/debug/build/ring-7e163c8f3c6760a9/out`
     Running `/home/jules/.rustup/toolchains/stable-x86_64-unknown-linux-gnu/bin/rustc --crate-name cross_crate_w66 --edition=2024 crates/tokmd/tests/cross_crate_w66.rs --error-format=json --json=diagnostic-rendered-ansi,artifacts,future-incompat --emit=dep-info,link -C embed-bitcode=no -C debuginfo=2 --test --cfg 'feature="archetype"' --cfg 'feature="content"' --cfg 'feature="default"' --cfg 'feature="fun"' --cfg 'feature="git"' --cfg 'feature="topics"' --cfg 'feature="ui"' --cfg 'feature="walk"' --check-cfg 'cfg(docsrs,test)' --check-cfg 'cfg(feature, values("alias-tok", "archetype", "content", "default", "fun", "git", "topics", "ui", "walk"))' -C metadata=55c597c875fa5a3d -C extra-filename=-20d6810c12440de4 --out-dir /app/target/debug/deps -C incremental=/app/target/debug/incremental -L dependency=/app/target/debug/deps --extern anyhow=/app/target/debug/deps/libanyhow-1c897acad9a38b79.rlib --extern assert_cmd=/app/target/debug/deps/libassert_cmd-627e2edf13bfe3f8.rlib --extern blake3=/app/target/debug/deps/libblake3-ba57c91f91dea2f8.rlib --extern clap=/app/target/debug/deps/libclap-37855d5caa945650.rlib --extern clap_complete=/app/target/debug/deps/libclap_complete-c53597c9a8376dfd.rlib --extern console=/app/target/debug/deps/libconsole-082fb92185463311.rlib --extern dialoguer=/app/target/debug/deps/libdialoguer-21a6fbd0d024b082.rlib --extern dirs=/app/target/debug/deps/libdirs-e2cb4f3a84b5aae4.rlib --extern insta=/app/target/debug/deps/libinsta-fc65e2965aec3cf0.rlib --extern jsonschema=/app/target/debug/deps/libjsonschema-0cead2da86f5cca7.rlib --extern predicates=/app/target/debug/deps/libpredicates-dace89ab8e90f707.rlib --extern proptest=/app/target/debug/deps/libproptest-d6b499a49d724fc5.rlib --extern regex=/app/target/debug/deps/libregex-aae23aa183aca753.rlib --extern serde=/app/target/debug/deps/libserde-2ddf37aa57423e14.rlib --extern serde_json=/app/target/debug/deps/libserde_json-02554ac7efa4e2d5.rlib --extern tempfile=/app/target/debug/deps/libtempfile-f51a2aafe76acb83.rlib --extern time=/app/target/debug/deps/libtime-ff5916d77934ff1e.rlib --extern tokmd=/app/target/debug/deps/libtokmd-f0692a71f65efafb.rlib --extern tokmd_analysis=/app/target/debug/deps/libtokmd_analysis-287e2b5f1e68be70.rlib --extern tokmd_analysis_derived=/app/target/debug/deps/libtokmd_analysis_derived-0238f5588105f72f.rlib --extern tokmd_analysis_explain=/app/target/debug/deps/libtokmd_analysis_explain-105437a229df030b.rlib --extern tokmd_analysis_format=/app/target/debug/deps/libtokmd_analysis_format-9faa09db3b8778a0.rlib --extern tokmd_analysis_grid=/app/target/debug/deps/libtokmd_analysis_grid-da610605172fdcbc.rlib --extern tokmd_analysis_types=/app/target/debug/deps/libtokmd_analysis_types-b8471925ca3eea4f.rlib --extern tokmd_badge=/app/target/debug/deps/libtokmd_badge-a3692bda83121bee.rlib --extern tokmd_cockpit=/app/target/debug/deps/libtokmd_cockpit-d6755e701929fa0f.rlib --extern tokmd_config=/app/target/debug/deps/libtokmd_config-907d875de830b68a.rlib --extern tokmd_context_git=/app/target/debug/deps/libtokmd_context_git-8f6572e04bf8d3d8.rlib --extern tokmd_context_policy=/app/target/debug/deps/libtokmd_context_policy-66a5cfc2cb52e0e0.rlib --extern tokmd_envelope=/app/target/debug/deps/libtokmd_envelope-9bbe3b42791e10c2.rlib --extern tokmd_exclude=/app/target/debug/deps/libtokmd_exclude-ed7ad8c9ce3cb6a5.rlib --extern tokmd_export_tree=/app/target/debug/deps/libtokmd_export_tree-393431f45ac57c2b.rlib --extern tokmd_format=/app/target/debug/deps/libtokmd_format-ab3491f51dc38631.rlib --extern tokmd_gate=/app/target/debug/deps/libtokmd_gate-3d049ed137b3d469.rlib --extern tokmd_git=/app/target/debug/deps/libtokmd_git-b3c6d5e93cb11ab2.rlib --extern tokmd_model=/app/target/debug/deps/libtokmd_model-5caf4eb9b674e831.rlib --extern tokmd_path=/app/target/debug/deps/libtokmd_path-87b15609bfd71d35.rlib --extern tokmd_progress=/app/target/debug/deps/libtokmd_progress-4c3f56b438105d35.rlib --extern tokmd_scan=/app/target/debug/deps/libtokmd_scan-c5d50a4874764658.rlib --extern tokmd_settings=/app/target/debug/deps/libtokmd_settings-a376241a548bc356.rlib --extern tokmd_tokeignore=/app/target/debug/deps/libtokmd_tokeignore-b17e42e8f7d6ccb6.rlib --extern tokmd_tool_schema=/app/target/debug/deps/libtokmd_tool_schema-750660505fe02567.rlib --extern tokmd_types=/app/target/debug/deps/libtokmd_types-e5279a60750fb027.rlib --extern toml=/app/target/debug/deps/libtoml-416a762657a99d87.rlib -L native=/app/target/debug/build/blake3-12e682763928d5d8/out -L native=/app/target/debug/build/blake3-12e682763928d5d8/out -L native=/app/target/debug/build/ring-7e163c8f3c6760a9/out`
     Running `/home/jules/.rustup/toolchains/stable-x86_64-unknown-linux-gnu/bin/rustc --crate-name cross_crate_integration_w50 --edition=2024 crates/tokmd/tests/cross_crate_integration_w50.rs --error-format=json --json=diagnostic-rendered-ansi,artifacts,future-incompat --emit=dep-info,link -C embed-bitcode=no -C debuginfo=2 --test --cfg 'feature="archetype"' --cfg 'feature="content"' --cfg 'feature="default"' --cfg 'feature="fun"' --cfg 'feature="git"' --cfg 'feature="topics"' --cfg 'feature="ui"' --cfg 'feature="walk"' --check-cfg 'cfg(docsrs,test)' --check-cfg 'cfg(feature, values("alias-tok", "archetype", "content", "default", "fun", "git", "topics", "ui", "walk"))' -C metadata=431753cb38f71ba8 -C extra-filename=-dc2dca725d4979eb --out-dir /app/target/debug/deps -C incremental=/app/target/debug/incremental -L dependency=/app/target/debug/deps --extern anyhow=/app/target/debug/deps/libanyhow-1c897acad9a38b79.rlib --extern assert_cmd=/app/target/debug/deps/libassert_cmd-627e2edf13bfe3f8.rlib --extern blake3=/app/target/debug/deps/libblake3-ba57c91f91dea2f8.rlib --extern clap=/app/target/debug/deps/libclap-37855d5caa945650.rlib --extern clap_complete=/app/target/debug/deps/libclap_complete-c53597c9a8376dfd.rlib --extern console=/app/target/debug/deps/libconsole-082fb92185463311.rlib --extern dialoguer=/app/target/debug/deps/libdialoguer-21a6fbd0d024b082.rlib --extern dirs=/app/target/debug/deps/libdirs-e2cb4f3a84b5aae4.rlib --extern insta=/app/target/debug/deps/libinsta-fc65e2965aec3cf0.rlib --extern jsonschema=/app/target/debug/deps/libjsonschema-0cead2da86f5cca7.rlib --extern predicates=/app/target/debug/deps/libpredicates-dace89ab8e90f707.rlib --extern proptest=/app/target/debug/deps/libproptest-d6b499a49d724fc5.rlib --extern regex=/app/target/debug/deps/libregex-aae23aa183aca753.rlib --extern serde=/app/target/debug/deps/libserde-2ddf37aa57423e14.rlib --extern serde_json=/app/target/debug/deps/libserde_json-02554ac7efa4e2d5.rlib --extern tempfile=/app/target/debug/deps/libtempfile-f51a2aafe76acb83.rlib --extern time=/app/target/debug/deps/libtime-ff5916d77934ff1e.rlib --extern tokmd=/app/target/debug/deps/libtokmd-f0692a71f65efafb.rlib --extern tokmd_analysis=/app/target/debug/deps/libtokmd_analysis-287e2b5f1e68be70.rlib --extern tokmd_analysis_derived=/app/target/debug/deps/libtokmd_analysis_derived-0238f5588105f72f.rlib --extern tokmd_analysis_explain=/app/target/debug/deps/libtokmd_analysis_explain-105437a229df030b.rlib --extern tokmd_analysis_format=/app/target/debug/deps/libtokmd_analysis_format-9faa09db3b8778a0.rlib --extern tokmd_analysis_grid=/app/target/debug/deps/libtokmd_analysis_grid-da610605172fdcbc.rlib --extern tokmd_analysis_types=/app/target/debug/deps/libtokmd_analysis_types-b8471925ca3eea4f.rlib --extern tokmd_badge=/app/target/debug/deps/libtokmd_badge-a3692bda83121bee.rlib --extern tokmd_cockpit=/app/target/debug/deps/libtokmd_cockpit-d6755e701929fa0f.rlib --extern tokmd_config=/app/target/debug/deps/libtokmd_config-907d875de830b68a.rlib --extern tokmd_context_git=/app/target/debug/deps/libtokmd_context_git-8f6572e04bf8d3d8.rlib --extern tokmd_context_policy=/app/target/debug/deps/libtokmd_context_policy-66a5cfc2cb52e0e0.rlib --extern tokmd_envelope=/app/target/debug/deps/libtokmd_envelope-9bbe3b42791e10c2.rlib --extern tokmd_exclude=/app/target/debug/deps/libtokmd_exclude-ed7ad8c9ce3cb6a5.rlib --extern tokmd_export_tree=/app/target/debug/deps/libtokmd_export_tree-393431f45ac57c2b.rlib --extern tokmd_format=/app/target/debug/deps/libtokmd_format-ab3491f51dc38631.rlib --extern tokmd_gate=/app/target/debug/deps/libtokmd_gate-3d049ed137b3d469.rlib --extern tokmd_git=/app/target/debug/deps/libtokmd_git-b3c6d5e93cb11ab2.rlib --extern tokmd_model=/app/target/debug/deps/libtokmd_model-5caf4eb9b674e831.rlib --extern tokmd_path=/app/target/debug/deps/libtokmd_path-87b15609bfd71d35.rlib --extern tokmd_progress=/app/target/debug/deps/libtokmd_progress-4c3f56b438105d35.rlib --extern tokmd_scan=/app/target/debug/deps/libtokmd_scan-c5d50a4874764658.rlib --extern tokmd_settings=/app/target/debug/deps/libtokmd_settings-a376241a548bc356.rlib --extern tokmd_tokeignore=/app/target/debug/deps/libtokmd_tokeignore-b17e42e8f7d6ccb6.rlib --extern tokmd_tool_schema=/app/target/debug/deps/libtokmd_tool_schema-750660505fe02567.rlib --extern tokmd_types=/app/target/debug/deps/libtokmd_types-e5279a60750fb027.rlib --extern toml=/app/target/debug/deps/libtoml-416a762657a99d87.rlib -L native=/app/target/debug/build/blake3-12e682763928d5d8/out -L native=/app/target/debug/build/blake3-12e682763928d5d8/out -L native=/app/target/debug/build/ring-7e163c8f3c6760a9/out`
     Running `/home/jules/.rustup/toolchains/stable-x86_64-unknown-linux-gnu/bin/rustc --crate-name analyze_integration --edition=2024 crates/tokmd/tests/analyze_integration.rs --error-format=json --json=diagnostic-rendered-ansi,artifacts,future-incompat --emit=dep-info,link -C embed-bitcode=no -C debuginfo=2 --test --cfg 'feature="archetype"' --cfg 'feature="content"' --cfg 'feature="default"' --cfg 'feature="fun"' --cfg 'feature="git"' --cfg 'feature="topics"' --cfg 'feature="ui"' --cfg 'feature="walk"' --check-cfg 'cfg(docsrs,test)' --check-cfg 'cfg(feature, values("alias-tok", "archetype", "content", "default", "fun", "git", "topics", "ui", "walk"))' -C metadata=f80b5206de49cdaf -C extra-filename=-1d3c5de49093f111 --out-dir /app/target/debug/deps -C incremental=/app/target/debug/incremental -L dependency=/app/target/debug/deps --extern anyhow=/app/target/debug/deps/libanyhow-1c897acad9a38b79.rlib --extern assert_cmd=/app/target/debug/deps/libassert_cmd-627e2edf13bfe3f8.rlib --extern blake3=/app/target/debug/deps/libblake3-ba57c91f91dea2f8.rlib --extern clap=/app/target/debug/deps/libclap-37855d5caa945650.rlib --extern clap_complete=/app/target/debug/deps/libclap_complete-c53597c9a8376dfd.rlib --extern console=/app/target/debug/deps/libconsole-082fb92185463311.rlib --extern dialoguer=/app/target/debug/deps/libdialoguer-21a6fbd0d024b082.rlib --extern dirs=/app/target/debug/deps/libdirs-e2cb4f3a84b5aae4.rlib --extern insta=/app/target/debug/deps/libinsta-fc65e2965aec3cf0.rlib --extern jsonschema=/app/target/debug/deps/libjsonschema-0cead2da86f5cca7.rlib --extern predicates=/app/target/debug/deps/libpredicates-dace89ab8e90f707.rlib --extern proptest=/app/target/debug/deps/libproptest-d6b499a49d724fc5.rlib --extern regex=/app/target/debug/deps/libregex-aae23aa183aca753.rlib --extern serde=/app/target/debug/deps/libserde-2ddf37aa57423e14.rlib --extern serde_json=/app/target/debug/deps/libserde_json-02554ac7efa4e2d5.rlib --extern tempfile=/app/target/debug/deps/libtempfile-f51a2aafe76acb83.rlib --extern time=/app/target/debug/deps/libtime-ff5916d77934ff1e.rlib --extern tokmd=/app/target/debug/deps/libtokmd-f0692a71f65efafb.rlib --extern tokmd_analysis=/app/target/debug/deps/libtokmd_analysis-287e2b5f1e68be70.rlib --extern tokmd_analysis_derived=/app/target/debug/deps/libtokmd_analysis_derived-0238f5588105f72f.rlib --extern tokmd_analysis_explain=/app/target/debug/deps/libtokmd_analysis_explain-105437a229df030b.rlib --extern tokmd_analysis_format=/app/target/debug/deps/libtokmd_analysis_format-9faa09db3b8778a0.rlib --extern tokmd_analysis_grid=/app/target/debug/deps/libtokmd_analysis_grid-da610605172fdcbc.rlib --extern tokmd_analysis_types=/app/target/debug/deps/libtokmd_analysis_types-b8471925ca3eea4f.rlib --extern tokmd_badge=/app/target/debug/deps/libtokmd_badge-a3692bda83121bee.rlib --extern tokmd_cockpit=/app/target/debug/deps/libtokmd_cockpit-d6755e701929fa0f.rlib --extern tokmd_config=/app/target/debug/deps/libtokmd_config-907d875de830b68a.rlib --extern tokmd_context_git=/app/target/debug/deps/libtokmd_context_git-8f6572e04bf8d3d8.rlib --extern tokmd_context_policy=/app/target/debug/deps/libtokmd_context_policy-66a5cfc2cb52e0e0.rlib --extern tokmd_envelope=/app/target/debug/deps/libtokmd_envelope-9bbe3b42791e10c2.rlib --extern tokmd_exclude=/app/target/debug/deps/libtokmd_exclude-ed7ad8c9ce3cb6a5.rlib --extern tokmd_export_tree=/app/target/debug/deps/libtokmd_export_tree-393431f45ac57c2b.rlib --extern tokmd_format=/app/target/debug/deps/libtokmd_format-ab3491f51dc38631.rlib --extern tokmd_gate=/app/target/debug/deps/libtokmd_gate-3d049ed137b3d469.rlib --extern tokmd_git=/app/target/debug/deps/libtokmd_git-b3c6d5e93cb11ab2.rlib --extern tokmd_model=/app/target/debug/deps/libtokmd_model-5caf4eb9b674e831.rlib --extern tokmd_path=/app/target/debug/deps/libtokmd_path-87b15609bfd71d35.rlib --extern tokmd_progress=/app/target/debug/deps/libtokmd_progress-4c3f56b438105d35.rlib --extern tokmd_scan=/app/target/debug/deps/libtokmd_scan-c5d50a4874764658.rlib --extern tokmd_settings=/app/target/debug/deps/libtokmd_settings-a376241a548bc356.rlib --extern tokmd_tokeignore=/app/target/debug/deps/libtokmd_tokeignore-b17e42e8f7d6ccb6.rlib --extern tokmd_tool_schema=/app/target/debug/deps/libtokmd_tool_schema-750660505fe02567.rlib --extern tokmd_types=/app/target/debug/deps/libtokmd_types-e5279a60750fb027.rlib --extern toml=/app/target/debug/deps/libtoml-416a762657a99d87.rlib -L native=/app/target/debug/build/blake3-12e682763928d5d8/out -L native=/app/target/debug/build/blake3-12e682763928d5d8/out -L native=/app/target/debug/build/ring-7e163c8f3c6760a9/out`
     Running `/home/jules/.rustup/toolchains/stable-x86_64-unknown-linux-gnu/bin/rustc --crate-name sensor_cli_w71 --edition=2024 crates/tokmd/tests/sensor_cli_w71.rs --error-format=json --json=diagnostic-rendered-ansi,artifacts,future-incompat --emit=dep-info,link -C embed-bitcode=no -C debuginfo=2 --test --cfg 'feature="archetype"' --cfg 'feature="content"' --cfg 'feature="default"' --cfg 'feature="fun"' --cfg 'feature="git"' --cfg 'feature="topics"' --cfg 'feature="ui"' --cfg 'feature="walk"' --check-cfg 'cfg(docsrs,test)' --check-cfg 'cfg(feature, values("alias-tok", "archetype", "content", "default", "fun", "git", "topics", "ui", "walk"))' -C metadata=f51796de31c9e889 -C extra-filename=-e82dc979dbbac393 --out-dir /app/target/debug/deps -C incremental=/app/target/debug/incremental -L dependency=/app/target/debug/deps --extern anyhow=/app/target/debug/deps/libanyhow-1c897acad9a38b79.rlib --extern assert_cmd=/app/target/debug/deps/libassert_cmd-627e2edf13bfe3f8.rlib --extern blake3=/app/target/debug/deps/libblake3-ba57c91f91dea2f8.rlib --extern clap=/app/target/debug/deps/libclap-37855d5caa945650.rlib --extern clap_complete=/app/target/debug/deps/libclap_complete-c53597c9a8376dfd.rlib --extern console=/app/target/debug/deps/libconsole-082fb92185463311.rlib --extern dialoguer=/app/target/debug/deps/libdialoguer-21a6fbd0d024b082.rlib --extern dirs=/app/target/debug/deps/libdirs-e2cb4f3a84b5aae4.rlib --extern insta=/app/target/debug/deps/libinsta-fc65e2965aec3cf0.rlib --extern jsonschema=/app/target/debug/deps/libjsonschema-0cead2da86f5cca7.rlib --extern predicates=/app/target/debug/deps/libpredicates-dace89ab8e90f707.rlib --extern proptest=/app/target/debug/deps/libproptest-d6b499a49d724fc5.rlib --extern regex=/app/target/debug/deps/libregex-aae23aa183aca753.rlib --extern serde=/app/target/debug/deps/libserde-2ddf37aa57423e14.rlib --extern serde_json=/app/target/debug/deps/libserde_json-02554ac7efa4e2d5.rlib --extern tempfile=/app/target/debug/deps/libtempfile-f51a2aafe76acb83.rlib --extern time=/app/target/debug/deps/libtime-ff5916d77934ff1e.rlib --extern tokmd=/app/target/debug/deps/libtokmd-f0692a71f65efafb.rlib --extern tokmd_analysis=/app/target/debug/deps/libtokmd_analysis-287e2b5f1e68be70.rlib --extern tokmd_analysis_derived=/app/target/debug/deps/libtokmd_analysis_derived-0238f5588105f72f.rlib --extern tokmd_analysis_explain=/app/target/debug/deps/libtokmd_analysis_explain-105437a229df030b.rlib --extern tokmd_analysis_format=/app/target/debug/deps/libtokmd_analysis_format-9faa09db3b8778a0.rlib --extern tokmd_analysis_grid=/app/target/debug/deps/libtokmd_analysis_grid-da610605172fdcbc.rlib --extern tokmd_analysis_types=/app/target/debug/deps/libtokmd_analysis_types-b8471925ca3eea4f.rlib --extern tokmd_badge=/app/target/debug/deps/libtokmd_badge-a3692bda83121bee.rlib --extern tokmd_cockpit=/app/target/debug/deps/libtokmd_cockpit-d6755e701929fa0f.rlib --extern tokmd_config=/app/target/debug/deps/libtokmd_config-907d875de830b68a.rlib --extern tokmd_context_git=/app/target/debug/deps/libtokmd_context_git-8f6572e04bf8d3d8.rlib --extern tokmd_context_policy=/app/target/debug/deps/libtokmd_context_policy-66a5cfc2cb52e0e0.rlib --extern tokmd_envelope=/app/target/debug/deps/libtokmd_envelope-9bbe3b42791e10c2.rlib --extern tokmd_exclude=/app/target/debug/deps/libtokmd_exclude-ed7ad8c9ce3cb6a5.rlib --extern tokmd_export_tree=/app/target/debug/deps/libtokmd_export_tree-393431f45ac57c2b.rlib --extern tokmd_format=/app/target/debug/deps/libtokmd_format-ab3491f51dc38631.rlib --extern tokmd_gate=/app/target/debug/deps/libtokmd_gate-3d049ed137b3d469.rlib --extern tokmd_git=/app/target/debug/deps/libtokmd_git-b3c6d5e93cb11ab2.rlib --extern tokmd_model=/app/target/debug/deps/libtokmd_model-5caf4eb9b674e831.rlib --extern tokmd_path=/app/target/debug/deps/libtokmd_path-87b15609bfd71d35.rlib --extern tokmd_progress=/app/target/debug/deps/libtokmd_progress-4c3f56b438105d35.rlib --extern tokmd_scan=/app/target/debug/deps/libtokmd_scan-c5d50a4874764658.rlib --extern tokmd_settings=/app/target/debug/deps/libtokmd_settings-a376241a548bc356.rlib --extern tokmd_tokeignore=/app/target/debug/deps/libtokmd_tokeignore-b17e42e8f7d6ccb6.rlib --extern tokmd_tool_schema=/app/target/debug/deps/libtokmd_tool_schema-750660505fe02567.rlib --extern tokmd_types=/app/target/debug/deps/libtokmd_types-e5279a60750fb027.rlib --extern toml=/app/target/debug/deps/libtoml-416a762657a99d87.rlib -L native=/app/target/debug/build/blake3-12e682763928d5d8/out -L native=/app/target/debug/build/blake3-12e682763928d5d8/out -L native=/app/target/debug/build/ring-7e163c8f3c6760a9/out`
     Running `/home/jules/.rustup/toolchains/stable-x86_64-unknown-linux-gnu/bin/rustc --crate-name determinism_w40 --edition=2024 crates/tokmd/tests/determinism_w40.rs --error-format=json --json=diagnostic-rendered-ansi,artifacts,future-incompat --emit=dep-info,link -C embed-bitcode=no -C debuginfo=2 --test --cfg 'feature="archetype"' --cfg 'feature="content"' --cfg 'feature="default"' --cfg 'feature="fun"' --cfg 'feature="git"' --cfg 'feature="topics"' --cfg 'feature="ui"' --cfg 'feature="walk"' --check-cfg 'cfg(docsrs,test)' --check-cfg 'cfg(feature, values("alias-tok", "archetype", "content", "default", "fun", "git", "topics", "ui", "walk"))' -C metadata=a00b89a8635f77dc -C extra-filename=-084f84f8f5c92ece --out-dir /app/target/debug/deps -C incremental=/app/target/debug/incremental -L dependency=/app/target/debug/deps --extern anyhow=/app/target/debug/deps/libanyhow-1c897acad9a38b79.rlib --extern assert_cmd=/app/target/debug/deps/libassert_cmd-627e2edf13bfe3f8.rlib --extern blake3=/app/target/debug/deps/libblake3-ba57c91f91dea2f8.rlib --extern clap=/app/target/debug/deps/libclap-37855d5caa945650.rlib --extern clap_complete=/app/target/debug/deps/libclap_complete-c53597c9a8376dfd.rlib --extern console=/app/target/debug/deps/libconsole-082fb92185463311.rlib --extern dialoguer=/app/target/debug/deps/libdialoguer-21a6fbd0d024b082.rlib --extern dirs=/app/target/debug/deps/libdirs-e2cb4f3a84b5aae4.rlib --extern insta=/app/target/debug/deps/libinsta-fc65e2965aec3cf0.rlib --extern jsonschema=/app/target/debug/deps/libjsonschema-0cead2da86f5cca7.rlib --extern predicates=/app/target/debug/deps/libpredicates-dace89ab8e90f707.rlib --extern proptest=/app/target/debug/deps/libproptest-d6b499a49d724fc5.rlib --extern regex=/app/target/debug/deps/libregex-aae23aa183aca753.rlib --extern serde=/app/target/debug/deps/libserde-2ddf37aa57423e14.rlib --extern serde_json=/app/target/debug/deps/libserde_json-02554ac7efa4e2d5.rlib --extern tempfile=/app/target/debug/deps/libtempfile-f51a2aafe76acb83.rlib --extern time=/app/target/debug/deps/libtime-ff5916d77934ff1e.rlib --extern tokmd=/app/target/debug/deps/libtokmd-f0692a71f65efafb.rlib --extern tokmd_analysis=/app/target/debug/deps/libtokmd_analysis-287e2b5f1e68be70.rlib --extern tokmd_analysis_derived=/app/target/debug/deps/libtokmd_analysis_derived-0238f5588105f72f.rlib --extern tokmd_analysis_explain=/app/target/debug/deps/libtokmd_analysis_explain-105437a229df030b.rlib --extern tokmd_analysis_format=/app/target/debug/deps/libtokmd_analysis_format-9faa09db3b8778a0.rlib --extern tokmd_analysis_grid=/app/target/debug/deps/libtokmd_analysis_grid-da610605172fdcbc.rlib --extern tokmd_analysis_types=/app/target/debug/deps/libtokmd_analysis_types-b8471925ca3eea4f.rlib --extern tokmd_badge=/app/target/debug/deps/libtokmd_badge-a3692bda83121bee.rlib --extern tokmd_cockpit=/app/target/debug/deps/libtokmd_cockpit-d6755e701929fa0f.rlib --extern tokmd_config=/app/target/debug/deps/libtokmd_config-907d875de830b68a.rlib --extern tokmd_context_git=/app/target/debug/deps/libtokmd_context_git-8f6572e04bf8d3d8.rlib --extern tokmd_context_policy=/app/target/debug/deps/libtokmd_context_policy-66a5cfc2cb52e0e0.rlib --extern tokmd_envelope=/app/target/debug/deps/libtokmd_envelope-9bbe3b42791e10c2.rlib --extern tokmd_exclude=/app/target/debug/deps/libtokmd_exclude-ed7ad8c9ce3cb6a5.rlib --extern tokmd_export_tree=/app/target/debug/deps/libtokmd_export_tree-393431f45ac57c2b.rlib --extern tokmd_format=/app/target/debug/deps/libtokmd_format-ab3491f51dc38631.rlib --extern tokmd_gate=/app/target/debug/deps/libtokmd_gate-3d049ed137b3d469.rlib --extern tokmd_git=/app/target/debug/deps/libtokmd_git-b3c6d5e93cb11ab2.rlib --extern tokmd_model=/app/target/debug/deps/libtokmd_model-5caf4eb9b674e831.rlib --extern tokmd_path=/app/target/debug/deps/libtokmd_path-87b15609bfd71d35.rlib --extern tokmd_progress=/app/target/debug/deps/libtokmd_progress-4c3f56b438105d35.rlib --extern tokmd_scan=/app/target/debug/deps/libtokmd_scan-c5d50a4874764658.rlib --extern tokmd_settings=/app/target/debug/deps/libtokmd_settings-a376241a548bc356.rlib --extern tokmd_tokeignore=/app/target/debug/deps/libtokmd_tokeignore-b17e42e8f7d6ccb6.rlib --extern tokmd_tool_schema=/app/target/debug/deps/libtokmd_tool_schema-750660505fe02567.rlib --extern tokmd_types=/app/target/debug/deps/libtokmd_types-e5279a60750fb027.rlib --extern toml=/app/target/debug/deps/libtoml-416a762657a99d87.rlib -L native=/app/target/debug/build/blake3-12e682763928d5d8/out -L native=/app/target/debug/build/blake3-12e682763928d5d8/out -L native=/app/target/debug/build/ring-7e163c8f3c6760a9/out`
     Running `/home/jules/.rustup/toolchains/stable-x86_64-unknown-linux-gnu/bin/rustc --crate-name schema_sync --edition=2024 crates/tokmd/tests/schema_sync.rs --error-format=json --json=diagnostic-rendered-ansi,artifacts,future-incompat --emit=dep-info,link -C embed-bitcode=no -C debuginfo=2 --test --cfg 'feature="archetype"' --cfg 'feature="content"' --cfg 'feature="default"' --cfg 'feature="fun"' --cfg 'feature="git"' --cfg 'feature="topics"' --cfg 'feature="ui"' --cfg 'feature="walk"' --check-cfg 'cfg(docsrs,test)' --check-cfg 'cfg(feature, values("alias-tok", "archetype", "content", "default", "fun", "git", "topics", "ui", "walk"))' -C metadata=296203432abb38ca -C extra-filename=-64c0ec530cfbf58c --out-dir /app/target/debug/deps -C incremental=/app/target/debug/incremental -L dependency=/app/target/debug/deps --extern anyhow=/app/target/debug/deps/libanyhow-1c897acad9a38b79.rlib --extern assert_cmd=/app/target/debug/deps/libassert_cmd-627e2edf13bfe3f8.rlib --extern blake3=/app/target/debug/deps/libblake3-ba57c91f91dea2f8.rlib --extern clap=/app/target/debug/deps/libclap-37855d5caa945650.rlib --extern clap_complete=/app/target/debug/deps/libclap_complete-c53597c9a8376dfd.rlib --extern console=/app/target/debug/deps/libconsole-082fb92185463311.rlib --extern dialoguer=/app/target/debug/deps/libdialoguer-21a6fbd0d024b082.rlib --extern dirs=/app/target/debug/deps/libdirs-e2cb4f3a84b5aae4.rlib --extern insta=/app/target/debug/deps/libinsta-fc65e2965aec3cf0.rlib --extern jsonschema=/app/target/debug/deps/libjsonschema-0cead2da86f5cca7.rlib --extern predicates=/app/target/debug/deps/libpredicates-dace89ab8e90f707.rlib --extern proptest=/app/target/debug/deps/libproptest-d6b499a49d724fc5.rlib --extern regex=/app/target/debug/deps/libregex-aae23aa183aca753.rlib --extern serde=/app/target/debug/deps/libserde-2ddf37aa57423e14.rlib --extern serde_json=/app/target/debug/deps/libserde_json-02554ac7efa4e2d5.rlib --extern tempfile=/app/target/debug/deps/libtempfile-f51a2aafe76acb83.rlib --extern time=/app/target/debug/deps/libtime-ff5916d77934ff1e.rlib --extern tokmd=/app/target/debug/deps/libtokmd-f0692a71f65efafb.rlib --extern tokmd_analysis=/app/target/debug/deps/libtokmd_analysis-287e2b5f1e68be70.rlib --extern tokmd_analysis_derived=/app/target/debug/deps/libtokmd_analysis_derived-0238f5588105f72f.rlib --extern tokmd_analysis_explain=/app/target/debug/deps/libtokmd_analysis_explain-105437a229df030b.rlib --extern tokmd_analysis_format=/app/target/debug/deps/libtokmd_analysis_format-9faa09db3b8778a0.rlib --extern tokmd_analysis_grid=/app/target/debug/deps/libtokmd_analysis_grid-da610605172fdcbc.rlib --extern tokmd_analysis_types=/app/target/debug/deps/libtokmd_analysis_types-b8471925ca3eea4f.rlib --extern tokmd_badge=/app/target/debug/deps/libtokmd_badge-a3692bda83121bee.rlib --extern tokmd_cockpit=/app/target/debug/deps/libtokmd_cockpit-d6755e701929fa0f.rlib --extern tokmd_config=/app/target/debug/deps/libtokmd_config-907d875de830b68a.rlib --extern tokmd_context_git=/app/target/debug/deps/libtokmd_context_git-8f6572e04bf8d3d8.rlib --extern tokmd_context_policy=/app/target/debug/deps/libtokmd_context_policy-66a5cfc2cb52e0e0.rlib --extern tokmd_envelope=/app/target/debug/deps/libtokmd_envelope-9bbe3b42791e10c2.rlib --extern tokmd_exclude=/app/target/debug/deps/libtokmd_exclude-ed7ad8c9ce3cb6a5.rlib --extern tokmd_export_tree=/app/target/debug/deps/libtokmd_export_tree-393431f45ac57c2b.rlib --extern tokmd_format=/app/target/debug/deps/libtokmd_format-ab3491f51dc38631.rlib --extern tokmd_gate=/app/target/debug/deps/libtokmd_gate-3d049ed137b3d469.rlib --extern tokmd_git=/app/target/debug/deps/libtokmd_git-b3c6d5e93cb11ab2.rlib --extern tokmd_model=/app/target/debug/deps/libtokmd_model-5caf4eb9b674e831.rlib --extern tokmd_path=/app/target/debug/deps/libtokmd_path-87b15609bfd71d35.rlib --extern tokmd_progress=/app/target/debug/deps/libtokmd_progress-4c3f56b438105d35.rlib --extern tokmd_scan=/app/target/debug/deps/libtokmd_scan-c5d50a4874764658.rlib --extern tokmd_settings=/app/target/debug/deps/libtokmd_settings-a376241a548bc356.rlib --extern tokmd_tokeignore=/app/target/debug/deps/libtokmd_tokeignore-b17e42e8f7d6ccb6.rlib --extern tokmd_tool_schema=/app/target/debug/deps/libtokmd_tool_schema-750660505fe02567.rlib --extern tokmd_types=/app/target/debug/deps/libtokmd_types-e5279a60750fb027.rlib --extern toml=/app/target/debug/deps/libtoml-416a762657a99d87.rlib -L native=/app/target/debug/build/blake3-12e682763928d5d8/out -L native=/app/target/debug/build/blake3-12e682763928d5d8/out -L native=/app/target/debug/build/ring-7e163c8f3c6760a9/out`
     Running `/home/jules/.rustup/toolchains/stable-x86_64-unknown-linux-gnu/bin/rustc --crate-name bdd_export_scenarios_w50 --edition=2024 crates/tokmd/tests/bdd_export_scenarios_w50.rs --error-format=json --json=diagnostic-rendered-ansi,artifacts,future-incompat --emit=dep-info,link -C embed-bitcode=no -C debuginfo=2 --test --cfg 'feature="archetype"' --cfg 'feature="content"' --cfg 'feature="default"' --cfg 'feature="fun"' --cfg 'feature="git"' --cfg 'feature="topics"' --cfg 'feature="ui"' --cfg 'feature="walk"' --check-cfg 'cfg(docsrs,test)' --check-cfg 'cfg(feature, values("alias-tok", "archetype", "content", "default", "fun", "git", "topics", "ui", "walk"))' -C metadata=664f0640e7d57458 -C extra-filename=-4f7943389011c963 --out-dir /app/target/debug/deps -C incremental=/app/target/debug/incremental -L dependency=/app/target/debug/deps --extern anyhow=/app/target/debug/deps/libanyhow-1c897acad9a38b79.rlib --extern assert_cmd=/app/target/debug/deps/libassert_cmd-627e2edf13bfe3f8.rlib --extern blake3=/app/target/debug/deps/libblake3-ba57c91f91dea2f8.rlib --extern clap=/app/target/debug/deps/libclap-37855d5caa945650.rlib --extern clap_complete=/app/target/debug/deps/libclap_complete-c53597c9a8376dfd.rlib --extern console=/app/target/debug/deps/libconsole-082fb92185463311.rlib --extern dialoguer=/app/target/debug/deps/libdialoguer-21a6fbd0d024b082.rlib --extern dirs=/app/target/debug/deps/libdirs-e2cb4f3a84b5aae4.rlib --extern insta=/app/target/debug/deps/libinsta-fc65e2965aec3cf0.rlib --extern jsonschema=/app/target/debug/deps/libjsonschema-0cead2da86f5cca7.rlib --extern predicates=/app/target/debug/deps/libpredicates-dace89ab8e90f707.rlib --extern proptest=/app/target/debug/deps/libproptest-d6b499a49d724fc5.rlib --extern regex=/app/target/debug/deps/libregex-aae23aa183aca753.rlib --extern serde=/app/target/debug/deps/libserde-2ddf37aa57423e14.rlib --extern serde_json=/app/target/debug/deps/libserde_json-02554ac7efa4e2d5.rlib --extern tempfile=/app/target/debug/deps/libtempfile-f51a2aafe76acb83.rlib --extern time=/app/target/debug/deps/libtime-ff5916d77934ff1e.rlib --extern tokmd=/app/target/debug/deps/libtokmd-f0692a71f65efafb.rlib --extern tokmd_analysis=/app/target/debug/deps/libtokmd_analysis-287e2b5f1e68be70.rlib --extern tokmd_analysis_derived=/app/target/debug/deps/libtokmd_analysis_derived-0238f5588105f72f.rlib --extern tokmd_analysis_explain=/app/target/debug/deps/libtokmd_analysis_explain-105437a229df030b.rlib --extern tokmd_analysis_format=/app/target/debug/deps/libtokmd_analysis_format-9faa09db3b8778a0.rlib --extern tokmd_analysis_grid=/app/target/debug/deps/libtokmd_analysis_grid-da610605172fdcbc.rlib --extern tokmd_analysis_types=/app/target/debug/deps/libtokmd_analysis_types-b8471925ca3eea4f.rlib --extern tokmd_badge=/app/target/debug/deps/libtokmd_badge-a3692bda83121bee.rlib --extern tokmd_cockpit=/app/target/debug/deps/libtokmd_cockpit-d6755e701929fa0f.rlib --extern tokmd_config=/app/target/debug/deps/libtokmd_config-907d875de830b68a.rlib --extern tokmd_context_git=/app/target/debug/deps/libtokmd_context_git-8f6572e04bf8d3d8.rlib --extern tokmd_context_policy=/app/target/debug/deps/libtokmd_context_policy-66a5cfc2cb52e0e0.rlib --extern tokmd_envelope=/app/target/debug/deps/libtokmd_envelope-9bbe3b42791e10c2.rlib --extern tokmd_exclude=/app/target/debug/deps/libtokmd_exclude-ed7ad8c9ce3cb6a5.rlib --extern tokmd_export_tree=/app/target/debug/deps/libtokmd_export_tree-393431f45ac57c2b.rlib --extern tokmd_format=/app/target/debug/deps/libtokmd_format-ab3491f51dc38631.rlib --extern tokmd_gate=/app/target/debug/deps/libtokmd_gate-3d049ed137b3d469.rlib --extern tokmd_git=/app/target/debug/deps/libtokmd_git-b3c6d5e93cb11ab2.rlib --extern tokmd_model=/app/target/debug/deps/libtokmd_model-5caf4eb9b674e831.rlib --extern tokmd_path=/app/target/debug/deps/libtokmd_path-87b15609bfd71d35.rlib --extern tokmd_progress=/app/target/debug/deps/libtokmd_progress-4c3f56b438105d35.rlib --extern tokmd_scan=/app/target/debug/deps/libtokmd_scan-c5d50a4874764658.rlib --extern tokmd_settings=/app/target/debug/deps/libtokmd_settings-a376241a548bc356.rlib --extern tokmd_tokeignore=/app/target/debug/deps/libtokmd_tokeignore-b17e42e8f7d6ccb6.rlib --extern tokmd_tool_schema=/app/target/debug/deps/libtokmd_tool_schema-750660505fe02567.rlib --extern tokmd_types=/app/target/debug/deps/libtokmd_types-e5279a60750fb027.rlib --extern toml=/app/target/debug/deps/libtoml-416a762657a99d87.rlib -L native=/app/target/debug/build/blake3-12e682763928d5d8/out -L native=/app/target/debug/build/blake3-12e682763928d5d8/out -L native=/app/target/debug/build/ring-7e163c8f3c6760a9/out`
     Running `/home/jules/.rustup/toolchains/stable-x86_64-unknown-linux-gnu/bin/rustc --crate-name schema_doc_sync --edition=2024 crates/tokmd/tests/schema_doc_sync.rs --error-format=json --json=diagnostic-rendered-ansi,artifacts,future-incompat --emit=dep-info,link -C embed-bitcode=no -C debuginfo=2 --test --cfg 'feature="archetype"' --cfg 'feature="content"' --cfg 'feature="default"' --cfg 'feature="fun"' --cfg 'feature="git"' --cfg 'feature="topics"' --cfg 'feature="ui"' --cfg 'feature="walk"' --check-cfg 'cfg(docsrs,test)' --check-cfg 'cfg(feature, values("alias-tok", "archetype", "content", "default", "fun", "git", "topics", "ui", "walk"))' -C metadata=74d64b0d7d0274ea -C extra-filename=-ad4ee14aae4ffb08 --out-dir /app/target/debug/deps -C incremental=/app/target/debug/incremental -L dependency=/app/target/debug/deps --extern anyhow=/app/target/debug/deps/libanyhow-1c897acad9a38b79.rlib --extern assert_cmd=/app/target/debug/deps/libassert_cmd-627e2edf13bfe3f8.rlib --extern blake3=/app/target/debug/deps/libblake3-ba57c91f91dea2f8.rlib --extern clap=/app/target/debug/deps/libclap-37855d5caa945650.rlib --extern clap_complete=/app/target/debug/deps/libclap_complete-c53597c9a8376dfd.rlib --extern console=/app/target/debug/deps/libconsole-082fb92185463311.rlib --extern dialoguer=/app/target/debug/deps/libdialoguer-21a6fbd0d024b082.rlib --extern dirs=/app/target/debug/deps/libdirs-e2cb4f3a84b5aae4.rlib --extern insta=/app/target/debug/deps/libinsta-fc65e2965aec3cf0.rlib --extern jsonschema=/app/target/debug/deps/libjsonschema-0cead2da86f5cca7.rlib --extern predicates=/app/target/debug/deps/libpredicates-dace89ab8e90f707.rlib --extern proptest=/app/target/debug/deps/libproptest-d6b499a49d724fc5.rlib --extern regex=/app/target/debug/deps/libregex-aae23aa183aca753.rlib --extern serde=/app/target/debug/deps/libserde-2ddf37aa57423e14.rlib --extern serde_json=/app/target/debug/deps/libserde_json-02554ac7efa4e2d5.rlib --extern tempfile=/app/target/debug/deps/libtempfile-f51a2aafe76acb83.rlib --extern time=/app/target/debug/deps/libtime-ff5916d77934ff1e.rlib --extern tokmd=/app/target/debug/deps/libtokmd-f0692a71f65efafb.rlib --extern tokmd_analysis=/app/target/debug/deps/libtokmd_analysis-287e2b5f1e68be70.rlib --extern tokmd_analysis_derived=/app/target/debug/deps/libtokmd_analysis_derived-0238f5588105f72f.rlib --extern tokmd_analysis_explain=/app/target/debug/deps/libtokmd_analysis_explain-105437a229df030b.rlib --extern tokmd_analysis_format=/app/target/debug/deps/libtokmd_analysis_format-9faa09db3b8778a0.rlib --extern tokmd_analysis_grid=/app/target/debug/deps/libtokmd_analysis_grid-da610605172fdcbc.rlib --extern tokmd_analysis_types=/app/target/debug/deps/libtokmd_analysis_types-b8471925ca3eea4f.rlib --extern tokmd_badge=/app/target/debug/deps/libtokmd_badge-a3692bda83121bee.rlib --extern tokmd_cockpit=/app/target/debug/deps/libtokmd_cockpit-d6755e701929fa0f.rlib --extern tokmd_config=/app/target/debug/deps/libtokmd_config-907d875de830b68a.rlib --extern tokmd_context_git=/app/target/debug/deps/libtokmd_context_git-8f6572e04bf8d3d8.rlib --extern tokmd_context_policy=/app/target/debug/deps/libtokmd_context_policy-66a5cfc2cb52e0e0.rlib --extern tokmd_envelope=/app/target/debug/deps/libtokmd_envelope-9bbe3b42791e10c2.rlib --extern tokmd_exclude=/app/target/debug/deps/libtokmd_exclude-ed7ad8c9ce3cb6a5.rlib --extern tokmd_export_tree=/app/target/debug/deps/libtokmd_export_tree-393431f45ac57c2b.rlib --extern tokmd_format=/app/target/debug/deps/libtokmd_format-ab3491f51dc38631.rlib --extern tokmd_gate=/app/target/debug/deps/libtokmd_gate-3d049ed137b3d469.rlib --extern tokmd_git=/app/target/debug/deps/libtokmd_git-b3c6d5e93cb11ab2.rlib --extern tokmd_model=/app/target/debug/deps/libtokmd_model-5caf4eb9b674e831.rlib --extern tokmd_path=/app/target/debug/deps/libtokmd_path-87b15609bfd71d35.rlib --extern tokmd_progress=/app/target/debug/deps/libtokmd_progress-4c3f56b438105d35.rlib --extern tokmd_scan=/app/target/debug/deps/libtokmd_scan-c5d50a4874764658.rlib --extern tokmd_settings=/app/target/debug/deps/libtokmd_settings-a376241a548bc356.rlib --extern tokmd_tokeignore=/app/target/debug/deps/libtokmd_tokeignore-b17e42e8f7d6ccb6.rlib --extern tokmd_tool_schema=/app/target/debug/deps/libtokmd_tool_schema-750660505fe02567.rlib --extern tokmd_types=/app/target/debug/deps/libtokmd_types-e5279a60750fb027.rlib --extern toml=/app/target/debug/deps/libtoml-416a762657a99d87.rlib -L native=/app/target/debug/build/blake3-12e682763928d5d8/out -L native=/app/target/debug/build/blake3-12e682763928d5d8/out -L native=/app/target/debug/build/ring-7e163c8f3c6760a9/out`
     Running `/home/jules/.rustup/toolchains/stable-x86_64-unknown-linux-gnu/bin/rustc --crate-name feature_gates_w71 --edition=2024 crates/tokmd/tests/feature_gates_w71.rs --error-format=json --json=diagnostic-rendered-ansi,artifacts,future-incompat --emit=dep-info,link -C embed-bitcode=no -C debuginfo=2 --test --cfg 'feature="archetype"' --cfg 'feature="content"' --cfg 'feature="default"' --cfg 'feature="fun"' --cfg 'feature="git"' --cfg 'feature="topics"' --cfg 'feature="ui"' --cfg 'feature="walk"' --check-cfg 'cfg(docsrs,test)' --check-cfg 'cfg(feature, values("alias-tok", "archetype", "content", "default", "fun", "git", "topics", "ui", "walk"))' -C metadata=f676dbb84924848b -C extra-filename=-315a0e91da257c5b --out-dir /app/target/debug/deps -C incremental=/app/target/debug/incremental -L dependency=/app/target/debug/deps --extern anyhow=/app/target/debug/deps/libanyhow-1c897acad9a38b79.rlib --extern assert_cmd=/app/target/debug/deps/libassert_cmd-627e2edf13bfe3f8.rlib --extern blake3=/app/target/debug/deps/libblake3-ba57c91f91dea2f8.rlib --extern clap=/app/target/debug/deps/libclap-37855d5caa945650.rlib --extern clap_complete=/app/target/debug/deps/libclap_complete-c53597c9a8376dfd.rlib --extern console=/app/target/debug/deps/libconsole-082fb92185463311.rlib --extern dialoguer=/app/target/debug/deps/libdialoguer-21a6fbd0d024b082.rlib --extern dirs=/app/target/debug/deps/libdirs-e2cb4f3a84b5aae4.rlib --extern insta=/app/target/debug/deps/libinsta-fc65e2965aec3cf0.rlib --extern jsonschema=/app/target/debug/deps/libjsonschema-0cead2da86f5cca7.rlib --extern predicates=/app/target/debug/deps/libpredicates-dace89ab8e90f707.rlib --extern proptest=/app/target/debug/deps/libproptest-d6b499a49d724fc5.rlib --extern regex=/app/target/debug/deps/libregex-aae23aa183aca753.rlib --extern serde=/app/target/debug/deps/libserde-2ddf37aa57423e14.rlib --extern serde_json=/app/target/debug/deps/libserde_json-02554ac7efa4e2d5.rlib --extern tempfile=/app/target/debug/deps/libtempfile-f51a2aafe76acb83.rlib --extern time=/app/target/debug/deps/libtime-ff5916d77934ff1e.rlib --extern tokmd=/app/target/debug/deps/libtokmd-f0692a71f65efafb.rlib --extern tokmd_analysis=/app/target/debug/deps/libtokmd_analysis-287e2b5f1e68be70.rlib --extern tokmd_analysis_derived=/app/target/debug/deps/libtokmd_analysis_derived-0238f5588105f72f.rlib --extern tokmd_analysis_explain=/app/target/debug/deps/libtokmd_analysis_explain-105437a229df030b.rlib --extern tokmd_analysis_format=/app/target/debug/deps/libtokmd_analysis_format-9faa09db3b8778a0.rlib --extern tokmd_analysis_grid=/app/target/debug/deps/libtokmd_analysis_grid-da610605172fdcbc.rlib --extern tokmd_analysis_types=/app/target/debug/deps/libtokmd_analysis_types-b8471925ca3eea4f.rlib --extern tokmd_badge=/app/target/debug/deps/libtokmd_badge-a3692bda83121bee.rlib --extern tokmd_cockpit=/app/target/debug/deps/libtokmd_cockpit-d6755e701929fa0f.rlib --extern tokmd_config=/app/target/debug/deps/libtokmd_config-907d875de830b68a.rlib --extern tokmd_context_git=/app/target/debug/deps/libtokmd_context_git-8f6572e04bf8d3d8.rlib --extern tokmd_context_policy=/app/target/debug/deps/libtokmd_context_policy-66a5cfc2cb52e0e0.rlib --extern tokmd_envelope=/app/target/debug/deps/libtokmd_envelope-9bbe3b42791e10c2.rlib --extern tokmd_exclude=/app/target/debug/deps/libtokmd_exclude-ed7ad8c9ce3cb6a5.rlib --extern tokmd_export_tree=/app/target/debug/deps/libtokmd_export_tree-393431f45ac57c2b.rlib --extern tokmd_format=/app/target/debug/deps/libtokmd_format-ab3491f51dc38631.rlib --extern tokmd_gate=/app/target/debug/deps/libtokmd_gate-3d049ed137b3d469.rlib --extern tokmd_git=/app/target/debug/deps/libtokmd_git-b3c6d5e93cb11ab2.rlib --extern tokmd_model=/app/target/debug/deps/libtokmd_model-5caf4eb9b674e831.rlib --extern tokmd_path=/app/target/debug/deps/libtokmd_path-87b15609bfd71d35.rlib --extern tokmd_progress=/app/target/debug/deps/libtokmd_progress-4c3f56b438105d35.rlib --extern tokmd_scan=/app/target/debug/deps/libtokmd_scan-c5d50a4874764658.rlib --extern tokmd_settings=/app/target/debug/deps/libtokmd_settings-a376241a548bc356.rlib --extern tokmd_tokeignore=/app/target/debug/deps/libtokmd_tokeignore-b17e42e8f7d6ccb6.rlib --extern tokmd_tool_schema=/app/target/debug/deps/libtokmd_tool_schema-750660505fe02567.rlib --extern tokmd_types=/app/target/debug/deps/libtokmd_types-e5279a60750fb027.rlib --extern toml=/app/target/debug/deps/libtoml-416a762657a99d87.rlib -L native=/app/target/debug/build/blake3-12e682763928d5d8/out -L native=/app/target/debug/build/blake3-12e682763928d5d8/out -L native=/app/target/debug/build/ring-7e163c8f3c6760a9/out`
     Running `/home/jules/.rustup/toolchains/stable-x86_64-unknown-linux-gnu/bin/rustc --crate-name docs --edition=2024 crates/tokmd/tests/docs.rs --error-format=json --json=diagnostic-rendered-ansi,artifacts,future-incompat --emit=dep-info,link -C embed-bitcode=no -C debuginfo=2 --test --cfg 'feature="archetype"' --cfg 'feature="content"' --cfg 'feature="default"' --cfg 'feature="fun"' --cfg 'feature="git"' --cfg 'feature="topics"' --cfg 'feature="ui"' --cfg 'feature="walk"' --check-cfg 'cfg(docsrs,test)' --check-cfg 'cfg(feature, values("alias-tok", "archetype", "content", "default", "fun", "git", "topics", "ui", "walk"))' -C metadata=6f81524c69142c5e -C extra-filename=-9103e3c4db6c3d75 --out-dir /app/target/debug/deps -C incremental=/app/target/debug/incremental -L dependency=/app/target/debug/deps --extern anyhow=/app/target/debug/deps/libanyhow-1c897acad9a38b79.rlib --extern assert_cmd=/app/target/debug/deps/libassert_cmd-627e2edf13bfe3f8.rlib --extern blake3=/app/target/debug/deps/libblake3-ba57c91f91dea2f8.rlib --extern clap=/app/target/debug/deps/libclap-37855d5caa945650.rlib --extern clap_complete=/app/target/debug/deps/libclap_complete-c53597c9a8376dfd.rlib --extern console=/app/target/debug/deps/libconsole-082fb92185463311.rlib --extern dialoguer=/app/target/debug/deps/libdialoguer-21a6fbd0d024b082.rlib --extern dirs=/app/target/debug/deps/libdirs-e2cb4f3a84b5aae4.rlib --extern insta=/app/target/debug/deps/libinsta-fc65e2965aec3cf0.rlib --extern jsonschema=/app/target/debug/deps/libjsonschema-0cead2da86f5cca7.rlib --extern predicates=/app/target/debug/deps/libpredicates-dace89ab8e90f707.rlib --extern proptest=/app/target/debug/deps/libproptest-d6b499a49d724fc5.rlib --extern regex=/app/target/debug/deps/libregex-aae23aa183aca753.rlib --extern serde=/app/target/debug/deps/libserde-2ddf37aa57423e14.rlib --extern serde_json=/app/target/debug/deps/libserde_json-02554ac7efa4e2d5.rlib --extern tempfile=/app/target/debug/deps/libtempfile-f51a2aafe76acb83.rlib --extern time=/app/target/debug/deps/libtime-ff5916d77934ff1e.rlib --extern tokmd=/app/target/debug/deps/libtokmd-f0692a71f65efafb.rlib --extern tokmd_analysis=/app/target/debug/deps/libtokmd_analysis-287e2b5f1e68be70.rlib --extern tokmd_analysis_derived=/app/target/debug/deps/libtokmd_analysis_derived-0238f5588105f72f.rlib --extern tokmd_analysis_explain=/app/target/debug/deps/libtokmd_analysis_explain-105437a229df030b.rlib --extern tokmd_analysis_format=/app/target/debug/deps/libtokmd_analysis_format-9faa09db3b8778a0.rlib --extern tokmd_analysis_grid=/app/target/debug/deps/libtokmd_analysis_grid-da610605172fdcbc.rlib --extern tokmd_analysis_types=/app/target/debug/deps/libtokmd_analysis_types-b8471925ca3eea4f.rlib --extern tokmd_badge=/app/target/debug/deps/libtokmd_badge-a3692bda83121bee.rlib --extern tokmd_cockpit=/app/target/debug/deps/libtokmd_cockpit-d6755e701929fa0f.rlib --extern tokmd_config=/app/target/debug/deps/libtokmd_config-907d875de830b68a.rlib --extern tokmd_context_git=/app/target/debug/deps/libtokmd_context_git-8f6572e04bf8d3d8.rlib --extern tokmd_context_policy=/app/target/debug/deps/libtokmd_context_policy-66a5cfc2cb52e0e0.rlib --extern tokmd_envelope=/app/target/debug/deps/libtokmd_envelope-9bbe3b42791e10c2.rlib --extern tokmd_exclude=/app/target/debug/deps/libtokmd_exclude-ed7ad8c9ce3cb6a5.rlib --extern tokmd_export_tree=/app/target/debug/deps/libtokmd_export_tree-393431f45ac57c2b.rlib --extern tokmd_format=/app/target/debug/deps/libtokmd_format-ab3491f51dc38631.rlib --extern tokmd_gate=/app/target/debug/deps/libtokmd_gate-3d049ed137b3d469.rlib --extern tokmd_git=/app/target/debug/deps/libtokmd_git-b3c6d5e93cb11ab2.rlib --extern tokmd_model=/app/target/debug/deps/libtokmd_model-5caf4eb9b674e831.rlib --extern tokmd_path=/app/target/debug/deps/libtokmd_path-87b15609bfd71d35.rlib --extern tokmd_progress=/app/target/debug/deps/libtokmd_progress-4c3f56b438105d35.rlib --extern tokmd_scan=/app/target/debug/deps/libtokmd_scan-c5d50a4874764658.rlib --extern tokmd_settings=/app/target/debug/deps/libtokmd_settings-a376241a548bc356.rlib --extern tokmd_tokeignore=/app/target/debug/deps/libtokmd_tokeignore-b17e42e8f7d6ccb6.rlib --extern tokmd_tool_schema=/app/target/debug/deps/libtokmd_tool_schema-750660505fe02567.rlib --extern tokmd_types=/app/target/debug/deps/libtokmd_types-e5279a60750fb027.rlib --extern toml=/app/target/debug/deps/libtoml-416a762657a99d87.rlib -L native=/app/target/debug/build/blake3-12e682763928d5d8/out -L native=/app/target/debug/build/blake3-12e682763928d5d8/out -L native=/app/target/debug/build/ring-7e163c8f3c6760a9/out`
     Running `/home/jules/.rustup/toolchains/stable-x86_64-unknown-linux-gnu/bin/rustc --crate-name handoff_integration --edition=2024 crates/tokmd/tests/handoff_integration.rs --error-format=json --json=diagnostic-rendered-ansi,artifacts,future-incompat --emit=dep-info,link -C embed-bitcode=no -C debuginfo=2 --test --cfg 'feature="archetype"' --cfg 'feature="content"' --cfg 'feature="default"' --cfg 'feature="fun"' --cfg 'feature="git"' --cfg 'feature="topics"' --cfg 'feature="ui"' --cfg 'feature="walk"' --check-cfg 'cfg(docsrs,test)' --check-cfg 'cfg(feature, values("alias-tok", "archetype", "content", "default", "fun", "git", "topics", "ui", "walk"))' -C metadata=9eea8e0b48c481ad -C extra-filename=-f62e1179e24ab73b --out-dir /app/target/debug/deps -C incremental=/app/target/debug/incremental -L dependency=/app/target/debug/deps --extern anyhow=/app/target/debug/deps/libanyhow-1c897acad9a38b79.rlib --extern assert_cmd=/app/target/debug/deps/libassert_cmd-627e2edf13bfe3f8.rlib --extern blake3=/app/target/debug/deps/libblake3-ba57c91f91dea2f8.rlib --extern clap=/app/target/debug/deps/libclap-37855d5caa945650.rlib --extern clap_complete=/app/target/debug/deps/libclap_complete-c53597c9a8376dfd.rlib --extern console=/app/target/debug/deps/libconsole-082fb92185463311.rlib --extern dialoguer=/app/target/debug/deps/libdialoguer-21a6fbd0d024b082.rlib --extern dirs=/app/target/debug/deps/libdirs-e2cb4f3a84b5aae4.rlib --extern insta=/app/target/debug/deps/libinsta-fc65e2965aec3cf0.rlib --extern jsonschema=/app/target/debug/deps/libjsonschema-0cead2da86f5cca7.rlib --extern predicates=/app/target/debug/deps/libpredicates-dace89ab8e90f707.rlib --extern proptest=/app/target/debug/deps/libproptest-d6b499a49d724fc5.rlib --extern regex=/app/target/debug/deps/libregex-aae23aa183aca753.rlib --extern serde=/app/target/debug/deps/libserde-2ddf37aa57423e14.rlib --extern serde_json=/app/target/debug/deps/libserde_json-02554ac7efa4e2d5.rlib --extern tempfile=/app/target/debug/deps/libtempfile-f51a2aafe76acb83.rlib --extern time=/app/target/debug/deps/libtime-ff5916d77934ff1e.rlib --extern tokmd=/app/target/debug/deps/libtokmd-f0692a71f65efafb.rlib --extern tokmd_analysis=/app/target/debug/deps/libtokmd_analysis-287e2b5f1e68be70.rlib --extern tokmd_analysis_derived=/app/target/debug/deps/libtokmd_analysis_derived-0238f5588105f72f.rlib --extern tokmd_analysis_explain=/app/target/debug/deps/libtokmd_analysis_explain-105437a229df030b.rlib --extern tokmd_analysis_format=/app/target/debug/deps/libtokmd_analysis_format-9faa09db3b8778a0.rlib --extern tokmd_analysis_grid=/app/target/debug/deps/libtokmd_analysis_grid-da610605172fdcbc.rlib --extern tokmd_analysis_types=/app/target/debug/deps/libtokmd_analysis_types-b8471925ca3eea4f.rlib --extern tokmd_badge=/app/target/debug/deps/libtokmd_badge-a3692bda83121bee.rlib --extern tokmd_cockpit=/app/target/debug/deps/libtokmd_cockpit-d6755e701929fa0f.rlib --extern tokmd_config=/app/target/debug/deps/libtokmd_config-907d875de830b68a.rlib --extern tokmd_context_git=/app/target/debug/deps/libtokmd_context_git-8f6572e04bf8d3d8.rlib --extern tokmd_context_policy=/app/target/debug/deps/libtokmd_context_policy-66a5cfc2cb52e0e0.rlib --extern tokmd_envelope=/app/target/debug/deps/libtokmd_envelope-9bbe3b42791e10c2.rlib --extern tokmd_exclude=/app/target/debug/deps/libtokmd_exclude-ed7ad8c9ce3cb6a5.rlib --extern tokmd_export_tree=/app/target/debug/deps/libtokmd_export_tree-393431f45ac57c2b.rlib --extern tokmd_format=/app/target/debug/deps/libtokmd_format-ab3491f51dc38631.rlib --extern tokmd_gate=/app/target/debug/deps/libtokmd_gate-3d049ed137b3d469.rlib --extern tokmd_git=/app/target/debug/deps/libtokmd_git-b3c6d5e93cb11ab2.rlib --extern tokmd_model=/app/target/debug/deps/libtokmd_model-5caf4eb9b674e831.rlib --extern tokmd_path=/app/target/debug/deps/libtokmd_path-87b15609bfd71d35.rlib --extern tokmd_progress=/app/target/debug/deps/libtokmd_progress-4c3f56b438105d35.rlib --extern tokmd_scan=/app/target/debug/deps/libtokmd_scan-c5d50a4874764658.rlib --extern tokmd_settings=/app/target/debug/deps/libtokmd_settings-a376241a548bc356.rlib --extern tokmd_tokeignore=/app/target/debug/deps/libtokmd_tokeignore-b17e42e8f7d6ccb6.rlib --extern tokmd_tool_schema=/app/target/debug/deps/libtokmd_tool_schema-750660505fe02567.rlib --extern tokmd_types=/app/target/debug/deps/libtokmd_types-e5279a60750fb027.rlib --extern toml=/app/target/debug/deps/libtoml-416a762657a99d87.rlib -L native=/app/target/debug/build/blake3-12e682763928d5d8/out -L native=/app/target/debug/build/blake3-12e682763928d5d8/out -L native=/app/target/debug/build/ring-7e163c8f3c6760a9/out`
     Running `/home/jules/.rustup/toolchains/stable-x86_64-unknown-linux-gnu/bin/rustc --crate-name cli_e2e_w69 --edition=2024 crates/tokmd/tests/cli_e2e_w69.rs --error-format=json --json=diagnostic-rendered-ansi,artifacts,future-incompat --emit=dep-info,link -C embed-bitcode=no -C debuginfo=2 --test --cfg 'feature="archetype"' --cfg 'feature="content"' --cfg 'feature="default"' --cfg 'feature="fun"' --cfg 'feature="git"' --cfg 'feature="topics"' --cfg 'feature="ui"' --cfg 'feature="walk"' --check-cfg 'cfg(docsrs,test)' --check-cfg 'cfg(feature, values("alias-tok", "archetype", "content", "default", "fun", "git", "topics", "ui", "walk"))' -C metadata=dc71f835ba1acb58 -C extra-filename=-e2dfcf5a65f72483 --out-dir /app/target/debug/deps -C incremental=/app/target/debug/incremental -L dependency=/app/target/debug/deps --extern anyhow=/app/target/debug/deps/libanyhow-1c897acad9a38b79.rlib --extern assert_cmd=/app/target/debug/deps/libassert_cmd-627e2edf13bfe3f8.rlib --extern blake3=/app/target/debug/deps/libblake3-ba57c91f91dea2f8.rlib --extern clap=/app/target/debug/deps/libclap-37855d5caa945650.rlib --extern clap_complete=/app/target/debug/deps/libclap_complete-c53597c9a8376dfd.rlib --extern console=/app/target/debug/deps/libconsole-082fb92185463311.rlib --extern dialoguer=/app/target/debug/deps/libdialoguer-21a6fbd0d024b082.rlib --extern dirs=/app/target/debug/deps/libdirs-e2cb4f3a84b5aae4.rlib --extern insta=/app/target/debug/deps/libinsta-fc65e2965aec3cf0.rlib --extern jsonschema=/app/target/debug/deps/libjsonschema-0cead2da86f5cca7.rlib --extern predicates=/app/target/debug/deps/libpredicates-dace89ab8e90f707.rlib --extern proptest=/app/target/debug/deps/libproptest-d6b499a49d724fc5.rlib --extern regex=/app/target/debug/deps/libregex-aae23aa183aca753.rlib --extern serde=/app/target/debug/deps/libserde-2ddf37aa57423e14.rlib --extern serde_json=/app/target/debug/deps/libserde_json-02554ac7efa4e2d5.rlib --extern tempfile=/app/target/debug/deps/libtempfile-f51a2aafe76acb83.rlib --extern time=/app/target/debug/deps/libtime-ff5916d77934ff1e.rlib --extern tokmd=/app/target/debug/deps/libtokmd-f0692a71f65efafb.rlib --extern tokmd_analysis=/app/target/debug/deps/libtokmd_analysis-287e2b5f1e68be70.rlib --extern tokmd_analysis_derived=/app/target/debug/deps/libtokmd_analysis_derived-0238f5588105f72f.rlib --extern tokmd_analysis_explain=/app/target/debug/deps/libtokmd_analysis_explain-105437a229df030b.rlib --extern tokmd_analysis_format=/app/target/debug/deps/libtokmd_analysis_format-9faa09db3b8778a0.rlib --extern tokmd_analysis_grid=/app/target/debug/deps/libtokmd_analysis_grid-da610605172fdcbc.rlib --extern tokmd_analysis_types=/app/target/debug/deps/libtokmd_analysis_types-b8471925ca3eea4f.rlib --extern tokmd_badge=/app/target/debug/deps/libtokmd_badge-a3692bda83121bee.rlib --extern tokmd_cockpit=/app/target/debug/deps/libtokmd_cockpit-d6755e701929fa0f.rlib --extern tokmd_config=/app/target/debug/deps/libtokmd_config-907d875de830b68a.rlib --extern tokmd_context_git=/app/target/debug/deps/libtokmd_context_git-8f6572e04bf8d3d8.rlib --extern tokmd_context_policy=/app/target/debug/deps/libtokmd_context_policy-66a5cfc2cb52e0e0.rlib --extern tokmd_envelope=/app/target/debug/deps/libtokmd_envelope-9bbe3b42791e10c2.rlib --extern tokmd_exclude=/app/target/debug/deps/libtokmd_exclude-ed7ad8c9ce3cb6a5.rlib --extern tokmd_export_tree=/app/target/debug/deps/libtokmd_export_tree-393431f45ac57c2b.rlib --extern tokmd_format=/app/target/debug/deps/libtokmd_format-ab3491f51dc38631.rlib --extern tokmd_gate=/app/target/debug/deps/libtokmd_gate-3d049ed137b3d469.rlib --extern tokmd_git=/app/target/debug/deps/libtokmd_git-b3c6d5e93cb11ab2.rlib --extern tokmd_model=/app/target/debug/deps/libtokmd_model-5caf4eb9b674e831.rlib --extern tokmd_path=/app/target/debug/deps/libtokmd_path-87b15609bfd71d35.rlib --extern tokmd_progress=/app/target/debug/deps/libtokmd_progress-4c3f56b438105d35.rlib --extern tokmd_scan=/app/target/debug/deps/libtokmd_scan-c5d50a4874764658.rlib --extern tokmd_settings=/app/target/debug/deps/libtokmd_settings-a376241a548bc356.rlib --extern tokmd_tokeignore=/app/target/debug/deps/libtokmd_tokeignore-b17e42e8f7d6ccb6.rlib --extern tokmd_tool_schema=/app/target/debug/deps/libtokmd_tool_schema-750660505fe02567.rlib --extern tokmd_types=/app/target/debug/deps/libtokmd_types-e5279a60750fb027.rlib --extern toml=/app/target/debug/deps/libtoml-416a762657a99d87.rlib -L native=/app/target/debug/build/blake3-12e682763928d5d8/out -L native=/app/target/debug/build/blake3-12e682763928d5d8/out -L native=/app/target/debug/build/ring-7e163c8f3c6760a9/out`
     Running `/home/jules/.rustup/toolchains/stable-x86_64-unknown-linux-gnu/bin/rustc --crate-name regression_suite_w52 --edition=2024 crates/tokmd/tests/regression_suite_w52.rs --error-format=json --json=diagnostic-rendered-ansi,artifacts,future-incompat --emit=dep-info,link -C embed-bitcode=no -C debuginfo=2 --test --cfg 'feature="archetype"' --cfg 'feature="content"' --cfg 'feature="default"' --cfg 'feature="fun"' --cfg 'feature="git"' --cfg 'feature="topics"' --cfg 'feature="ui"' --cfg 'feature="walk"' --check-cfg 'cfg(docsrs,test)' --check-cfg 'cfg(feature, values("alias-tok", "archetype", "content", "default", "fun", "git", "topics", "ui", "walk"))' -C metadata=05d6ab3ea13e1d8f -C extra-filename=-ca02b22c96056ea7 --out-dir /app/target/debug/deps -C incremental=/app/target/debug/incremental -L dependency=/app/target/debug/deps --extern anyhow=/app/target/debug/deps/libanyhow-1c897acad9a38b79.rlib --extern assert_cmd=/app/target/debug/deps/libassert_cmd-627e2edf13bfe3f8.rlib --extern blake3=/app/target/debug/deps/libblake3-ba57c91f91dea2f8.rlib --extern clap=/app/target/debug/deps/libclap-37855d5caa945650.rlib --extern clap_complete=/app/target/debug/deps/libclap_complete-c53597c9a8376dfd.rlib --extern console=/app/target/debug/deps/libconsole-082fb92185463311.rlib --extern dialoguer=/app/target/debug/deps/libdialoguer-21a6fbd0d024b082.rlib --extern dirs=/app/target/debug/deps/libdirs-e2cb4f3a84b5aae4.rlib --extern insta=/app/target/debug/deps/libinsta-fc65e2965aec3cf0.rlib --extern jsonschema=/app/target/debug/deps/libjsonschema-0cead2da86f5cca7.rlib --extern predicates=/app/target/debug/deps/libpredicates-dace89ab8e90f707.rlib --extern proptest=/app/target/debug/deps/libproptest-d6b499a49d724fc5.rlib --extern regex=/app/target/debug/deps/libregex-aae23aa183aca753.rlib --extern serde=/app/target/debug/deps/libserde-2ddf37aa57423e14.rlib --extern serde_json=/app/target/debug/deps/libserde_json-02554ac7efa4e2d5.rlib --extern tempfile=/app/target/debug/deps/libtempfile-f51a2aafe76acb83.rlib --extern time=/app/target/debug/deps/libtime-ff5916d77934ff1e.rlib --extern tokmd=/app/target/debug/deps/libtokmd-f0692a71f65efafb.rlib --extern tokmd_analysis=/app/target/debug/deps/libtokmd_analysis-287e2b5f1e68be70.rlib --extern tokmd_analysis_derived=/app/target/debug/deps/libtokmd_analysis_derived-0238f5588105f72f.rlib --extern tokmd_analysis_explain=/app/target/debug/deps/libtokmd_analysis_explain-105437a229df030b.rlib --extern tokmd_analysis_format=/app/target/debug/deps/libtokmd_analysis_format-9faa09db3b8778a0.rlib --extern tokmd_analysis_grid=/app/target/debug/deps/libtokmd_analysis_grid-da610605172fdcbc.rlib --extern tokmd_analysis_types=/app/target/debug/deps/libtokmd_analysis_types-b8471925ca3eea4f.rlib --extern tokmd_badge=/app/target/debug/deps/libtokmd_badge-a3692bda83121bee.rlib --extern tokmd_cockpit=/app/target/debug/deps/libtokmd_cockpit-d6755e701929fa0f.rlib --extern tokmd_config=/app/target/debug/deps/libtokmd_config-907d875de830b68a.rlib --extern tokmd_context_git=/app/target/debug/deps/libtokmd_context_git-8f6572e04bf8d3d8.rlib --extern tokmd_context_policy=/app/target/debug/deps/libtokmd_context_policy-66a5cfc2cb52e0e0.rlib --extern tokmd_envelope=/app/target/debug/deps/libtokmd_envelope-9bbe3b42791e10c2.rlib --extern tokmd_exclude=/app/target/debug/deps/libtokmd_exclude-ed7ad8c9ce3cb6a5.rlib --extern tokmd_export_tree=/app/target/debug/deps/libtokmd_export_tree-393431f45ac57c2b.rlib --extern tokmd_format=/app/target/debug/deps/libtokmd_format-ab3491f51dc38631.rlib --extern tokmd_gate=/app/target/debug/deps/libtokmd_gate-3d049ed137b3d469.rlib --extern tokmd_git=/app/target/debug/deps/libtokmd_git-b3c6d5e93cb11ab2.rlib --extern tokmd_model=/app/target/debug/deps/libtokmd_model-5caf4eb9b674e831.rlib --extern tokmd_path=/app/target/debug/deps/libtokmd_path-87b15609bfd71d35.rlib --extern tokmd_progress=/app/target/debug/deps/libtokmd_progress-4c3f56b438105d35.rlib --extern tokmd_scan=/app/target/debug/deps/libtokmd_scan-c5d50a4874764658.rlib --extern tokmd_settings=/app/target/debug/deps/libtokmd_settings-a376241a548bc356.rlib --extern tokmd_tokeignore=/app/target/debug/deps/libtokmd_tokeignore-b17e42e8f7d6ccb6.rlib --extern tokmd_tool_schema=/app/target/debug/deps/libtokmd_tool_schema-750660505fe02567.rlib --extern tokmd_types=/app/target/debug/deps/libtokmd_types-e5279a60750fb027.rlib --extern toml=/app/target/debug/deps/libtoml-416a762657a99d87.rlib -L native=/app/target/debug/build/blake3-12e682763928d5d8/out -L native=/app/target/debug/build/blake3-12e682763928d5d8/out -L native=/app/target/debug/build/ring-7e163c8f3c6760a9/out`
     Running `/home/jules/.rustup/toolchains/stable-x86_64-unknown-linux-gnu/bin/rustc --crate-name bdd_analyze_scenarios_w50 --edition=2024 crates/tokmd/tests/bdd_analyze_scenarios_w50.rs --error-format=json --json=diagnostic-rendered-ansi,artifacts,future-incompat --emit=dep-info,link -C embed-bitcode=no -C debuginfo=2 --test --cfg 'feature="archetype"' --cfg 'feature="content"' --cfg 'feature="default"' --cfg 'feature="fun"' --cfg 'feature="git"' --cfg 'feature="topics"' --cfg 'feature="ui"' --cfg 'feature="walk"' --check-cfg 'cfg(docsrs,test)' --check-cfg 'cfg(feature, values("alias-tok", "archetype", "content", "default", "fun", "git", "topics", "ui", "walk"))' -C metadata=1bb27b1305f32288 -C extra-filename=-8c3cec8848706de0 --out-dir /app/target/debug/deps -C incremental=/app/target/debug/incremental -L dependency=/app/target/debug/deps --extern anyhow=/app/target/debug/deps/libanyhow-1c897acad9a38b79.rlib --extern assert_cmd=/app/target/debug/deps/libassert_cmd-627e2edf13bfe3f8.rlib --extern blake3=/app/target/debug/deps/libblake3-ba57c91f91dea2f8.rlib --extern clap=/app/target/debug/deps/libclap-37855d5caa945650.rlib --extern clap_complete=/app/target/debug/deps/libclap_complete-c53597c9a8376dfd.rlib --extern console=/app/target/debug/deps/libconsole-082fb92185463311.rlib --extern dialoguer=/app/target/debug/deps/libdialoguer-21a6fbd0d024b082.rlib --extern dirs=/app/target/debug/deps/libdirs-e2cb4f3a84b5aae4.rlib --extern insta=/app/target/debug/deps/libinsta-fc65e2965aec3cf0.rlib --extern jsonschema=/app/target/debug/deps/libjsonschema-0cead2da86f5cca7.rlib --extern predicates=/app/target/debug/deps/libpredicates-dace89ab8e90f707.rlib --extern proptest=/app/target/debug/deps/libproptest-d6b499a49d724fc5.rlib --extern regex=/app/target/debug/deps/libregex-aae23aa183aca753.rlib --extern serde=/app/target/debug/deps/libserde-2ddf37aa57423e14.rlib --extern serde_json=/app/target/debug/deps/libserde_json-02554ac7efa4e2d5.rlib --extern tempfile=/app/target/debug/deps/libtempfile-f51a2aafe76acb83.rlib --extern time=/app/target/debug/deps/libtime-ff5916d77934ff1e.rlib --extern tokmd=/app/target/debug/deps/libtokmd-f0692a71f65efafb.rlib --extern tokmd_analysis=/app/target/debug/deps/libtokmd_analysis-287e2b5f1e68be70.rlib --extern tokmd_analysis_derived=/app/target/debug/deps/libtokmd_analysis_derived-0238f5588105f72f.rlib --extern tokmd_analysis_explain=/app/target/debug/deps/libtokmd_analysis_explain-105437a229df030b.rlib --extern tokmd_analysis_format=/app/target/debug/deps/libtokmd_analysis_format-9faa09db3b8778a0.rlib --extern tokmd_analysis_grid=/app/target/debug/deps/libtokmd_analysis_grid-da610605172fdcbc.rlib --extern tokmd_analysis_types=/app/target/debug/deps/libtokmd_analysis_types-b8471925ca3eea4f.rlib --extern tokmd_badge=/app/target/debug/deps/libtokmd_badge-a3692bda83121bee.rlib --extern tokmd_cockpit=/app/target/debug/deps/libtokmd_cockpit-d6755e701929fa0f.rlib --extern tokmd_config=/app/target/debug/deps/libtokmd_config-907d875de830b68a.rlib --extern tokmd_context_git=/app/target/debug/deps/libtokmd_context_git-8f6572e04bf8d3d8.rlib --extern tokmd_context_policy=/app/target/debug/deps/libtokmd_context_policy-66a5cfc2cb52e0e0.rlib --extern tokmd_envelope=/app/target/debug/deps/libtokmd_envelope-9bbe3b42791e10c2.rlib --extern tokmd_exclude=/app/target/debug/deps/libtokmd_exclude-ed7ad8c9ce3cb6a5.rlib --extern tokmd_export_tree=/app/target/debug/deps/libtokmd_export_tree-393431f45ac57c2b.rlib --extern tokmd_format=/app/target/debug/deps/libtokmd_format-ab3491f51dc38631.rlib --extern tokmd_gate=/app/target/debug/deps/libtokmd_gate-3d049ed137b3d469.rlib --extern tokmd_git=/app/target/debug/deps/libtokmd_git-b3c6d5e93cb11ab2.rlib --extern tokmd_model=/app/target/debug/deps/libtokmd_model-5caf4eb9b674e831.rlib --extern tokmd_path=/app/target/debug/deps/libtokmd_path-87b15609bfd71d35.rlib --extern tokmd_progress=/app/target/debug/deps/libtokmd_progress-4c3f56b438105d35.rlib --extern tokmd_scan=/app/target/debug/deps/libtokmd_scan-c5d50a4874764658.rlib --extern tokmd_settings=/app/target/debug/deps/libtokmd_settings-a376241a548bc356.rlib --extern tokmd_tokeignore=/app/target/debug/deps/libtokmd_tokeignore-b17e42e8f7d6ccb6.rlib --extern tokmd_tool_schema=/app/target/debug/deps/libtokmd_tool_schema-750660505fe02567.rlib --extern tokmd_types=/app/target/debug/deps/libtokmd_types-e5279a60750fb027.rlib --extern toml=/app/target/debug/deps/libtoml-416a762657a99d87.rlib -L native=/app/target/debug/build/blake3-12e682763928d5d8/out -L native=/app/target/debug/build/blake3-12e682763928d5d8/out -L native=/app/target/debug/build/ring-7e163c8f3c6760a9/out`
     Running `/home/jules/.rustup/toolchains/stable-x86_64-unknown-linux-gnu/bin/rustc --crate-name e2e_extended --edition=2024 crates/tokmd/tests/e2e_extended.rs --error-format=json --json=diagnostic-rendered-ansi,artifacts,future-incompat --emit=dep-info,link -C embed-bitcode=no -C debuginfo=2 --test --cfg 'feature="archetype"' --cfg 'feature="content"' --cfg 'feature="default"' --cfg 'feature="fun"' --cfg 'feature="git"' --cfg 'feature="topics"' --cfg 'feature="ui"' --cfg 'feature="walk"' --check-cfg 'cfg(docsrs,test)' --check-cfg 'cfg(feature, values("alias-tok", "archetype", "content", "default", "fun", "git", "topics", "ui", "walk"))' -C metadata=4a032ed8f2c6efbf -C extra-filename=-259bd1d25e81a594 --out-dir /app/target/debug/deps -C incremental=/app/target/debug/incremental -L dependency=/app/target/debug/deps --extern anyhow=/app/target/debug/deps/libanyhow-1c897acad9a38b79.rlib --extern assert_cmd=/app/target/debug/deps/libassert_cmd-627e2edf13bfe3f8.rlib --extern blake3=/app/target/debug/deps/libblake3-ba57c91f91dea2f8.rlib --extern clap=/app/target/debug/deps/libclap-37855d5caa945650.rlib --extern clap_complete=/app/target/debug/deps/libclap_complete-c53597c9a8376dfd.rlib --extern console=/app/target/debug/deps/libconsole-082fb92185463311.rlib --extern dialoguer=/app/target/debug/deps/libdialoguer-21a6fbd0d024b082.rlib --extern dirs=/app/target/debug/deps/libdirs-e2cb4f3a84b5aae4.rlib --extern insta=/app/target/debug/deps/libinsta-fc65e2965aec3cf0.rlib --extern jsonschema=/app/target/debug/deps/libjsonschema-0cead2da86f5cca7.rlib --extern predicates=/app/target/debug/deps/libpredicates-dace89ab8e90f707.rlib --extern proptest=/app/target/debug/deps/libproptest-d6b499a49d724fc5.rlib --extern regex=/app/target/debug/deps/libregex-aae23aa183aca753.rlib --extern serde=/app/target/debug/deps/libserde-2ddf37aa57423e14.rlib --extern serde_json=/app/target/debug/deps/libserde_json-02554ac7efa4e2d5.rlib --extern tempfile=/app/target/debug/deps/libtempfile-f51a2aafe76acb83.rlib --extern time=/app/target/debug/deps/libtime-ff5916d77934ff1e.rlib --extern tokmd=/app/target/debug/deps/libtokmd-f0692a71f65efafb.rlib --extern tokmd_analysis=/app/target/debug/deps/libtokmd_analysis-287e2b5f1e68be70.rlib --extern tokmd_analysis_derived=/app/target/debug/deps/libtokmd_analysis_derived-0238f5588105f72f.rlib --extern tokmd_analysis_explain=/app/target/debug/deps/libtokmd_analysis_explain-105437a229df030b.rlib --extern tokmd_analysis_format=/app/target/debug/deps/libtokmd_analysis_format-9faa09db3b8778a0.rlib --extern tokmd_analysis_grid=/app/target/debug/deps/libtokmd_analysis_grid-da610605172fdcbc.rlib --extern tokmd_analysis_types=/app/target/debug/deps/libtokmd_analysis_types-b8471925ca3eea4f.rlib --extern tokmd_badge=/app/target/debug/deps/libtokmd_badge-a3692bda83121bee.rlib --extern tokmd_cockpit=/app/target/debug/deps/libtokmd_cockpit-d6755e701929fa0f.rlib --extern tokmd_config=/app/target/debug/deps/libtokmd_config-907d875de830b68a.rlib --extern tokmd_context_git=/app/target/debug/deps/libtokmd_context_git-8f6572e04bf8d3d8.rlib --extern tokmd_context_policy=/app/target/debug/deps/libtokmd_context_policy-66a5cfc2cb52e0e0.rlib --extern tokmd_envelope=/app/target/debug/deps/libtokmd_envelope-9bbe3b42791e10c2.rlib --extern tokmd_exclude=/app/target/debug/deps/libtokmd_exclude-ed7ad8c9ce3cb6a5.rlib --extern tokmd_export_tree=/app/target/debug/deps/libtokmd_export_tree-393431f45ac57c2b.rlib --extern tokmd_format=/app/target/debug/deps/libtokmd_format-ab3491f51dc38631.rlib --extern tokmd_gate=/app/target/debug/deps/libtokmd_gate-3d049ed137b3d469.rlib --extern tokmd_git=/app/target/debug/deps/libtokmd_git-b3c6d5e93cb11ab2.rlib --extern tokmd_model=/app/target/debug/deps/libtokmd_model-5caf4eb9b674e831.rlib --extern tokmd_path=/app/target/debug/deps/libtokmd_path-87b15609bfd71d35.rlib --extern tokmd_progress=/app/target/debug/deps/libtokmd_progress-4c3f56b438105d35.rlib --extern tokmd_scan=/app/target/debug/deps/libtokmd_scan-c5d50a4874764658.rlib --extern tokmd_settings=/app/target/debug/deps/libtokmd_settings-a376241a548bc356.rlib --extern tokmd_tokeignore=/app/target/debug/deps/libtokmd_tokeignore-b17e42e8f7d6ccb6.rlib --extern tokmd_tool_schema=/app/target/debug/deps/libtokmd_tool_schema-750660505fe02567.rlib --extern tokmd_types=/app/target/debug/deps/libtokmd_types-e5279a60750fb027.rlib --extern toml=/app/target/debug/deps/libtoml-416a762657a99d87.rlib -L native=/app/target/debug/build/blake3-12e682763928d5d8/out -L native=/app/target/debug/build/blake3-12e682763928d5d8/out -L native=/app/target/debug/build/ring-7e163c8f3c6760a9/out`
     Running `/home/jules/.rustup/toolchains/stable-x86_64-unknown-linux-gnu/bin/rustc --crate-name bdd_diff_scenarios_w50 --edition=2024 crates/tokmd/tests/bdd_diff_scenarios_w50.rs --error-format=json --json=diagnostic-rendered-ansi,artifacts,future-incompat --emit=dep-info,link -C embed-bitcode=no -C debuginfo=2 --test --cfg 'feature="archetype"' --cfg 'feature="content"' --cfg 'feature="default"' --cfg 'feature="fun"' --cfg 'feature="git"' --cfg 'feature="topics"' --cfg 'feature="ui"' --cfg 'feature="walk"' --check-cfg 'cfg(docsrs,test)' --check-cfg 'cfg(feature, values("alias-tok", "archetype", "content", "default", "fun", "git", "topics", "ui", "walk"))' -C metadata=2f384d79a4d6759d -C extra-filename=-19d493704e58688e --out-dir /app/target/debug/deps -C incremental=/app/target/debug/incremental -L dependency=/app/target/debug/deps --extern anyhow=/app/target/debug/deps/libanyhow-1c897acad9a38b79.rlib --extern assert_cmd=/app/target/debug/deps/libassert_cmd-627e2edf13bfe3f8.rlib --extern blake3=/app/target/debug/deps/libblake3-ba57c91f91dea2f8.rlib --extern clap=/app/target/debug/deps/libclap-37855d5caa945650.rlib --extern clap_complete=/app/target/debug/deps/libclap_complete-c53597c9a8376dfd.rlib --extern console=/app/target/debug/deps/libconsole-082fb92185463311.rlib --extern dialoguer=/app/target/debug/deps/libdialoguer-21a6fbd0d024b082.rlib --extern dirs=/app/target/debug/deps/libdirs-e2cb4f3a84b5aae4.rlib --extern insta=/app/target/debug/deps/libinsta-fc65e2965aec3cf0.rlib --extern jsonschema=/app/target/debug/deps/libjsonschema-0cead2da86f5cca7.rlib --extern predicates=/app/target/debug/deps/libpredicates-dace89ab8e90f707.rlib --extern proptest=/app/target/debug/deps/libproptest-d6b499a49d724fc5.rlib --extern regex=/app/target/debug/deps/libregex-aae23aa183aca753.rlib --extern serde=/app/target/debug/deps/libserde-2ddf37aa57423e14.rlib --extern serde_json=/app/target/debug/deps/libserde_json-02554ac7efa4e2d5.rlib --extern tempfile=/app/target/debug/deps/libtempfile-f51a2aafe76acb83.rlib --extern time=/app/target/debug/deps/libtime-ff5916d77934ff1e.rlib --extern tokmd=/app/target/debug/deps/libtokmd-f0692a71f65efafb.rlib --extern tokmd_analysis=/app/target/debug/deps/libtokmd_analysis-287e2b5f1e68be70.rlib --extern tokmd_analysis_derived=/app/target/debug/deps/libtokmd_analysis_derived-0238f5588105f72f.rlib --extern tokmd_analysis_explain=/app/target/debug/deps/libtokmd_analysis_explain-105437a229df030b.rlib --extern tokmd_analysis_format=/app/target/debug/deps/libtokmd_analysis_format-9faa09db3b8778a0.rlib --extern tokmd_analysis_grid=/app/target/debug/deps/libtokmd_analysis_grid-da610605172fdcbc.rlib --extern tokmd_analysis_types=/app/target/debug/deps/libtokmd_analysis_types-b8471925ca3eea4f.rlib --extern tokmd_badge=/app/target/debug/deps/libtokmd_badge-a3692bda83121bee.rlib --extern tokmd_cockpit=/app/target/debug/deps/libtokmd_cockpit-d6755e701929fa0f.rlib --extern tokmd_config=/app/target/debug/deps/libtokmd_config-907d875de830b68a.rlib --extern tokmd_context_git=/app/target/debug/deps/libtokmd_context_git-8f6572e04bf8d3d8.rlib --extern tokmd_context_policy=/app/target/debug/deps/libtokmd_context_policy-66a5cfc2cb52e0e0.rlib --extern tokmd_envelope=/app/target/debug/deps/libtokmd_envelope-9bbe3b42791e10c2.rlib --extern tokmd_exclude=/app/target/debug/deps/libtokmd_exclude-ed7ad8c9ce3cb6a5.rlib --extern tokmd_export_tree=/app/target/debug/deps/libtokmd_export_tree-393431f45ac57c2b.rlib --extern tokmd_format=/app/target/debug/deps/libtokmd_format-ab3491f51dc38631.rlib --extern tokmd_gate=/app/target/debug/deps/libtokmd_gate-3d049ed137b3d469.rlib --extern tokmd_git=/app/target/debug/deps/libtokmd_git-b3c6d5e93cb11ab2.rlib --extern tokmd_model=/app/target/debug/deps/libtokmd_model-5caf4eb9b674e831.rlib --extern tokmd_path=/app/target/debug/deps/libtokmd_path-87b15609bfd71d35.rlib --extern tokmd_progress=/app/target/debug/deps/libtokmd_progress-4c3f56b438105d35.rlib --extern tokmd_scan=/app/target/debug/deps/libtokmd_scan-c5d50a4874764658.rlib --extern tokmd_settings=/app/target/debug/deps/libtokmd_settings-a376241a548bc356.rlib --extern tokmd_tokeignore=/app/target/debug/deps/libtokmd_tokeignore-b17e42e8f7d6ccb6.rlib --extern tokmd_tool_schema=/app/target/debug/deps/libtokmd_tool_schema-750660505fe02567.rlib --extern tokmd_types=/app/target/debug/deps/libtokmd_types-e5279a60750fb027.rlib --extern toml=/app/target/debug/deps/libtoml-416a762657a99d87.rlib -L native=/app/target/debug/build/blake3-12e682763928d5d8/out -L native=/app/target/debug/build/blake3-12e682763928d5d8/out -L native=/app/target/debug/build/ring-7e163c8f3c6760a9/out`
     Running `/home/jules/.rustup/toolchains/stable-x86_64-unknown-linux-gnu/bin/rustc --crate-name deep_run_cockpit_w52 --edition=2024 crates/tokmd/tests/deep_run_cockpit_w52.rs --error-format=json --json=diagnostic-rendered-ansi,artifacts,future-incompat --emit=dep-info,link -C embed-bitcode=no -C debuginfo=2 --test --cfg 'feature="archetype"' --cfg 'feature="content"' --cfg 'feature="default"' --cfg 'feature="fun"' --cfg 'feature="git"' --cfg 'feature="topics"' --cfg 'feature="ui"' --cfg 'feature="walk"' --check-cfg 'cfg(docsrs,test)' --check-cfg 'cfg(feature, values("alias-tok", "archetype", "content", "default", "fun", "git", "topics", "ui", "walk"))' -C metadata=39b7b2bafdce253d -C extra-filename=-cb9919bb15badb79 --out-dir /app/target/debug/deps -C incremental=/app/target/debug/incremental -L dependency=/app/target/debug/deps --extern anyhow=/app/target/debug/deps/libanyhow-1c897acad9a38b79.rlib --extern assert_cmd=/app/target/debug/deps/libassert_cmd-627e2edf13bfe3f8.rlib --extern blake3=/app/target/debug/deps/libblake3-ba57c91f91dea2f8.rlib --extern clap=/app/target/debug/deps/libclap-37855d5caa945650.rlib --extern clap_complete=/app/target/debug/deps/libclap_complete-c53597c9a8376dfd.rlib --extern console=/app/target/debug/deps/libconsole-082fb92185463311.rlib --extern dialoguer=/app/target/debug/deps/libdialoguer-21a6fbd0d024b082.rlib --extern dirs=/app/target/debug/deps/libdirs-e2cb4f3a84b5aae4.rlib --extern insta=/app/target/debug/deps/libinsta-fc65e2965aec3cf0.rlib --extern jsonschema=/app/target/debug/deps/libjsonschema-0cead2da86f5cca7.rlib --extern predicates=/app/target/debug/deps/libpredicates-dace89ab8e90f707.rlib --extern proptest=/app/target/debug/deps/libproptest-d6b499a49d724fc5.rlib --extern regex=/app/target/debug/deps/libregex-aae23aa183aca753.rlib --extern serde=/app/target/debug/deps/libserde-2ddf37aa57423e14.rlib --extern serde_json=/app/target/debug/deps/libserde_json-02554ac7efa4e2d5.rlib --extern tempfile=/app/target/debug/deps/libtempfile-f51a2aafe76acb83.rlib --extern time=/app/target/debug/deps/libtime-ff5916d77934ff1e.rlib --extern tokmd=/app/target/debug/deps/libtokmd-f0692a71f65efafb.rlib --extern tokmd_analysis=/app/target/debug/deps/libtokmd_analysis-287e2b5f1e68be70.rlib --extern tokmd_analysis_derived=/app/target/debug/deps/libtokmd_analysis_derived-0238f5588105f72f.rlib --extern tokmd_analysis_explain=/app/target/debug/deps/libtokmd_analysis_explain-105437a229df030b.rlib --extern tokmd_analysis_format=/app/target/debug/deps/libtokmd_analysis_format-9faa09db3b8778a0.rlib --extern tokmd_analysis_grid=/app/target/debug/deps/libtokmd_analysis_grid-da610605172fdcbc.rlib --extern tokmd_analysis_types=/app/target/debug/deps/libtokmd_analysis_types-b8471925ca3eea4f.rlib --extern tokmd_badge=/app/target/debug/deps/libtokmd_badge-a3692bda83121bee.rlib --extern tokmd_cockpit=/app/target/debug/deps/libtokmd_cockpit-d6755e701929fa0f.rlib --extern tokmd_config=/app/target/debug/deps/libtokmd_config-907d875de830b68a.rlib --extern tokmd_context_git=/app/target/debug/deps/libtokmd_context_git-8f6572e04bf8d3d8.rlib --extern tokmd_context_policy=/app/target/debug/deps/libtokmd_context_policy-66a5cfc2cb52e0e0.rlib --extern tokmd_envelope=/app/target/debug/deps/libtokmd_envelope-9bbe3b42791e10c2.rlib --extern tokmd_exclude=/app/target/debug/deps/libtokmd_exclude-ed7ad8c9ce3cb6a5.rlib --extern tokmd_export_tree=/app/target/debug/deps/libtokmd_export_tree-393431f45ac57c2b.rlib --extern tokmd_format=/app/target/debug/deps/libtokmd_format-ab3491f51dc38631.rlib --extern tokmd_gate=/app/target/debug/deps/libtokmd_gate-3d049ed137b3d469.rlib --extern tokmd_git=/app/target/debug/deps/libtokmd_git-b3c6d5e93cb11ab2.rlib --extern tokmd_model=/app/target/debug/deps/libtokmd_model-5caf4eb9b674e831.rlib --extern tokmd_path=/app/target/debug/deps/libtokmd_path-87b15609bfd71d35.rlib --extern tokmd_progress=/app/target/debug/deps/libtokmd_progress-4c3f56b438105d35.rlib --extern tokmd_scan=/app/target/debug/deps/libtokmd_scan-c5d50a4874764658.rlib --extern tokmd_settings=/app/target/debug/deps/libtokmd_settings-a376241a548bc356.rlib --extern tokmd_tokeignore=/app/target/debug/deps/libtokmd_tokeignore-b17e42e8f7d6ccb6.rlib --extern tokmd_tool_schema=/app/target/debug/deps/libtokmd_tool_schema-750660505fe02567.rlib --extern tokmd_types=/app/target/debug/deps/libtokmd_types-e5279a60750fb027.rlib --extern toml=/app/target/debug/deps/libtoml-416a762657a99d87.rlib -L native=/app/target/debug/build/blake3-12e682763928d5d8/out -L native=/app/target/debug/build/blake3-12e682763928d5d8/out -L native=/app/target/debug/build/ring-7e163c8f3c6760a9/out`
     Running `/home/jules/.rustup/toolchains/stable-x86_64-unknown-linux-gnu/bin/rustc --crate-name cli_e2e_w42 --edition=2024 crates/tokmd/tests/cli_e2e_w42.rs --error-format=json --json=diagnostic-rendered-ansi,artifacts,future-incompat --emit=dep-info,link -C embed-bitcode=no -C debuginfo=2 --test --cfg 'feature="archetype"' --cfg 'feature="content"' --cfg 'feature="default"' --cfg 'feature="fun"' --cfg 'feature="git"' --cfg 'feature="topics"' --cfg 'feature="ui"' --cfg 'feature="walk"' --check-cfg 'cfg(docsrs,test)' --check-cfg 'cfg(feature, values("alias-tok", "archetype", "content", "default", "fun", "git", "topics", "ui", "walk"))' -C metadata=fc8c0e7a0257452e -C extra-filename=-e445ff2fbf5278c0 --out-dir /app/target/debug/deps -C incremental=/app/target/debug/incremental -L dependency=/app/target/debug/deps --extern anyhow=/app/target/debug/deps/libanyhow-1c897acad9a38b79.rlib --extern assert_cmd=/app/target/debug/deps/libassert_cmd-627e2edf13bfe3f8.rlib --extern blake3=/app/target/debug/deps/libblake3-ba57c91f91dea2f8.rlib --extern clap=/app/target/debug/deps/libclap-37855d5caa945650.rlib --extern clap_complete=/app/target/debug/deps/libclap_complete-c53597c9a8376dfd.rlib --extern console=/app/target/debug/deps/libconsole-082fb92185463311.rlib --extern dialoguer=/app/target/debug/deps/libdialoguer-21a6fbd0d024b082.rlib --extern dirs=/app/target/debug/deps/libdirs-e2cb4f3a84b5aae4.rlib --extern insta=/app/target/debug/deps/libinsta-fc65e2965aec3cf0.rlib --extern jsonschema=/app/target/debug/deps/libjsonschema-0cead2da86f5cca7.rlib --extern predicates=/app/target/debug/deps/libpredicates-dace89ab8e90f707.rlib --extern proptest=/app/target/debug/deps/libproptest-d6b499a49d724fc5.rlib --extern regex=/app/target/debug/deps/libregex-aae23aa183aca753.rlib --extern serde=/app/target/debug/deps/libserde-2ddf37aa57423e14.rlib --extern serde_json=/app/target/debug/deps/libserde_json-02554ac7efa4e2d5.rlib --extern tempfile=/app/target/debug/deps/libtempfile-f51a2aafe76acb83.rlib --extern time=/app/target/debug/deps/libtime-ff5916d77934ff1e.rlib --extern tokmd=/app/target/debug/deps/libtokmd-f0692a71f65efafb.rlib --extern tokmd_analysis=/app/target/debug/deps/libtokmd_analysis-287e2b5f1e68be70.rlib --extern tokmd_analysis_derived=/app/target/debug/deps/libtokmd_analysis_derived-0238f5588105f72f.rlib --extern tokmd_analysis_explain=/app/target/debug/deps/libtokmd_analysis_explain-105437a229df030b.rlib --extern tokmd_analysis_format=/app/target/debug/deps/libtokmd_analysis_format-9faa09db3b8778a0.rlib --extern tokmd_analysis_grid=/app/target/debug/deps/libtokmd_analysis_grid-da610605172fdcbc.rlib --extern tokmd_analysis_types=/app/target/debug/deps/libtokmd_analysis_types-b8471925ca3eea4f.rlib --extern tokmd_badge=/app/target/debug/deps/libtokmd_badge-a3692bda83121bee.rlib --extern tokmd_cockpit=/app/target/debug/deps/libtokmd_cockpit-d6755e701929fa0f.rlib --extern tokmd_config=/app/target/debug/deps/libtokmd_config-907d875de830b68a.rlib --extern tokmd_context_git=/app/target/debug/deps/libtokmd_context_git-8f6572e04bf8d3d8.rlib --extern tokmd_context_policy=/app/target/debug/deps/libtokmd_context_policy-66a5cfc2cb52e0e0.rlib --extern tokmd_envelope=/app/target/debug/deps/libtokmd_envelope-9bbe3b42791e10c2.rlib --extern tokmd_exclude=/app/target/debug/deps/libtokmd_exclude-ed7ad8c9ce3cb6a5.rlib --extern tokmd_export_tree=/app/target/debug/deps/libtokmd_export_tree-393431f45ac57c2b.rlib --extern tokmd_format=/app/target/debug/deps/libtokmd_format-ab3491f51dc38631.rlib --extern tokmd_gate=/app/target/debug/deps/libtokmd_gate-3d049ed137b3d469.rlib --extern tokmd_git=/app/target/debug/deps/libtokmd_git-b3c6d5e93cb11ab2.rlib --extern tokmd_model=/app/target/debug/deps/libtokmd_model-5caf4eb9b674e831.rlib --extern tokmd_path=/app/target/debug/deps/libtokmd_path-87b15609bfd71d35.rlib --extern tokmd_progress=/app/target/debug/deps/libtokmd_progress-4c3f56b438105d35.rlib --extern tokmd_scan=/app/target/debug/deps/libtokmd_scan-c5d50a4874764658.rlib --extern tokmd_settings=/app/target/debug/deps/libtokmd_settings-a376241a548bc356.rlib --extern tokmd_tokeignore=/app/target/debug/deps/libtokmd_tokeignore-b17e42e8f7d6ccb6.rlib --extern tokmd_tool_schema=/app/target/debug/deps/libtokmd_tool_schema-750660505fe02567.rlib --extern tokmd_types=/app/target/debug/deps/libtokmd_types-e5279a60750fb027.rlib --extern toml=/app/target/debug/deps/libtoml-416a762657a99d87.rlib -L native=/app/target/debug/build/blake3-12e682763928d5d8/out -L native=/app/target/debug/build/blake3-12e682763928d5d8/out -L native=/app/target/debug/build/ring-7e163c8f3c6760a9/out`
     Running `/home/jules/.rustup/toolchains/stable-x86_64-unknown-linux-gnu/bin/rustc --crate-name determinism_regression --edition=2024 crates/tokmd/tests/determinism_regression.rs --error-format=json --json=diagnostic-rendered-ansi,artifacts,future-incompat --emit=dep-info,link -C embed-bitcode=no -C debuginfo=2 --test --cfg 'feature="archetype"' --cfg 'feature="content"' --cfg 'feature="default"' --cfg 'feature="fun"' --cfg 'feature="git"' --cfg 'feature="topics"' --cfg 'feature="ui"' --cfg 'feature="walk"' --check-cfg 'cfg(docsrs,test)' --check-cfg 'cfg(feature, values("alias-tok", "archetype", "content", "default", "fun", "git", "topics", "ui", "walk"))' -C metadata=90c2703181cbf61b -C extra-filename=-55f0edde4c7db575 --out-dir /app/target/debug/deps -C incremental=/app/target/debug/incremental -L dependency=/app/target/debug/deps --extern anyhow=/app/target/debug/deps/libanyhow-1c897acad9a38b79.rlib --extern assert_cmd=/app/target/debug/deps/libassert_cmd-627e2edf13bfe3f8.rlib --extern blake3=/app/target/debug/deps/libblake3-ba57c91f91dea2f8.rlib --extern clap=/app/target/debug/deps/libclap-37855d5caa945650.rlib --extern clap_complete=/app/target/debug/deps/libclap_complete-c53597c9a8376dfd.rlib --extern console=/app/target/debug/deps/libconsole-082fb92185463311.rlib --extern dialoguer=/app/target/debug/deps/libdialoguer-21a6fbd0d024b082.rlib --extern dirs=/app/target/debug/deps/libdirs-e2cb4f3a84b5aae4.rlib --extern insta=/app/target/debug/deps/libinsta-fc65e2965aec3cf0.rlib --extern jsonschema=/app/target/debug/deps/libjsonschema-0cead2da86f5cca7.rlib --extern predicates=/app/target/debug/deps/libpredicates-dace89ab8e90f707.rlib --extern proptest=/app/target/debug/deps/libproptest-d6b499a49d724fc5.rlib --extern regex=/app/target/debug/deps/libregex-aae23aa183aca753.rlib --extern serde=/app/target/debug/deps/libserde-2ddf37aa57423e14.rlib --extern serde_json=/app/target/debug/deps/libserde_json-02554ac7efa4e2d5.rlib --extern tempfile=/app/target/debug/deps/libtempfile-f51a2aafe76acb83.rlib --extern time=/app/target/debug/deps/libtime-ff5916d77934ff1e.rlib --extern tokmd=/app/target/debug/deps/libtokmd-f0692a71f65efafb.rlib --extern tokmd_analysis=/app/target/debug/deps/libtokmd_analysis-287e2b5f1e68be70.rlib --extern tokmd_analysis_derived=/app/target/debug/deps/libtokmd_analysis_derived-0238f5588105f72f.rlib --extern tokmd_analysis_explain=/app/target/debug/deps/libtokmd_analysis_explain-105437a229df030b.rlib --extern tokmd_analysis_format=/app/target/debug/deps/libtokmd_analysis_format-9faa09db3b8778a0.rlib --extern tokmd_analysis_grid=/app/target/debug/deps/libtokmd_analysis_grid-da610605172fdcbc.rlib --extern tokmd_analysis_types=/app/target/debug/deps/libtokmd_analysis_types-b8471925ca3eea4f.rlib --extern tokmd_badge=/app/target/debug/deps/libtokmd_badge-a3692bda83121bee.rlib --extern tokmd_cockpit=/app/target/debug/deps/libtokmd_cockpit-d6755e701929fa0f.rlib --extern tokmd_config=/app/target/debug/deps/libtokmd_config-907d875de830b68a.rlib --extern tokmd_context_git=/app/target/debug/deps/libtokmd_context_git-8f6572e04bf8d3d8.rlib --extern tokmd_context_policy=/app/target/debug/deps/libtokmd_context_policy-66a5cfc2cb52e0e0.rlib --extern tokmd_envelope=/app/target/debug/deps/libtokmd_envelope-9bbe3b42791e10c2.rlib --extern tokmd_exclude=/app/target/debug/deps/libtokmd_exclude-ed7ad8c9ce3cb6a5.rlib --extern tokmd_export_tree=/app/target/debug/deps/libtokmd_export_tree-393431f45ac57c2b.rlib --extern tokmd_format=/app/target/debug/deps/libtokmd_format-ab3491f51dc38631.rlib --extern tokmd_gate=/app/target/debug/deps/libtokmd_gate-3d049ed137b3d469.rlib --extern tokmd_git=/app/target/debug/deps/libtokmd_git-b3c6d5e93cb11ab2.rlib --extern tokmd_model=/app/target/debug/deps/libtokmd_model-5caf4eb9b674e831.rlib --extern tokmd_path=/app/target/debug/deps/libtokmd_path-87b15609bfd71d35.rlib --extern tokmd_progress=/app/target/debug/deps/libtokmd_progress-4c3f56b438105d35.rlib --extern tokmd_scan=/app/target/debug/deps/libtokmd_scan-c5d50a4874764658.rlib --extern tokmd_settings=/app/target/debug/deps/libtokmd_settings-a376241a548bc356.rlib --extern tokmd_tokeignore=/app/target/debug/deps/libtokmd_tokeignore-b17e42e8f7d6ccb6.rlib --extern tokmd_tool_schema=/app/target/debug/deps/libtokmd_tool_schema-750660505fe02567.rlib --extern tokmd_types=/app/target/debug/deps/libtokmd_types-e5279a60750fb027.rlib --extern toml=/app/target/debug/deps/libtoml-416a762657a99d87.rlib -L native=/app/target/debug/build/blake3-12e682763928d5d8/out -L native=/app/target/debug/build/blake3-12e682763928d5d8/out -L native=/app/target/debug/build/ring-7e163c8f3c6760a9/out`
     Running `/home/jules/.rustup/toolchains/stable-x86_64-unknown-linux-gnu/bin/rustc --crate-name full_pipeline_w55 --edition=2024 crates/tokmd/tests/full_pipeline_w55.rs --error-format=json --json=diagnostic-rendered-ansi,artifacts,future-incompat --emit=dep-info,link -C embed-bitcode=no -C debuginfo=2 --test --cfg 'feature="archetype"' --cfg 'feature="content"' --cfg 'feature="default"' --cfg 'feature="fun"' --cfg 'feature="git"' --cfg 'feature="topics"' --cfg 'feature="ui"' --cfg 'feature="walk"' --check-cfg 'cfg(docsrs,test)' --check-cfg 'cfg(feature, values("alias-tok", "archetype", "content", "default", "fun", "git", "topics", "ui", "walk"))' -C metadata=5734f74dabba374d -C extra-filename=-2af980345454f79a --out-dir /app/target/debug/deps -C incremental=/app/target/debug/incremental -L dependency=/app/target/debug/deps --extern anyhow=/app/target/debug/deps/libanyhow-1c897acad9a38b79.rlib --extern assert_cmd=/app/target/debug/deps/libassert_cmd-627e2edf13bfe3f8.rlib --extern blake3=/app/target/debug/deps/libblake3-ba57c91f91dea2f8.rlib --extern clap=/app/target/debug/deps/libclap-37855d5caa945650.rlib --extern clap_complete=/app/target/debug/deps/libclap_complete-c53597c9a8376dfd.rlib --extern console=/app/target/debug/deps/libconsole-082fb92185463311.rlib --extern dialoguer=/app/target/debug/deps/libdialoguer-21a6fbd0d024b082.rlib --extern dirs=/app/target/debug/deps/libdirs-e2cb4f3a84b5aae4.rlib --extern insta=/app/target/debug/deps/libinsta-fc65e2965aec3cf0.rlib --extern jsonschema=/app/target/debug/deps/libjsonschema-0cead2da86f5cca7.rlib --extern predicates=/app/target/debug/deps/libpredicates-dace89ab8e90f707.rlib --extern proptest=/app/target/debug/deps/libproptest-d6b499a49d724fc5.rlib --extern regex=/app/target/debug/deps/libregex-aae23aa183aca753.rlib --extern serde=/app/target/debug/deps/libserde-2ddf37aa57423e14.rlib --extern serde_json=/app/target/debug/deps/libserde_json-02554ac7efa4e2d5.rlib --extern tempfile=/app/target/debug/deps/libtempfile-f51a2aafe76acb83.rlib --extern time=/app/target/debug/deps/libtime-ff5916d77934ff1e.rlib --extern tokmd=/app/target/debug/deps/libtokmd-f0692a71f65efafb.rlib --extern tokmd_analysis=/app/target/debug/deps/libtokmd_analysis-287e2b5f1e68be70.rlib --extern tokmd_analysis_derived=/app/target/debug/deps/libtokmd_analysis_derived-0238f5588105f72f.rlib --extern tokmd_analysis_explain=/app/target/debug/deps/libtokmd_analysis_explain-105437a229df030b.rlib --extern tokmd_analysis_format=/app/target/debug/deps/libtokmd_analysis_format-9faa09db3b8778a0.rlib --extern tokmd_analysis_grid=/app/target/debug/deps/libtokmd_analysis_grid-da610605172fdcbc.rlib --extern tokmd_analysis_types=/app/target/debug/deps/libtokmd_analysis_types-b8471925ca3eea4f.rlib --extern tokmd_badge=/app/target/debug/deps/libtokmd_badge-a3692bda83121bee.rlib --extern tokmd_cockpit=/app/target/debug/deps/libtokmd_cockpit-d6755e701929fa0f.rlib --extern tokmd_config=/app/target/debug/deps/libtokmd_config-907d875de830b68a.rlib --extern tokmd_context_git=/app/target/debug/deps/libtokmd_context_git-8f6572e04bf8d3d8.rlib --extern tokmd_context_policy=/app/target/debug/deps/libtokmd_context_policy-66a5cfc2cb52e0e0.rlib --extern tokmd_envelope=/app/target/debug/deps/libtokmd_envelope-9bbe3b42791e10c2.rlib --extern tokmd_exclude=/app/target/debug/deps/libtokmd_exclude-ed7ad8c9ce3cb6a5.rlib --extern tokmd_export_tree=/app/target/debug/deps/libtokmd_export_tree-393431f45ac57c2b.rlib --extern tokmd_format=/app/target/debug/deps/libtokmd_format-ab3491f51dc38631.rlib --extern tokmd_gate=/app/target/debug/deps/libtokmd_gate-3d049ed137b3d469.rlib --extern tokmd_git=/app/target/debug/deps/libtokmd_git-b3c6d5e93cb11ab2.rlib --extern tokmd_model=/app/target/debug/deps/libtokmd_model-5caf4eb9b674e831.rlib --extern tokmd_path=/app/target/debug/deps/libtokmd_path-87b15609bfd71d35.rlib --extern tokmd_progress=/app/target/debug/deps/libtokmd_progress-4c3f56b438105d35.rlib --extern tokmd_scan=/app/target/debug/deps/libtokmd_scan-c5d50a4874764658.rlib --extern tokmd_settings=/app/target/debug/deps/libtokmd_settings-a376241a548bc356.rlib --extern tokmd_tokeignore=/app/target/debug/deps/libtokmd_tokeignore-b17e42e8f7d6ccb6.rlib --extern tokmd_tool_schema=/app/target/debug/deps/libtokmd_tool_schema-750660505fe02567.rlib --extern tokmd_types=/app/target/debug/deps/libtokmd_types-e5279a60750fb027.rlib --extern toml=/app/target/debug/deps/libtoml-416a762657a99d87.rlib -L native=/app/target/debug/build/blake3-12e682763928d5d8/out -L native=/app/target/debug/build/blake3-12e682763928d5d8/out -L native=/app/target/debug/build/ring-7e163c8f3c6760a9/out`
     Running `/home/jules/.rustup/toolchains/stable-x86_64-unknown-linux-gnu/bin/rustc --crate-name docs_sync_w72 --edition=2024 crates/tokmd/tests/docs_sync_w72.rs --error-format=json --json=diagnostic-rendered-ansi,artifacts,future-incompat --emit=dep-info,link -C embed-bitcode=no -C debuginfo=2 --test --cfg 'feature="archetype"' --cfg 'feature="content"' --cfg 'feature="default"' --cfg 'feature="fun"' --cfg 'feature="git"' --cfg 'feature="topics"' --cfg 'feature="ui"' --cfg 'feature="walk"' --check-cfg 'cfg(docsrs,test)' --check-cfg 'cfg(feature, values("alias-tok", "archetype", "content", "default", "fun", "git", "topics", "ui", "walk"))' -C metadata=f8c49431474fedaf -C extra-filename=-71dba9502d1421aa --out-dir /app/target/debug/deps -C incremental=/app/target/debug/incremental -L dependency=/app/target/debug/deps --extern anyhow=/app/target/debug/deps/libanyhow-1c897acad9a38b79.rlib --extern assert_cmd=/app/target/debug/deps/libassert_cmd-627e2edf13bfe3f8.rlib --extern blake3=/app/target/debug/deps/libblake3-ba57c91f91dea2f8.rlib --extern clap=/app/target/debug/deps/libclap-37855d5caa945650.rlib --extern clap_complete=/app/target/debug/deps/libclap_complete-c53597c9a8376dfd.rlib --extern console=/app/target/debug/deps/libconsole-082fb92185463311.rlib --extern dialoguer=/app/target/debug/deps/libdialoguer-21a6fbd0d024b082.rlib --extern dirs=/app/target/debug/deps/libdirs-e2cb4f3a84b5aae4.rlib --extern insta=/app/target/debug/deps/libinsta-fc65e2965aec3cf0.rlib --extern jsonschema=/app/target/debug/deps/libjsonschema-0cead2da86f5cca7.rlib --extern predicates=/app/target/debug/deps/libpredicates-dace89ab8e90f707.rlib --extern proptest=/app/target/debug/deps/libproptest-d6b499a49d724fc5.rlib --extern regex=/app/target/debug/deps/libregex-aae23aa183aca753.rlib --extern serde=/app/target/debug/deps/libserde-2ddf37aa57423e14.rlib --extern serde_json=/app/target/debug/deps/libserde_json-02554ac7efa4e2d5.rlib --extern tempfile=/app/target/debug/deps/libtempfile-f51a2aafe76acb83.rlib --extern time=/app/target/debug/deps/libtime-ff5916d77934ff1e.rlib --extern tokmd=/app/target/debug/deps/libtokmd-f0692a71f65efafb.rlib --extern tokmd_analysis=/app/target/debug/deps/libtokmd_analysis-287e2b5f1e68be70.rlib --extern tokmd_analysis_derived=/app/target/debug/deps/libtokmd_analysis_derived-0238f5588105f72f.rlib --extern tokmd_analysis_explain=/app/target/debug/deps/libtokmd_analysis_explain-105437a229df030b.rlib --extern tokmd_analysis_format=/app/target/debug/deps/libtokmd_analysis_format-9faa09db3b8778a0.rlib --extern tokmd_analysis_grid=/app/target/debug/deps/libtokmd_analysis_grid-da610605172fdcbc.rlib --extern tokmd_analysis_types=/app/target/debug/deps/libtokmd_analysis_types-b8471925ca3eea4f.rlib --extern tokmd_badge=/app/target/debug/deps/libtokmd_badge-a3692bda83121bee.rlib --extern tokmd_cockpit=/app/target/debug/deps/libtokmd_cockpit-d6755e701929fa0f.rlib --extern tokmd_config=/app/target/debug/deps/libtokmd_config-907d875de830b68a.rlib --extern tokmd_context_git=/app/target/debug/deps/libtokmd_context_git-8f6572e04bf8d3d8.rlib --extern tokmd_context_policy=/app/target/debug/deps/libtokmd_context_policy-66a5cfc2cb52e0e0.rlib --extern tokmd_envelope=/app/target/debug/deps/libtokmd_envelope-9bbe3b42791e10c2.rlib --extern tokmd_exclude=/app/target/debug/deps/libtokmd_exclude-ed7ad8c9ce3cb6a5.rlib --extern tokmd_export_tree=/app/target/debug/deps/libtokmd_export_tree-393431f45ac57c2b.rlib --extern tokmd_format=/app/target/debug/deps/libtokmd_format-ab3491f51dc38631.rlib --extern tokmd_gate=/app/target/debug/deps/libtokmd_gate-3d049ed137b3d469.rlib --extern tokmd_git=/app/target/debug/deps/libtokmd_git-b3c6d5e93cb11ab2.rlib --extern tokmd_model=/app/target/debug/deps/libtokmd_model-5caf4eb9b674e831.rlib --extern tokmd_path=/app/target/debug/deps/libtokmd_path-87b15609bfd71d35.rlib --extern tokmd_progress=/app/target/debug/deps/libtokmd_progress-4c3f56b438105d35.rlib --extern tokmd_scan=/app/target/debug/deps/libtokmd_scan-c5d50a4874764658.rlib --extern tokmd_settings=/app/target/debug/deps/libtokmd_settings-a376241a548bc356.rlib --extern tokmd_tokeignore=/app/target/debug/deps/libtokmd_tokeignore-b17e42e8f7d6ccb6.rlib --extern tokmd_tool_schema=/app/target/debug/deps/libtokmd_tool_schema-750660505fe02567.rlib --extern tokmd_types=/app/target/debug/deps/libtokmd_types-e5279a60750fb027.rlib --extern toml=/app/target/debug/deps/libtoml-416a762657a99d87.rlib -L native=/app/target/debug/build/blake3-12e682763928d5d8/out -L native=/app/target/debug/build/blake3-12e682763928d5d8/out -L native=/app/target/debug/build/ring-7e163c8f3c6760a9/out`
     Running `/home/jules/.rustup/toolchains/stable-x86_64-unknown-linux-gnu/bin/rustc --crate-name tokmd --edition=2024 crates/tokmd/src/bin/tokmd.rs --error-format=json --json=diagnostic-rendered-ansi,artifacts,future-incompat --crate-type bin --emit=dep-info,link -C embed-bitcode=no -C debuginfo=2 --cfg 'feature="archetype"' --cfg 'feature="content"' --cfg 'feature="default"' --cfg 'feature="fun"' --cfg 'feature="git"' --cfg 'feature="topics"' --cfg 'feature="ui"' --cfg 'feature="walk"' --check-cfg 'cfg(docsrs,test)' --check-cfg 'cfg(feature, values("alias-tok", "archetype", "content", "default", "fun", "git", "topics", "ui", "walk"))' -C metadata=a9ec0adcf81c2b8c -C extra-filename=-ac8d3780fa2ede34 --out-dir /app/target/debug/deps -C incremental=/app/target/debug/incremental -L dependency=/app/target/debug/deps --extern anyhow=/app/target/debug/deps/libanyhow-1c897acad9a38b79.rlib --extern blake3=/app/target/debug/deps/libblake3-ba57c91f91dea2f8.rlib --extern clap=/app/target/debug/deps/libclap-37855d5caa945650.rlib --extern clap_complete=/app/target/debug/deps/libclap_complete-c53597c9a8376dfd.rlib --extern console=/app/target/debug/deps/libconsole-082fb92185463311.rlib --extern dialoguer=/app/target/debug/deps/libdialoguer-21a6fbd0d024b082.rlib --extern dirs=/app/target/debug/deps/libdirs-e2cb4f3a84b5aae4.rlib --extern serde=/app/target/debug/deps/libserde-2ddf37aa57423e14.rlib --extern serde_json=/app/target/debug/deps/libserde_json-02554ac7efa4e2d5.rlib --extern time=/app/target/debug/deps/libtime-ff5916d77934ff1e.rlib --extern tokmd=/app/target/debug/deps/libtokmd-f0692a71f65efafb.rlib --extern tokmd_analysis=/app/target/debug/deps/libtokmd_analysis-287e2b5f1e68be70.rlib --extern tokmd_analysis_explain=/app/target/debug/deps/libtokmd_analysis_explain-105437a229df030b.rlib --extern tokmd_analysis_format=/app/target/debug/deps/libtokmd_analysis_format-9faa09db3b8778a0.rlib --extern tokmd_analysis_grid=/app/target/debug/deps/libtokmd_analysis_grid-da610605172fdcbc.rlib --extern tokmd_analysis_types=/app/target/debug/deps/libtokmd_analysis_types-b8471925ca3eea4f.rlib --extern tokmd_badge=/app/target/debug/deps/libtokmd_badge-a3692bda83121bee.rlib --extern tokmd_cockpit=/app/target/debug/deps/libtokmd_cockpit-d6755e701929fa0f.rlib --extern tokmd_config=/app/target/debug/deps/libtokmd_config-907d875de830b68a.rlib --extern tokmd_context_git=/app/target/debug/deps/libtokmd_context_git-8f6572e04bf8d3d8.rlib --extern tokmd_context_policy=/app/target/debug/deps/libtokmd_context_policy-66a5cfc2cb52e0e0.rlib --extern tokmd_envelope=/app/target/debug/deps/libtokmd_envelope-9bbe3b42791e10c2.rlib --extern tokmd_exclude=/app/target/debug/deps/libtokmd_exclude-ed7ad8c9ce3cb6a5.rlib --extern tokmd_export_tree=/app/target/debug/deps/libtokmd_export_tree-393431f45ac57c2b.rlib --extern tokmd_format=/app/target/debug/deps/libtokmd_format-ab3491f51dc38631.rlib --extern tokmd_gate=/app/target/debug/deps/libtokmd_gate-3d049ed137b3d469.rlib --extern tokmd_git=/app/target/debug/deps/libtokmd_git-b3c6d5e93cb11ab2.rlib --extern tokmd_model=/app/target/debug/deps/libtokmd_model-5caf4eb9b674e831.rlib --extern tokmd_path=/app/target/debug/deps/libtokmd_path-87b15609bfd71d35.rlib --extern tokmd_progress=/app/target/debug/deps/libtokmd_progress-4c3f56b438105d35.rlib --extern tokmd_scan=/app/target/debug/deps/libtokmd_scan-c5d50a4874764658.rlib --extern tokmd_settings=/app/target/debug/deps/libtokmd_settings-a376241a548bc356.rlib --extern tokmd_tokeignore=/app/target/debug/deps/libtokmd_tokeignore-b17e42e8f7d6ccb6.rlib --extern tokmd_tool_schema=/app/target/debug/deps/libtokmd_tool_schema-750660505fe02567.rlib --extern tokmd_types=/app/target/debug/deps/libtokmd_types-e5279a60750fb027.rlib --extern toml=/app/target/debug/deps/libtoml-416a762657a99d87.rlib -L native=/app/target/debug/build/blake3-12e682763928d5d8/out -L native=/app/target/debug/build/blake3-12e682763928d5d8/out`
    Finished `test` profile [unoptimized + debuginfo] target(s) in 1m 55s
     Running `/app/target/debug/deps/tokmd-86ccc8823e42af55`

running 206 tests
test analysis_utils::tests::test_analysis_output_filename ... ok
test analysis_utils::tests::test_format_to_string_all_variants ... ok
test analysis_utils::tests::test_child_include_to_string_separate ... ok
test analysis_utils::tests::test_granularity_to_string ... ok
test analysis_utils::tests::test_child_include_to_string_parents_only ... ok
test analysis_utils::tests::test_map_granularity ... ok
test analysis_utils::tests::test_map_preset_all_variants ... ok
test analysis_utils::tests::test_preset_to_string_all_variants ... ok
test commands::check_ignore::tests::check_path_reports_not_found ... ok
test commands::check_ignore::tests::check_tokeignore_matches_parent_dir ... ok
test commands::check_ignore::tests::matches_glob_handles_double_star ... ok
test commands::check_ignore::tests::matches_glob_handles_negation ... ok
test commands::check_ignore::tests::matches_glob_handles_single_star ... ok
test commands::cockpit::tests::determinism_gate_errors_on_invalid_baseline_json ... ok
test commands::cockpit::tests::determinism_gate_errors_on_non_baseline_json_shape ... ok
test commands::cockpit::tests::determinism_gate_skips_cockpit_receipt_baseline ... ok
test commands::cockpit::tests::signed_float_formatting ... ok
test commands::cockpit::tests::sparkline_empty ... ok
test commands::cockpit::tests::sparkline_flat ... ok
test commands::cockpit::tests::sparkline_rises ... ok
test commands::cockpit::tests::trend_direction_labels_are_stable ... ok
test commands::handoff::tests::test_build_simple_complexity_empty ... ok
test commands::handoff::tests::test_build_simple_derived_empty ... ok
test commands::handoff::tests::test_build_tree_depth_limit_and_no_file_leaves ... ok
test commands::handoff::tests::test_build_tree_empty ... ok
test commands::handoff::tests::test_count_functions_simple_python ... ok
test commands::handoff::tests::test_count_functions_simple_rust ... ok
test commands::handoff::tests::test_estimate_cyclomatic_simple_rust ... ok
test commands::handoff::tests::test_is_analyzable_lang ... ok
test commands::handoff::tests::test_normalize_path ... ok
test commands::handoff::tests::test_round_f64 ... ok
test commands::sensor::tests::build_summary_formats_expected_fields ... ok
test commands::sensor::tests::emit_complexity_findings_is_capped ... ok
test commands::sensor::tests::emit_contract_findings_emits_all_flags ... ok
test commands::sensor::tests::emit_gate_findings_emits_failures ... ok
test commands::sensor::tests::emit_risk_findings_emits_hotspots_and_bus_factor ... ok
test commands::sensor::tests::map_gates_includes_optional_items_and_reasons ... ok
test commands::sensor::tests::map_verdict_covers_all_gate_statuses ... ok
test commands::sensor::tests::render_sensor_md_includes_findings_and_gates ... ok
test context_pack::tests::test_assign_policy_over_cap_data_blob_is_skip ... ok
test context_pack::tests::test_assign_policy_over_cap_fixture_is_head_tail ... ok
test context_pack::tests::test_assign_policy_over_cap_generated_is_skip ... ok
test context_pack::tests::test_assign_policy_over_cap_normal_is_head_tail ... ok
test context_pack::tests::test_assign_policy_over_cap_vendored_is_skip ... ok
test context_pack::tests::test_assign_policy_under_cap_is_full ... ok
test context_pack::tests::test_budget_invariant_greedy ... ok
test context_pack::tests::test_budget_invariant_spread ... ok
test context_pack::tests::test_budget_uses_effective_tokens ... ok
test context_pack::tests::test_churn_metric_formula ... ok
test context_pack::tests::test_classify_dense_blob ... ok
test context_pack::tests::test_classify_fixture ... ok
test context_pack::tests::test_classify_generated ... ok
test context_pack::tests::test_classify_generated_pb_rs ... ok
test context_pack::tests::test_classify_lockfile ... ok
test context_pack::tests::test_classify_minified ... ok
test context_pack::tests::test_classify_nested_lockfile ... ok
test context_pack::tests::test_classify_normal_file ... ok
test context_pack::tests::test_classify_sourcemap ... ok
test context_pack::tests::test_classify_vendored ... ok
test context_pack::tests::test_compute_file_cap_custom ... ok
test context_pack::tests::test_compute_file_cap_default ... ok
test context_pack::tests::test_compute_file_cap_small_budget ... ok
test context_pack::tests::test_compute_file_cap_unlimited_budget ... ok
test context_pack::tests::test_determinism_greedy ... ok
test context_pack::tests::test_determinism_spread ... ok
test context_pack::tests::test_generated_over_cap_excluded_by_policy ... ok
test context_pack::tests::test_get_value_churn_formula_exact ... ok
test context_pack::tests::test_get_value_churn_with_git ... ok
test context_pack::tests::test_get_value_churn_without_git ... ok
test context_pack::tests::test_get_value_code_metric ... ok
test context_pack::tests::test_get_value_hotspot_with_git ... ok
test context_pack::tests::test_get_value_hotspot_without_git ... ok
test context_pack::tests::test_get_value_tokens_metric ... ok
test context_pack::tests::test_greedy_picks_highest_value_first ... ok
test context_pack::tests::test_hotspot_metric_multiplication ... ok
test context_pack::tests::test_is_smart_excluded_lockfiles ... ok
test context_pack::tests::test_is_smart_excluded_minified ... ok
test context_pack::tests::test_is_smart_excluded_normal_files ... ok
test context_pack::tests::test_is_smart_excluded_sourcemaps ... ok
test context_pack::tests::test_is_spine_file ... ok
test context_pack::tests::test_normalize_path ... ok
test context_pack::tests::test_normalize_path_not_xyzzy ... ok
test context_pack::tests::test_normalize_path_preserves_forward_slashes ... ok
test context_pack::tests::test_normalize_path_with_backslash ... ok
test context_pack::tests::test_pack_greedy_accumulates_tokens ... ok
test context_pack::tests::test_pack_greedy_all_children_empty ... ok
test context_pack::tests::test_pack_greedy_budget_boundary ... ok
test context_pack::tests::test_pack_greedy_budget_exceeded ... ok
test context_pack::tests::test_pack_greedy_empty_rows ... ok
test context_pack::tests::test_pack_greedy_filters_child_rows ... ok
test context_pack::tests::test_pack_greedy_respects_token_budget ... ok
test context_pack::tests::test_pack_greedy_selects_by_value ... ok
test context_pack::tests::test_pack_greedy_skips_files_that_dont_fit ... ok
test context_pack::tests::test_pack_greedy_tiebreaker_by_path_explicit ... ok
test context_pack::tests::test_pack_spread_70_percent_exact ... ok
test context_pack::tests::test_pack_spread_71_percent_needs_greedy ... ok
test context_pack::tests::test_pack_spread_all_children_empty ... ok
test context_pack::tests::test_pack_spread_distributes_across_groups ... ok
test context_pack::tests::test_pack_spread_empty_rows ... ok
test context_pack::tests::test_pack_spread_filters_child_rows ... ok
test context_pack::tests::test_pack_spread_greedy_fills_remaining_30_percent ... ok
test context_pack::tests::test_pack_spread_module_first_avoids_language_bias ... ok
test context_pack::tests::test_pack_spread_no_duplicates ... ok
test context_pack::tests::test_pack_spread_round_robin_fills_70_percent ... ok
test context_pack::tests::test_pack_spread_skips_large_files_in_spread_phase ... ok
test context_pack::tests::test_parent_only_invariant_greedy ... ok
test context_pack::tests::test_parent_only_invariant_spread ... ok
test context_pack::tests::test_parse_budget ... ok
test context_pack::tests::test_parse_budget_case_insensitive ... ok
test context_pack::tests::test_parse_budget_g_suffix ... ok
test context_pack::tests::test_parse_budget_invalid_alpha ... ok
test context_pack::tests::test_parse_budget_invalid_empty ... ok
test context_pack::tests::test_parse_budget_invalid_suffix ... ok
test context_pack::tests::test_parse_budget_invalid_suffix_only ... ok
test context_pack::tests::test_parse_budget_multiplication_k ... ok
test context_pack::tests::test_parse_budget_multiplication_m ... ok
test context_pack::tests::test_parse_budget_overflow ... ok
test context_pack::tests::test_parse_budget_unlimited ... ok
test context_pack::tests::test_parse_budget_with_whitespace ... ok
test context_pack::tests::test_resolve_metric_churn_falls_back ... ok
test context_pack::tests::test_resolve_metric_code_no_fallback ... ok
test context_pack::tests::test_resolve_metric_hotspot_falls_back ... ok
test context_pack::tests::test_resolve_metric_hotspot_with_git_no_fallback ... ok
test context_pack::tests::test_select_files_greedy_strategy ... ok
test context_pack::tests::test_select_files_greedy_with_git_scores ... ok
test context_pack::tests::test_select_files_non_empty_when_budget_allows ... ok
test context_pack::tests::test_select_files_routes_to_correct_strategy ... ok
test context_pack::tests::test_select_files_spread_strategy ... ok
test context_pack::tests::test_select_files_spread_with_git_scores ... ok
test context_pack::tests::test_select_files_with_options_no_smart_exclude ... ok
test context_pack::tests::test_select_files_with_options_rank_reason ... ok
test context_pack::tests::test_select_files_with_options_rank_reason_hotspot_fallback ... ok
test context_pack::tests::test_select_files_with_options_rank_reason_hotspot_with_git ... ok
test context_pack::tests::test_select_files_with_options_smart_exclude ... ok
test context_pack::tests::test_select_files_with_options_spine_reservation ... ok
test context_pack::tests::test_spread_70_percent_allocation ... ok
test context_pack::tests::test_spread_distributes_before_greedy_fill ... ok
test context_pack::tests::test_tiebreaker_by_path ... ok
test context_pack::tests::test_to_context_row_fields ... ok
test context_pack::tests::test_to_context_row_preserves_all_fields ... ok
test context_pack::tests::test_to_context_row_value_churn ... ok
test context_pack::tests::test_to_context_row_value_from_tokens_metric ... ok
test context_pack::tests::test_to_context_row_value_hotspot ... ok
test error_hints::tests::format_includes_hints_section ... ok
test error_hints::tests::suggests_for_missing_diff_source ... ok
test error_hints::tests::suggests_for_missing_git ... ok
test error_hints::tests::suggests_for_missing_path ... ok
test error_hints::tests::suggests_for_unknown_explain_key ... ok
test commands::baseline::tests::test_capture_git_commit_returns_sha_in_repo ... ok
test commands::baseline::tests::test_capture_git_commit_returns_none_for_non_repo ... ok
test commands::check_ignore::tests::check_path_honors_exclude_flag ... ok
test export_bundle::tests::load_export_json_content_with_raw_rows ... ok
test export_bundle::tests::load_export_json_content_with_receipt ... ok
test export_bundle::tests::load_export_from_inputs_prefers_receipt_in_dir ... ok
test export_bundle::tests::load_export_jsonl_content_parses_meta_and_rows ... ok
test interactive::tty::tests::test_inner_all_blocking_conditions_returns_false ... ok
test interactive::tty::tests::test_inner_ci_set_returns_false ... ok
test interactive::tty::tests::test_inner_all_true_returns_true ... ok
test interactive::tty::tests::test_inner_both_tty_false_returns_false ... ok
test interactive::tty::tests::test_inner_stdout_not_tty_returns_false ... ok
test interactive::tty::tests::test_inner_non_interactive_env_returns_false ... ok
test interactive::tty::tests::test_inner_stdin_not_tty_returns_false ... ok
test interactive::tty::tests::test_should_be_interactive ... ok
test interactive::wizard::tests::test_as_str_cpp ... ok
test interactive::wizard::tests::test_as_str_go ... ok
test interactive::wizard::tests::test_as_str_node ... ok
test interactive::wizard::tests::test_as_str_mono ... ok
test interactive::wizard::tests::test_as_str_not_empty ... ok
test interactive::wizard::tests::test_as_str_not_xyzzy ... ok
test interactive::wizard::tests::test_as_str_other ... ok
test interactive::wizard::tests::test_as_str_python ... ok
test interactive::wizard::tests::test_as_str_rust ... ok
test interactive::wizard::tests::test_default_roots_cpp ... ok
test interactive::wizard::tests::test_default_roots_go ... ok
test interactive::wizard::tests::test_default_roots_mono ... ok
test interactive::wizard::tests::test_default_roots_node ... ok
test interactive::wizard::tests::test_default_roots_not_empty ... ok
test interactive::wizard::tests::test_default_roots_not_xyzzy ... ok
test interactive::wizard::tests::test_default_roots_other ... ok
test interactive::wizard::tests::test_default_roots_python ... ok
test interactive::wizard::tests::test_default_roots_rust ... ok
test interactive::wizard::tests::test_generate_config ... ok
test interactive::wizard::tests::test_index_to_project_type_cpp ... ok
test interactive::wizard::tests::test_index_to_project_type_go ... ok
test interactive::wizard::tests::test_index_to_project_type_mono ... ok
test interactive::wizard::tests::test_index_to_project_type_node ... ok
test interactive::wizard::tests::test_index_to_project_type_other ... ok
test interactive::wizard::tests::test_index_to_project_type_none_returns_none ... ok
test interactive::wizard::tests::test_index_to_project_type_python ... ok
test interactive::wizard::tests::test_index_to_project_type_rust ... ok
test interactive::wizard::tests::test_index_to_project_type_out_of_bounds_returns_other ... ok
test interactive::wizard::tests::test_profile_go ... ok
test interactive::wizard::tests::test_profile_cpp ... ok
test interactive::wizard::tests::test_profile_mono ... ok
test interactive::wizard::tests::test_profile_other_maps_to_default ... ok
test interactive::wizard::tests::test_profile_python ... ok
test interactive::wizard::tests::test_profile_rust ... ok
test interactive::wizard::tests::test_project_type_defaults ... ok
test interactive::wizard::tests::test_profile_node ... ok
test interactive::wizard::tests::test_wizard_result_happy_path ... ok
test interactive::wizard::tests::test_wizard_result_no_files_to_write_returns_none ... ok
test interactive::wizard::tests::test_wizard_result_only_config_returns_some ... ok
test interactive::wizard::tests::test_wizard_result_none_project_type_returns_none ... ok
test interactive::wizard::tests::test_wizard_result_only_tokeignore_returns_some ... ok
test interactive::wizard::tests::test_wizard_result_preserves_all_fields ... ok
test export_bundle::tests::load_export_from_inputs_scans_non_json_file ... ok

test result: ok. 206 passed; 0 failed; 0 ignored; 0 measured; 0 filtered out; finished in 0.05s

     Running `/app/target/debug/deps/tokmd-de5ad3aee98853b2`

running 0 tests

test result: ok. 0 passed; 0 failed; 0 ignored; 0 measured; 0 filtered out; finished in 0.00s

     Running `/app/target/debug/deps/analyze_integration-1d3c5de49093f111`

running 7 tests
test analyze_explain_known_metric ... ok
test analyze_explain_unknown_metric_fails ... ok
test analyze_explain_list ... ok
test analyze_topics_preset_returns_topic_cloud ... ok
test analyze_fun_preset_returns_eco_label ... ok
test analyze_receipt_preset_json_smoke ... ok
test analyze_writes_json_to_output_dir ... ok

test result: ok. 7 passed; 0 failed; 0 ignored; 0 measured; 0 filtered out; finished in 0.07s

     Running `/app/target/debug/deps/badge_integration-788ce11cd77ce246`

running 2 tests
test badge_writes_to_file ... ok
test badge_lines_svg_stdout ... ok

test result: ok. 2 passed; 0 failed; 0 ignored; 0 measured; 0 filtered out; finished in 0.05s

     Running `/app/target/debug/deps/baseline_integration-841cc142c8e4c151`

running 3 tests
test baseline_without_determinism_flag_has_no_determinism ... ok
test baseline_with_determinism_flag ... ok
test baseline_generates_output_file ... ok

test result: ok. 3 passed; 0 failed; 0 ignored; 0 measured; 0 filtered out; finished in 0.07s

     Running `/app/target/debug/deps/baseline_w71-fd0f280dde80bf0b`

running 15 tests
test baseline_determinism_flag_source_hash_format ... ok
test baseline_custom_output_path ... ok
test baseline_empty_project ... ok
test baseline_determinism_flag_deterministic_hash ... ok
test baseline_deterministic_metrics ... ok
test baseline_has_commit_field ... ok
test baseline_metrics_avg_le_max_cyclomatic ... ok
test baseline_force_overwrites_existing ... ok
test baseline_metrics_has_avg_cyclomatic ... ok
test baseline_metrics_has_function_count ... ok
test baseline_metrics_has_total_files ... ok
test baseline_metrics_has_max_cyclomatic ... ok
test baseline_metrics_values_non_negative ... ok
test baseline_version_is_one ... ok
test baseline_without_force_on_existing_file_fails ... ok

test result: ok. 15 passed; 0 failed; 0 ignored; 0 measured; 0 filtered out; finished in 0.30s

     Running `/app/target/debug/deps/bdd_analyze_scenarios_w50-8c3cec8848706de0`

running 7 tests
test given_project_when_analyze_fun_then_eco_label_present ... ok
test given_project_when_analyze_md_then_markdown_table ... ok
test given_project_when_analyze_json_then_has_args_metadata ... ok
test given_project_when_analyze_json_then_has_schema_version ... ok
test given_project_when_analyze_receipt_then_derived_metrics_present ... ok
test given_project_when_analyze_xml_then_valid_xml_structure ... ok
test given_project_when_analyze_with_output_dir_then_file_created ... ok

test result: ok. 7 passed; 0 failed; 0 ignored; 0 measured; 0 filtered out; finished in 0.12s

     Running `/app/target/debug/deps/bdd_diff_scenarios_w50-19d493704e58688e`

running 5 tests
test given_receipts_when_diff_full_then_shows_loc_lines_files ... ok
test given_receipts_when_diff_json_then_valid_json ... ok
test given_receipts_when_diff_compact_then_summary_table ... ok
test given_identical_receipts_when_diff_then_no_changes ... ok
test given_two_receipts_when_diff_then_diff_output_produced ... ok

test result: ok. 5 passed; 0 failed; 0 ignored; 0 measured; 0 filtered out; finished in 0.09s

     Running `/app/target/debug/deps/bdd_export_scenarios_w50-4f7943389011c963`

running 8 tests
test given_empty_dir_when_export_json_then_empty_rows ... ok
test given_project_when_export_csv_then_header_matches_expected_columns ... ok
test given_project_when_export_csv_then_rows_have_consistent_columns ... ok
test given_project_when_export_json_then_has_mode_and_schema ... ok
test given_project_when_export_jsonl_then_each_line_is_valid_json ... ok
test given_project_when_export_jsonl_then_meta_has_schema_version ... ok
test given_project_when_export_json_then_rows_have_path_and_language ... ok
test given_project_when_export_redact_paths_then_no_real_paths ... ok

test result: ok. 8 passed; 0 failed; 0 ignored; 0 measured; 0 filtered out; finished in 0.06s

     Running `/app/target/debug/deps/bdd_lang_scenarios_w50-194c432469d664bc`

running 10 tests
test given_empty_directory_when_lang_then_zero_totals ... ok
test given_project_when_lang_json_then_has_tool_and_args_metadata ... ok
test given_project_when_children_separate_then_mode_recorded ... ok
test given_mixed_language_project_when_top_2_then_at_most_3_rows ... ok
test given_project_when_lang_json_then_rows_have_expected_fields ... ok
test given_project_when_lang_md_then_markdown_table_output ... ok
test given_project_with_embedded_code_when_children_collapse_then_mode_recorded ... ok
test given_project_when_lang_tsv_then_tab_separated_with_header ... ok
test given_rust_project_when_lang_json_then_rust_detected ... ok
test given_rust_project_when_lang_json_then_valid_json_with_schema_and_sorted_rows ... ok

test result: ok. 10 passed; 0 failed; 0 ignored; 0 measured; 0 filtered out; finished in 0.08s

     Running `/app/target/debug/deps/bdd_module_scenarios_w50-2170ebe0a18d6410`

running 7 tests
test given_project_when_depth_0_then_only_top_level_modules ... ok
test given_project_when_module_json_then_has_mode_and_total ... ok
test given_nested_dirs_when_module_json_then_keys_use_forward_slashes ... ok
test given_project_when_module_children_separate_then_mode_recorded ... ok
test given_project_when_module_json_then_rows_have_expected_fields ... ok
test given_single_file_project_when_module_then_one_entry ... ok
test given_project_when_module_tsv_then_tab_separated ... ok

test result: ok. 7 passed; 0 failed; 0 ignored; 0 measured; 0 filtered out; finished in 0.05s

     Running `/app/target/debug/deps/bdd_scenarios_w71-7bb6f3af057eaf47`

running 38 tests
test given_empty_dir_when_init_then_tokeignore_created ... ok
test given_bash_shell_when_completions_then_outputs_script ... ok
test given_check_ignore_when_file_excluded_then_explains_why ... ok
test given_check_ignore_with_exclude_when_file_matches_then_reports_match ... ok
test given_empty_dir_when_lang_then_empty_receipt ... ok
test given_exclude_flag_when_scan_then_exclusion_applied ... ok
test given_exclude_tests_when_lang_then_test_files_excluded ... ok
test given_exclude_wildcard_when_lang_json_then_language_absent ... ok
test given_format_json_when_export_then_has_schema_version ... ok
test given_format_json_when_export_then_valid_json ... ok
test given_format_json_when_analyze_then_has_schema_version ... ok
test given_format_json_when_lang_then_has_schema_version ... ok
test given_format_json_when_analyze_then_valid_json ... ok
test given_format_json_when_lang_then_valid_json ... ok
test given_format_json_when_module_then_valid_json ... ok
test given_gitignored_file_when_no_ignore_vcs_then_file_visible ... ok
test given_format_json_when_module_then_has_schema_version ... ok
test given_gitignore_when_scan_then_gitignored_files_excluded ... ok
test given_init_print_when_run_then_prints_template_without_file ... ok
test given_hidden_files_when_scan_default_then_hidden_excluded ... ok
test given_lang_json_when_run_then_mode_is_lang ... ok
test given_lang_tsv_when_run_then_tab_separated ... ok
test given_large_repo_when_export_csv_then_all_files_listed ... ok
test given_json_receipt_when_diff_then_changes_shown ... ok
test given_module_json_when_run_then_has_total ... ok
test given_multi_language_when_lang_json_then_all_languages_present ... ok
test given_multiple_excludes_when_lang_then_all_patterns_applied ... ok
test given_nested_modules_when_module_depth1_then_top_level_grouping ... ok
test given_project_when_export_json_then_has_rows_array ... ok
test given_project_when_export_jsonl_then_every_line_valid_json ... ok
test given_project_when_module_default_then_markdown_table ... ok
test given_rust_project_when_lang_then_shows_rust ... ok
test given_project_when_badge_then_outputs_svg ... ok
test given_tools_openai_when_run_then_valid_function_schema ... ok
test given_project_when_analyze_receipt_then_has_derived_metrics ... ok
test given_version_flag_when_run_then_shows_semver ... ok
test given_same_input_when_run_twice_then_identical_output ... ok
test given_unicode_filenames_when_scan_then_paths_normalized ... ok

test result: ok. 38 passed; 0 failed; 0 ignored; 0 measured; 0 filtered out; finished in 0.24s

     Running `/app/target/debug/deps/bdd_scenarios_w75-83d0a600965b712f`

running 31 tests
test given_empty_dir_when_init_then_tokeignore_created ... ok
test given_bash_shell_when_completions_then_script_output ... ok
test given_exclude_flag_when_export_then_excluded_files_absent ... ok
test given_empty_dir_when_lang_json_then_empty_rows ... ok
test given_exclude_when_check_ignore_then_explains_ignored ... ok
test given_files_when_context_list_then_outputs_file_paths ... ok
test given_gitignored_file_when_no_ignore_vcs_then_visible ... ok
test given_files_when_export_json_then_rows_have_path_and_code ... ok
test given_hidden_file_when_default_scan_then_hidden_excluded ... ok
test given_multi_lang_project_when_lang_json_then_all_languages_present_sorted_desc ... ok
test given_multiple_excludes_when_lang_then_all_patterns_applied ... ok
test given_multiple_files_when_export_jsonl_then_each_line_valid_json_with_fields ... ok
test given_nested_dirs_when_module_depth1_then_modules_listed ... ok
test given_project_when_context_json_then_has_utilization_pct ... ok
test given_project_when_context_tight_budget_then_used_le_budget ... ok
test given_project_when_export_json_then_has_schema_version ... ok
test given_project_when_lang_json_then_mode_is_lang ... ok
test given_project_when_lang_json_then_has_schema_version ... ok
test given_project_when_lang_tsv_then_tab_separated_header ... ok
test given_project_when_module_json_then_total_has_code ... ok
test given_project_when_analyze_json_then_schema_version_is_number ... ok
test given_rust_only_when_lang_json_then_no_other_languages ... ok
test given_rust_project_when_lang_json_then_receipt_has_rust_with_code_gt_zero ... ok
test given_small_project_when_context_json_budget_then_tokens_within_budget ... ok
test given_same_input_when_lang_json_twice_then_rows_identical ... ok
test given_source_when_badge_tokens_then_svg ... ok
test given_tools_openai_when_run_then_valid_schema_json ... ok
test given_source_code_when_badge_then_valid_svg_output ... ok
test given_version_flag_when_run_then_semver_shown ... ok
test given_unicode_filename_when_export_then_path_normalized ... ok
test given_source_when_analyze_receipt_then_derived_metrics_present ... ok

test result: ok. 31 passed; 0 failed; 0 ignored; 0 measured; 0 filtered out; finished in 0.20s

     Running `/app/target/debug/deps/boundary_verification-d73cc9c7ebbe36fc`

running 9 tests
test no_upward_dependency_violations ... ok
test git_feature_only_in_expected_crates ... ok
test content_feature_only_in_expected_crates ... ok
test tier0_contracts_clap_only_behind_feature_flag ... ok
test tier0_crates_never_depend_on_scan_or_higher ... ok
test tier0_contracts_have_no_required_clap ... ok
test walk_feature_only_in_expected_crates ... ok
test schema_version_constants_are_public ... ok
test schema_version_constants_are_unique ... ok

test result: ok. 9 passed; 0 failed; 0 ignored; 0 measured; 0 filtered out; finished in 1.24s

     Running `/app/target/debug/deps/cli_badge_e2e-42d9f4b241a344f0`

running 8 tests
test badge_invalid_metric_fails ... ok
test badge_missing_metric_flag_fails ... ok
test badge_lines_svg_contains_xmlns_attribute ... ok
test badge_doc_metric_produces_svg_with_label ... ok
test badge_blank_metric_produces_svg_with_label ... ok
test badge_out_flag_writes_valid_svg_file ... ok
test badge_tokens_svg_is_well_formed ... ok
test badge_out_to_nested_dir_creates_file ... ok

test result: ok. 8 passed; 0 failed; 0 ignored; 0 measured; 0 filtered out; finished in 0.11s

     Running `/app/target/debug/deps/cli_completions_e2e-a704ef546c01f1dc`

running 11 tests
test completions_bash_contains_tokmd_reference ... ok
test completions_bash_contains_complete_keyword ... ok
test completions_elvish_produces_non_empty_output ... ok
test completions_elvish_references_tokmd ... ok
test completions_invalid_shell_fails ... ok
test completions_powershell_contains_register ... ok
test completions_fish_references_tokmd ... ok
test completions_fish_contains_complete_command ... ok
test completions_powershell_references_tokmd ... ok
test completions_zsh_contains_compdef_or_arguments ... ok
test completions_zsh_contains_tokmd_reference ... ok

test result: ok. 11 passed; 0 failed; 0 ignored; 0 measured; 0 filtered out; finished in 0.05s

     Running `/app/target/debug/deps/cli_comprehensive-b4447d205015c606`

running 78 tests
test analyze_invalid_preset_fails ... ok
test analyze_invalid_format_fails ... ok
test analyze_help_shows_preset ... ok
test analyze_receipt_markdown_contains_heading ... ok
test badge_bytes_metric_outputs_svg ... ok
test analyze_health_preset_json ... ok
test analyze_receipt_json_has_derived_metrics ... ok
test badge_help_shows_metric ... ok
test badge_lines_metric_outputs_svg ... ok
test check_ignore_nonexistent_file_exits_nonzero ... ok
test badge_out_flag_writes_file ... ok
test baseline_generates_valid_json_output ... ok
test badge_tokens_metric_outputs_svg ... ok
test completions_bash_produces_script ... ok
test check_ignore_with_excluded_file_reports_ignored ... ok
test completions_fish_produces_script ... ok
test completions_elvish_produces_script ... ok
test completions_powershell_produces_script ... ok
test completions_zsh_produces_script ... ok
test context_help_shows_mode ... ok
test context_json_mode_produces_valid_json ... ok
test context_default_mode_lists_files ... ok
test context_list_mode_includes_source_file ... ok
test default_command_format_json ... ok
test default_command_format_md ... ok
test default_command_format_tsv ... ok
test default_command_produces_markdown ... ok
test diff_missing_args_fails ... ok
test diff_nonexistent_files_fails ... ok
test export_csv_has_header_and_rows ... ok
test exclude_flag_removes_rust_from_lang ... ok
test export_help_shows_format ... ok
test export_empty_dir_produces_meta_only ... ok
test export_invalid_format_fails ... ok
test diff_between_identical_runs_shows_no_changes ... ok
test export_jsonl_first_line_is_meta ... ok
test export_json_has_envelope ... ok
test export_jsonl_each_line_valid_json ... ok
test export_max_rows_limits_output ... ok
test help_text_contains_usage_section ... ok
test help_flag_lists_all_subcommands ... ok
test init_non_interactive_creates_tokeignore_file ... ok
test init_print_node_template_contains_node_modules ... ok
test init_print_outputs_tokeignore_template ... ok
test init_print_rust_template_contains_target ... ok
test init_refuses_overwrite_without_force ... ok
test invalid_subcommand_fails ... ok
test lang_empty_dir_succeeds_with_zero_totals ... ok
test lang_children_collapse_records_mode ... ok
test lang_help_shows_format ... ok
test lang_invalid_children_mode_fails ... ok
test lang_children_separate_records_mode ... ok
test gate_missing_args_fails ... ok
test lang_invalid_format_fails ... ok
test lang_json_has_total ... ok
test lang_json_has_schema_version_and_rows ... ok
test lang_md_renders_table ... ok
test lang_top_flag_limits_rows ... ok
test module_help_shows_depth ... ok
test module_empty_dir_succeeds_with_zero_totals ... ok
test module_depth_zero_produces_top_level_only ... ok
test lang_tsv_has_header_and_data ... ok
test module_invalid_format_fails ... ok
test module_json_has_schema_version ... ok
test module_tsv_has_tabs ... ok
test module_json_has_rows_and_total ... ok
test module_md_renders_table ... ok
test tools_invalid_format_fails ... ok
test tools_anthropic_format_has_tools ... ok
test no_progress_flag_accepted ... ok
test run_generates_receipt_and_artifacts ... ok
test tools_openai_format_has_functions ... ok
test tools_jsonschema_format_has_schema_version ... ok
test unknown_flag_on_lang_fails ... ok
test version_flag_prints_semver ... ok
test tools_pretty_flag_adds_whitespace ... ok
test verbose_flag_accepted_on_lang ... ok
test verbose_flag_accepted_on_module ... ok

test result: ok. 78 passed; 0 failed; 0 ignored; 0 measured; 0 filtered out; finished in 0.45s

     Running `/app/target/debug/deps/cli_determinism_e2e_w54-1967d52d0cd85db8`

running 29 tests
test analyze_json_top_level_keys_sorted ... ok
test analyze_json_all_keys_recursively_sorted ... ok
test children_collapse_deterministic ... ok
test children_separate_deterministic ... ok
test export_csv_deterministic ... ok
test analyze_receipt_json_deterministic ... ok
test export_json_keys_are_sorted ... ok
test export_json_deterministic ... ok
test export_json_only_timestamps_vary ... ok
test export_rows_sorted_desc_code_asc_path ... ok
test export_jsonl_deterministic ... ok
test export_row_count_stable ... ok
test lang_json_keys_are_sorted ... ok
test lang_md_deterministic ... ok
test lang_json_only_timestamps_vary ... ok
test lang_row_count_stable ... ok
test lang_rows_sorted_desc_code_asc_name ... ok
test lang_totals_equal_sum_of_rows ... ok
test lang_json_deterministic ... ok
test module_json_keys_are_sorted ... ok
test lang_tsv_deterministic ... ok
test module_json_only_timestamps_vary ... ok
test module_row_count_stable ... ok
test module_md_deterministic ... ok
test module_json_deterministic ... ok
test module_rows_sorted_desc_code_asc_name ... ok
test module_tsv_deterministic ... ok
test run_default_deterministic ... ok
test redacted_export_deterministic ... ok

test result: ok. 29 passed; 0 failed; 0 ignored; 0 measured; 0 filtered out; finished in 0.44s

     Running `/app/target/debug/deps/cli_e2e-647c49c73f9e52cd`

running 19 tests
test given_bash_when_completions_then_outputs_script ... ok
test given_powershell_when_completions_then_outputs_script ... ok
test given_openai_when_tools_then_valid_json ... ok
test given_anthropic_when_tools_then_valid_json ... ok
test given_repo_when_badge_tokens_metric_then_svg_contains_tokens ... ok
test given_repo_when_badge_bytes_metric_then_svg_contains_bytes ... ok
test given_repo_when_analyze_receipt_json_then_has_derived ... ok
test given_repo_when_badge_then_outputs_svg ... ok
test given_repo_when_export_jsonl_then_each_line_valid ... ok
test given_repo_when_lang_default_then_markdown_table ... ok
test given_repo_when_export_csv_then_has_header_and_rows ... ok
test given_repo_when_lang_json_then_rows_have_code_field ... ok
test given_repo_when_lang_tsv_then_tab_separated ... ok
test given_repo_when_lang_json_then_valid_json_with_schema ... ok
test given_version_flag_then_shows_semver ... ok
test given_repo_when_module_default_then_markdown_table ... ok
test given_repo_when_module_json_then_has_rows ... ok
test given_when_init_print_then_generates_tokeignore ... ok
test given_repo_when_module_json_then_total_present ... ok

test result: ok. 19 passed; 0 failed; 0 ignored; 0 measured; 0 filtered out; finished in 0.14s

     Running `/app/target/debug/deps/cli_e2e_w42-e445ff2fbf5278c0`

running 47 tests
test badge_bytes_metric_contains_bytes ... ok
test analyze_receipt_json_has_derived_metrics ... ok
test badge_out_file_creates_svg_file ... ok
test completions_bash_produces_output ... ok
test analyze_receipt_markdown_contains_header ... ok
test completions_powershell_produces_output ... ok
test completions_fish_produces_output ... ok
test completions_zsh_produces_output ... ok
test badge_tokens_metric_contains_tokens ... ok
test badge_produces_svg ... ok
test empty_dir_export_handles_gracefully ... ok
test empty_dir_handles_gracefully ... ok
test empty_dir_module_handles_gracefully ... ok
test export_help_shows_format_flag ... ok
test export_csv_has_header_and_rows ... ok
test default_command_is_lang ... ok
test export_jsonl_first_line_is_meta ... ok
test export_max_rows_limits_output ... ok
test export_jsonl_produces_valid_lines ... ok
test init_creates_tokeignore_in_tempdir ... ok
test export_json_has_envelope_fields ... ok
test help_shows_subcommands ... ok
test init_print_outputs_to_stdout ... ok
test init_refuses_overwrite_without_force ... ok
test global_exclude_removes_rust_from_lang ... ok
test lang_help_shows_format_flag ... ok
test lang_invalid_format_exits_nonzero ... ok
test lang_children_collapse_recorded_in_json ... ok
test lang_json_produces_valid_json ... ok
test lang_default_produces_markdown_output ... ok
test lang_json_rows_have_code_field ... ok
test lang_json_total_has_code_and_lines ... ok
test lang_top_limits_rows ... ok
test module_help_shows_depth_flag ... ok
test lang_tsv_produces_tab_separated_output ... ok
test module_default_produces_output ... ok
test module_depth_zero_produces_top_level_only ... ok
test module_json_produces_valid_json ... ok
test module_json_total_present ... ok
test tools_anthropic_produces_valid_json ... ok
test tools_invalid_format_fails ... ok
test run_generates_all_artifacts ... ok
test run_produces_receipt_json ... ok
test tools_openai_produces_valid_json_with_functions ... ok
test tools_jsonschema_produces_valid_json ... ok
test version_shows_semver ... ok
test verbose_flag_accepted_on_lang ... ok

test result: ok. 47 passed; 0 failed; 0 ignored; 0 measured; 0 filtered out; finished in 0.31s

     Running `/app/target/debug/deps/cli_e2e_w58-ac6a8e1e1cda430a`

running 63 tests
test analyze_preset_supply_succeeds ... ok
test badge_metric_tokens_produces_svg ... ok
test badge_metric_bytes_produces_svg ... ok
test analyze_preset_health_succeeds ... ok
test err_analyze_invalid_format ... ok
test default_lang_produces_markdown ... ok
test err_analyze_nonexistent_path ... ok
test err_analyze_invalid_preset ... ok
test err_badge_invalid_metric ... ok
test default_module_produces_markdown ... ok
test err_badge_missing_metric ... ok
test err_completely_unknown_subcommand ... ok
test err_completions_missing_shell ... ok
test err_diff_no_refs ... ok
test err_context_nonexistent_path ... ok
test err_export_invalid_format ... ok
test err_export_nonexistent_path ... ok
test err_invalid_subcommand_shows_suggestion ... ok
test err_lang_invalid_children_mode ... ok
test err_lang_invalid_format ... ok
test err_module_invalid_format ... ok
test err_module_invalid_children_mode ... ok
test err_lang_nonexistent_path ... ok
test err_module_nonexistent_path ... ok
test err_run_nonexistent_path ... ok
test flag_exclude_nonexistent_pattern_still_succeeds ... ok
test flag_export_children_parents_only ... ok
test flag_export_children_separate ... ok
test flag_lang_children_separate ... ok
test flag_exclude_reduces_output ... ok
test flag_lang_children_collapse ... ok
test flag_lang_top_limits_rows ... ok
test flag_module_depth_1 ... ok
test flag_module_children_separate ... ok
test flag_lang_top_zero_shows_all ... ok
test flag_module_children_parents_only ... ok
test flag_module_depth_large_succeeds ... ok
test flag_multiple_excludes ... ok
test flag_module_top_limits_rows ... ok
test fmt_export_csv_has_header_row ... ok
test fmt_export_csv_consistent_columns ... ok
test fmt_analyze_markdown_contains_headers ... ok
test fmt_export_json_envelope ... ok
test fmt_analyze_json_has_derived ... ok
test fmt_export_json_rows_have_path ... ok
test fmt_export_jsonl_each_line_valid_json ... ok
test fmt_lang_json_has_total ... ok
test fmt_export_jsonl_meta_has_schema ... ok
test fmt_lang_json_rows_non_empty ... ok
test fmt_module_json_rows_have_module_field ... ok
test fmt_lang_json_valid_with_schema_version ... ok
test fmt_lang_markdown_contains_headers ... ok
test fmt_lang_tsv_tab_separated_with_header ... ok
test fmt_tools_anthropic_valid_json ... ok
test fmt_module_json_valid_with_mode ... ok
test fmt_module_markdown_contains_table ... ok
test fmt_module_tsv_has_tab_columns ... ok
test help_mentions_subcommands ... ok
test fmt_tools_openai_valid_json ... ok
test version_contains_semver ... ok
test json_envelope_has_args_metadata_lang ... ok
test json_envelope_has_args_metadata_export ... ok
test json_envelope_has_args_metadata_module ... ok

test result: ok. 63 passed; 0 failed; 0 ignored; 0 measured; 0 filtered out; finished in 0.37s

     Running `/app/target/debug/deps/cli_e2e_w65-ce0224298af7bf3c`

running 99 tests
test analyze_default_preset_succeeds ... ok
test analyze_health_preset_succeeds ... ok
test badge_lines_metric_produces_svg ... ok
test analyze_receipt_preset_json_valid ... ok
test check_ignore_help_shows_usage ... ok
test bare_invocation_produces_output ... ok
test completions_bash_produces_output ... ok
test bare_invocation_matches_lang ... ok
test completions_powershell_produces_output ... ok
test completions_zsh_produces_output ... ok
test badge_tokens_metric_produces_svg ... ok
test err_analyze_invalid_preset ... ok
test err_analyze_invalid_format ... ok
test err_badge_missing_metric_fails ... ok
test config_auto_succeeds ... ok
test err_badge_invalid_metric_fails ... ok
test config_none_succeeds ... ok
test err_completions_missing_shell ... ok
test err_diff_no_refs_fails ... ok
test err_invalid_children_mode ... ok
test err_invalid_format_for_export ... ok
test err_invalid_format_for_lang ... ok
test err_invalid_format_for_module ... ok
test err_nonexistent_path_analyze ... ok
test err_nonexistent_path_export ... ok
test err_nonexistent_path_lang ... ok
test err_nonexistent_path_module ... ok
test err_typo_subcommand_fails ... ok
test err_unknown_subcommand_fails ... ok
test export_help_shows_format_options ... ok
test export_csv_has_header_and_data ... ok
test export_json_is_valid_array ... ok
test export_csv_rows_have_consistent_column_count ... ok
test export_jsonl_meta_true_has_meta_line ... ok
test export_jsonl_first_line_is_meta ... ok
test export_jsonl_meta_false_skips_meta ... ok
test export_jsonl_produces_valid_lines ... ok
test export_max_rows_limits_output ... ok
test export_jsonl_deterministic_across_runs ... ok
test failure_exit_code_is_nonzero ... ok
test export_redact_none_shows_paths ... ok
test export_with_explicit_path_arg ... ok
test export_min_code_filter_works ... ok
test help_flag_shows_global_options ... ok
test global_format_json_works ... ok
test help_flag_shows_subcommands ... ok
test init_help_shows_usage ... ok
test global_format_tsv_works ... ok
test hidden_flag_succeeds ... ok
test lang_children_collapse_succeeds ... ok
test lang_children_separate_succeeds ... ok
test lang_all_formats_report_same_total_code ... ok
test lang_default_produces_markdown ... ok
test lang_children_collapse_vs_separate_differ_in_json ... ok
test lang_exclude_multiple_patterns ... ok
test lang_format_json_is_valid ... ok
test lang_exclude_filters_files ... ok
test lang_format_md_produces_markdown_table ... ok
test lang_help_shows_expected_flags ... ok
test lang_files_flag_adds_file_info ... ok
test lang_format_tsv_is_tab_separated ... ok
test lang_json_has_envelope_metadata ... ok
test lang_json_files_total_equals_sum ... ok
test lang_json_lines_total_equals_sum ... ok
test lang_json_rows_have_expected_fields ... ok
test lang_json_no_duplicate_languages ... ok
test lang_json_deterministic_across_runs ... ok
test lang_json_rows_sorted_by_code_descending ... ok
test lang_json_schema_version_is_positive ... ok
test lang_json_total_equals_sum_of_rows ... ok
test lang_json_total_has_code_field ... ok
test lang_md_has_separator_line ... ok
test lang_md_deterministic_across_runs ... ok
test lang_top_1_limits_rows_in_json ... ok
test lang_top_0_shows_all_rows ... ok
test lang_tsv_header_contains_expected_columns ... ok
test lang_with_explicit_path_arg ... ok
test lang_tsv_deterministic_across_runs ... ok
test module_default_produces_markdown ... ok
test module_depth_1_produces_output ... ok
test module_depth_3_produces_output ... ok
test module_help_shows_depth_option ... ok
test module_format_json_valid ... ok
test module_format_md_contains_table_markers ... ok
test module_format_tsv_has_tabs ... ok
test module_json_rows_have_module_field ... ok
test module_json_total_equals_sum_of_rows ... ok
test module_md_has_separator_line ... ok
test module_tsv_header_contains_module ... ok
test no_ignore_flag_succeeds ... ok
test module_json_deterministic_across_runs ... ok
test module_with_explicit_path_arg ... ok
test success_exit_code_is_zero ... ok
test no_progress_flag_succeeds ... ok
test tools_openai_produces_json ... ok
test version_flag_matches_semver ... ok
test treat_doc_strings_as_comments_succeeds ... ok
test version_flag_shows_tokmd ... ok
test verbose_flag_succeeds ... ok

test result: ok. 99 passed; 0 failed; 0 ignored; 0 measured; 0 filtered out; finished in 0.65s

     Running `/app/target/debug/deps/cli_e2e_w69-e2dfcf5a65f72483`

running 53 tests
test w69_completions_bash_produces_output ... ok
test w69_completions_powershell_produces_output ... ok
test w69_completions_zsh_produces_output ... ok
test w69_completions_fish_produces_output ... ok
test w69_error_invalid_format_for_export ... ok
test w69_error_invalid_format_for_lang ... ok
test w69_error_nonexistent_directory ... ok
test w69_error_unknown_subcommand ... ok
test w69_exclude_rs_removes_rust ... ok
test w69_exclude_md_removes_markdown ... ok
test w69_export_csv_consistent_column_count ... ok
test w69_export_csv_has_header_and_rows ... ok
test w69_export_help_shows_format_option ... ok
test w69_export_csv_header_has_columns ... ok
test w69_export_csv_rows_are_comma_separated ... ok
test w69_export_jsonl_data_rows_have_path ... ok
test w69_export_jsonl_each_line_valid_json ... ok
test w69_export_jsonl_meta_has_tool_info ... ok
test w69_export_jsonl_has_meta_record ... ok
test w69_help_contains_usage_section ... ok
test w69_help_lists_all_subcommands ... ok
test w69_init_print_contains_ignore_patterns ... ok
test w69_export_jsonl_deterministic_across_runs ... ok
test w69_init_print_generates_tokeignore ... ok
test w69_lang_help_shows_options ... ok
test w69_lang_default_format_is_markdown_table ... ok
test w69_lang_json_generated_at_present ... ok
test w69_lang_json_has_args ... ok
test w69_lang_json_has_total ... ok
test w69_lang_json_deterministic_across_runs ... ok
test w69_lang_json_rows_have_required_fields ... ok
test w69_lang_json_rows_sorted_by_code_descending ... ok
test w69_lang_json_schema_version_is_positive ... ok
test w69_lang_json_valid_with_schema_version ... ok
test w69_lang_minimal_dir_succeeds ... ok
test w69_lang_mixed_dir_detects_at_least_three_languages ... ok
test w69_lang_mixed_dir_detects_javascript ... ok
test w69_lang_mixed_dir_detects_python ... ok
test w69_lang_mixed_dir_detects_rust ... ok
test w69_lang_tsv_has_header_row ... ok
test w69_lang_tsv_contains_tabs ... ok
test w69_lang_tsv_multiple_rows ... ok
test w69_module_default_format_is_markdown_table ... ok
test w69_module_default_has_module_column ... ok
test w69_module_help_shows_depth_option ... ok
test w69_module_depth_1_limits_output ... ok
test w69_module_depth_1_json_valid ... ok
test w69_module_json_has_rows ... ok
test w69_version_contains_tokmd ... ok
test w69_module_json_total_present ... ok
test w69_module_json_rows_have_module_field ... ok
test w69_version_shows_semver ... ok
test w69_module_json_schema_version_matches_lang ... ok

test result: ok. 53 passed; 0 failed; 0 ignored; 0 measured; 0 filtered out; finished in 0.24s

     Running `/app/target/debug/deps/cli_error_help_w73-012499a9c8951e4b`

running 30 tests
test error_export_nonexistent_path ... ok
test error_completions_invalid_shell ... ok
test error_diff_no_args ... ok
test error_analyze_invalid_preset ... ok
test error_module_invalid_format ... ok
test error_lang_invalid_format ... ok
test error_unknown_flag ... ok
test help_badge_exists ... ok
test help_analyze_mentions_preset ... ok
test help_baseline_exists ... ok
test help_check_ignore_exists ... ok
test help_cockpit_exists ... ok
test help_completions_mentions_shell_types ... ok
test help_diff_mentions_from_and_to ... ok
test help_context_mentions_mode_and_budget ... ok
test help_export_mentions_format_variants ... ok
test help_gate_mentions_policy ... ok
test help_init_exists ... ok
test help_handoff_mentions_preset ... ok
test help_lang_mentions_format_and_children ... ok
test help_module_mentions_depth_and_format ... ok
test help_root_contains_subcommands ... ok
test help_root_mentions_version_flag ... ok
test help_run_exists ... ok
test help_tools_exists ... ok
test error_gate_nonexistent_policy ... ok
test help_sensor_exists ... ok
test version_long_flag_matches_cargo ... ok
test version_short_flag_matches_cargo ... ok
test version_long_and_short_agree ... ok

test result: ok. 30 passed; 0 failed; 0 ignored; 0 measured; 0 filtered out; finished in 0.08s

     Running `/app/target/debug/deps/cli_error_paths_w51-65de253ebaad4d5a`

running 22 tests
test analyze_nonexistent_path_fails ... ok
test cockpit_subcommand_responds_to_help ... ok
test analyze_invalid_preset_fails ... ok
test analyze_help_lists_presets ... ok
test completions_help_mentions_shells ... ok
test diff_no_arguments_fails ... ok
test export_invalid_format_fails ... ok
test export_nonexistent_path_fails ... ok
test diff_nonexistent_before_after_fails ... ok
test context_budget_zero_succeeds_with_zero_tokens ... ok
test help_flag_succeeds_with_usage ... ok
test invalid_format_on_default_command_fails ... ok
test lang_nonexistent_path_fails ... ok
test lang_help_succeeds ... ok
test module_negative_depth_fails ... ok
test module_nonexistent_path_fails ... ok
test negative_top_value_fails ... ok
test run_subcommand_responds_to_help ... ok
test unknown_subcommand_fails ... ok
test version_flag_succeeds_with_version ... ok
test known_subcommands_respond_to_help ... ok
test gate_no_arguments_fails ... ok

test result: ok. 22 passed; 0 failed; 0 ignored; 0 measured; 0 filtered out; finished in 0.94s

     Running `/app/target/debug/deps/cli_errors_w66-a9508d609255ad6a`

running 24 tests
test analyze_with_nonexistent_path_produces_error ... ok
test analyze_invalid_preset_value_produces_error ... ok
test badge_invalid_metric_fails ... ok
test completions_invalid_shell_fails ... ok
test diff_without_required_args_fails ... ok
test cockpit_with_nonexistent_base_ref_fails ... ok
test empty_string_subcommand_fails_or_defaults ... ok
test export_with_nonexistent_path_produces_error ... ok
test diff_with_nonexistent_files_produces_error ... ok
test invalid_format_value_for_export_produces_error ... ok
test invalid_format_value_for_lang_produces_error ... ok
test invalid_format_value_for_module_produces_error ... ok
test lang_with_nonexistent_path_produces_error ... ok
test module_non_numeric_depth_fails ... ok
test module_with_nonexistent_path_produces_error ... ok
test non_numeric_top_flag_fails ... ok
test negative_top_flag_fails ... ok
test root_help_mentions_subcommands ... ok
test run_with_nonexistent_path_produces_error ... ok
test unknown_subcommand_produces_helpful_error ... ok
test unknown_global_flag_fails ... ok
test version_flag_contains_tokmd_and_semver ... ok
test help_flag_for_all_subcommands ... ok
test gate_without_required_args_fails ... ok

test result: ok. 24 passed; 0 failed; 0 ignored; 0 measured; 0 filtered out; finished in 0.95s

     Running `/app/target/debug/deps/cli_init_e2e-ff52764b51ac5349`

running 10 tests
test init_force_overwrites_existing_tokeignore ... ok
test init_does_not_overwrite_existing_tokeignore ... ok
test init_creates_tokeignore_in_temp_dir ... ok
test init_print_cpp_template_produces_output ... ok
test init_print_go_template_contains_vendor ... ok
test init_print_mono_template_produces_output ... ok
test init_print_does_not_create_file ... ok
test init_print_outputs_template_to_stdout ... ok
test init_print_python_template_contains_venv ... ok
test init_with_dir_flag_creates_tokeignore_in_target ... ok

test result: ok. 10 passed; 0 failed; 0 ignored; 0 measured; 0 filtered out; finished in 0.02s

     Running `/app/target/debug/deps/cli_output_formats-2b7bd6ef99fba6ae`

running 13 tests
test export_csv_header_contains_path_and_language ... ok
test export_json_rows_have_code_and_language ... ok
test export_json_envelope_has_mode_export ... ok
test export_csv_rows_have_consistent_column_count ... ok
test export_jsonl_data_rows_have_path_field ... ok
test lang_json_has_args_metadata ... ok
test export_jsonl_meta_line_has_schema_version ... ok
test lang_json_has_schema_version_field ... ok
test lang_tsv_header_contains_expected_columns ... ok
test lang_tsv_data_rows_have_same_column_count_as_header ... ok
test lang_json_rows_sorted_descending_by_code ... ok
test module_json_has_mode_field ... ok
test module_json_rows_have_module_field ... ok

test result: ok. 13 passed; 0 failed; 0 ignored; 0 measured; 0 filtered out; finished in 0.10s

     Running `/app/target/debug/deps/cli_output_formats_w66-f04e0e4766437e2c`

running 20 tests
test context_json_parses ... ok
test badge_produces_valid_svg ... ok
test context_list_mode_produces_output ... ok
test analyze_json_parses_as_valid_json ... ok
test analyze_markdown_produces_readable_output ... ok
test export_csv_has_header_and_consistent_columns ... ok
test export_json_parses_and_has_mode_export ... ok
test export_output_flag_writes_to_file ... ok
test export_jsonl_each_line_is_valid_json ... ok
test lang_json_has_required_envelope_fields ... ok
test lang_json_parses_as_valid_json ... ok
test lang_markdown_contains_table_markers ... ok
test handoff_writes_to_output_dir ... ok
test lang_tsv_has_header_and_consistent_columns ... ok
test module_tsv_has_consistent_columns ... ok
test module_json_parses_and_has_rows ... ok
test module_markdown_contains_table ... ok
test no_progress_flag_suppresses_spinners ... ok
test no_progress_with_json_produces_clean_output ... ok
test verbose_flag_does_not_break_output ... ok

test result: ok. 20 passed; 0 failed; 0 ignored; 0 measured; 0 filtered out; finished in 0.16s

     Running `/app/target/debug/deps/cli_pipeline_e2e_w54-78dff4c2ee6c5c33`

running 53 tests
test badge_bytes_metric_produces_svg ... ok
test analyze_default_format_outputs_markdown ... ok
test analyze_health_preset_json_has_derived ... ok
test analyze_receipt_preset_json_has_derived ... ok
test check_ignore_with_path_runs ... ok
test completions_bash_outputs_script ... ok
test completions_fish_outputs_script ... ok
test completions_powershell_outputs_script ... ok
test completions_zsh_outputs_script ... ok
test badge_tokens_metric_produces_svg ... ok
test badge_lines_metric_produces_svg ... ok
test export_csv_has_header_and_data_rows ... ok
test export_exclude_js_filters_files ... ok
test export_csv_columns_consistent ... ok
test export_invalid_format_fails ... ok
test diff_between_two_lang_receipts ... ok
test export_jsonl_first_line_is_meta_record ... ok
test export_json_has_envelope_and_rows ... ok
test export_jsonl_each_line_is_valid_json ... ok
test help_badge_shows_usage ... ok
test help_analyze_shows_usage ... ok
test export_paths_always_use_forward_slashes ... ok
test help_diff_shows_usage ... ok
test help_export_shows_usage ... ok
test help_lang_shows_usage ... ok
test help_module_shows_usage ... ok
test help_root_shows_usage ... ok
test init_print_generates_tokeignore_content ... ok
test help_run_shows_usage ... ok
test invalid_path_fails_gracefully ... ok
test invalid_format_flag_fails ... ok
test invalid_subcommand_fails ... ok
test lang_children_separate_succeeds ... ok
test lang_children_collapse_succeeds ... ok
test lang_default_outputs_markdown_table ... ok
test lang_children_separate_may_have_embedded_rows ... ok
test lang_json_has_total_section ... ok
test lang_json_outputs_valid_json_with_rows ... ok
test lang_json_rows_have_required_fields ... ok
test lang_exclude_rust_reduces_rows ... ok
test lang_tsv_has_tabs_and_header ... ok
test module_children_parents_only_succeeds ... ok
test module_default_outputs_markdown ... ok
test module_depth_1_reduces_nesting ... ok
test module_json_rows_have_module_field ... ok
test module_json_has_rows_and_total ... ok
test module_keys_always_use_forward_slashes ... ok
test module_tsv_has_tabs ... ok
test run_default_succeeds ... ok
test version_flag_shows_semver ... ok
test pipeline_lang_and_module_same_total_files ... ok
test pipeline_lang_then_export_file_count_consistent ... ok
test run_with_output_dir_creates_artifacts ... ok

test result: ok. 53 passed; 0 failed; 0 ignored; 0 measured; 0 filtered out; finished in 0.34s

     Running `/app/target/debug/deps/cli_scan_options_w66-5cb3d85bca3bad24`

running 20 tests
test exclude_all_files_produces_zero_rows ... ok
test export_children_separate_succeeds ... ok
test exclude_multiple_patterns ... ok
test export_empty_directory_succeeds ... ok
test export_exclude_filters_files ... ok
test exclude_pattern_reduces_output ... ok
test hidden_flag_succeeds ... ok
test lang_children_invalid_value_fails ... ok
test lang_children_collapse_succeeds ... ok
test lang_children_separate_succeeds ... ok
test module_children_separate_succeeds ... ok
test module_depth_large_value_succeeds ... ok
test module_depth_one_groups_at_top_level ... ok
test module_empty_directory_succeeds ... ok
test no_ignore_flag_succeeds ... ok
test scan_empty_directory_succeeds_with_zero_results ... ok
test top_zero_shows_all_languages ... ok
test top_flag_limits_output ... ok
test self_scan_finds_rust_language ... ok
test self_scan_succeeds ... ok

test result: ok. 20 passed; 0 failed; 0 ignored; 0 measured; 0 filtered out; finished in 1.86s

     Running `/app/target/debug/deps/cli_snapshot_golden-8984342fbce1bf6b`

running 12 tests
test snapshot_export_csv ... ok
test snapshot_export_json ... ok
test snapshot_export_jsonl ... ok
test snapshot_help ... ok
test snapshot_lang_json_structure ... ok
test snapshot_lang_markdown ... ok
test snapshot_lang_tsv ... ok
test snapshot_lang_json ... ok
test snapshot_module_tsv ... ok
test snapshot_module_markdown ... ok
test snapshot_version ... ok
test snapshot_module_json ... ok

test result: ok. 12 passed; 0 failed; 0 ignored; 0 measured; 0 filtered out; finished in 0.30s

     Running `/app/target/debug/deps/cli_tools_e2e-1df457ed660512d0`

running 8 tests
test tools_invalid_format_fails ... ok
test tools_clap_format_has_tools_with_parameters ... ok
test tools_anthropic_each_tool_has_name_and_input_schema ... ok
test tools_anthropic_contains_module_and_analyze ... ok
test tools_jsonschema_contains_context_and_gate ... ok
test tools_jsonschema_has_name_and_tools_array ... ok
test tools_openai_contains_lang_and_export ... ok
test tools_openai_each_function_has_name_and_description ... ok

test result: ok. 8 passed; 0 failed; 0 ignored; 0 measured; 0 filtered out; finished in 0.03s

     Running `/app/target/debug/deps/cockpit_cli_w71-c896a85dfb0c6c03`

running 14 tests
test cockpit_help_shows_expected_flags ... ok
hint: Using 'master' as the name for the initial branch. This default branch name
hint: will change to "main" in Git 3.0. To configure the initial branch name
hint: to use in all of your new repositories, which will suppress this warning,
hint: call:
hint:
hint: 	git config --global init.defaultBranch <name>
hint:
hint: Names commonly chosen instead of 'master' are 'main', 'trunk' and
hint: 'development'. The just-created branch can be renamed via this command:
hint:
hint: 	git branch -m <name>
hint:
hint: Disable this message with "git config set advice.defaultBranchName false"
hint: Using 'master' as the name for the initial branch. This default branch name
hint: Using 'master' as the name for the initial branch. This default branch name
hint: will change to "main" in Git 3.0. To configure the initial branch name
hint: will change to "main" in Git 3.0. To configure the initial branch name
hint: to use in all of your new repositories, which will suppress this warning,
hint: to use in all of your new repositories, which will suppress this warning,
Initialized empty Git repository in /tmp/.tmpH2Susc/.git/
hint: call:
hint: call:
hint:
hint:
hint: 	git config --global init.defaultBranch <name>
hint: 	git config --global init.defaultBranch <name>
hint:
hint:
hint: Names commonly chosen instead of 'master' are 'main', 'trunk' and
hint: Names commonly chosen instead of 'master' are 'main', 'trunk' and
hint: 'development'. The just-created branch can be renamed via this command:
hint: 'development'. The just-created branch can be renamed via this command:
hint:
hint:
hint: 	git branch -m <name>
hint: 	git branch -m <name>
hint:
hint:
hint: Disable this message with "git config set advice.defaultBranchName false"
hint: Disable this message with "git config set advice.defaultBranchName false"
Initialized empty Git repository in /tmp/.tmpc3dbur/.git/
Initialized empty Git repository in /tmp/.tmpOF3QXo/.git/
hint: Using 'master' as the name for the initial branch. This default branch name
hint: will change to "main" in Git 3.0. To configure the initial branch name
hint: to use in all of your new repositories, which will suppress this warning,
hint: call:
hint:
hint: 	git config --global init.defaultBranch <name>
hint:
hint: Names commonly chosen instead of 'master' are 'main', 'trunk' and
hint: 'development'. The just-created branch can be renamed via this command:
hint:
hint: 	git branch -m <name>
hint:
hint: Disable this message with "git config set advice.defaultBranchName false"
Initialized empty Git repository in /tmp/.tmpSXAlcY/.git/
[main (root-commit) 3de57de] Initial commit
 1 file changed, 1 insertion(+)
 create mode 100644 src/lib.rs
[main (root-commit) 3de57de] Initial commit
 1 file changed, 1 insertion(+)
 create mode 100644 src/lib.rs
[main (root-commit) 3de57de] Initial commit
 1 file changed, 1 insertion(+)
 create mode 100644 src/lib.rs
Switched to a new branch 'feature'
Switched to a new branch 'feature'
Switched to a new branch 'feature'
[main (root-commit) 3de57de] Initial commit
 1 file changed, 1 insertion(+)
 create mode 100644 src/lib.rs
Switched to a new branch 'feature'
[feature 37aef68] Feature changes
 1 file changed, 1 insertion(+), 1 deletion(-)
[feature 06e0807] Feature changes
 2 files changed, 2 insertions(+), 1 deletion(-)
 create mode 100644 src/new_module.rs
[feature 37aef68] Feature changes
 1 file changed, 1 insertion(+), 1 deletion(-)
[feature 1c0f7d8] Feature changes
 2 files changed, 2 insertions(+), 1 deletion(-)
 create mode 100644 src/extra.rs
test cockpit_json_has_code_health ... ok
test cockpit_change_surface_files_changed_matches ... ok
test cockpit_base_from_env_var ... ok
test cockpit_json_has_change_surface ... ok
hint: Using 'master' as the name for the initial branch. This default branch name
hint: will change to "main" in Git 3.0. To configure the initial branch name
hint: to use in all of your new repositories, which will suppress this warning,
hint: call:
hint:
hint: 	git config --global init.defaultBranch <name>
hint:
hint: Names commonly chosen instead of 'master' are 'main', 'trunk' and
hint: 'development'. The just-created branch can be renamed via this command:
hint:
hint: 	git branch -m <name>
hint:
hint: Disable this message with "git config set advice.defaultBranchName false"
hint: Using 'master' as the name for the initial branch. This default branch name
hint: will change to "main" in Git 3.0. To configure the initial branch name
hint: to use in all of your new repositories, which will suppress this warning,
hint: call:
hint:
hint: 	git config --global init.defaultBranch <name>
hint:
hint: Names commonly chosen instead of 'master' are 'main', 'trunk' and
hint: 'development'. The just-created branch can be renamed via this command:
hint:
hint: 	git branch -m <name>
hint:
hint: Disable this message with "git config set advice.defaultBranchName false"
hint: Using 'master' as the name for the initial branch. This default branch name
hint: will change to "main" in Git 3.0. To configure the initial branch name
hint: to use in all of your new repositories, which will suppress this warning,
hint: call:
hint:
hint: 	git config --global init.defaultBranch <name>
hint:
hint: Names commonly chosen instead of 'master' are 'main', 'trunk' and
hint: 'development'. The just-created branch can be renamed via this command:
hint:
hint: 	git branch -m <name>
hint:
hint: Disable this message with "git config set advice.defaultBranchName false"
Initialized empty Git repository in /tmp/.tmpybNzRF/.git/
Initialized empty Git repository in /tmp/.tmpFYk3at/.git/
Initialized empty Git repository in /tmp/.tmpFtNPjl/.git/
hint: Using 'master' as the name for the initial branch. This default branch name
hint: will change to "main" in Git 3.0. To configure the initial branch name
hint: to use in all of your new repositories, which will suppress this warning,
hint: call:
hint:
hint: 	git config --global init.defaultBranch <name>
hint:
hint: Names commonly chosen instead of 'master' are 'main', 'trunk' and
hint: 'development'. The just-created branch can be renamed via this command:
hint:
hint: 	git branch -m <name>
hint:
hint: Disable this message with "git config set advice.defaultBranchName false"
Initialized empty Git repository in /tmp/.tmpcGiTCD/.git/
[main (root-commit) 3de57de] Initial commit
 1 file changed, 1 insertion(+)
 create mode 100644 src/lib.rs
[main (root-commit) 3de57de] Initial commit
 1 file changed, 1 insertion(+)
 create mode 100644 src/lib.rs
[main (root-commit) 3de57de] Initial commit
 1 file changed, 1 insertion(+)
 create mode 100644 src/lib.rs
[main (root-commit) 3de57de] Initial commit
 1 file changed, 1 insertion(+)
 create mode 100644 src/lib.rs
Switched to a new branch 'feature'
Switched to a new branch 'feature'
Switched to a new branch 'feature'
Switched to a new branch 'feature'
[feature 37aef68] Feature changes
 1 file changed, 1 insertion(+), 1 deletion(-)
[feature f5436ee] Feature changes
 2 files changed, 2 insertions(+), 1 deletion(-)
 create mode 100644 src/new.rs
[feature 37aef68] Feature changes
 1 file changed, 1 insertion(+), 1 deletion(-)
[feature 37aef68] Feature changes
 1 file changed, 1 insertion(+), 1 deletion(-)
test cockpit_json_has_composition ... ok
test cockpit_json_has_review_plan ... ok
test cockpit_json_has_contracts ... ok
test cockpit_json_has_evidence_gates ... ok
hint: Using 'master' as the name for the initial branch. This default branch name
hint: will change to "main" in Git 3.0. To configure the initial branch name
hint: to use in all of your new repositories, which will suppress this warning,
hint: call:
hint:
hint: 	git config --global init.defaultBranch <name>
hint:
hint: Names commonly chosen instead of 'master' are 'main', 'trunk' and
hint: 'development'. The just-created branch can be renamed via this command:
hint:
hint: 	git branch -m <name>
hint:
hint: Disable this message with "git config set advice.defaultBranchName false"
hint: Using 'master' as the name for the initial branch. This default branch name
hint: will change to "main" in Git 3.0. To configure the initial branch name
hint: to use in all of your new repositories, which will suppress this warning,
hint: call:
hint:
hint: 	git config --global init.defaultBranch <name>
hint:
hint: Names commonly chosen instead of 'master' are 'main', 'trunk' and
hint: 'development'. The just-created branch can be renamed via this command:
hint:
hint: 	git branch -m <name>
hint:
hint: Disable this message with "git config set advice.defaultBranchName false"
Initialized empty Git repository in /tmp/.tmpcy4WHH/.git/
Initialized empty Git repository in /tmp/.tmpaFEnim/.git/
hint: Using 'master' as the name for the initial branch. This default branch name
hint: will change to "main" in Git 3.0. To configure the initial branch name
hint: to use in all of your new repositories, which will suppress this warning,
hint: call:
hint:
hint: 	git config --global init.defaultBranch <name>
hint:
hint: Names commonly chosen instead of 'master' are 'main', 'trunk' and
hint: 'development'. The just-created branch can be renamed via this command:
hint:
hint: 	git branch -m <name>
hint:
hint: Disable this message with "git config set advice.defaultBranchName false"
Initialized empty Git repository in /tmp/.tmpgZZGqD/.git/
hint: Using 'master' as the name for the initial branch. This default branch name
hint: will change to "main" in Git 3.0. To configure the initial branch name
hint: to use in all of your new repositories, which will suppress this warning,
hint: call:
hint:
hint: 	git config --global init.defaultBranch <name>
hint:
hint: Names commonly chosen instead of 'master' are 'main', 'trunk' and
hint: 'development'. The just-created branch can be renamed via this command:
hint:
hint: 	git branch -m <name>
hint:
hint: Disable this message with "git config set advice.defaultBranchName false"
Initialized empty Git repository in /tmp/.tmpS79qiG/.git/
[main (root-commit) 3e9348e] Initial commit
 1 file changed, 1 insertion(+)
 create mode 100644 src/lib.rs
[main (root-commit) 9c349a9] Initial commit
 1 file changed, 1 insertion(+)
 create mode 100644 src/main.rs
[main (root-commit) 3e9348e] Initial commit
 1 file changed, 1 insertion(+)
 create mode 100644 src/lib.rs
[main (root-commit) 3e9348e] Initial commit
 1 file changed, 1 insertion(+)
 create mode 100644 src/lib.rs
Switched to a new branch 'feature'
Switched to a new branch 'feature'
Switched to a new branch 'feature'
Switched to a new branch 'feature'
[feature 979a07a] Feature changes
 1 file changed, 1 insertion(+), 1 deletion(-)
[feature 71178fd] Feature changes
 1 file changed, 1 insertion(+), 1 deletion(-)
[feature f0e2047] Feature changes
 1 file changed, 1 insertion(+), 1 deletion(-)
[feature f0e2047] Feature changes
 1 file changed, 1 insertion(+), 1 deletion(-)
test cockpit_md_has_expected_sections ... ok
hint: Using 'master' as the name for the initial branch. This default branch name
hint: will change to "main" in Git 3.0. To configure the initial branch name
hint: to use in all of your new repositories, which will suppress this warning,
hint: call:
hint:
hint: 	git config --global init.defaultBranch <name>
hint:
hint: Names commonly chosen instead of 'master' are 'main', 'trunk' and
hint: 'development'. The just-created branch can be renamed via this command:
hint:
hint: 	git branch -m <name>
hint:
hint: Disable this message with "git config set advice.defaultBranchName false"
Initialized empty Git repository in /tmp/.tmpR81XiT/.git/
[main (root-commit) 17c040b] Initial commit
 1 file changed, 1 insertion(+)
 create mode 100644 src/app.rs
Switched to a new branch 'feature'
[feature 133cd21] Feature changes
 1 file changed, 1 insertion(+), 1 deletion(-)
test cockpit_sections_has_markers ... ok
test cockpit_json_has_schema_version_and_mode ... ok
test cockpit_json_has_risk_section ... ok
test cockpit_output_file_creates_json ... ok

test result: ok. 14 passed; 0 failed; 0 ignored; 0 measured; 0 filtered out; finished in 0.70s

     Running `/app/target/debug/deps/cockpit_cli_w75-b9c37e60b7319a3d`

running 14 tests
hint: Using 'master' as the name for the initial branch. This default branch name
hint: will change to "main" in Git 3.0. To configure the initial branch name
hint: Using 'master' as the name for the initial branch. This default branch name
hint: to use in all of your new repositories, which will suppress this warning,
hint: will change to "main" in Git 3.0. To configure the initial branch name
hint: call:
hint: to use in all of your new repositories, which will suppress this warning,
hint:
hint: call:
hint: 	git config --global init.defaultBranch <name>
hint:
hint: 	git config --global init.defaultBranch <name>
hint:
hint: Names commonly chosen instead of 'master' are 'main', 'trunk' and
hint: 'development'. The just-created branch can be renamed via this command:
hint:
hint: 	git branch -m <name>
hint:
hint:
hint: Names commonly chosen instead of 'master' are 'main', 'trunk' and
hint: Disable this message with "git config set advice.defaultBranchName false"
hint: 'development'. The just-created branch can be renamed via this command:
hint:
hint: 	git branch -m <name>
hint:
hint: Disable this message with "git config set advice.defaultBranchName false"
hint: Using 'master' as the name for the initial branch. This default branch name
hint: will change to "main" in Git 3.0. To configure the initial branch name
hint: to use in all of your new repositories, which will suppress this warning,
hint: call:
hint:
hint: Using 'master' as the name for the initial branch. This default branch name
hint: 	git config --global init.defaultBranch <name>
hint: will change to "main" in Git 3.0. To configure the initial branch name
hint:
hint: to use in all of your new repositories, which will suppress this warning,
hint: Names commonly chosen instead of 'master' are 'main', 'trunk' and
hint: call:
hint: 'development'. The just-created branch can be renamed via this command:
hint:
hint:
hint: 	git config --global init.defaultBranch <name>
hint: 	git branch -m <name>
hint:
hint:
hint: Names commonly chosen instead of 'master' are 'main', 'trunk' and
hint: Disable this message with "git config set advice.defaultBranchName false"
hint: 'development'. The just-created branch can be renamed via this command:
hint:
hint: 	git branch -m <name>
hint:
hint: Disable this message with "git config set advice.defaultBranchName false"
Initialized empty Git repository in /tmp/.tmpi1EuiZ/.git/
Initialized empty Git repository in /tmp/.tmpSFInMc/.git/
Initialized empty Git repository in /tmp/.tmpC9ZWJC/.git/
Initialized empty Git repository in /tmp/.tmpHexVAY/.git/
[main (root-commit) 3e9348e] Initial commit
 1 file changed, 1 insertion(+)
 create mode 100644 src/lib.rs
[main (root-commit) 3e9348e] Initial commit
 1 file changed, 1 insertion(+)
 create mode 100644 src/lib.rs
[main (root-commit) a4e372c] Initial commit
 1 file changed, 1 insertion(+)
 create mode 100644 src/lib.rs
Switched to a new branch 'feature'
Switched to a new branch 'feature'
[main (root-commit) 3e9348e] Initial commit
 1 file changed, 1 insertion(+)
 create mode 100644 src/lib.rs
Switched to a new branch 'feature'
Switched to a new branch 'feature'
[feature 2ef71ca] Feature changes
 1 file changed, 1 insertion(+)
 create mode 100644 src/extra.rs
[feature f0e2047] Feature changes
 1 file changed, 1 insertion(+), 1 deletion(-)
[feature f0e2047] Feature changes
 1 file changed, 1 insertion(+), 1 deletion(-)
[feature db48b8f] Feature changes
 1 file changed, 1 insertion(+), 1 deletion(-)
test cockpit_change_surface_counts_new_file ... ok
hint: Using 'master' as the name for the initial branch. This default branch name
hint: will change to "main" in Git 3.0. To configure the initial branch name
hint: to use in all of your new repositories, which will suppress this warning,
hint: call:
hint:
hint: 	git config --global init.defaultBranch <name>
hint:
hint: Names commonly chosen instead of 'master' are 'main', 'trunk' and
hint: 'development'. The just-created branch can be renamed via this command:
hint:
hint: 	git branch -m <name>
hint:
hint: Disable this message with "git config set advice.defaultBranchName false"
Initialized empty Git repository in /tmp/.tmpEGRO2H/.git/
[main (root-commit) 3e9348e] Initial commit
 1 file changed, 1 insertion(+)
 create mode 100644 src/lib.rs
Switched to a new branch 'feature'
[feature f0e2047] Feature changes
 1 file changed, 1 insertion(+), 1 deletion(-)
test cockpit_change_surface_detects_modification ... ok
test cockpit_code_health_grade_valid ... ok
test cockpit_composition_has_code_pct ... ok
hint: Using 'master' as the name for the initial branch. This default branch name
hint: will change to "main" in Git 3.0. To configure the initial branch name
hint: to use in all of your new repositories, which will suppress this warning,
hint: call:
hint:
hint: 	git config --global init.defaultBranch <name>
hint:
hint: Names commonly chosen instead of 'master' are 'main', 'trunk' and
hint: 'development'. The just-created branch can be renamed via this command:
hint:
hint: 	git branch -m <name>
hint:
hint: Disable this message with "git config set advice.defaultBranchName false"
Initialized empty Git repository in /tmp/.tmpdvuvvp/.git/
hint: Using 'master' as the name for the initial branch. This default branch name
hint: will change to "main" in Git 3.0. To configure the initial branch name
hint: to use in all of your new repositories, which will suppress this warning,
hint: call:
hint:
hint: 	git config --global init.defaultBranch <name>
hint:
hint: Names commonly chosen instead of 'master' are 'main', 'trunk' and
hint: 'development'. The just-created branch can be renamed via this command:
hint:
hint: 	git branch -m <name>
hint:
hint: Disable this message with "git config set advice.defaultBranchName false"
Initialized empty Git repository in /tmp/.tmpoK3WQp/.git/
hint: Using 'master' as the name for the initial branch. This default branch name
hint: will change to "main" in Git 3.0. To configure the initial branch name
hint: to use in all of your new repositories, which will suppress this warning,
hint: call:
hint:
hint: 	git config --global init.defaultBranch <name>
hint:
hint: Names commonly chosen instead of 'master' are 'main', 'trunk' and
hint: 'development'. The just-created branch can be renamed via this command:
hint:
hint: 	git branch -m <name>
hint:
hint: Disable this message with "git config set advice.defaultBranchName false"
Initialized empty Git repository in /tmp/.tmpW4ooXi/.git/
[main (root-commit) 3e9348e] Initial commit
 1 file changed, 1 insertion(+)
 create mode 100644 src/lib.rs
[main (root-commit) 3e9348e] Initial commit
 1 file changed, 1 insertion(+)
 create mode 100644 src/lib.rs
[main (root-commit) 3e9348e] Initial commit
 1 file changed, 1 insertion(+)
 create mode 100644 src/lib.rs
Switched to a new branch 'feature'
Switched to a new branch 'feature'
Switched to a new branch 'feature'
[feature f0e2047] Feature changes
 1 file changed, 1 insertion(+), 1 deletion(-)
[feature f0e2047] Feature changes
 1 file changed, 1 insertion(+), 1 deletion(-)
[feature 3fe8984] Feature changes
 1 file changed, 1 insertion(+), 1 deletion(-)
test cockpit_env_var_base_ref ... ok
hint: Using 'master' as the name for the initial branch. This default branch name
hint: will change to "main" in Git 3.0. To configure the initial branch name
hint: to use in all of your new repositories, which will suppress this warning,
hint: call:
hint:
hint: 	git config --global init.defaultBranch <name>
hint:
hint: Names commonly chosen instead of 'master' are 'main', 'trunk' and
hint: 'development'. The just-created branch can be renamed via this command:
hint:
hint: 	git branch -m <name>
hint:
hint: Disable this message with "git config set advice.defaultBranchName false"
Initialized empty Git repository in /tmp/.tmpvgtv5Q/.git/
[main (root-commit) 44105db] Initial commit
 1 file changed, 1 insertion(+)
 create mode 100644 src/lib.rs
Switched to a new branch 'feature'
[feature 09fcd4f] Feature changes
 1 file changed, 1 insertion(+), 1 deletion(-)
test cockpit_evidence_mutation_gate_present ... ok
test cockpit_evidence_has_overall_status ... ok
test cockpit_explicit_head_flag ... ok
hint: Using 'master' as the name for the initial branch. This default branch name
hint: will change to "main" in Git 3.0. To configure the initial branch name
hint: to use in all of your new repositories, which will suppress this warning,
hint: call:
hint:
hint: 	git config --global init.defaultBranch <name>
hint:
hint: Names commonly chosen instead of 'master' are 'main', 'trunk' and
hint: 'development'. The just-created branch can be renamed via this command:
hint:
hint: 	git branch -m <name>
hint:
hint: Disable this message with "git config set advice.defaultBranchName false"
Initialized empty Git repository in /tmp/.tmpM6FpBb/.git/
hint: Using 'master' as the name for the initial branch. This default branch name
hint: will change to "main" in Git 3.0. To configure the initial branch name
hint: to use in all of your new repositories, which will suppress this warning,
hint: call:
hint:
hint: 	git config --global init.defaultBranch <name>
hint:
hint: Names commonly chosen instead of 'master' are 'main', 'trunk' and
hint: 'development'. The just-created branch can be renamed via this command:
hint:
hint: 	git branch -m <name>
hint:
hint: Disable this message with "git config set advice.defaultBranchName false"
Initialized empty Git repository in /tmp/.tmpsoJ4Kq/.git/
hint: Using 'master' as the name for the initial branch. This default branch name
hint: will change to "main" in Git 3.0. To configure the initial branch name
hint: to use in all of your new repositories, which will suppress this warning,
hint: call:
hint:
hint: 	git config --global init.defaultBranch <name>
hint:
hint: Names commonly chosen instead of 'master' are 'main', 'trunk' and
hint: 'development'. The just-created branch can be renamed via this command:
hint:
hint: 	git branch -m <name>
hint:
hint: Disable this message with "git config set advice.defaultBranchName false"
Initialized empty Git repository in /tmp/.tmpqpiFCQ/.git/
[main (root-commit) 3e9348e] Initial commit
 1 file changed, 1 insertion(+)
 create mode 100644 src/lib.rs
Switched to a new branch 'feature'
[main (root-commit) 3e9348e] Initial commit
 1 file changed, 1 insertion(+)
 create mode 100644 src/lib.rs
[main (root-commit) 3e9348e] Initial commit
 1 file changed, 1 insertion(+)
 create mode 100644 src/lib.rs
Switched to a new branch 'feature'
Switched to a new branch 'feature'
[feature 979a07a] Feature changes
 1 file changed, 1 insertion(+), 1 deletion(-)
[feature f0e2047] Feature changes
 1 file changed, 1 insertion(+), 1 deletion(-)
[feature f8889fb] Feature changes
 2 files changed, 2 insertions(+), 1 deletion(-)
 create mode 100644 src/new.rs
test cockpit_json_top_level_keys ... ok
hint: Using 'master' as the name for the initial branch. This default branch name
hint: will change to "main" in Git 3.0. To configure the initial branch name
hint: to use in all of your new repositories, which will suppress this warning,
hint: call:
hint:
hint: 	git config --global init.defaultBranch <name>
hint:
hint: Names commonly chosen instead of 'master' are 'main', 'trunk' and
hint: 'development'. The just-created branch can be renamed via this command:
hint:
hint: 	git branch -m <name>
hint:
hint: Disable this message with "git config set advice.defaultBranchName false"
Initialized empty Git repository in /tmp/.tmpTaDmkX/.git/
[main (root-commit) 3e9348e] Initial commit
 1 file changed, 1 insertion(+)
 create mode 100644 src/lib.rs
Switched to a new branch 'feature'
[feature f0e2047] Feature changes
 1 file changed, 1 insertion(+), 1 deletion(-)
test cockpit_markdown_format_has_sections ... ok
test cockpit_output_flag_writes_file ... ok
test cockpit_review_plan_is_array ... ok
hint: Using 'master' as the name for the initial branch. This default branch name
hint: will change to "main" in Git 3.0. To configure the initial branch name
hint: to use in all of your new repositories, which will suppress this warning,
hint: call:
hint:
hint: 	git config --global init.defaultBranch <name>
hint:
hint: Names commonly chosen instead of 'master' are 'main', 'trunk' and
hint: 'development'. The just-created branch can be renamed via this command:
hint:
hint: 	git branch -m <name>
hint:
hint: Disable this message with "git config set advice.defaultBranchName false"
Initialized empty Git repository in /tmp/.tmpQ4ZBZD/.git/
[main (root-commit) 3e9348e] Initial commit
 1 file changed, 1 insertion(+)
 create mode 100644 src/lib.rs
Switched to a new branch 'feature'
[feature f0e2047] Feature changes
 1 file changed, 1 insertion(+), 1 deletion(-)
test cockpit_risk_level_is_valid_string ... ok
test cockpit_sections_format_has_markers ... ok

test result: ok. 14 passed; 0 failed; 0 ignored; 0 measured; 0 filtered out; finished in 0.81s

     Running `/app/target/debug/deps/cockpit_integration-fdf7b9ef229ca023`

running 12 tests
hint: Using 'master' as the name for the initial branch. This default branch name
hint: Using 'master' as the name for the initial branch. This default branch name
hint: will change to "main" in Git 3.0. To configure the initial branch name
hint: will change to "main" in Git 3.0. To configure the initial branch name
hint: to use in all of your new repositories, which will suppress this warning,
hint: to use in all of your new repositories, which will suppress this warning,
hint: call:
hint: call:
hint:
hint:
hint: 	git config --global init.defaultBranch <name>
hint: 	git config --global init.defaultBranch <name>
hint:
hint:
hint: Names commonly chosen instead of 'master' are 'main', 'trunk' and
hint: Names commonly chosen instead of 'master' are 'main', 'trunk' and
hint: 'development'. The just-created branch can be renamed via this command:
hint: 'development'. The just-created branch can be renamed via this command:
hint:
hint:
hint: 	git branch -m <name>
hint: 	git branch -m <name>
hint:
hint:
hint: Disable this message with "git config set advice.defaultBranchName false"
hint: Disable this message with "git config set advice.defaultBranchName false"
Initialized empty Git repository in /tmp/.tmpwOglcY/.git/
Initialized empty Git repository in /tmp/.tmp4XBvHx/.git/
test test_cockpit_help ... ok
hint: Using 'master' as the name for the initial branch. This default branch name
hint: will change to "main" in Git 3.0. To configure the initial branch name
hint: to use in all of your new repositories, which will suppress this warning,
hint: call:
hint:
hint: 	git config --global init.defaultBranch <name>
hint:
hint: Names commonly chosen instead of 'master' are 'main', 'trunk' and
hint: 'development'. The just-created branch can be renamed via this command:
hint:
hint: 	git branch -m <name>
hint:
hint: Disable this message with "git config set advice.defaultBranchName false"
Initialized empty Git repository in /tmp/.tmpl5wdaK/.git/
hint: Using 'master' as the name for the initial branch. This default branch name
hint: will change to "main" in Git 3.0. To configure the initial branch name
hint: to use in all of your new repositories, which will suppress this warning,
hint: call:
hint:
hint: 	git config --global init.defaultBranch <name>
hint:
hint: Names commonly chosen instead of 'master' are 'main', 'trunk' and
hint: 'development'. The just-created branch can be renamed via this command:
hint:
hint: 	git branch -m <name>
hint:
hint: Disable this message with "git config set advice.defaultBranchName false"
Initialized empty Git repository in /tmp/.tmpOro1rm/.git/
[main (root-commit) 69bb97c] Initial
 1 file changed, 1 insertion(+)
 create mode 100644 code.rs
[main (root-commit) 3e45812] Initial
 1 file changed, 1 insertion(+)
 create mode 100644 main.rs
Switched to a new branch 'test'
[main (root-commit) 19d2844] Initial commit
 1 file changed, 1 insertion(+)
 create mode 100644 lib.rs
Switched to a new branch 'diverse'
Switched to a new branch 'feature'
[main (root-commit) 3e45812] Initial
 1 file changed, 1 insertion(+)
 create mode 100644 main.rs
Switched to a new branch 'feature'
[test 0bbfd67] New
 1 file changed, 1 insertion(+)
 create mode 100644 new.rs
[diverse 2c0bda8] Add diverse files
 4 files changed, 4 insertions(+)
 create mode 100644 Cargo.toml
 create mode 100644 README.md
 create mode 100644 lib.rs
 create mode 100644 tests/test.rs
[feature 3983012] Add new file
 1 file changed, 1 insertion(+)
 create mode 100644 new.rs
[feature 4c23fcd] Add test
 1 file changed, 1 insertion(+)
 create mode 100644 test.rs
test test_cockpit_artifacts_dir ... ok
hint: Using 'master' as the name for the initial branch. This default branch name
hint: will change to "main" in Git 3.0. To configure the initial branch name
hint: to use in all of your new repositories, which will suppress this warning,
hint: call:
hint:
hint: 	git config --global init.defaultBranch <name>
hint:
hint: Names commonly chosen instead of 'master' are 'main', 'trunk' and
hint: 'development'. The just-created branch can be renamed via this command:
hint:
hint: 	git branch -m <name>
hint:
hint: Disable this message with "git config set advice.defaultBranchName false"
Initialized empty Git repository in /tmp/.tmpLGrcv8/.git/
test test_cockpit_md_format ... ok
test test_cockpit_json_format ... ok
hint: Using 'master' as the name for the initial branch. This default branch name
hint: will change to "main" in Git 3.0. To configure the initial branch name
hint: to use in all of your new repositories, which will suppress this warning,
hint: call:
hint:
hint: 	git config --global init.defaultBranch <name>
hint:
hint: Names commonly chosen instead of 'master' are 'main', 'trunk' and
hint: 'development'. The just-created branch can be renamed via this command:
hint:
hint: 	git branch -m <name>
hint:
hint: Disable this message with "git config set advice.defaultBranchName false"
Initialized empty Git repository in /tmp/.tmpVSsR0I/.git/
test test_cockpit_not_in_git_repo ... ok
hint: Using 'master' as the name for the initial branch. This default branch name
hint: will change to "main" in Git 3.0. To configure the initial branch name
hint: to use in all of your new repositories, which will suppress this warning,
hint: call:
hint:
hint: 	git config --global init.defaultBranch <name>
hint:
hint: Names commonly chosen instead of 'master' are 'main', 'trunk' and
hint: 'development'. The just-created branch can be renamed via this command:
hint:
hint: 	git branch -m <name>
hint:
hint: Disable this message with "git config set advice.defaultBranchName false"
Initialized empty Git repository in /tmp/.tmpC4scWL/.git/
[main (root-commit) 3e45812] Initial
 1 file changed, 1 insertion(+)
 create mode 100644 main.rs
Switched to a new branch 'feature'
[main (root-commit) 69bb97c] Initial
 1 file changed, 1 insertion(+)
 create mode 100644 code.rs
Switched to a new branch 'test'
[feature a8714f4] Add feature
 1 file changed, 1 insertion(+)
 create mode 100644 feature.rs
[test 0bbfd67] New
 1 file changed, 1 insertion(+)
 create mode 100644 new.rs
[main (root-commit) edb80e3] Initial
 1 file changed, 1 insertion(+)
 create mode 100644 app.rs
Switched to a new branch 'dev'
[dev 637a0c4] Add module
 1 file changed, 1 insertion(+)
 create mode 100644 mod.rs
test test_cockpit_output_file ... ok
hint: Using 'master' as the name for the initial branch. This default branch name
hint: will change to "main" in Git 3.0. To configure the initial branch name
hint: to use in all of your new repositories, which will suppress this warning,
hint: call:
hint:
hint: 	git config --global init.defaultBranch <name>
hint:
hint: Names commonly chosen instead of 'master' are 'main', 'trunk' and
hint: 'development'. The just-created branch can be renamed via this command:
hint:
hint: 	git branch -m <name>
hint:
hint: Disable this message with "git config set advice.defaultBranchName false"
Initialized empty Git repository in /tmp/.tmpaRuTpk/.git/
test test_cockpit_file_classification ... ok
hint: Using 'master' as the name for the initial branch. This default branch name
hint: will change to "main" in Git 3.0. To configure the initial branch name
hint: to use in all of your new repositories, which will suppress this warning,
hint: call:
hint:
hint: 	git config --global init.defaultBranch <name>
hint:
hint: Names commonly chosen instead of 'master' are 'main', 'trunk' and
hint: 'development'. The just-created branch can be renamed via this command:
hint:
hint: 	git branch -m <name>
hint:
hint: Disable this message with "git config set advice.defaultBranchName false"
Initialized empty Git repository in /tmp/.tmpAnMscJ/.git/
test test_cockpit_md_includes_summary_comparison_with_baseline ... ok
[main (root-commit) 45a189d] Initial
 1 file changed, 1 insertion(+)
 create mode 100644 lib.rs
hint: Using 'master' as the name for the initial branch. This default branch name
hint: will change to "main" in Git 3.0. To configure the initial branch name
hint: to use in all of your new repositories, which will suppress this warning,
hint: call:
hint:
hint: 	git config --global init.defaultBranch <name>
hint:
hint: Names commonly chosen instead of 'master' are 'main', 'trunk' and
hint: 'development'. The just-created branch can be renamed via this command:
hint:
hint: 	git branch -m <name>
hint:
hint: Disable this message with "git config set advice.defaultBranchName false"
Initialized empty Git repository in /tmp/.tmpqz3Zzr/.git/
Switched to a new branch 'feature'
[main (root-commit) 621f5ca] Initial
 1 file changed, 7 insertions(+)
 create mode 100644 Cargo.toml
Switched to a new branch 'feature'
[feature 897ec04] Add code without tests
 2 files changed, 2 insertions(+)
 create mode 100644 more.rs
 create mode 100644 new.rs
[feature 2574aff] Add dependencies
 1 file changed, 2 insertions(+)
[main (root-commit) d781d56] Initial
 3 files changed, 3 insertions(+)
 create mode 100644 README.md
 create mode 100644 lib.rs
 create mode 100644 tests/test.rs
Switched to a new branch 'feature'
[feature 1bf208a] Add feature
 2 files changed, 2 insertions(+)
 create mode 100644 new.rs
 create mode 100644 tests/new_test.rs
test test_evidence_gates_fail_coverage ... ok
test test_evidence_gates_fail_supply_chain ... ok
test test_cockpit_sections_format ... ok
test test_evidence_gates_pass_all ... ok

test result: ok. 12 passed; 0 failed; 0 ignored; 0 measured; 0 filtered out; finished in 0.30s

     Running `/app/target/debug/deps/completions_integration-906973016ec12712`

running 3 tests
test completions_bash_output_contains_command ... ok
test completions_bash_include_dynamic_preset_values ... ok
test completions_bash_include_dynamic_format_values ... ok

test result: ok. 3 passed; 0 failed; 0 ignored; 0 measured; 0 filtered out; finished in 0.01s

     Running `/app/target/debug/deps/config_resolution-24b5928ec5fee14b`

running 4 tests
test test_resolve_lang_no_args_no_profile ... ok
test test_resolve_lang_partial_overrides ... ok
test test_resolve_lang_cli_overrides_profile ... ok
test test_resolve_lang_profile_overrides_default ... ok

test result: ok. 4 passed; 0 failed; 0 ignored; 0 measured; 0 filtered out; finished in 0.00s

     Running `/app/target/debug/deps/context_cli_w73-0453c0d6aa1168f8`

running 10 tests
test w73_context_json_has_required_structure ... ok
test w73_context_budget_respected ... ok
test w73_context_json_file_rows_have_fields ... ok
test w73_context_budget_unlimited ... ok
test w73_context_list_includes_all_source_files ... ok
test w73_context_list_on_temp_dir ... ok
test w73_handoff_manifest_json_structure ... ok
test w73_handoff_artifacts_have_integrity_hashes ... ok
test w73_handoff_preset_in_manifest ... ok
test w73_handoff_preset_minimal_output ... ok

test result: ok. 10 passed; 0 failed; 0 ignored; 0 measured; 0 filtered out; finished in 0.08s

     Running `/app/target/debug/deps/context_e2e-5922a6a6f19634c5`

running 11 tests
test test_context_default_mode_is_list ... ok
test test_context_bundle_dir_creates_artifacts ... ok
test test_context_budget_limiting ... ok
test test_context_bundle_mode ... ok
test test_context_json_file_rows_have_required_fields ... ok
test test_context_list_mode ... ok
test test_context_json_mode ... ok
test test_context_output_to_file_json ... ok
test test_context_strategy_spread ... ok
test test_context_output_to_file_list ... ok
test test_context_strategy_greedy ... ok

test result: ok. 11 passed; 0 failed; 0 ignored; 0 measured; 0 filtered out; finished in 0.08s

     Running `/app/target/debug/deps/context_handoff_deep-debecbc7d4b1d81d`

running 31 tests
test context_budget_is_respected_with_large_budget ... ok
test context_budget_is_respected_with_small_budget ... ok
test context_bundle_budget_respected ... ok
test context_bundle_dir_creates_manifest_and_bundle ... ok
test context_greedy_strategy_records_strategy_field ... ok
test context_bundle_mode_outputs_to_stdout ... ok
test context_bundle_included_files_match_file_count ... ok
test context_bundle_manifest_has_valid_schema ... ok
test context_json_file_paths_use_forward_slashes ... ok
test context_json_file_rows_have_complete_fields ... ok
test context_json_receipt_has_all_required_fields ... ok
test context_json_determinism_same_token_counts ... ok
test context_output_to_file_writes_valid_json ... ok
test context_json_determinism_same_file_selection ... ok
test context_utilization_pct_is_consistent ... ok
test context_spread_strategy_records_strategy_field ... ok
test context_with_very_small_budget_respects_limit ... ok
test context_with_very_small_budget_still_succeeds ... ok
test handoff_artifact_map_has_blake3_hash ... ok
test handoff_budget_enforcement ... ok
test handoff_artifacts_have_expected_names ... ok
test handoff_code_txt_contains_file_markers ... ok
test handoff_greedy_strategy_records_strategy_field ... ok
test handoff_included_files_paths_use_forward_slashes ... ok
test handoff_determinism_same_manifest_structure ... ok
test handoff_force_flag_allows_overwrite ... ok
test handoff_intelligence_json_has_expected_fields ... ok
test handoff_manifest_has_all_required_fields ... ok
test handoff_map_jsonl_lines_are_valid_json ... ok
test handoff_produces_all_four_files ... ok
test handoff_with_no_git_flag_succeeds_and_marks_capability ... ok

test result: ok. 31 passed; 0 failed; 0 ignored; 0 measured; 0 filtered out; finished in 0.30s

     Running `/app/target/debug/deps/context_w71-5d757d0e9d97d677`

running 20 tests
test context_empty_directory_succeeds ... ok
test context_budget_m_suffix ... ok
test context_budget_plain_number ... ok
test context_invalid_rank_by_rejected ... ok
test context_empty_directory_zero_files ... ok
test context_compress_bundle_mode ... ok
test context_log_flag_creates_logfile ... ok
test context_file_ordering_deterministic ... ok
test context_max_file_pct_accepted ... ok
test context_max_file_tokens_accepted ... ok
test context_max_file_tokens_limits_individual_files ... ok
test context_module_depth_accepted ... ok
test context_no_git_json_still_has_required_fields ... ok
test context_no_git_flag_succeeds ... ok
test context_no_smart_exclude_accepted ... ok
test context_output_bundle_to_file ... ok
test context_rank_by_churn_no_git_fallback ... ok
test context_rank_by_code ... ok
test context_rank_by_hotspot_no_git_fallback ... ok
test context_rank_by_tokens ... ok

test result: ok. 20 passed; 0 failed; 0 ignored; 0 measured; 0 filtered out; finished in 0.15s

     Running `/app/target/debug/deps/cross_crate_integration_w50-dc2dca725d4979eb`

running 28 tests
test analysis_derived_report_has_totals ... ok
test analysis_density_is_valid_ratio ... ok
test analysis_cocomo_estimates_positive ... ok
test analysis_integrity_hash_present ... ok
test config_parse_minimal_toml ... ok
test config_exclude_does_not_affect_other_langs ... ok
test config_exclude_pattern_honored ... ok
test determinism_identical_json_across_runs ... ok
test determinism_no_backslash_in_paths ... ok
test determinism_export_identical_across_runs ... ok
test determinism_module_report_stable ... ok
test export_all_paths_use_forward_slashes ... ok
test determinism_sort_stability_with_tiebreak ... ok
test export_csv_has_header_and_rows ... ok
test receipt_export_flatten_data_at_top_level ... ok
test receipt_lang_flatten_rows_at_top_level ... ok
test receipt_lang_serialize_has_schema_version ... ok
test receipt_module_flatten_rows_at_top_level ... ok
test export_deterministic_sort_order ... ok
test export_jsonl_one_object_per_line ... ok
test scan_model_format_collapse_children_mode_tag ... ok
test receipts_implement_clone_debug_serde ... ok
test scan_model_format_json_has_schema_version ... ok
test scan_model_format_json_total_consistency ... ok
test scan_model_format_markdown_has_table_header ... ok
test scan_model_format_separate_children_mode_tag ... ok
test scan_model_format_tsv_column_count ... ok
test scan_model_format_separate_has_more_or_equal_rows ... ok

test result: ok. 28 passed; 0 failed; 0 ignored; 0 measured; 0 filtered out; finished in 0.04s

     Running `/app/target/debug/deps/cross_crate_w58-b7cfe9154043ab07`

running 37 tests
test analysis_derived_context_window ... ok
test analysis_derived_cocomo_positive ... ok
test analysis_derived_from_tempdir_has_totals ... ok
test analysis_derived_doc_density_valid ... ok
test analysis_derived_integrity_hash_present ... ok
test children_include_mode_parents_only_no_child_kind ... ok
test children_collapse_tag_preserved ... ok
test children_collapse_no_embedded_label ... ok
test children_separate_has_separate_tag ... ok
test children_separate_ge_collapse_rows ... ok
test determinism_export_data_three_runs ... ok
test determinism_derived_integrity_hash ... ok
test determinism_lang_report_three_runs ... ok
test exclude_pattern_preserves_other_langs ... ok
test exclude_pattern_filters_language ... ok
test determinism_module_report_three_runs ... ok
test export_data_rows_only_contain_known_kinds ... ok
test export_rows_sorted_code_desc_path_asc ... ok
test lang_json_flattened_no_report_key ... ok
test lang_json_schema_version_matches_constant ... ok
test lang_report_totals_equal_row_sums ... ok
test lang_rows_sorted_code_desc_name_asc ... ok
test module_json_schema_version_matches_constant ... ok
test normalize_path_forward_slashes_on_backslash_input ... ok
test normalize_path_strips_dot_prefix ... ok
test module_report_totals_code_consistent ... ok
test module_rows_sorted_code_desc_module_asc ... ok
test module_key_consistent_model_vs_export ... ok
test paths_use_forward_slashes_in_collect_file_rows ... ok
test scan_model_format_export_json_roundtrip ... ok
test scan_model_format_lang_json_roundtrip ... ok
test paths_use_forward_slashes_in_export ... ok
test scan_model_format_lang_md_contains_table ... ok
test scan_model_format_lang_tsv_columns ... ok
test scan_model_format_module_md_contains_table ... ok
test top_n_truncates_lang_rows ... ok
test scan_model_format_module_json_roundtrip ... ok

test result: ok. 37 passed; 0 failed; 0 ignored; 0 measured; 0 filtered out; finished in 0.06s

     Running `/app/target/debug/deps/cross_crate_w66-20d6810c12440de4`

running 20 tests
test lang_md_includes_all_languages ... ok
test lang_md_output_is_nonempty ... ok
test lang_json_rows_match_original_report ... ok
test lang_json_has_correct_schema_version ... ok
test lang_to_md_has_table_header_and_total ... ok
test module_json_has_correct_schema_version ... ok
test module_json_rows_match_original_report ... ok
test module_to_tsv_has_correct_columns ... ok
test module_tsv_header_is_correct ... ok
test synthetic_lang_md_produces_valid_table ... ok
test synthetic_lang_totals_match_row_sums ... ok
test synthetic_module_totals_match_row_sums ... ok
test synthetic_module_tsv_roundtrip_values ... ok
test module_tsv_output_is_nonempty ... ok
test scan_produces_nonempty_lang_report ... ok
test scan_produces_nonempty_module_report ... ok
test totals_consistent_between_md_and_json_lang ... ok
test totals_consistent_between_md_and_json_module ... ok
test totals_consistent_between_md_and_tsv_lang ... ok
test totals_consistent_between_md_and_tsv_module ... ok

test result: ok. 20 passed; 0 failed; 0 ignored; 0 measured; 0 filtered out; finished in 0.02s

     Running `/app/target/debug/deps/cyclonedx_integration-151881ba43a6a22b`

running 7 tests
test test_cyclonedx_metadata ... ok
test test_cyclonedx_has_components ... ok
test test_cyclonedx_component_structure ... ok
test test_cyclonedx_export_valid_json ... ok
test test_cyclonedx_serial_number ... ok
test test_cyclonedx_spec_version ... ok
test test_cyclonedx_to_file ... ok

test result: ok. 7 passed; 0 failed; 0 ignored; 0 measured; 0 filtered out; finished in 0.87s

     Running `/app/target/debug/deps/deep_cli_complex_w48-646bdddf14a80831`

running 40 tests
test baseline_help_exits_zero ... ok
test all_complex_commands_accept_help ... ok
test baseline_generates_valid_json_file ... ok
test baseline_json_output_is_parseable ... ok
test context_budget_respects_token_limit ... ok
test baseline_output_has_expected_metrics ... ok
test context_help_exits_zero ... ok
test context_bundle_mode_produces_output ... ok
test baseline_force_overwrites_existing ... ok
test baseline_without_determinism_has_no_determinism_field ... ok
test context_invalid_strategy_fails_gracefully ... ok
test context_invalid_mode_produces_error ... ok
test context_json_files_have_path_and_tokens ... ok
test context_json_mode_produces_valid_json_with_schema_version ... ok
test context_json_utilization_within_bounds ... ok
test context_json_output_is_parseable ... ok
test diff_help_exits_zero ... ok
test diff_invalid_format_produces_error ... ok
test diff_no_args_shows_error ... ok
test context_list_mode_produces_file_paths ... ok
test diff_compact_mode_works ... ok
test diff_json_format_produces_valid_json ... ok
test handoff_help_exits_zero ... ok
test diff_same_receipt_twice_shows_zero_diff ... ok
test handoff_invalid_preset_produces_error ... ok
test handoff_budget_respects_token_limits ... ok
test handoff_intelligence_json_is_parseable ... ok
test handoff_manifest_is_valid_json ... ok
test handoff_map_jsonl_each_line_valid_json ... ok
test handoff_force_flag_allows_overwrite ... ok
test handoff_preset_minimal_works ... ok
test handoff_preset_standard_works ... ok
hint: Using 'master' as the name for the initial branch. This default branch name
hint: will change to "main" in Git 3.0. To configure the initial branch name
hint: to use in all of your new repositories, which will suppress this warning,
hint: call:
hint:
hint: 	git config --global init.defaultBranch <name>
hint:
hint: Names commonly chosen instead of 'master' are 'main', 'trunk' and
hint: 'development'. The just-created branch can be renamed via this command:
hint:
hint: 	git branch -m <name>
hint:
hint: Disable this message with "git config set advice.defaultBranchName false"
Initialized empty Git repository in /tmp/.tmp23FyVd/.git/
test sensor_tests::sensor_help_exits_zero ... ok
test handoff_produces_manifest_and_artifacts ... ok
test handoff_without_force_on_existing_dir_fails ... ok
hint: Using 'master' as the name for the initial branch. This default branch name
hint: will change to "main" in Git 3.0. To configure the initial branch name
hint: to use in all of your new repositories, which will suppress this warning,
hint: call:
hint:
hint: 	git config --global init.defaultBranch <name>
hint:
hint: Names commonly chosen instead of 'master' are 'main', 'trunk' and
hint: 'development'. The just-created branch can be renamed via this command:
hint:
hint: 	git branch -m <name>
hint:
hint: Disable this message with "git config set advice.defaultBranchName false"
Initialized empty Git repository in /tmp/.tmp0vz0UH/.git/
hint: Using 'master' as the name for the initial branch. This default branch name
hint: will change to "main" in Git 3.0. To configure the initial branch name
hint: to use in all of your new repositories, which will suppress this warning,
hint: call:
hint:
hint: 	git config --global init.defaultBranch <name>
hint:
hint: Names commonly chosen instead of 'master' are 'main', 'trunk' and
hint: 'development'. The just-created branch can be renamed via this command:
hint:
hint: 	git branch -m <name>
hint:
hint: Disable this message with "git config set advice.defaultBranchName false"
Initialized empty Git repository in /tmp/.tmpPOrK9X/.git/
hint: Using 'master' as the name for the initial branch. This default branch name
hint: will change to "main" in Git 3.0. To configure the initial branch name
hint: to use in all of your new repositories, which will suppress this warning,
hint: call:
hint:
hint: 	git config --global init.defaultBranch <name>
hint:
hint: Names commonly chosen instead of 'master' are 'main', 'trunk' and
hint: 'development'. The just-created branch can be renamed via this command:
hint:
hint: 	git branch -m <name>
hint:
hint: Disable this message with "git config set advice.defaultBranchName false"
Initialized empty Git repository in /tmp/.tmpEGGQ2F/.git/
[main (root-commit) b22c3d4] Initial commit
 1 file changed, 1 insertion(+)
 create mode 100644 src/lib.rs
Switched to a new branch 'feature'
[main (root-commit) b22c3d4] Initial commit
 1 file changed, 1 insertion(+)
 create mode 100644 src/lib.rs
[feature 57f91c2] Feature changes
 2 files changed, 2 insertions(+), 1 deletion(-)
 create mode 100644 src/extra.rs
[main (root-commit) b22c3d4] Initial commit
 1 file changed, 1 insertion(+)
 create mode 100644 src/lib.rs
Switched to a new branch 'feature'
[main (root-commit) b22c3d4] Initial commit
 1 file changed, 1 insertion(+)
 create mode 100644 src/lib.rs
Switched to a new branch 'feature'
Switched to a new branch 'feature'
[feature 57f91c2] Feature changes
 2 files changed, 2 insertions(+), 1 deletion(-)
 create mode 100644 src/extra.rs
[feature 57f91c2] Feature changes
 2 files changed, 2 insertions(+), 1 deletion(-)
 create mode 100644 src/extra.rs
[feature 57f91c2] Feature changes
 2 files changed, 2 insertions(+), 1 deletion(-)
 create mode 100644 src/extra.rs
test sensor_tests::sensor_artifacts_include_receipt_and_cockpit ... ok
hint: Using 'master' as the name for the initial branch. This default branch name
hint: will change to "main" in Git 3.0. To configure the initial branch name
hint: to use in all of your new repositories, which will suppress this warning,
hint: call:
hint:
hint: 	git config --global init.defaultBranch <name>
hint:
hint: Names commonly chosen instead of 'master' are 'main', 'trunk' and
hint: 'development'. The just-created branch can be renamed via this command:
hint:
hint: 	git branch -m <name>
hint:
hint: Disable this message with "git config set advice.defaultBranchName false"
Initialized empty Git repository in /tmp/.tmpDkcFmk/.git/
test sensor_tests::sensor_output_is_valid_json ... ok
test sensor_tests::sensor_md_format_produces_markdown ... ok
test sensor_tests::sensor_produces_report_v1_envelope ... ok
[main (root-commit) b22c3d4] Initial commit
 1 file changed, 1 insertion(+)
 create mode 100644 src/lib.rs
Switched to a new branch 'feature'
[feature 57f91c2] Feature changes
 2 files changed, 2 insertions(+), 1 deletion(-)
 create mode 100644 src/extra.rs
test sensor_tests::sensor_report_has_required_envelope_fields ... ok

test result: ok. 40 passed; 0 failed; 0 ignored; 0 measured; 0 filtered out; finished in 0.71s

     Running `/app/target/debug/deps/deep_cli_formats_w49-96eae3597ef8141a`

running 42 tests
test analyze_health_md_exits_zero ... ok
test analyze_health_json_exits_zero ... ok
test analyze_json_exits_zero_and_valid ... ok
test analyze_json_has_schema_version ... ok
test analyze_md_contains_markdown_headers ... ok
test analyze_md_exits_zero_and_nonempty ... ok
test all_json_outputs_include_schema_version ... ok
test export_csv_consistent_column_count ... ok
test analyze_xml_exits_zero_and_nonempty ... ok
test export_children_separate_vs_parents_only_differ ... ok
test export_csv_exits_zero_and_nonempty ... ok
test analyze_xml_has_xml_structure ... ok
test export_csv_has_commas ... ok
test export_csv_header_has_path_column ... ok
test export_json_has_rows_array ... ok
test export_json_exits_zero_and_valid ... ok
test export_json_has_schema_version ... ok
test export_jsonl_each_line_is_valid_json ... ok
test export_jsonl_exits_zero_and_nonempty ... ok
test export_jsonl_meta_has_schema_version ... ok
test export_redact_paths_json_hides_real_filenames ... ok
test export_redact_paths_jsonl_meta_indicates_redaction ... ok
test lang_json_exits_zero_and_valid ... ok
test lang_json_has_rows_and_total ... ok
test lang_json_has_schema_version ... ok
test lang_children_collapse_vs_separate_differ ... ok
test lang_md_contains_markdown_headers ... ok
test lang_md_exits_zero_and_nonempty ... ok
test lang_top_1_limits_rows_plus_other ... ok
test lang_top_2_limits_rows_plus_other ... ok
test lang_tsv_consistent_column_count ... ok
test lang_tsv_exits_zero_and_nonempty ... ok
test lang_tsv_has_tab_characters ... ok
test module_json_exits_zero_and_valid ... ok
test module_json_has_schema_version ... ok
test module_md_contains_markdown_elements ... ok
test module_json_rows_have_module_field ... ok
test module_md_exits_zero_and_nonempty ... ok
test module_tsv_consistent_column_count ... ok
test module_top_1_limits_rows_plus_other ... ok
test module_tsv_exits_zero_and_nonempty ... ok
test module_tsv_has_tab_characters ... ok

test result: ok. 42 passed; 0 failed; 0 ignored; 0 measured; 0 filtered out; finished in 0.40s

     Running `/app/target/debug/deps/deep_context_handoff_w51-3c71d138f9a4f0a9`

running 14 tests
test context_json_has_required_fields ... ok
test context_budget_k_suffix_works ... ok
test context_budget_limits_tokens ... ok
test context_exclude_filter_reduces_output ... ok
test context_json_has_schema_version ... ok
test context_json_mode_produces_valid_json ... ok
test context_list_mode_contains_file_paths ... ok
test context_list_mode_succeeds ... ok
test handoff_manifest_has_artifacts_list ... ok
test handoff_creates_manifest_json ... ok
test handoff_manifest_mode_is_handoff ... ok
test handoff_minimal_preset_succeeds ... ok
test handoff_standard_preset_succeeds ... ok
test handoff_no_git_flag_accepted ... ok

test result: ok. 14 passed; 0 failed; 0 ignored; 0 measured; 0 filtered out; finished in 0.13s

     Running `/app/target/debug/deps/deep_run_cockpit_w52-cb9919bb15badb79`

running 26 tests
test badge_invalid_metric_fails ... ok
test badge_contains_metric_label ... ok
test badge_lines_produces_svg ... ok
test badge_output_to_file ... ok
hint: Using 'master' as the name for the initial branch. This default branch name
hint: will change to "main" in Git 3.0. To configure the initial branch name
hint: to use in all of your new repositories, which will suppress this warning,
hint: call:
hint:
hint: 	git config --global init.defaultBranch <name>
hint:
hint: Names commonly chosen instead of 'master' are 'main', 'trunk' and
hint: 'development'. The just-created branch can be renamed via this command:
hint:
hint: 	git branch -m <name>
hint:
hint: Disable this message with "git config set advice.defaultBranchName false"
Initialized empty Git repository in /tmp/.tmprN1eV8/.git/
test cockpit_handles_no_git_history_gracefully ... ok
hint: Using 'master' as the name for the initial branch. This default branch name
hint: will change to "main" in Git 3.0. To configure the initial branch name
hint: to use in all of your new repositories, which will suppress this warning,
hint: call:
hint:
hint: 	git config --global init.defaultBranch <name>
hint:
hint: Names commonly chosen instead of 'master' are 'main', 'trunk' and
hint: 'development'. The just-created branch can be renamed via this command:
hint:
hint: 	git branch -m <name>
hint:
hint: Disable this message with "git config set advice.defaultBranchName false"
Initialized empty Git repository in /tmp/.tmpNQTGuy/.git/
[main (root-commit) 8a54376] Initial commit
 1 file changed, 1 insertion(+)
 create mode 100644 lib.rs
Switched to a new branch 'feature'
test badge_svg_is_valid_xml ... ok
hint: Using 'master' as the name for the initial branch. This default branch name
hint: will change to "main" in Git 3.0. To configure the initial branch name
hint: to use in all of your new repositories, which will suppress this warning,
hint: call:
hint:
hint: 	git config --global init.defaultBranch <name>
hint:
hint: Names commonly chosen instead of 'master' are 'main', 'trunk' and
hint: 'development'. The just-created branch can be renamed via this command:
hint:
hint: 	git branch -m <name>
hint:
hint: Disable this message with "git config set advice.defaultBranchName false"
Initialized empty Git repository in /tmp/.tmpgAfKOu/.git/
[main (root-commit) 8a54376] Initial commit
 1 file changed, 1 insertion(+)
 create mode 100644 lib.rs
[feature 5177353] Add new file
 1 file changed, 1 insertion(+)
 create mode 100644 new.rs
Switched to a new branch 'feature'
[main (root-commit) 8a54376] Initial commit
 1 file changed, 1 insertion(+)
 create mode 100644 lib.rs
[feature 5177353] Add new file
 1 file changed, 1 insertion(+)
 create mode 100644 new.rs
Switched to a new branch 'feature'
test cockpit_json_has_change_surface ... ok
hint: Using 'master' as the name for the initial branch. This default branch name
hint: will change to "main" in Git 3.0. To configure the initial branch name
hint: to use in all of your new repositories, which will suppress this warning,
hint: call:
hint:
hint: 	git config --global init.defaultBranch <name>
hint:
hint: Names commonly chosen instead of 'master' are 'main', 'trunk' and
hint: 'development'. The just-created branch can be renamed via this command:
hint:
hint: 	git branch -m <name>
hint:
hint: Disable this message with "git config set advice.defaultBranchName false"
Initialized empty Git repository in /tmp/.tmpbtpVRY/.git/
[feature 5177353] Add new file
 1 file changed, 1 insertion(+)
 create mode 100644 new.rs
test cockpit_json_has_code_health ... ok
hint: Using 'master' as the name for the initial branch. This default branch name
hint: will change to "main" in Git 3.0. To configure the initial branch name
hint: to use in all of your new repositories, which will suppress this warning,
hint: call:
hint:
hint: 	git config --global init.defaultBranch <name>
hint:
hint: Names commonly chosen instead of 'master' are 'main', 'trunk' and
hint: 'development'. The just-created branch can be renamed via this command:
hint:
hint: 	git branch -m <name>
hint:
hint: Disable this message with "git config set advice.defaultBranchName false"
Initialized empty Git repository in /tmp/.tmp2SUaHg/.git/
[main (root-commit) 8a54376] Initial commit
 1 file changed, 1 insertion(+)
 create mode 100644 lib.rs
Switched to a new branch 'feature'
test cockpit_json_has_composition ... ok
hint: Using 'master' as the name for the initial branch. This default branch name
hint: will change to "main" in Git 3.0. To configure the initial branch name
hint: to use in all of your new repositories, which will suppress this warning,
hint: call:
hint:
hint: 	git config --global init.defaultBranch <name>
hint:
hint: Names commonly chosen instead of 'master' are 'main', 'trunk' and
hint: 'development'. The just-created branch can be renamed via this command:
hint:
hint: 	git branch -m <name>
hint:
hint: Disable this message with "git config set advice.defaultBranchName false"
Initialized empty Git repository in /tmp/.tmpSEChN7/.git/
[main (root-commit) 8a54376] Initial commit
 1 file changed, 1 insertion(+)
 create mode 100644 lib.rs
Switched to a new branch 'feature'
[feature 5177353] Add new file
 1 file changed, 1 insertion(+)
 create mode 100644 new.rs
test badge_different_metrics_succeed ... ok
hint: Using 'master' as the name for the initial branch. This default branch name
hint: will change to "main" in Git 3.0. To configure the initial branch name
hint: to use in all of your new repositories, which will suppress this warning,
hint: call:
hint:
hint: 	git config --global init.defaultBranch <name>
hint:
hint: Names commonly chosen instead of 'master' are 'main', 'trunk' and
hint: 'development'. The just-created branch can be renamed via this command:
hint:
hint: 	git branch -m <name>
hint:
hint: Disable this message with "git config set advice.defaultBranchName false"
Initialized empty Git repository in /tmp/.tmp0M7Ku8/.git/
[feature 5177353] Add new file
 1 file changed, 1 insertion(+)
 create mode 100644 new.rs
[main (root-commit) 8a54376] Initial commit
 1 file changed, 1 insertion(+)
 create mode 100644 lib.rs
Switched to a new branch 'feature'
[feature 5177353] Add new file
 1 file changed, 1 insertion(+)
 create mode 100644 new.rs
[main (root-commit) 8a54376] Initial commit
 1 file changed, 1 insertion(+)
 create mode 100644 lib.rs
test cockpit_json_has_evidence_and_risk ... ok
Switched to a new branch 'feature'
test cockpit_json_has_review_plan ... ok
[feature 5177353] Add new file
 1 file changed, 1 insertion(+)
 create mode 100644 new.rs
test cockpit_json_has_schema_version ... ok
test run_export_jsonl_has_lines ... ok
test run_determinism_two_runs_identical ... ok
test run_includes_lang_module_export_references ... ok
test cockpit_md_has_expected_sections ... ok
test run_lang_json_has_languages ... ok
test run_on_empty_dir_produces_valid_receipt ... ok
test run_module_json_is_valid_json ... ok
test run_output_dir_creates_specified_directory ... ok
test run_produces_output_directory_with_artifacts ... ok
test run_receipt_generated_at_ms_is_present ... ok
test run_receipt_has_schema_version ... ok
test run_receipt_is_valid_json ... ok
test run_redact_paths_hides_raw_paths ... ok

test result: ok. 26 passed; 0 failed; 0 ignored; 0 measured; 0 filtered out; finished in 0.38s

     Running `/app/target/debug/deps/determinism-0ca96b4155929094`

running 29 tests
test export_csv_consistent_column_count ... ok
test export_json_keys_are_sorted ... ok
test export_csv_is_deterministic ... ok
test export_json_receipt_has_required_envelope_fields ... ok
test export_jsonl_all_lines_valid_json ... ok
test export_json_is_deterministic ... ok
test export_modules_use_forward_slashes ... ok
test export_paths_use_forward_slashes ... ok
test export_rows_sorted_by_code_desc_then_path_asc ... ok
test export_jsonl_meta_record_is_deterministic ... ok
test export_jsonl_is_deterministic ... ok
test export_row_count_is_stable ... ok
test lang_json_keys_are_sorted ... ok
test lang_receipt_has_required_envelope_fields ... ok
test lang_md_is_deterministic ... ok
test lang_rows_sorted_by_code_desc_then_name_asc ... ok
test lang_row_count_is_stable ... ok
test lang_totals_match_row_sums ... ok
test lang_json_is_deterministic ... ok
test module_json_keys_use_forward_slashes ... ok
test lang_tsv_is_deterministic ... ok
test module_md_is_deterministic ... ok
test module_receipt_has_required_envelope_fields ... ok
test module_rows_sorted_by_code_desc_then_name_asc ... ok
test module_json_is_deterministic ... ok
test redacted_paths_are_hashed_not_plaintext ... ok
test schema_version_constants_match_expected ... ok
test module_tsv_is_deterministic ... ok
test redacted_export_is_deterministic ... ok

test result: ok. 29 passed; 0 failed; 0 ignored; 0 measured; 0 filtered out; finished in 0.31s

     Running `/app/target/debug/deps/determinism_hardening-07398712dde5e359`

running 16 tests
test hardening_export_json_keys_recursively_sorted ... ok
test hardening_export_json_no_backslash_in_paths ... ok
test hardening_export_csv_no_backslash_in_paths ... ok
test hardening_export_tsv_no_backslash_in_paths ... ok
test hardening_export_rows_sorted_desc_code_then_asc_path ... ok
test hardening_export_no_silent_truncation ... ok
test hardening_export_row_counts_agree_across_formats ... ok
test hardening_lang_json_keys_recursively_sorted ... ok
test hardening_lang_rows_sorted_desc_code_then_asc_name ... ok
test hardening_module_json_keys_recursively_sorted ... ok
test hardening_module_json_no_backslash_in_modules ... ok
test hardening_five_run_lang_json_byte_stable ... ok
test hardening_five_run_export_json_byte_stable ... ok
test hardening_module_rows_sorted_desc_code_then_asc_name ... ok
test hardening_five_run_module_json_byte_stable ... ok
test hardening_redact_produces_deterministic_output ... ok

test result: ok. 16 passed; 0 failed; 0 ignored; 0 measured; 0 filtered out; finished in 0.30s

     Running `/app/target/debug/deps/determinism_hardening_w51-611bcd3e81050a51`

running 30 tests
test w51_analyze_mode_field_is_analysis ... ok
test w51_analyze_schema_version_is_9 ... ok
test w51_analyze_paths_use_forward_slashes ... ok
test w51_export_csv_column_count_stable ... ok
test w51_export_csv_output_stable ... ok
test w51_export_file_paths_use_forward_slashes ... ok
test w51_core_receipts_schema_version_is_2 ... ok
test w51_analyze_receipt_json_output_stable ... ok
test w51_export_jsonl_every_line_is_valid_json ... ok
test w51_export_paths_sorted_lexicographically_on_forward_slash ... ok
test w51_export_json_output_stable ... ok
test w51_export_jsonl_output_stable ... ok
test w51_export_rows_deterministic_order ... ok
test w51_export_row_count_matches_across_formats ... ok
test w51_json_output_contains_no_backslashes_in_paths ... ok
test w51_json_keys_are_sorted_in_all_commands ... ok
test w51_lang_json_output_stable ... ok
test w51_json_output_has_args_metadata ... ok
test w51_lang_md_output_stable ... ok
test w51_lang_rows_sorted_by_code_desc ... ok
test w51_lang_totals_equal_row_sums ... ok
test w51_lang_rows_tiebreak_by_name_asc ... ok
test w51_module_keys_use_forward_slashes ... ok
test w51_module_rows_sorted_by_code_desc ... ok
test w51_lang_tsv_output_stable ... ok
test w51_module_tiebreak_by_name_asc ... ok
test w51_module_json_output_stable ... ok
test w51_timestamp_is_consistent_format ... ok
test w51_tool_version_present_and_nonempty ... ok
test w51_schema_version_is_number_not_string ... ok

test result: ok. 30 passed; 0 failed; 0 ignored; 0 measured; 0 filtered out; finished in 0.46s

     Running `/app/target/debug/deps/determinism_regression-55f0edde4c7db575`

running 26 tests
test analyze_json_no_backslash_in_path_fields ... ok
test analyze_receipt_has_stable_top_level_keys ... ok
test analyze_derived_keys_stable_and_sorted ... ok
test analyze_receipt_json_byte_identical_across_runs ... ok
test export_csv_byte_identical ... ok
test export_json_no_backslash_in_path_or_module ... ok
test analyze_receipt_markdown_deterministic ... ok
test export_jsonl_line_count_stable ... ok
test export_jsonl_byte_identical_across_runs ... ok
test export_module_keys_match_module_command ... ok
test export_rows_descending_code_ascending_path ... ok
test analyze_timestamp_is_only_nondeterministic_field ... ok
test lang_csv_byte_identical ... ok
test lang_json_no_backslash_in_path_fields ... ok
test export_timestamp_is_only_nondeterministic_field ... ok
test json_keys_alphabetically_sorted_in_receipt_rows ... ok
test lang_rows_descending_code_ascending_name ... ok
test lang_json_byte_identical_across_runs ... ok
test lang_timestamp_is_only_nondeterministic_field ... ok
test module_json_no_backslash_in_module_keys ... ok
test module_rows_descending_code_ascending_module ... ok
test module_keys_deterministic_across_runs ... ok
test module_json_byte_identical_across_runs ... ok
test module_timestamp_is_only_nondeterministic_field ... ok
test module_tsv_byte_identical ... ok
test row_counts_stable_across_all_commands ... ok

test result: ok. 26 passed; 0 failed; 0 ignored; 0 measured; 0 filtered out; finished in 0.50s

     Running `/app/target/debug/deps/determinism_w40-084f84f8f5c92ece`

running 19 tests
test all_paths_use_forward_slashes_in_export ... ok
test export_csv_header_deterministic ... ok
test export_json_top_level_keys_sorted ... ok
test export_file_kinds_deterministic ... ok
test file_rows_sorted_consistently ... ok
test export_jsonl_line_order_deterministic ... ok
test lang_json_top_level_keys_sorted ... ok
test lang_rows_sorted_desc_code_asc_name ... ok
test lang_names_deterministic_across_runs ... ok
test export_json_five_runs_identical ... ok
test module_json_top_level_keys_sorted ... ok
test module_rows_sorted_consistently ... ok
test no_os_path_separators_in_csv_output ... ok
test no_os_path_separators_in_markdown_output ... ok
test lang_json_five_runs_identical ... ok
test no_os_path_separators_in_tsv_output ... ok
test timestamps_are_only_nondeterministic_field_lang ... ok
test module_json_five_runs_identical ... ok
test top_truncation_is_deterministic ... ok

test result: ok. 19 passed; 0 failed; 0 ignored; 0 measured; 0 filtered out; finished in 0.32s

     Running `/app/target/debug/deps/determinism_w70-2e54243dc87e9311`

running 33 tests
test w70_export_csv_paths_use_forward_slashes ... ok
test w70_export_csv_twice_identical ... ok
test w70_empty_dir_determinism ... ok
test w70_export_json_keys_alphabetically_ordered ... ok
test w70_cross_format_row_count_consistency ... ok
test w70_export_json_determinism ... ok
test w70_export_json_paths_use_forward_slashes ... ok
test w70_export_jsonl_keys_sorted ... ok
test w70_export_jsonl_paths_use_forward_slashes ... ok
test w70_lang_json_keys_alphabetically_ordered ... ok
test w70_lang_json_no_random_values ... ok
test w70_export_jsonl_twice_identical ... ok
test w70_lang_rows_sorted_desc_code_then_name ... ok
test w70_lang_md_determinism ... ok
test w70_lang_tsv_no_timestamp_leakage ... ok
test w70_mixed_languages_sorted_correctly ... ok
test w70_mixed_languages_module_determinism ... ok
test w70_module_json_keys_alphabetically_ordered ... ok
test w70_module_json_paths_use_forward_slashes ... ok
test w70_mixed_languages_determinism ... ok
test w70_module_md_no_timestamp_leakage ... ok
test w70_module_json_twice_identical ... ok
test w70_module_rows_sorted_desc_code_then_name ... ok
test w70_nested_dirs_export_sort_stable ... ok
test w70_module_tsv_determinism ... ok
test w70_nested_dirs_forward_slashes_in_module_names ... ok
test w70_nested_dirs_export_determinism ... ok
test w70_unicode_filenames_forward_slashes ... ok
test w70_single_file_determinism ... ok
test w70_nested_dirs_module_determinism ... ok
test w70_lang_json_10_runs_identical ... ok
test w70_unicode_filenames_stable_export ... ok
test w70_unicode_filenames_lang_determinism ... ok

test result: ok. 33 passed; 0 failed; 0 ignored; 0 measured; 0 filtered out; finished in 0.46s

     Running `/app/target/debug/deps/diff_deep_w77-c502b84d0f639bc3`

running 22 tests
test diff_changed_counts_positive_growth ... ok
test diff_changed_counts_negative_shrink ... ok
test diff_added_language_appears_with_positive_delta ... ok
test diff_added_language_totals_reflect_addition ... ok
test diff_invalid_json_file_fails ... ok
test diff_from_directory_loads_lang_json ... ok
test diff_from_files_via_positional_args ... ok
test diff_json_output_has_required_envelope_fields ... ok
test diff_json_diff_row_fields_complete ... ok
test diff_md_color_never_has_no_ansi ... ok
test diff_md_compact_produces_summary_table ... ok
test diff_missing_both_args_fails ... ok
test diff_md_output_contains_header_and_table ... ok
test diff_mixed_changes_across_languages ... ok
test diff_only_from_no_to_fails ... ok
test diff_removed_language_totals_reflect_removal ... ok
test diff_removed_language_appears_with_negative_delta ... ok
test diff_nonexistent_file_fails ... ok
test diff_same_receipt_each_row_delta_is_zero ... ok
test diff_same_receipt_json_all_deltas_zero ... ok
test diff_from_live_runs ... ok
test diff_schema_version_matches_types_constant ... ok

test result: ok. 22 passed; 0 failed; 0 ignored; 0 measured; 0 filtered out; finished in 0.06s

     Running `/app/target/debug/deps/diff_w71-f347c1b45c7d1d02`

running 24 tests
test diff_compact_mode_excludes_language_breakdown ... ok
test diff_color_never_no_ansi ... ok
test diff_color_always_emits_ansi_escapes ... ok
test diff_completely_different_languages ... ok
test diff_from_empty_to_populated ... ok
test diff_empty_receipts_produces_zero_totals ... ok
test diff_from_to_json_produces_valid_receipt ... ok
test diff_from_to_md_produces_markdown ... ok
test diff_identical_receipts_md_has_header ... ok
test diff_identical_receipts_json_zero_deltas ... ok
test diff_json_diff_rows_have_all_metric_fields ... ok
test diff_json_has_from_source_and_to_source ... ok
test diff_missing_both_args_fails ... ok
test diff_language_removed_shows_negative_delta ... ok
test diff_json_totals_have_all_metric_fields ... ok
test diff_language_added_shows_positive_delta ... ok
test diff_missing_from_fails ... ok
test diff_multi_language_growth ... ok
test diff_multi_language_md_mentions_language_movement ... ok
test diff_positional_args_work ... ok
test diff_single_positional_arg_fails ... ok
test diff_via_directory_resolves_to_lang_json ... ok
test diff_positional_json_format ... ok
test diff_via_receipt_json_resolves_to_sibling_lang_json ... ok

test result: ok. 24 passed; 0 failed; 0 ignored; 0 measured; 0 filtered out; finished in 0.06s

     Running `/app/target/debug/deps/docs-9103e3c4db6c3d75`

running 13 tests
test recipe_ci_workflow_snippet ... ok
test recipe_default_map ... ok
test recipe_export_map_jsonl ... ok
test recipe_export_full_json ... ok
test recipe_generate_baseline ... ok
test recipe_badge_generation ... ok
test recipe_handoff_bundle ... ok
test recipe_gate_with_baseline ... ok
test recipe_module_summary_markdown ... ok
test recipe_sensor_json ... ok
test recipe_simple_lang_summary ... ok
test recipe_tools_export_schemas ... ok
test recipe_analyze_presets ... ok

test result: ok. 13 passed; 0 failed; 0 ignored; 0 measured; 0 filtered out; finished in 0.28s

     Running `/app/target/debug/deps/docs_sync_w72-71dba9502d1421aa`

running 16 tests
test completions_subcommand_help_works ... ok
test badge_subcommand_help_works ... ok
test context_subcommand_help_works ... ok
test analyze_subcommand_help_works ... ok
test export_subcommand_help_works ... ok
test every_help_subcommand_is_in_readme ... ok
test gate_subcommand_help_works ... ok
test every_help_subcommand_is_in_reference_cli ... ok
test help_output_contains_usage_line ... ok
test help_output_mentions_all_documented_subcommands ... ok
test help_output_has_about_text ... ok
test init_subcommand_help_works ... ok
test lang_subcommand_help_works ... ok
test version_output_matches_cargo_toml ... ok
test tools_subcommand_help_works ... ok
test module_subcommand_help_works ... ok

test result: ok. 16 passed; 0 failed; 0 ignored; 0 measured; 0 filtered out; finished in 0.04s

     Running `/app/target/debug/deps/e2e_extended-259bd1d25e81a594`

running 36 tests
test completions_bash_generates_output ... ok
test completions_elvish_generates_output ... ok
test completions_fish_generates_output ... ok
test completions_powershell_generates_output ... ok
test completions_zsh_generates_output ... ok
test default_invocation_runs_successfully_with_output ... ok
test badge_outputs_svg ... ok
test analyze_receipt_json_has_derived ... ok
test export_format_csv_has_header_and_rows ... ok
test export_csv_uses_commas_not_tabs ... ok
test deterministic_module_json_output ... ok
test deterministic_lang_json_output ... ok
test init_print_generates_tokeignore_template ... ok
test help_flag_shows_help_text ... ok
test export_format_json_produces_valid_json ... ok
test export_format_jsonl_produces_valid_jsonl ... ok
test lang_children_collapse_works ... ok
test lang_files_flag_accepted ... ok
test lang_children_separate_works ... ok
test lang_help_shows_subcommand_help ... ok
test lang_format_json_produces_valid_json ... ok
test lang_format_tsv_contains_tabs ... ok
test lang_produces_markdown_output ... ok
test lang_top_limits_output_rows ... ok
test lang_json_has_schema_version ... ok
test lang_with_explicit_path_works ... ok
test module_format_json_produces_valid_json ... ok
test module_json_has_schema_version ... ok
test nonexistent_subcommand_fails ... ok
test module_format_tsv_contains_tabs ... ok
test module_produces_output ... ok
test tools_format_anthropic_produces_valid_json ... ok
test tools_default_produces_json_schema ... ok
test run_produces_artifacts ... ok
test tools_format_openai_produces_valid_json ... ok
test version_flag_shows_semver ... ok

test result: ok. 36 passed; 0 failed; 0 ignored; 0 measured; 0 filtered out; finished in 0.23s

     Running `/app/target/debug/deps/edge_cases_cli_w50-6ec9b2180ddf9174`

running 11 tests
test cli_invalid_format_fails ... ok
test cli_lang_help_mentions_format ... ok
test cli_help_contains_expected_sections ... ok
test cli_nonexistent_path_fails ... ok
test cli_export_min_code_max ... ok
test cli_no_arguments_defaults_to_lang ... ok
test cli_module_depth_zero ... ok
test cli_version_is_nonempty ... ok
test cli_very_long_path_argument ... ok
test cli_top_with_format_json ... ok
test cli_top_zero_shows_all ... ok

test result: ok. 11 passed; 0 failed; 0 ignored; 0 measured; 0 filtered out; finished in 0.05s

     Running `/app/target/debug/deps/error_handling-da44bbac6b1abc09`

running 16 tests
test analyze_invalid_format_fails ... ok
test diff_missing_args_fails ... ok
test badge_invalid_preset_fails ... ok
test analyze_invalid_preset_fails ... ok
test export_invalid_format_fails ... ok
test diff_nonexistent_files_fails ... ok
test gate_nonexistent_receipt_file_fails ... ok
test export_empty_directory_succeeds_with_meta_only ... ok
test lang_invalid_children_mode_fails ... ok
test lang_empty_directory_succeeds_with_zero_totals ... ok
test lang_invalid_format_fails ... ok
test module_invalid_format_fails ... ok
test unknown_subcommand_fails ... ok
test module_empty_directory_succeeds_with_zero_totals ... ok
test unknown_flag_fails ... ok
test gate_missing_receipt_arg_fails ... ok

test result: ok. 16 passed; 0 failed; 0 ignored; 0 measured; 0 filtered out; finished in 0.93s

     Running `/app/target/debug/deps/error_handling_w70-65bc9baf511fa85e`

running 25 tests
test context_nonexistent_path_fails ... ok
test analyze_nonexistent_path_fails_with_nonzero_exit ... ok
test badge_with_invalid_metric_fails ... ok
test analyze_invalid_preset_bogus_produces_stderr_error ... ok
test error_messages_go_to_stderr_for_nonexistent_path ... ok
test diff_missing_required_args_fails ... ok
test error_messages_go_to_stderr_for_unknown_subcommand ... ok
test export_invalid_format_parquet_produces_stderr_error ... ok
test export_nonexistent_path_fails_with_nonzero_exit ... ok
test error_messages_go_to_stderr_not_stdout_for_invalid_format ... ok
test exit_code_is_nonzero_for_invalid_subcommand ... ok
test export_with_conflicting_invalid_format_fails ... ok
test gate_with_nonexistent_receipt_file_fails ... ok
test lang_invalid_format_yaml_produces_stderr_error ... ok
test lang_top_flag_with_non_numeric_value_fails ... ok
test lang_top_flag_with_negative_value_fails ... ok
test lang_nonexistent_path_fails_with_nonzero_exit ... ok
test module_depth_flag_with_non_numeric_value_fails ... ok
test module_invalid_format_xml_produces_stderr_error ... ok
test lang_with_empty_exclude_flag_does_not_crash ... ok
test module_nonexistent_path_fails_with_nonzero_exit ... ok
test multiple_invalid_flags_still_produces_error ... ok
test run_nonexistent_path_fails_with_nonzero_exit ... ok
test unknown_subcommand_fails_with_stderr ... ok
test gate_with_nonexistent_policy_file_fails ... ok

test result: ok. 25 passed; 0 failed; 0 ignored; 0 measured; 0 filtered out; finished in 0.08s

     Running `/app/target/debug/deps/feature_gate_cli_w53-c6d5696420eae746`

running 16 tests
test analyze_help_text_mentions_preset ... ok
test analyze_receipt_json_has_tool_field ... ok
test analyze_receipt_json_has_schema_version ... ok
test analyze_receipt_json_has_status_field ... ok
test analyze_with_unknown_preset_shows_error ... ok
test analyze_receipt_json_has_warnings_field ... ok
test cockpit_help_mentions_base_and_head ... ok
test export_help_text_exits_successfully ... ok
test help_text_exits_successfully ... ok
test help_text_mentions_analyze ... ok
test lang_help_text_exits_successfully ... ok
test module_help_text_exits_successfully ... ok
test export_json_produces_valid_json ... ok
test version_flag_exits_successfully ... ok
test lang_json_output_has_schema_version ... ok
test module_json_output_has_schema_version ... ok

test result: ok. 16 passed; 0 failed; 0 ignored; 0 measured; 0 filtered out; finished in 0.10s

     Running `/app/target/debug/deps/feature_gates_w71-315a0e91da257c5b`

running 14 tests
test analyze_deep_json_tool_name ... ok
test analyze_deep_json_has_schema_and_derived ... ok
test analyze_deep_includes_available_features ... ok
test analyze_help_lists_preset_values ... ok
test analyze_help_mentions_format_option ... ok
test analyze_help_mentions_git_flag ... ok
test analyze_invalid_preset_fails ... ok
test analyze_health_json_has_warnings ... ok
test analyze_deep_no_git_flag_suppresses_git ... ok
test analyze_receipt_always_succeeds ... ok
test analyze_receipt_json_includes_status_field ... ok
test analyze_receipt_json_includes_warnings_array ... ok
test receipt_json_excludes_optional_sections ... ok
test all_presets_produce_valid_json_envelope ... ok

test result: ok. 14 passed; 0 failed; 0 ignored; 0 measured; 0 filtered out; finished in 0.32s

     Running `/app/target/debug/deps/full_pipeline_w55-2af980345454f79a`

running 45 tests
test analysis_derived_from_export_data ... ok
test analysis_integrity_hash_present ... ok
test analysis_density_ratio_bounded ... ok
test badge_from_scan_data_produces_svg ... ok
test cli_analyze_receipt_json_pipeline ... ok
test cli_badge_produces_svg ... ok
test cli_analyze_health_json_pipeline ... ok
test cli_analyze_without_git_range_succeeds ... ok
test cli_help_succeeds ... ok
test cli_export_csv_full_pipeline ... ok
test cli_lang_help_succeeds ... ok
test cli_export_json_full_pipeline ... ok
test cli_export_jsonl_full_pipeline ... ok
test config_toml_parse_roundtrip ... ok
test config_exclude_filters_languages ... ok
test diff_receipt_has_correct_structure ... ok
test diff_receipt_serializes_to_valid_json ... ok
test diff_totals_zero_for_identical ... ok
test diff_identical_reports_produces_no_rows ... ok
test export_rows_sorted_by_code_desc_then_path_asc ... ok
test file_row_fields_preserved_through_export ... ok
test lang_row_fields_preserved_through_pipeline ... ok
test lang_rows_sorted_by_code_desc ... ok
test cli_lang_json_full_pipeline ... ok
test pipeline_export_csv_consistent_column_count ... ok
test cli_module_json_full_pipeline ... ok
test pipeline_deterministic_markdown_output ... ok
test pipeline_deterministic_json_output ... ok
test pipeline_export_forward_slash_paths ... ok
test pipeline_export_csv_has_header_and_data ... ok
test pipeline_export_json_bare_is_array ... ok
test pipeline_export_json_with_meta_is_valid_receipt ... ok
test pipeline_export_jsonl_valid_objects ... ok
test pipeline_lang_json_has_schema_version ... ok
test pipeline_lang_markdown_produces_table ... ok
test pipeline_lang_separate_children_has_embedded ... ok
test pipeline_lang_top_limits_rows ... ok
test pipeline_lang_total_equals_row_sum ... ok
test pipeline_lang_tsv_has_correct_columns ... ok
test pipeline_lang_with_files_includes_avg ... ok
test pipeline_module_custom_depth_changes_granularity ... ok
test pipeline_module_markdown_produces_table ... ok
test totals_consistent_model_to_json ... ok
test pipeline_module_json_has_schema_version ... ok
test types_flow_scan_to_model_to_format ... ok

test result: ok. 45 passed; 0 failed; 0 ignored; 0 measured; 0 filtered out; finished in 0.14s

     Running `/app/target/debug/deps/gate_integration-a595a0089a19c961`

running 15 tests
test test_gate_invalid_policy_file ... ok
test test_gate_combined_policy_and_ratchet ... ok
test test_gate_json_output ... ok
test test_gate_failing_policy ... ok
test test_gate_operators ... ok
test test_gate_negate ... ok
test test_gate_passing_policy ... ok
test test_gate_ratchet_failing_max_value ... ok
test test_gate_ratchet_failing_percentage ... ok
test test_gate_ratchet_json_output ... ok
test test_gate_ratchet_no_baseline ... ok
test test_gate_ratchet_passing ... ok
test test_gate_ratchet_warn_level ... ok
test test_gate_warn_level ... ok
test test_gate_requires_policy ... ok

test result: ok. 15 passed; 0 failed; 0 ignored; 0 measured; 0 filtered out; finished in 0.95s

     Running `/app/target/debug/deps/handoff_integration-f62e1179e24ab73b`

running 15 tests
test test_handoff_code_txt_has_content ... ok
test test_handoff_creates_expected_files ... ok
test test_handoff_budget_enforcement ... ok
test test_handoff_excludes_output_dir_from_scan ... ok
test test_handoff_compress_strips_blanks ... ok
test test_handoff_directory_already_exists_without_force ... ok
test test_handoff_graceful_no_git ... ok
test test_handoff_intelligence_valid_json ... ok
test test_handoff_force_overwrites ... ok
test test_handoff_manifest_valid_json ... ok
test test_handoff_preset_standard ... ok
test test_handoff_preset_minimal ... ok
test test_handoff_map_jsonl_format ... ok
test test_handoff_strategy_greedy ... ok
test test_handoff_strategy_spread ... ok

test result: ok. 15 passed; 0 failed; 0 ignored; 0 measured; 0 filtered out; finished in 0.18s

     Running `/app/target/debug/deps/handoff_w71-6409e272701e75a1`

running 20 tests
test handoff_invalid_preset_rejected ... ok
test handoff_included_files_rows_have_expected_fields ... ok
test handoff_manifest_has_total_and_bundled_files ... ok
test handoff_compress_with_deep_preset ... ok
test handoff_manifest_records_deep_preset ... ok
test handoff_manifest_records_intelligence_preset ... ok
test handoff_manifest_utilization_pct_consistent ... ok
test handoff_manifest_tool_has_version ... ok
test handoff_max_file_pct_accepted ... ok
test handoff_max_file_tokens_accepted ... ok
test handoff_no_smart_exclude_accepted ... ok
test handoff_module_depth_accepted ... ok
test handoff_preset_deep_intelligence_has_derived ... ok
test handoff_preset_deep_succeeds ... ok
test handoff_rank_by_code ... ok
test handoff_rank_by_churn_no_git_fallback ... ok
test handoff_rank_by_hotspot_no_git_fallback ... ok
test handoff_smart_excluded_files_field_present ... ok
test handoff_rank_by_tokens ... ok
test handoff_rank_by_code_deterministic ... ok

test result: ok. 20 passed; 0 failed; 0 ignored; 0 measured; 0 filtered out; finished in 0.21s

     Running `/app/target/debug/deps/init_cli_w76-9394c9a4d731c1b2`

running 11 tests
test init_default_stderr_contains_template_hint ... ok
test check_ignore_verbose_shows_detail ... ok
test check_ignore_nonexistent_path_reports_not_ignored ... ok
test init_force_switches_template_on_existing_file ... ok
test init_into_nonexistent_dir_fails_gracefully ... ok
test init_non_default_template_omits_hint ... ok
test init_print_node_contains_node_modules ... ok
test init_print_rust_contains_target ... ok
test init_refuses_overwrite_with_error_message ... ok
test init_stderr_contains_initialized_message ... ok
test init_stderr_contains_ready_message ... ok

test result: ok. 11 passed; 0 failed; 0 ignored; 0 measured; 0 filtered out; finished in 0.03s

     Running `/app/target/debug/deps/integration-05918f51f799d776`

running 77 tests
test test_check_ignore_not_ignored ... ok
test test_check_ignore_with_exclude_flag ... ok
test test_check_ignore_verbose_shows_source ... ok
test test_context_bundle_dir ... ok
test test_children_stats_integrity ... ok
test test_children_separate ... ok
test test_analyze_html_format ... ok
test test_context_bundle_dir_non_empty_requires_force ... ok
test test_context_force_overwrites ... ok
test test_context_out_and_bundle_dir_conflict ... ok
test test_context_out_flag ... ok
test test_context_log_append ... ok
test test_context_size_warning ... ok
test test_context_out_requires_force ... ok
test test_csv_escaping ... ok
test test_default_lang_output ... ok
test test_default_ignores_vcs ... ok
test test_default_paths_are_relative ... ok
test test_empty_file_handling ... ok
test test_exclude_glob ... ok
test test_export_cyclonedx_format ... ok
test test_export_format_json ... ok
test test_export_jsonl ... ok
test test_export_meta_false ... ok
test test_export_out_file ... ok
test test_export_redaction ... ok
test test_filter_all_rows ... ok
test test_filter_min_code ... ok
test test_format_csv ... ok
test test_generated_timestamp_validity ... ok
test test_golden_export_redacted ... ok
test test_golden_lang_json ... ok
test test_golden_module_json ... ok
test test_golden_export_jsonl ... ok
test test_init_command ... ok
test test_init_creates_file ... ok
test test_ignore_override ... ok
test test_ignore_vcs_explicit ... ok
test test_init_print_bdd ... ok
test test_init_force ... ok
test test_ignore_file_respected ... ok
test test_init_profiles ... ok
test test_lang_fold_math ... ok
test test_lang_files_flag ... ok
test test_lang_format_json ... ok
test test_lang_format_tsv ... ok
test test_lang_stats_math ... ok
test test_lang_top_limit ... ok
test test_limit_max_rows ... ok
test test_limit_top_files ... ok
test test_mixed_args_precedence ... ok
test test_module_custom_roots ... ok
test test_module_custom_roots_miss ... ok
test test_module_depth_overflow ... ok
test test_module_fold_math ... ok
test test_module_output ... ok
test test_module_format_tsv ... ok
test test_module_parents_only ... ok
test test_module_top_exact ... ok
test test_non_existent_path ... ok
test test_partial_non_existent_path ... ok
test test_module_top_limit ... ok
test test_no_ignore_implies_vcs ... ok
test test_no_ignore_dot ... ok
test test_redaction_all_mode_hides_modules ... ok
test test_path_with_spaces ... ok
test test_paths_redacted_hash ... ok
test test_redact_all ... ok
test test_redaction_excludes_patterns ... ok
test test_redaction_leaks_in_meta ... ok
test test_redaction_meta_leak_regression_json ... ok
test test_redaction_meta_leak_regression_jsonl ... ok
test test_redaction_no_raw_paths_anywhere ... ok
test test_treat_doc_strings_as_comments ... ok
test test_redaction_strip_prefix ... ok
test test_verbose_flag ... ok
test test_strip_prefix ... ok

test result: ok. 77 passed; 0 failed; 0 ignored; 0 measured; 0 filtered out; finished in 0.62s

     Running `/app/target/debug/deps/integration_w40-fa8aaa0a78199ebe`

running 24 tests
test badge_tokens_outputs_svg ... ok
test badge_lines_outputs_svg ... ok
test analyze_receipt_markdown ... ok
test analyze_receipt_json_has_derived ... ok
test completions_bash_produces_script ... ok
test completions_powershell_produces_script ... ok
test completions_zsh_produces_script ... ok
test export_json_format_valid ... ok
test export_csv_has_header_and_data ... ok
test init_print_produces_tokeignore ... ok
test export_jsonl_each_line_valid_json ... ok
test lang_default_produces_markdown_table ... ok
test lang_explicit_produces_markdown_table ... ok
test export_jsonl_idempotent ... ok
test lang_json_idempotent ... ok
test lang_json_is_valid ... ok
test lang_json_total_present ... ok
test lang_json_rows_have_required_fields ... ok
test module_default_markdown ... ok
test lang_tsv_contains_tabs ... ok
test module_depth_1_json ... ok
test version_flag_shows_semver ... ok
test module_json_has_correct_depth ... ok
test module_json_idempotent ... ok

test result: ok. 24 passed; 0 failed; 0 ignored; 0 measured; 0 filtered out; finished in 0.21s

     Running `/app/target/debug/deps/integration_w70-8c6784c4a83fa7f8`

running 35 tests
test w70_children_separate_has_embedded_tag ... ok
test w70_cli_exclude_flag_propagates_to_scan_options ... ok
test w70_children_collapse_vs_separate_differ ... ok
test w70_badge_tokens_from_temp_project ... ok
test w70_badge_lines_from_temp_project ... ok
test w70_cli_exclude_removes_files_from_export ... ok
test w70_cli_exclude_removes_language_from_lang ... ok
test w70_empty_dir_export_json_valid ... ok
test w70_empty_dir_module_json_valid ... ok
test w70_empty_dir_lang_json_valid_with_zero_rows ... ok
test w70_export_csv_has_header_and_data_rows ... ok
test w70_export_json_roundtrip_has_file_rows ... ok
test w70_export_json_schema_version_matches_constant ... ok
test w70_export_jsonl_each_line_valid_json ... ok
test w70_export_jsonl_meta_line_has_schema_version ... ok
test w70_export_json_deterministic_across_two_runs ... ok
test w70_lang_json_roundtrip_preserves_rows ... ok
test w70_lang_json_schema_version_matches_constant ... ok
test w70_lib_config_parse_exclude_affects_scan ... ok
test w70_lib_exclude_removes_language_from_scan ... ok
test w70_lang_rows_sorted_descending_by_code ... ok
test w70_lib_lang_receipt_schema_version_matches ... ok
test w70_lang_json_deterministic_across_three_runs ... ok
test w70_module_depth_1_produces_shallow_keys ... ok
test w70_module_depth_0_json_field_matches ... ok
test w70_module_depth_2_allows_nested_keys ... ok
test w70_module_json_roundtrip_preserves_structure ... ok
test w70_module_json_schema_version_matches_constant ... ok
test w70_module_rows_sorted_descending_by_code ... ok
test w70_scan_model_format_json_roundtrips_totals ... ok
test w70_scan_model_format_md_contains_table_header ... ok
test w70_sort_order_consistent_between_md_and_json ... ok
test w70_sort_order_consistent_between_tsv_and_json ... ok
test w70_scan_model_format_md_includes_all_detected_languages ... ok
test w70_module_json_deterministic_across_two_runs ... ok

test result: ok. 35 passed; 0 failed; 0 ignored; 0 measured; 0 filtered out; finished in 0.24s

     Running `/app/target/debug/deps/json_output-3abf2b55b55a5854`

running 15 tests
test json_output_export_json_has_rows ... ok
test json_output_export_json_is_valid ... ok
test json_output_badge_produces_svg ... ok
test json_output_analyze_receipt_is_valid ... ok
test json_output_analyze_receipt_has_derived ... ok
test json_output_export_jsonl_lines_are_valid ... ok
test json_output_export_jsonl_data_rows_have_path ... ok
test json_output_lang_contains_rust ... ok
test json_output_lang_is_valid_json ... ok
test json_output_lang_rows_have_expected_fields ... ok
test json_output_lang_total_present ... ok
test json_output_module_has_root ... ok
test json_output_module_is_valid_json ... ok
test json_output_module_rows_have_expected_fields ... ok
test json_output_module_total_present ... ok

test result: ok. 15 passed; 0 failed; 0 ignored; 0 measured; 0 filtered out; finished in 0.14s

     Running `/app/target/debug/deps/markdown_output-1a00a44247ebaef0`

running 12 tests
test badge_code_metric_produces_svg ... ok
test badge_code_metric_svg_has_content ... ok
test analyze_receipt_markdown_has_derived_metrics ... ok
test analyze_receipt_markdown_has_sections ... ok
test lang_markdown_has_data_rows ... ok
test lang_markdown_has_table_header ... ok
test lang_markdown_has_separator_line ... ok
test lang_markdown_has_total_row ... ok
test module_markdown_has_separator_line ... ok
test module_markdown_has_root_row ... ok
test module_markdown_has_src_row ... ok
test module_markdown_has_table_header ... ok

test result: ok. 12 passed; 0 failed; 0 ignored; 0 measured; 0 filtered out; finished in 0.12s

     Running `/app/target/debug/deps/output_formats_w76-ab905bd8c3215845`

running 35 tests
test analyze_format_markdown_is_non_empty_with_structure ... ok
test analyze_format_json_has_mode_field ... ok
test analyze_format_json_has_schema_version ... ok
test analyze_format_json_is_parseable ... ok
test badge_default_output_is_svg ... ok
test badge_svg_is_non_empty_and_has_namespace ... ok
test badge_svg_contains_metric_value ... ok
test analyze_format_markdown_mentions_metrics ... ok
test context_mode_json_has_budget_fields ... ok
test context_mode_bundle_concatenates_content ... ok
test context_mode_bundle_is_not_json ... ok
test context_mode_json_has_schema_and_files ... ok
test context_mode_list_is_not_json ... ok
test context_mode_list_produces_file_paths ... ok
test context_mode_json_is_parseable ... ok
test export_format_csv_has_comma_separated_header ... ok
test export_format_csv_rows_have_consistent_columns ... ok
test export_format_jsonl_data_rows_have_path_and_lang ... ok
test export_format_json_rows_have_file_fields ... ok
test export_format_json_is_parseable_with_envelope ... ok
test export_format_jsonl_each_line_is_valid_json ... ok
test lang_format_json_is_parseable ... ok
test lang_format_json_has_envelope_fields ... ok
test lang_format_json_rows_contain_expected_fields ... ok
test lang_format_markdown_has_pipes_and_separator ... ok
test lang_format_markdown_contains_expected_columns ... ok
test lang_format_markdown_has_data_rows ... ok
test lang_format_tsv_contains_expected_headers ... ok
test module_format_json_is_parseable_with_mode ... ok
test lang_format_tsv_has_tabs_and_consistent_columns ... ok
test module_format_json_rows_have_module_key ... ok
test module_format_markdown_has_table_structure ... ok
test module_format_tsv_has_consistent_columns ... ok
test module_format_tsv_header_has_module_field ... ok
test module_format_markdown_shows_directories ... ok

test result: ok. 35 passed; 0 failed; 0 ignored; 0 measured; 0 filtered out; finished in 0.24s

     Running `/app/target/debug/deps/properties-1658308a73d31d20`

running 18 tests
test avg_function::exact_division ... ok
test avg_function::zero_lines_returns_zero ... ok
test avg_function::rounds_correctly ... ok
test avg_function::zero_files_returns_zero ... ok
test module_key::deterministic ... ok
test module_key::no_backslash_in_result ... ok
test module_key::matching_root_respects_depth ... ok
test module_key::non_root_dir_returns_first_segment ... ok
test module_key::never_crashes ... ok
test module_key::root_file_is_root ... ok
test module_key::normalized_input_equivalence ... ok
test path_normalization::idempotent ... ok
test path_normalization::backslash_to_forward_preserves_segments ... ok
test path_normalization::always_forward_slash ... ok
test path_normalization::never_crashes ... ok
test path_normalization::no_leading_slash ... ok
test path_normalization::prefix_stripping_works ... ok
test path_normalization::strips_leading_dot_slash ... ok

test result: ok. 18 passed; 0 failed; 0 ignored; 0 measured; 0 filtered out; finished in 0.32s

     Running `/app/target/debug/deps/receipt_contracts_w72-6e35ba238da828b9`

running 35 tests
test w72_analysis_receipt_schema_version_matches ... ok
test w72_all_json_envelopes_have_timestamp ... ok
test w72_analyze_json_keys_sorted ... ok
test w72_all_json_commands_produce_valid_json ... ok
test w72_all_json_envelopes_contain_tool_name_tokmd ... ok
test w72_analyze_receipt_has_derived_section ... ok
test w72_analyze_receipt_has_required_envelope ... ok
test w72_analyze_receipt_args_preset ... ok
test w72_analyze_receipt_has_schema_version ... ok
test w72_export_json_is_valid_envelope ... ok
test w72_analyze_receipt_non_null_required_fields ... ok
test w72_analyze_receipt_tool_metadata ... ok
test w72_core_receipts_share_schema_version ... ok
test w72_export_json_keys_sorted ... ok
test w72_export_json_non_null_required_fields ... ok
test w72_export_json_rows_have_file_fields ... ok
test w72_export_jsonl_all_lines_valid_json ... ok
test w72_export_jsonl_data_rows_have_required_fields ... ok
test w72_export_row_numeric_fields_non_negative ... ok
test w72_export_jsonl_meta_has_schema_version ... ok
test w72_lang_json_has_required_envelope_fields ... ok
test w72_lang_json_has_schema_version ... ok
test w72_lang_json_has_tool_metadata ... ok
test w72_lang_json_keys_sorted ... ok
test w72_lang_json_has_total ... ok
test w72_lang_json_rows_have_required_fields ... ok
test w72_lang_json_non_null_required_fields ... ok
test w72_lang_row_numeric_fields_non_negative ... ok
test w72_module_json_has_required_envelope_fields ... ok
test w72_module_json_has_root_module ... ok
test w72_module_json_has_schema_version ... ok
test w72_module_json_has_total ... ok
test w72_module_json_keys_sorted ... ok
test w72_module_json_non_null_required_fields ... ok
test w72_module_json_rows_have_required_fields ... ok

test result: ok. 35 passed; 0 failed; 0 ignored; 0 measured; 0 filtered out; finished in 0.41s

     Running `/app/target/debug/deps/regression_prevention_w55-ea9b526ee4d1faf0`

running 45 tests
test analysis_schema_version_is_9 ... ok
test badge_svg_produces_valid_svg ... ok
test analyze_json_has_required_keys ... ok
test badge_command_exists ... ok
test context_bundle_schema_version_is_2 ... ok
test context_schema_version_is_4 ... ok
test analyze_command_exists ... ok
test cli_analyze_json_schema_version_matches_constant ... ok
test create_export_data_produces_data ... ok
test create_module_report_produces_report ... ok
test create_lang_report_produces_report ... ok
test diff_receipt_api_not_removed ... ok
test derive_report_api_not_removed ... ok
test cli_lang_json_schema_version_matches_constant ... ok
test empty_dir_produces_empty_report ... ok
test export_csv_has_header_line ... ok
test format_write_functions_accept_writers ... ok
test export_command_exists ... ok
test handoff_schema_version_is_5 ... ok
test invalid_path_produces_error_or_empty ... ok
test export_json_has_required_keys ... ok
test invalid_preset_flag_fails ... ok
test invalid_subcommand_fails_with_help ... ok
test invalid_format_flag_fails ... ok
test json_output_parseable_as_serde_value ... ok
test lang_command_exists ... ok
test lang_json_has_required_keys ... ok
test model_utility_functions_work ... ok
test lang_markdown_has_table_headers ... ok
test lang_receipt_deserialize_roundtrip ... ok
test lang_tsv_has_header_line ... ok
test module_command_exists ... ok
test module_json_has_required_keys ... ok
test module_keys_never_start_with_slash ... ok
test no_backslash_in_any_json_path ... ok
test receipt_generated_at_ms_present ... ok
test rows_sorted_descending_by_code_in_lang ... ok
test receipt_tool_field_has_name_and_version ... ok
test schema_version_is_2 ... ok
test scan_args_in_receipt_has_correct_structure ... ok
test scan_function_accepts_paths_and_options ... ok
test total_code_equals_sum_of_rows ... ok
test total_files_equals_sum_of_rows ... ok
test totals_nonnegative ... ok
test receipt_mode_field_present_and_correct ... ok

test result: ok. 45 passed; 0 failed; 0 ignored; 0 measured; 0 filtered out; finished in 0.24s

     Running `/app/target/debug/deps/regression_suite_w52-ca02b22c96056ea7`

running 26 tests
test csv_consistent_column_count ... ok
test empty_dir_produces_valid_receipt_with_zero_values ... ok
test analysis_json_receipt_has_required_keys ... ok
test export_json_receipt_has_required_keys ... ok
test export_paths_are_relative ... ok
test export_rows_sorted_by_code_desc_then_path ... ok
test file_lines_gte_code_plus_comments_plus_blanks ... ok
test all_schema_versions_are_numeric ... ok
test json_top_level_has_expected_keys ... ok
test all_receipts_include_tool_version ... ok
test jsonl_each_line_is_valid_json ... ok
test lang_json_receipt_has_required_keys ... ok
test lang_receipt_roundtrips_through_json ... ok
test flatten_puts_report_fields_at_top_level ... ok
test module_json_receipt_has_required_keys ... ok
test markdown_output_starts_with_header_or_table ... ok
test module_keys_never_start_with_slash ... ok
test no_negative_values_in_any_numeric_field ... ok
test no_backslash_paths_in_json_output ... ok
test total_code_equals_sum_of_lang_code ... ok
test totals_values_are_non_negative ... ok
test top_n_other_row_preserves_remaining_totals ... ok
test unknown_format_does_not_crash ... ok
test tsv_first_line_is_header ... ok
test xml_output_has_valid_root_element ... ok
test receipt_enums_serialize_to_expected_strings ... ok

test result: ok. 26 passed; 0 failed; 0 ignored; 0 measured; 0 filtered out; finished in 0.32s

     Running `/app/target/debug/deps/run_diff-80b4532f9f1eee5a`

running 18 tests
hint: Using 'master' as the name for the initial branch. This default branch name
hint: will change to "main" in Git 3.0. To configure the initial branch name
hint: to use in all of your new repositories, which will suppress this warning,
hint: call:
hint:
hint: 	git config --global init.defaultBranch <name>
hint:
hint: Names commonly chosen instead of 'master' are 'main', 'trunk' and
hint: 'development'. The just-created branch can be renamed via this command:
hint:
hint: 	git branch -m <name>
hint:
hint: Disable this message with "git config set advice.defaultBranchName false"
Initialized empty Git repository in /tmp/.tmpsfNwbY/repo/.git/
[master (root-commit) 4f15420] initial
 1 file changed, 1 insertion(+)
 create mode 100644 src/lib.rs
[master 1575265] add b
 1 file changed, 1 insertion(+)
test test_diff_compact_mode ... ok
test test_diff_full_mode_shows_summary_comparison_rows ... ok
test test_diff_color_always_emits_ansi ... ok
test test_run_default_output_creates_local_runs_dir ... ok
test test_run_generates_artifacts ... ok
test test_run_redact_all_hashes_modules_too ... ok
test test_run_redact_all_no_raw_paths_anywhere ... ok
test test_diff_identical_runs ... ok
test test_run_redact_consistency_across_artifacts ... ok
test test_run_redact_excluded_patterns_in_lang_json ... ok
test test_run_redact_excluded_patterns_in_module_json ... ok
test test_run_redact_lang_json_paths_redacted ... ok
test test_run_redact_module_json_scan_paths_redacted ... ok
test test_diff_git_refs ... ok
test test_run_redact_with_absolute_paths ... ok
test test_run_without_redact_shows_raw_paths ... ok
test test_run_redact_paths_vs_all_difference ... ok
test test_run_with_redact_flag ... ok

test result: ok. 18 passed; 0 failed; 0 ignored; 0 measured; 0 filtered out; finished in 0.18s

     Running `/app/target/debug/deps/schema_doc_sync-ad4ee14aae4ffb08`

running 6 tests
test schema_json_contains_all_receipt_definitions ... ok
test reference_cli_help_blocks_reference_real_subcommands ... ok
test reference_cli_has_sections_for_all_subcommands ... ok
test schema_md_version_table_matches_code_constants ... ok
test schema_json_version_consts_match_code_constants ... ok
test schema_json_is_valid_json_schema_draft7 ... ok

test result: ok. 6 passed; 0 failed; 0 ignored; 0 measured; 0 filtered out; finished in 0.08s

     Running `/app/target/debug/deps/schema_sync-64c0ec530cfbf58c`

running 22 tests
test embedded_schema_json_matches_docs_schema_json ... ok
test changelog_documents_core_schema_version ... ok
test changelog_documents_analysis_schema_version ... ok
test reference_cli_lang_help_matches_actual ... ok
test schema_json_analysis_receipt_version_matches_code ... ok
test schema_json_cockpit_receipt_version_matches_code ... ok
test schema_json_context_bundle_version_matches_code ... ok
test lang_json_output_has_all_required_fields ... ok
test export_json_output_has_all_required_fields ... ok
test module_json_output_has_all_required_fields ... ok
test schema_json_context_receipt_version_matches_code ... ok
test schema_json_export_receipt_version_matches_code ... ok
test schema_md_analysis_version_matches_code ... ok
test schema_json_handoff_manifest_version_matches_code ... ok
test schema_md_cockpit_version_matches_code ... ok
test schema_md_context_bundle_version_matches_code ... ok
test schema_md_context_version_matches_code ... ok
test schema_md_core_version_matches_code ... ok
test schema_md_code_references_point_to_existing_files ... ok
test schema_md_handoff_version_matches_code ... ok
test schema_json_lang_receipt_version_matches_code ... ok
test schema_json_module_receipt_version_matches_code ... ok

test result: ok. 22 passed; 0 failed; 0 ignored; 0 measured; 0 filtered out; finished in 0.06s

     Running `/app/target/debug/deps/schema_validation-8c39cccd8b6291de`

running 18 tests
test test_analysis_receipt_supply_preset_validates ... ok
hint: Using 'master' as the name for the initial branch. This default branch name
hint: will change to "main" in Git 3.0. To configure the initial branch name
hint: to use in all of your new repositories, which will suppress this warning,
hint: call:
hint:
hint: 	git config --global init.defaultBranch <name>
hint:
hint: Names commonly chosen instead of 'master' are 'main', 'trunk' and
hint: 'development'. The just-created branch can be renamed via this command:
hint:
hint: 	git branch -m <name>
hint:
hint: Disable this message with "git config set advice.defaultBranchName false"
Initialized empty Git repository in /tmp/.tmp9PIgLC/.git/
test test_analysis_receipt_health_preset_validates ... ok
test test_envelope_output_determinism ... ok
[main (root-commit) 3e61dfb] Initial commit
 1 file changed, 1 insertion(+)
 create mode 100644 lib.rs
Switched to a new branch 'feature'
test test_envelope_struct_validates_against_sensor_report_v1 ... ok
test test_analysis_receipt_with_context_window_validates ... ok
test test_analysis_receipt_validates_against_schema ... ok
[feature 9056a74] Add new file
 1 file changed, 1 insertion(+)
 create mode 100644 new.rs
test test_export_receipt_validates_against_schema ... ok
test test_export_meta_validates_against_schema ... ok
test test_export_row_validates_against_schema ... ok
test test_cockpit_receipt_validates_against_schema ... ok
test test_schema_copies_in_sync ... ok
test test_schema_version_matches_constant ... ok
test test_sensor_report_example_fail_validates ... ok
test test_sensor_report_example_pass_validates ... ok
test test_sensor_report_schema_is_valid_json_schema ... ok
test test_handoff_manifest_validates_against_schema ... ok
test test_lang_receipt_validates_against_schema ... ok
test test_module_receipt_validates_against_schema ... ok

test result: ok. 18 passed; 0 failed; 0 ignored; 0 measured; 0 filtered out; finished in 0.34s

     Running `/app/target/debug/deps/sensor_cli_w71-e82dc979dbbac393`

running 14 tests
hint: Using 'master' as the name for the initial branch. This default branch name
hint: will change to "main" in Git 3.0. To configure the initial branch name
hint: to use in all of your new repositories, which will suppress this warning,
hint: call:
hint:
hint: 	git config --global init.defaultBranch <name>
hint:
hint: Names commonly chosen instead of 'master' are 'main', 'trunk' and
hint: 'development'. The just-created branch can be renamed via this command:
hint: Using 'master' as the name for the initial branch. This default branch name
hint:
hint: will change to "main" in Git 3.0. To configure the initial branch name
hint: 	git branch -m <name>
hint: to use in all of your new repositories, which will suppress this warning,
hint:
hint: call:
hint: Disable this message with "git config set advice.defaultBranchName false"
hint:
hint: 	git config --global init.defaultBranch <name>
hint:
hint: Names commonly chosen instead of 'master' are 'main', 'trunk' and
hint: 'development'. The just-created branch can be renamed via this command:
hint:
hint: 	git branch -m <name>
hint:
hint: Disable this message with "git config set advice.defaultBranchName false"
hint: Using 'master' as the name for the initial branch. This default branch name
hint: will change to "main" in Git 3.0. To configure the initial branch name
hint: to use in all of your new repositories, which will suppress this warning,
hint: call:
hint:
hint: 	git config --global init.defaultBranch <name>
hint:
hint: Names commonly chosen instead of 'master' are 'main', 'trunk' and
hint: 'development'. The just-created branch can be renamed via this command:
hint:
hint: 	git branch -m <name>
Initialized empty Git repository in /tmp/.tmpFfYZnj/.git/
hint:
hint: Disable this message with "git config set advice.defaultBranchName false"
Initialized empty Git repository in /tmp/.tmpdzpn6T/.git/
Initialized empty Git repository in /tmp/.tmp2BcPAr/.git/
hint: Using 'master' as the name for the initial branch. This default branch name
hint: will change to "main" in Git 3.0. To configure the initial branch name
hint: to use in all of your new repositories, which will suppress this warning,
hint: call:
hint:
hint: 	git config --global init.defaultBranch <name>
hint:
hint: Names commonly chosen instead of 'master' are 'main', 'trunk' and
hint: 'development'. The just-created branch can be renamed via this command:
hint:
hint: 	git branch -m <name>
hint:
hint: Disable this message with "git config set advice.defaultBranchName false"
Initialized empty Git repository in /tmp/.tmpcfZuvT/.git/
[main (root-commit) 8a4ed8d] Initial commit
 1 file changed, 1 insertion(+)
 create mode 100644 src/lib.rs
[main (root-commit) 8a4ed8d] Initial commit
 1 file changed, 1 insertion(+)
 create mode 100644 src/lib.rs
[main (root-commit) 8a4ed8d] Initial commit
 1 file changed, 1 insertion(+)
 create mode 100644 src/lib.rs
[main (root-commit) b3a4cf1] Initial commit
 2 files changed, 2 insertions(+)
 create mode 100644 README.md
 create mode 100644 src/lib.rs
Switched to a new branch 'feature'
Switched to a new branch 'feature'
Switched to a new branch 'feature'
Switched to a new branch 'feature'
[feature 05df370] Feature changes
 1 file changed, 1 insertion(+), 1 deletion(-)
[feature 1555448] Feature changes
 1 file changed, 1 insertion(+), 1 deletion(-)
[feature 1555448] Feature changes
 1 file changed, 1 insertion(+), 1 deletion(-)
[feature 4b2d100] Feature changes
 1 file changed, 2 insertions(+)
test sensor_docs_only_change_produces_skip_verdict ... ok
hint: Using 'master' as the name for the initial branch. This default branch name
hint: will change to "main" in Git 3.0. To configure the initial branch name
hint: to use in all of your new repositories, which will suppress this warning,
hint: call:
hint:
hint: 	git config --global init.defaultBranch <name>
hint:
hint: Names commonly chosen instead of 'master' are 'main', 'trunk' and
hint: 'development'. The just-created branch can be renamed via this command:
hint:
hint: 	git branch -m <name>
hint:
hint: Disable this message with "git config set advice.defaultBranchName false"
Initialized empty Git repository in /tmp/.tmpC2eKRS/.git/
[main (root-commit) 8a4ed8d] Initial commit
 1 file changed, 1 insertion(+)
 create mode 100644 src/lib.rs
Switched to a new branch 'feature'
[feature 05df370] Feature changes
 1 file changed, 1 insertion(+), 1 deletion(-)
test sensor_gates_contain_mutation_gate ... ok
test sensor_creates_report_and_sidecar_files ... ok
test sensor_data_section_has_gates ... ok
hint: Using 'master' as the name for the initial branch. This default branch name
hint: will change to "main" in Git 3.0. To configure the initial branch name
hint: to use in all of your new repositories, which will suppress this warning,
hint: call:
hint:
hint: 	git config --global init.defaultBranch <name>
hint:
hint: Names commonly chosen instead of 'master' are 'main', 'trunk' and
hint: 'development'. The just-created branch can be renamed via this command:
hint:
hint: 	git branch -m <name>
hint:
hint: Disable this message with "git config set advice.defaultBranchName false"
hint: Using 'master' as the name for the initial branch. This default branch name
hint: will change to "main" in Git 3.0. To configure the initial branch name
hint: to use in all of your new repositories, which will suppress this warning,
hint: call:
hint:
hint: 	git config --global init.defaultBranch <name>
hint:
hint: Names commonly chosen instead of 'master' are 'main', 'trunk' and
hint: Using 'master' as the name for the initial branch. This default branch name
hint: will change to "main" in Git 3.0. To configure the initial branch name
hint: 'development'. The just-created branch can be renamed via this command:
hint: to use in all of your new repositories, which will suppress this warning,
hint:
hint: call:
hint: 	git branch -m <name>
hint:
hint:
hint: 	git config --global init.defaultBranch <name>
hint: Disable this message with "git config set advice.defaultBranchName false"
hint:
hint: Names commonly chosen instead of 'master' are 'main', 'trunk' and
hint: 'development'. The just-created branch can be renamed via this command:
hint:
hint: 	git branch -m <name>
hint:
hint: Disable this message with "git config set advice.defaultBranchName false"
Initialized empty Git repository in /tmp/.tmpRYGRpq/.git/
Initialized empty Git repository in /tmp/.tmpYcTSRk/.git/
Initialized empty Git repository in /tmp/.tmpqLi7ni/.git/
[main (root-commit) 8a4ed8d] Initial commit
 1 file changed, 1 insertion(+)
 create mode 100644 src/lib.rs
[main (root-commit) 8a4ed8d] Initial commit
 1 file changed, 1 insertion(+)
 create mode 100644 src/lib.rs
[main (root-commit) 8a4ed8d] Initial commit
 1 file changed, 1 insertion(+)
 create mode 100644 src/lib.rs
Switched to a new branch 'feature'
Switched to a new branch 'feature'
Switched to a new branch 'feature'
[feature 6cae2e5] Feature changes
 1 file changed, 1 insertion(+), 1 deletion(-)
[feature 6cae2e5] Feature changes
 1 file changed, 1 insertion(+), 1 deletion(-)
[feature 6cae2e5] Feature changes
 1 file changed, 1 insertion(+), 1 deletion(-)
test sensor_json_artifacts_list_has_expected_ids ... ok
hint: Using 'master' as the name for the initial branch. This default branch name
hint: will change to "main" in Git 3.0. To configure the initial branch name
hint: to use in all of your new repositories, which will suppress this warning,
hint: call:
hint:
hint: 	git config --global init.defaultBranch <name>
hint:
hint: Names commonly chosen instead of 'master' are 'main', 'trunk' and
hint: 'development'. The just-created branch can be renamed via this command:
hint:
hint: 	git branch -m <name>
hint:
hint: Disable this message with "git config set advice.defaultBranchName false"
Initialized empty Git repository in /tmp/.tmpxcC5Ej/.git/
[main (root-commit) 8a4ed8d] Initial commit
 1 file changed, 1 insertion(+)
 create mode 100644 src/lib.rs
Switched to a new branch 'feature'
[feature 6cae2e5] Feature changes
 1 file changed, 1 insertion(+), 1 deletion(-)
test sensor_json_has_generated_at_timestamp ... ok
test sensor_json_has_findings_array ... ok
test sensor_json_has_capabilities_or_null ... ok
hint: Using 'master' as the name for the initial branch. This default branch name
hint: will change to "main" in Git 3.0. To configure the initial branch name
hint: to use in all of your new repositories, which will suppress this warning,
hint: call:
hint:
hint: 	git config --global init.defaultBranch <name>
hint:
hint: Names commonly chosen instead of 'master' are 'main', 'trunk' and
hint: 'development'. The just-created branch can be renamed via this command:
hint:
hint: 	git branch -m <name>
hint:
hint: Disable this message with "git config set advice.defaultBranchName false"
Initialized empty Git repository in /tmp/.tmpQ15eQp/.git/
hint: Using 'master' as the name for the initial branch. This default branch name
hint: will change to "main" in Git 3.0. To configure the initial branch name
hint: to use in all of your new repositories, which will suppress this warning,
hint: call:
hint:
hint: 	git config --global init.defaultBranch <name>
hint:
hint: Names commonly chosen instead of 'master' are 'main', 'trunk' and
hint: 'development'. The just-created branch can be renamed via this command:
hint:
hint: 	git branch -m <name>
hint:
hint: Disable this message with "git config set advice.defaultBranchName false"
hint: Using 'master' as the name for the initial branch. This default branch name
hint: will change to "main" in Git 3.0. To configure the initial branch name
hint: to use in all of your new repositories, which will suppress this warning,
hint: call:
hint:
hint: 	git config --global init.defaultBranch <name>
hint:
hint: Names commonly chosen instead of 'master' are 'main', 'trunk' and
hint: 'development'. The just-created branch can be renamed via this command:
hint:
hint: 	git branch -m <name>
hint:
hint: Disable this message with "git config set advice.defaultBranchName false"
Initialized empty Git repository in /tmp/.tmpi9nCpI/.git/
Initialized empty Git repository in /tmp/.tmp3gDNIA/.git/
[main (root-commit) 8a4ed8d] Initial commit
 1 file changed, 1 insertion(+)
 create mode 100644 src/lib.rs
[main (root-commit) 8a4ed8d] Initial commit
 1 file changed, 1 insertion(+)
 create mode 100644 src/lib.rs
[main (root-commit) 8a4ed8d] Initial commit
 1 file changed, 1 insertion(+)
 create mode 100644 src/lib.rs
Switched to a new branch 'feature'
Switched to a new branch 'feature'
Switched to a new branch 'feature'
[feature 6cae2e5] Feature changes
 1 file changed, 1 insertion(+), 1 deletion(-)
[feature 1555448] Feature changes
 1 file changed, 1 insertion(+), 1 deletion(-)
[feature 6cae2e5] Feature changes
 1 file changed, 1 insertion(+), 1 deletion(-)
test sensor_json_has_summary_string ... ok
hint: Using 'master' as the name for the initial branch. This default branch name
hint: will change to "main" in Git 3.0. To configure the initial branch name
hint: to use in all of your new repositories, which will suppress this warning,
hint: call:
hint:
hint: 	git config --global init.defaultBranch <name>
hint:
hint: Names commonly chosen instead of 'master' are 'main', 'trunk' and
hint: 'development'. The just-created branch can be renamed via this command:
hint:
hint: 	git branch -m <name>
hint:
hint: Disable this message with "git config set advice.defaultBranchName false"
Initialized empty Git repository in /tmp/.tmpyioFRV/.git/
[main (root-commit) 8a4ed8d] Initial commit
 1 file changed, 1 insertion(+)
 create mode 100644 src/lib.rs
Switched to a new branch 'feature'
[feature 6cae2e5] Feature changes
 1 file changed, 1 insertion(+), 1 deletion(-)
test sensor_json_schema_is_report_v1 ... ok
test sensor_json_has_verdict ... ok
test sensor_json_has_tool_metadata ... ok
hint: Using 'master' as the name for the initial branch. This default branch name
hint: will change to "main" in Git 3.0. To configure the initial branch name
hint: to use in all of your new repositories, which will suppress this warning,
hint: call:
hint:
hint: 	git config --global init.defaultBranch <name>
hint:
hint: Names commonly chosen instead of 'master' are 'main', 'trunk' and
hint: 'development'. The just-created branch can be renamed via this command:
hint:
hint: 	git branch -m <name>
hint:
hint: Disable this message with "git config set advice.defaultBranchName false"
Initialized empty Git repository in /tmp/.tmppBsDm5/.git/
[main (root-commit) 8a4ed8d] Initial commit
 1 file changed, 1 insertion(+)
 create mode 100644 src/lib.rs
Switched to a new branch 'feature'
[feature ab4b8a7] Feature changes
 1 file changed, 1 insertion(+), 1 deletion(-)
test sensor_md_produces_markdown_report ... ok
test sensor_on_disk_report_matches_stdout ... ok

test result: ok. 14 passed; 0 failed; 0 ignored; 0 measured; 0 filtered out; finished in 0.80s

     Running `/app/target/debug/deps/sensor_integration-16e3df86820a4edf`

running 7 tests
hint: Using 'master' as the name for the initial branch. This default branch name
hint: will change to "main" in Git 3.0. To configure the initial branch name
hint: Using 'master' as the name for the initial branch. This default branch name
hint: to use in all of your new repositories, which will suppress this warning,
hint: will change to "main" in Git 3.0. To configure the initial branch name
hint: call:
hint: to use in all of your new repositories, which will suppress this warning,
hint:
hint: call:
hint:
hint: 	git config --global init.defaultBranch <name>
hint:
hint: Names commonly chosen instead of 'master' are 'main', 'trunk' and
hint: 	git config --global init.defaultBranch <name>
hint: 'development'. The just-created branch can be renamed via this command:
hint:
hint:
hint: Names commonly chosen instead of 'master' are 'main', 'trunk' and
hint: 	git branch -m <name>
hint: 'development'. The just-created branch can be renamed via this command:
hint:
hint:
hint: Disable this message with "git config set advice.defaultBranchName false"
hint: 	git branch -m <name>
hint:
hint: Disable this message with "git config set advice.defaultBranchName false"
Initialized empty Git repository in /tmp/.tmpAauocG/.git/
Initialized empty Git repository in /tmp/.tmpYuauA6/.git/
hint: Using 'master' as the name for the initial branch. This default branch name
hint: will change to "main" in Git 3.0. To configure the initial branch name
hint: to use in all of your new repositories, which will suppress this warning,
hint: call:
hint:
hint: 	git config --global init.defaultBranch <name>
hint:
hint: Names commonly chosen instead of 'master' are 'main', 'trunk' and
hint: 'development'. The just-created branch can be renamed via this command:
hint:
hint: 	git branch -m <name>
hint:
hint: Disable this message with "git config set advice.defaultBranchName false"
hint: Using 'master' as the name for the initial branch. This default branch name
hint: will change to "main" in Git 3.0. To configure the initial branch name
hint: to use in all of your new repositories, which will suppress this warning,
hint: call:
hint:
hint: 	git config --global init.defaultBranch <name>
hint:
hint: Names commonly chosen instead of 'master' are 'main', 'trunk' and
hint: 'development'. The just-created branch can be renamed via this command:
hint:
hint: 	git branch -m <name>
hint:
hint: Disable this message with "git config set advice.defaultBranchName false"
Initialized empty Git repository in /tmp/.tmpfiJkXC/.git/
Initialized empty Git repository in /tmp/.tmpLGfpGL/.git/
[main (root-commit) b168a58] Initial commit
 1 file changed, 1 insertion(+)
 create mode 100644 src/lib.rs
[main (root-commit) b168a58] Initial commit
 1 file changed, 1 insertion(+)
 create mode 100644 src/lib.rs
[main (root-commit) f8d724d] Initial commit
 2 files changed, 2 insertions(+)
 create mode 100644 README.md
 create mode 100644 src/lib.rs
[main (root-commit) b168a58] Initial commit
 1 file changed, 1 insertion(+)
 create mode 100644 src/lib.rs
Switched to a new branch 'feature'
Switched to a new branch 'feature'
Switched to a new branch 'feature'
Switched to a new branch 'feature'
[feature 5704b51] Update
 1 file changed, 1 insertion(+), 1 deletion(-)
[feature be6d031] Add changes
 2 files changed, 2 insertions(+), 1 deletion(-)
 create mode 100644 src/extra.rs
[feature 85da39e] Update docs
 1 file changed, 2 insertions(+)
[feature cd6fd28] Add 4 high-complexity files
 4 files changed, 76 insertions(+)
 create mode 100644 src/complex_1.rs
 create mode 100644 src/complex_2.rs
 create mode 100644 src/complex_3.rs
 create mode 100644 src/complex_4.rs
test scenario_docs_only_change_verdict_pass ... ok
hint: Using 'master' as the name for the initial branch. This default branch name
hint: will change to "main" in Git 3.0. To configure the initial branch name
hint: to use in all of your new repositories, which will suppress this warning,
hint: call:
hint:
hint: 	git config --global init.defaultBranch <name>
hint:
hint: Names commonly chosen instead of 'master' are 'main', 'trunk' and
hint: 'development'. The just-created branch can be renamed via this command:
hint:
hint: 	git branch -m <name>
hint:
hint: Disable this message with "git config set advice.defaultBranchName false"
Initialized empty Git repository in /tmp/.tmpJ98sPG/.git/
test scenario_four_high_complexity_files_verdict_fail ... ok
hint: Using 'master' as the name for the initial branch. This default branch name
hint: will change to "main" in Git 3.0. To configure the initial branch name
hint: to use in all of your new repositories, which will suppress this warning,
hint: call:
hint:
hint: 	git config --global init.defaultBranch <name>
hint:
hint: Names commonly chosen instead of 'master' are 'main', 'trunk' and
hint: 'development'. The just-created branch can be renamed via this command:
hint:
hint: 	git branch -m <name>
hint:
hint: Disable this message with "git config set advice.defaultBranchName false"
Initialized empty Git repository in /tmp/.tmpaluBl5/.git/
[main (root-commit) ecec663] Initial
 1 file changed, 1 insertion(+)
 create mode 100644 src/lib.rs
Switched to a new branch 'feature'
[main (root-commit) b168a58] Initial commit
 1 file changed, 1 insertion(+)
 create mode 100644 src/lib.rs
[feature 758e718] Update
 1 file changed, 1 insertion(+), 1 deletion(-)
Switched to a new branch 'feature'
[feature 2752aad] Add changes
 2 files changed, 2 insertions(+), 1 deletion(-)
 create mode 100644 src/new.rs
test sensor_envelope_verdict_aggregation ... ok
test sensor_json_outputs_artifacts_and_data ... ok
hint: Using 'master' as the name for the initial branch. This default branch name
hint: will change to "main" in Git 3.0. To configure the initial branch name
hint: to use in all of your new repositories, which will suppress this warning,
hint: call:
hint:
hint: 	git config --global init.defaultBranch <name>
hint:
hint: Names commonly chosen instead of 'master' are 'main', 'trunk' and
hint: 'development'. The just-created branch can be renamed via this command:
hint:
hint: 	git branch -m <name>
hint:
hint: Disable this message with "git config set advice.defaultBranchName false"
Initialized empty Git repository in /tmp/.tmpvHnRgQ/.git/
[main (root-commit) b168a58] Initial commit
 1 file changed, 1 insertion(+)
 create mode 100644 src/lib.rs
Switched to a new branch 'feature'
[feature f2e60da] Add complex code
 1 file changed, 1 insertion(+), 1 deletion(-)
test sensor_md_outputs_markdown ... ok
test sensor_report_with_contract_changes ... ok
test sensor_report_with_risk_findings ... ok

test result: ok. 7 passed; 0 failed; 0 ignored; 0 measured; 0 filtered out; finished in 0.38s

     Running `/app/target/debug/deps/smoke_e2e-993449db1d3ce1d6`

running 43 tests
test badge_blank_metric_svg ... ok
test badge_doc_metric_svg ... ok
test analyze_markdown_contains_header ... ok
test analyze_receipt_json_has_schema_version ... ok
test check_ignore_gitignored_file ... ok
test check_ignore_multiple_files ... ok
test check_ignore_nonexistent_file_succeeds ... ok
test badge_svg_is_well_formed ... ok
test badge_tokens_metric_svg ... ok
test badge_out_file_creates_svg ... ok
test completions_elvish_produces_output ... ok
test completions_fish_mentions_tokmd ... ok
test completions_fish_produces_output ... ok
test completions_powershell_produces_output ... ok
test export_help_shows_format_flag ... ok
test completions_zsh_mentions_tokmd ... ok
test completions_zsh_produces_output ... ok
test export_csv_has_header ... ok
test export_json_has_envelope ... ok
test export_max_rows_limits_output ... ok
test export_jsonl_meta_line_first ... ok
test help_flag_lists_subcommands ... ok
test init_non_interactive_creates_file ... ok
test init_print_mono_profile ... ok
test init_print_node_profile ... ok
test global_exclude_applies_to_lang ... ok
test global_exclude_applies_to_module ... ok
test init_print_rust_profile ... ok
test init_refuses_overwrite_without_force ... ok
test lang_help_shows_format_flag ... ok
test lang_children_collapse_json ... ok
test lang_children_separate_json ... ok
test lang_json_output_is_valid ... ok
test lang_top_limits_rows ... ok
test module_help_shows_depth_flag ... ok
test module_children_separate_json ... ok
test tools_invalid_format_fails ... ok
test module_depth_zero_json ... ok
test tools_jsonschema_has_tool_descriptions ... ok
test module_json_has_schema_version ... ok
test version_flag_prints_version ... ok
test verbose_flag_accepted ... ok
test verbose_flag_on_module ... ok

test result: ok. 43 passed; 0 failed; 0 ignored; 0 measured; 0 filtered out; finished in 0.27s

     Running `/app/target/debug/deps/tok_integration-a832dbde9251e4d5`

running 1 test
test tok_default_lang_output ... ok

test result: ok. 1 passed; 0 failed; 0 ignored; 0 measured; 0 filtered out; finished in 0.02s

     Running `/app/target/debug/deps/tools_integration-c95fb88a5ce6486d`

running 7 tests
test test_tools_clap_format ... ok
test test_tools_anthropic_format ... ok
test test_tools_export_formats_enum ... ok
test test_tools_contains_known_commands ... ok
test test_tools_jsonschema_output_parses ... ok
test test_tools_openai_format ... ok
test test_tools_pretty_output ... ok

test result: ok. 7 passed; 0 failed; 0 ignored; 0 measured; 0 filtered out; finished in 0.04s

   Doc-tests tokmd
     Running `/home/jules/.rustup/toolchains/stable-x86_64-unknown-linux-gnu/bin/rustdoc --edition=2024 --crate-type lib --color auto --crate-name tokmd --test crates/tokmd/src/lib.rs --test-run-directory /app/crates/tokmd -L native=/app/target/debug/build/blake3-12e682763928d5d8/out -L native=/app/target/debug/build/ring-7e163c8f3c6760a9/out --extern anyhow=/app/target/debug/deps/libanyhow-1c897acad9a38b79.rlib --extern assert_cmd=/app/target/debug/deps/libassert_cmd-627e2edf13bfe3f8.rlib --extern blake3=/app/target/debug/deps/libblake3-ba57c91f91dea2f8.rlib --extern clap=/app/target/debug/deps/libclap-37855d5caa945650.rlib --extern clap_complete=/app/target/debug/deps/libclap_complete-c53597c9a8376dfd.rlib --extern console=/app/target/debug/deps/libconsole-082fb92185463311.rlib --extern dialoguer=/app/target/debug/deps/libdialoguer-21a6fbd0d024b082.rlib --extern dirs=/app/target/debug/deps/libdirs-e2cb4f3a84b5aae4.rlib --extern insta=/app/target/debug/deps/libinsta-fc65e2965aec3cf0.rlib --extern jsonschema=/app/target/debug/deps/libjsonschema-0cead2da86f5cca7.rlib --extern predicates=/app/target/debug/deps/libpredicates-dace89ab8e90f707.rlib --extern proptest=/app/target/debug/deps/libproptest-d6b499a49d724fc5.rlib --extern regex=/app/target/debug/deps/libregex-aae23aa183aca753.rlib --extern serde=/app/target/debug/deps/libserde-2ddf37aa57423e14.rlib --extern serde_json=/app/target/debug/deps/libserde_json-02554ac7efa4e2d5.rlib --extern tempfile=/app/target/debug/deps/libtempfile-f51a2aafe76acb83.rlib --extern time=/app/target/debug/deps/libtime-ff5916d77934ff1e.rlib --extern tokmd=/app/target/debug/deps/libtokmd-f0692a71f65efafb.rlib --extern tokmd_analysis=/app/target/debug/deps/libtokmd_analysis-287e2b5f1e68be70.rlib --extern tokmd_analysis_derived=/app/target/debug/deps/libtokmd_analysis_derived-0238f5588105f72f.rlib --extern tokmd_analysis_explain=/app/target/debug/deps/libtokmd_analysis_explain-105437a229df030b.rlib --extern tokmd_analysis_format=/app/target/debug/deps/libtokmd_analysis_format-9faa09db3b8778a0.rlib --extern tokmd_analysis_grid=/app/target/debug/deps/libtokmd_analysis_grid-da610605172fdcbc.rlib --extern tokmd_analysis_types=/app/target/debug/deps/libtokmd_analysis_types-b8471925ca3eea4f.rlib --extern tokmd_badge=/app/target/debug/deps/libtokmd_badge-a3692bda83121bee.rlib --extern tokmd_cockpit=/app/target/debug/deps/libtokmd_cockpit-d6755e701929fa0f.rlib --extern tokmd_config=/app/target/debug/deps/libtokmd_config-907d875de830b68a.rlib --extern tokmd_context_git=/app/target/debug/deps/libtokmd_context_git-8f6572e04bf8d3d8.rlib --extern tokmd_context_policy=/app/target/debug/deps/libtokmd_context_policy-66a5cfc2cb52e0e0.rlib --extern tokmd_envelope=/app/target/debug/deps/libtokmd_envelope-9bbe3b42791e10c2.rlib --extern tokmd_exclude=/app/target/debug/deps/libtokmd_exclude-ed7ad8c9ce3cb6a5.rlib --extern tokmd_export_tree=/app/target/debug/deps/libtokmd_export_tree-393431f45ac57c2b.rlib --extern tokmd_format=/app/target/debug/deps/libtokmd_format-ab3491f51dc38631.rlib --extern tokmd_gate=/app/target/debug/deps/libtokmd_gate-3d049ed137b3d469.rlib --extern tokmd_git=/app/target/debug/deps/libtokmd_git-b3c6d5e93cb11ab2.rlib --extern tokmd_model=/app/target/debug/deps/libtokmd_model-5caf4eb9b674e831.rlib --extern tokmd_path=/app/target/debug/deps/libtokmd_path-87b15609bfd71d35.rlib --extern tokmd_progress=/app/target/debug/deps/libtokmd_progress-4c3f56b438105d35.rlib --extern tokmd_scan=/app/target/debug/deps/libtokmd_scan-c5d50a4874764658.rlib --extern tokmd_settings=/app/target/debug/deps/libtokmd_settings-a376241a548bc356.rlib --extern tokmd_tokeignore=/app/target/debug/deps/libtokmd_tokeignore-b17e42e8f7d6ccb6.rlib --extern tokmd_tool_schema=/app/target/debug/deps/libtokmd_tool_schema-750660505fe02567.rlib --extern tokmd_types=/app/target/debug/deps/libtokmd_types-e5279a60750fb027.rlib --extern toml=/app/target/debug/deps/libtoml-416a762657a99d87.rlib -L dependency=/app/target/debug/deps -C embed-bitcode=no --cfg 'feature="archetype"' --cfg 'feature="content"' --cfg 'feature="default"' --cfg 'feature="fun"' --cfg 'feature="git"' --cfg 'feature="topics"' --cfg 'feature="ui"' --cfg 'feature="walk"' --check-cfg 'cfg(docsrs,test)' --check-cfg 'cfg(feature, values("alias-tok", "archetype", "content", "default", "fun", "git", "topics", "ui", "walk"))' --error-format human`

running 0 tests

test result: ok. 0 passed; 0 failed; 0 ignored; 0 measured; 0 filtered out; finished in 0.02s
